[2025-12-28T19:33:08.635+0100][info][gc,init] CardTable entry size: 512
[2025-12-28T19:33:08.635+0100][info][gc     ] Using G1
[2025-12-28T19:33:08.637+0100][info][gc,init] Version: 25.0.1+8-jvmci-b01 (release)
[2025-12-28T19:33:08.637+0100][info][gc,init] CPUs: 8 total, 8 available
[2025-12-28T19:33:08.637+0100][info][gc,init] Memory: 16384M
[2025-12-28T19:33:08.637+0100][info][gc,init] Large Page Support: Disabled
[2025-12-28T19:33:08.637+0100][info][gc,init] NUMA Support: Disabled
[2025-12-28T19:33:08.637+0100][info][gc,init] Compressed Oops: Enabled (Zero based)
[2025-12-28T19:33:08.637+0100][info][gc,init] Heap Region Size: 4M
[2025-12-28T19:33:08.637+0100][info][gc,init] Heap Min Capacity: 6G
[2025-12-28T19:33:08.637+0100][info][gc,init] Heap Initial Capacity: 6G
[2025-12-28T19:33:08.637+0100][info][gc,init] Heap Max Capacity: 6G
[2025-12-28T19:33:08.637+0100][info][gc,init] Pre-touch: Disabled
[2025-12-28T19:33:08.637+0100][info][gc,init] Parallel Workers: 8
[2025-12-28T19:33:08.637+0100][info][gc,init] Concurrent Workers: 2
[2025-12-28T19:33:08.637+0100][info][gc,init] Concurrent Refinement Workers: 8
[2025-12-28T19:33:08.637+0100][info][gc,init] Periodic GC: Disabled
[2025-12-28T19:33:08.639+0100][info][gc,metaspace] CDS archive(s) mapped at: [0x000001fe00000000-0x000001fe00da0000-0x000001fe00da0000), size 14286848, SharedBaseAddress: 0x000001fe00000000, ArchiveRelocationMode: 1.
[2025-12-28T19:33:08.639+0100][info][gc,metaspace] Compressed class space mapped at: 0x000001fe01000000-0x000001fe41000000, reserved size: 1073741824
[2025-12-28T19:33:08.639+0100][info][gc,metaspace] UseCompressedClassPointers 1, UseCompactObjectHeaders 0
[2025-12-28T19:33:08.639+0100][info][gc,metaspace] Narrow klass pointer bits 32, Max shift 3
[2025-12-28T19:33:08.639+0100][info][gc,metaspace] Narrow klass base: 0x000001fe00000000, Narrow klass shift: 0
[2025-12-28T19:33:08.639+0100][info][gc,metaspace] Encoding Range: [0x000001fe00000000 - 0x000001ff00000000), (4294967296 bytes)
[2025-12-28T19:33:08.639+0100][info][gc,metaspace] Klass Range:    [0x000001fe00004000 - 0x000001fe41000000), (1090502656 bytes)
[2025-12-28T19:33:08.639+0100][info][gc,metaspace] Klass ID Range:  [16384 - 1090519033) (1090502649)
[2025-12-28T19:33:08.639+0100][info][gc,metaspace] Protection zone: [0x000001fe00000000 - 0x000001fe00004000), (16384 bytes)
[2025-12-28T19:33:08.825+0100][info][gc,start    ] GC(0) Pause Full (System.gc())
[2025-12-28T19:33:08.826+0100][info][gc,task     ] GC(0) Using 7 workers of 8 for full compaction
[2025-12-28T19:33:08.826+0100][info][gc,phases,start] GC(0) Phase 1: Mark live objects
[2025-12-28T19:33:08.827+0100][info][gc,phases      ] GC(0) Phase 1: Mark live objects 1.129ms
[2025-12-28T19:33:08.827+0100][info][gc,phases,start] GC(0) Phase 2: Prepare compaction
[2025-12-28T19:33:08.827+0100][info][gc,phases      ] GC(0) Phase 2: Prepare compaction 0.349ms
[2025-12-28T19:33:08.827+0100][info][gc,phases,start] GC(0) Phase 3: Adjust pointers
[2025-12-28T19:33:08.828+0100][info][gc,phases      ] GC(0) Phase 3: Adjust pointers 0.548ms
[2025-12-28T19:33:08.828+0100][info][gc,phases,start] GC(0) Phase 4: Compact heap
[2025-12-28T19:33:08.829+0100][info][gc,phases      ] GC(0) Phase 4: Compact heap 0.820ms
[2025-12-28T19:33:08.829+0100][info][gc,phases,start] GC(0) Phase 5: Reset Metadata
[2025-12-28T19:33:08.829+0100][info][gc,phases      ] GC(0) Phase 5: Reset Metadata 0.409ms
[2025-12-28T19:33:08.840+0100][info][gc,heap        ] GC(0) Eden regions: 6->0(76)
[2025-12-28T19:33:08.840+0100][info][gc,heap        ] GC(0) Survivor regions: 0->0(0)
[2025-12-28T19:33:08.840+0100][info][gc,heap        ] GC(0) Old regions: 1->7
[2025-12-28T19:33:08.840+0100][info][gc,heap        ] GC(0) Humongous regions: 0->0
[2025-12-28T19:33:08.840+0100][info][gc,metaspace   ] GC(0) Metaspace: 3426K(3520K)->3426K(3520K) NonClass: 3156K(3200K)->3156K(3200K) Class: 269K(320K)->269K(320K)
[2025-12-28T19:33:08.840+0100][info][gc             ] GC(0) Pause Full (System.gc()) 25M->8M(6144M) 14.289ms
[2025-12-28T19:33:08.840+0100][info][gc,cpu         ] GC(0) User=0.02s Sys=0.03s Real=0.02s
[2025-12-28T19:33:08.840+0100][info][gc,start       ] GC(1) Pause Full (System.gc())
[2025-12-28T19:33:08.840+0100][info][gc,task        ] GC(1) Using 8 workers of 8 for full compaction
[2025-12-28T19:33:08.840+0100][info][gc,phases,start] GC(1) Phase 1: Mark live objects
[2025-12-28T19:33:08.841+0100][info][gc,phases      ] GC(1) Phase 1: Mark live objects 1.053ms
[2025-12-28T19:33:08.841+0100][info][gc,phases,start] GC(1) Phase 2: Prepare compaction
[2025-12-28T19:33:08.841+0100][info][gc,phases      ] GC(1) Phase 2: Prepare compaction 0.223ms
[2025-12-28T19:33:08.841+0100][info][gc,phases,start] GC(1) Phase 3: Adjust pointers
[2025-12-28T19:33:08.842+0100][info][gc,phases      ] GC(1) Phase 3: Adjust pointers 0.500ms
[2025-12-28T19:33:08.842+0100][info][gc,phases,start] GC(1) Phase 4: Compact heap
[2025-12-28T19:33:08.842+0100][info][gc,phases      ] GC(1) Phase 4: Compact heap 0.200ms
[2025-12-28T19:33:08.842+0100][info][gc,phases,start] GC(1) Phase 5: Reset Metadata
[2025-12-28T19:33:08.842+0100][info][gc,phases      ] GC(1) Phase 5: Reset Metadata 0.351ms
[2025-12-28T19:33:08.845+0100][info][gc,heap        ] GC(1) Eden regions: 1->0(76)
[2025-12-28T19:33:08.845+0100][info][gc,heap        ] GC(1) Survivor regions: 0->0(0)
[2025-12-28T19:33:08.845+0100][info][gc,heap        ] GC(1) Old regions: 7->8
[2025-12-28T19:33:08.845+0100][info][gc,heap        ] GC(1) Humongous regions: 0->0
[2025-12-28T19:33:08.845+0100][info][gc,metaspace   ] GC(1) Metaspace: 3426K(3520K)->3426K(3520K) NonClass: 3156K(3200K)->3156K(3200K) Class: 269K(320K)->269K(320K)
[2025-12-28T19:33:08.845+0100][info][gc             ] GC(1) Pause Full (System.gc()) 10M->8M(6144M) 5.354ms
[2025-12-28T19:33:08.845+0100][info][gc,cpu         ] GC(1) User=0.03s Sys=0.00s Real=0.00s
[2025-12-28T19:33:09.871+0100][info][gc,start       ] GC(2) Pause Young (Normal) (G1 Evacuation Pause)
[2025-12-28T19:33:09.871+0100][info][gc,task        ] GC(2) Using 8 workers of 8 for evacuation
[2025-12-28T19:33:09.872+0100][info][gc,phases      ] GC(2)   Pre Evacuate Collection Set: 0.14ms
[2025-12-28T19:33:09.872+0100][info][gc,phases      ] GC(2)   Merge Heap Roots: 0.05ms
[2025-12-28T19:33:09.872+0100][info][gc,phases      ] GC(2)   Evacuate Collection Set: 0.93ms
[2025-12-28T19:33:09.872+0100][info][gc,phases      ] GC(2)   Post Evacuate Collection Set: 0.29ms
[2025-12-28T19:33:09.872+0100][info][gc,phases      ] GC(2)   Other: 0.08ms
[2025-12-28T19:33:09.872+0100][info][gc,heap        ] GC(2) Eden regions: 76->0(144)
[2025-12-28T19:33:09.872+0100][info][gc,heap        ] GC(2) Survivor regions: 0->1(10)
[2025-12-28T19:33:09.872+0100][info][gc,heap        ] GC(2) Old regions: 8->8
[2025-12-28T19:33:09.872+0100][info][gc,heap        ] GC(2) Humongous regions: 0->0
[2025-12-28T19:33:09.872+0100][info][gc,metaspace   ] GC(2) Metaspace: 5021K(5312K)->5021K(5312K) NonClass: 4559K(4736K)->4559K(4736K) Class: 461K(576K)->461K(576K)
[2025-12-28T19:33:09.872+0100][info][gc             ] GC(2) Pause Young (Normal) (G1 Evacuation Pause) 312M->8M(6144M) 1.668ms
[2025-12-28T19:33:09.872+0100][info][gc,cpu         ] GC(2) User=0.00s Sys=0.00s Real=0.00s
[2025-12-28T19:33:10.020+0100][info][gc,start       ] GC(3) Pause Young (Normal) (G1 Evacuation Pause)
[2025-12-28T19:33:10.020+0100][info][gc,task        ] GC(3) Using 8 workers of 8 for evacuation
[2025-12-28T19:33:10.021+0100][info][gc,phases      ] GC(3)   Pre Evacuate Collection Set: 0.12ms
[2025-12-28T19:33:10.021+0100][info][gc,phases      ] GC(3)   Merge Heap Roots: 0.04ms
[2025-12-28T19:33:10.021+0100][info][gc,phases      ] GC(3)   Evacuate Collection Set: 0.40ms
[2025-12-28T19:33:10.021+0100][info][gc,phases      ] GC(3)   Post Evacuate Collection Set: 0.22ms
[2025-12-28T19:33:10.021+0100][info][gc,phases      ] GC(3)   Other: 0.06ms
[2025-12-28T19:33:10.021+0100][info][gc,heap        ] GC(3) Eden regions: 144->0(639)
[2025-12-28T19:33:10.021+0100][info][gc,heap        ] GC(3) Survivor regions: 1->1(19)
[2025-12-28T19:33:10.021+0100][info][gc,heap        ] GC(3) Old regions: 8->8
[2025-12-28T19:33:10.021+0100][info][gc,heap        ] GC(3) Humongous regions: 0->0
[2025-12-28T19:33:10.021+0100][info][gc,metaspace   ] GC(3) Metaspace: 5027K(5312K)->5027K(5312K) NonClass: 4565K(4736K)->4565K(4736K) Class: 461K(576K)->461K(576K)
[2025-12-28T19:33:10.021+0100][info][gc             ] GC(3) Pause Young (Normal) (G1 Evacuation Pause) 584M->8M(6144M) 0.993ms
[2025-12-28T19:33:10.021+0100][info][gc,cpu         ] GC(3) User=0.01s Sys=0.01s Real=0.00s
[2025-12-28T19:33:10.312+0100][info][gc,start       ] GC(4) Pause Young (Normal) (G1 Evacuation Pause)
[2025-12-28T19:33:10.312+0100][info][gc,task        ] GC(4) Using 8 workers of 8 for evacuation
[2025-12-28T19:33:10.313+0100][info][gc,phases      ] GC(4)   Pre Evacuate Collection Set: 0.16ms
[2025-12-28T19:33:10.314+0100][info][gc,phases      ] GC(4)   Merge Heap Roots: 0.07ms
[2025-12-28T19:33:10.314+0100][info][gc,phases      ] GC(4)   Evacuate Collection Set: 0.69ms
[2025-12-28T19:33:10.314+0100][info][gc,phases      ] GC(4)   Post Evacuate Collection Set: 0.78ms
[2025-12-28T19:33:10.314+0100][info][gc,phases      ] GC(4)   Other: 0.14ms
[2025-12-28T19:33:10.314+0100][info][gc,heap        ] GC(4) Eden regions: 639->0(920)
[2025-12-28T19:33:10.314+0100][info][gc,heap        ] GC(4) Survivor regions: 1->1(80)
[2025-12-28T19:33:10.314+0100][info][gc,heap        ] GC(4) Old regions: 8->8
[2025-12-28T19:33:10.314+0100][info][gc,heap        ] GC(4) Humongous regions: 0->0
[2025-12-28T19:33:10.314+0100][info][gc,metaspace   ] GC(4) Metaspace: 5027K(5312K)->5027K(5312K) NonClass: 4565K(4736K)->4565K(4736K) Class: 461K(576K)->461K(576K)
[2025-12-28T19:33:10.314+0100][info][gc             ] GC(4) Pause Young (Normal) (G1 Evacuation Pause) 2564M->8M(6144M) 2.100ms
[2025-12-28T19:33:10.314+0100][info][gc,cpu         ] GC(4) User=0.00s Sys=0.00s Real=0.00s
[2025-12-28T19:33:10.693+0100][info][gc,start       ] GC(5) Pause Young (Normal) (G1 Evacuation Pause)
[2025-12-28T19:33:10.693+0100][info][gc,task        ] GC(5) Using 8 workers of 8 for evacuation
[2025-12-28T19:33:10.694+0100][info][gc,phases      ] GC(5)   Pre Evacuate Collection Set: 0.13ms
[2025-12-28T19:33:10.694+0100][info][gc,phases      ] GC(5)   Merge Heap Roots: 0.10ms
[2025-12-28T19:33:10.694+0100][info][gc,phases      ] GC(5)   Evacuate Collection Set: 0.56ms
[2025-12-28T19:33:10.694+0100][info][gc,phases      ] GC(5)   Post Evacuate Collection Set: 0.55ms
[2025-12-28T19:33:10.694+0100][info][gc,phases      ] GC(5)   Other: 0.11ms
[2025-12-28T19:33:10.694+0100][info][gc,heap        ] GC(5) Eden regions: 920->0(920)
[2025-12-28T19:33:10.694+0100][info][gc,heap        ] GC(5) Survivor regions: 1->1(116)
[2025-12-28T19:33:10.694+0100][info][gc,heap        ] GC(5) Old regions: 8->8
[2025-12-28T19:33:10.694+0100][info][gc,heap        ] GC(5) Humongous regions: 0->0
[2025-12-28T19:33:10.694+0100][info][gc,metaspace   ] GC(5) Metaspace: 5027K(5312K)->5027K(5312K) NonClass: 4566K(4736K)->4566K(4736K) Class: 461K(576K)->461K(576K)
[2025-12-28T19:33:10.694+0100][info][gc             ] GC(5) Pause Young (Normal) (G1 Evacuation Pause) 3688M->8M(6144M) 1.601ms
[2025-12-28T19:33:10.694+0100][info][gc,cpu         ] GC(5) User=0.01s Sys=0.00s Real=0.00s
[2025-12-28T19:33:11.289+0100][info][gc,start       ] GC(6) Pause Young (Normal) (G1 Evacuation Pause)
[2025-12-28T19:33:11.289+0100][info][gc,task        ] GC(6) Using 8 workers of 8 for evacuation
[2025-12-28T19:33:11.291+0100][info][gc,phases      ] GC(6)   Pre Evacuate Collection Set: 0.41ms
[2025-12-28T19:33:11.291+0100][info][gc,phases      ] GC(6)   Merge Heap Roots: 0.13ms
[2025-12-28T19:33:11.291+0100][info][gc,phases      ] GC(6)   Evacuate Collection Set: 0.78ms
[2025-12-28T19:33:11.291+0100][info][gc,phases      ] GC(6)   Post Evacuate Collection Set: 0.73ms
[2025-12-28T19:33:11.291+0100][info][gc,phases      ] GC(6)   Other: 0.11ms
[2025-12-28T19:33:11.291+0100][info][gc,heap        ] GC(6) Eden regions: 920->0(920)
[2025-12-28T19:33:11.291+0100][info][gc,heap        ] GC(6) Survivor regions: 1->1(116)
[2025-12-28T19:33:11.291+0100][info][gc,heap        ] GC(6) Old regions: 8->8
[2025-12-28T19:33:11.291+0100][info][gc,heap        ] GC(6) Humongous regions: 0->0
[2025-12-28T19:33:11.291+0100][info][gc,metaspace   ] GC(6) Metaspace: 5029K(5312K)->5029K(5312K) NonClass: 4568K(4736K)->4568K(4736K) Class: 461K(576K)->461K(576K)
[2025-12-28T19:33:11.291+0100][info][gc             ] GC(6) Pause Young (Normal) (G1 Evacuation Pause) 3688M->8M(6144M) 2.339ms
[2025-12-28T19:33:11.291+0100][info][gc,cpu         ] GC(6) User=0.00s Sys=0.01s Real=0.01s
[2025-12-28T19:33:11.737+0100][info][gc,start       ] GC(7) Pause Young (Normal) (G1 Evacuation Pause)
[2025-12-28T19:33:11.737+0100][info][gc,task        ] GC(7) Using 8 workers of 8 for evacuation
[2025-12-28T19:33:11.739+0100][info][gc,phases      ] GC(7)   Pre Evacuate Collection Set: 0.10ms
[2025-12-28T19:33:11.739+0100][info][gc,phases      ] GC(7)   Merge Heap Roots: 0.11ms
[2025-12-28T19:33:11.739+0100][info][gc,phases      ] GC(7)   Evacuate Collection Set: 0.39ms
[2025-12-28T19:33:11.739+0100][info][gc,phases      ] GC(7)   Post Evacuate Collection Set: 0.53ms
[2025-12-28T19:33:11.739+0100][info][gc,phases      ] GC(7)   Other: 0.08ms
[2025-12-28T19:33:11.739+0100][info][gc,heap        ] GC(7) Eden regions: 920->0(920)
[2025-12-28T19:33:11.739+0100][info][gc,heap        ] GC(7) Survivor regions: 1->1(116)
[2025-12-28T19:33:11.739+0100][info][gc,heap        ] GC(7) Old regions: 8->8
[2025-12-28T19:33:11.739+0100][info][gc,heap        ] GC(7) Humongous regions: 0->0
[2025-12-28T19:33:11.739+0100][info][gc,metaspace   ] GC(7) Metaspace: 5046K(5312K)->5046K(5312K) NonClass: 4585K(4736K)->4585K(4736K) Class: 461K(576K)->461K(576K)
[2025-12-28T19:33:11.739+0100][info][gc             ] GC(7) Pause Young (Normal) (G1 Evacuation Pause) 3688M->8M(6144M) 1.369ms
[2025-12-28T19:33:11.739+0100][info][gc,cpu         ] GC(7) User=0.00s Sys=0.00s Real=0.00s
[2025-12-28T19:33:12.052+0100][info][gc,start       ] GC(8) Pause Young (Normal) (G1 Evacuation Pause)
[2025-12-28T19:33:12.052+0100][info][gc,task        ] GC(8) Using 8 workers of 8 for evacuation
[2025-12-28T19:33:12.054+0100][info][gc,phases      ] GC(8)   Pre Evacuate Collection Set: 0.20ms
[2025-12-28T19:33:12.054+0100][info][gc,phases      ] GC(8)   Merge Heap Roots: 0.15ms
[2025-12-28T19:33:12.054+0100][info][gc,phases      ] GC(8)   Evacuate Collection Set: 0.50ms
[2025-12-28T19:33:12.054+0100][info][gc,phases      ] GC(8)   Post Evacuate Collection Set: 0.52ms
[2025-12-28T19:33:12.054+0100][info][gc,phases      ] GC(8)   Other: 0.08ms
[2025-12-28T19:33:12.054+0100][info][gc,heap        ] GC(8) Eden regions: 920->0(920)
[2025-12-28T19:33:12.054+0100][info][gc,heap        ] GC(8) Survivor regions: 1->1(116)
[2025-12-28T19:33:12.054+0100][info][gc,heap        ] GC(8) Old regions: 8->8
[2025-12-28T19:33:12.054+0100][info][gc,heap        ] GC(8) Humongous regions: 0->0
[2025-12-28T19:33:12.054+0100][info][gc,metaspace   ] GC(8) Metaspace: 5046K(5312K)->5046K(5312K) NonClass: 4585K(4736K)->4585K(4736K) Class: 461K(576K)->461K(576K)
[2025-12-28T19:33:12.054+0100][info][gc             ] GC(8) Pause Young (Normal) (G1 Evacuation Pause) 3688M->8M(6144M) 1.639ms
[2025-12-28T19:33:12.054+0100][info][gc,cpu         ] GC(8) User=0.00s Sys=0.00s Real=0.00s
[2025-12-28T19:33:12.295+0100][info][gc,start       ] GC(9) Pause Young (Normal) (G1 Evacuation Pause)
[2025-12-28T19:33:12.295+0100][info][gc,task        ] GC(9) Using 8 workers of 8 for evacuation
[2025-12-28T19:33:12.296+0100][info][gc,phases      ] GC(9)   Pre Evacuate Collection Set: 0.20ms
[2025-12-28T19:33:12.296+0100][info][gc,phases      ] GC(9)   Merge Heap Roots: 0.08ms
[2025-12-28T19:33:12.296+0100][info][gc,phases      ] GC(9)   Evacuate Collection Set: 0.37ms
[2025-12-28T19:33:12.296+0100][info][gc,phases      ] GC(9)   Post Evacuate Collection Set: 0.62ms
[2025-12-28T19:33:12.296+0100][info][gc,phases      ] GC(9)   Other: 0.15ms
[2025-12-28T19:33:12.296+0100][info][gc,heap        ] GC(9) Eden regions: 920->0(920)
[2025-12-28T19:33:12.296+0100][info][gc,heap        ] GC(9) Survivor regions: 1->1(116)
[2025-12-28T19:33:12.296+0100][info][gc,heap        ] GC(9) Old regions: 8->8
[2025-12-28T19:33:12.297+0100][info][gc,heap        ] GC(9) Humongous regions: 0->0
[2025-12-28T19:33:12.297+0100][info][gc,metaspace   ] GC(9) Metaspace: 5046K(5312K)->5046K(5312K) NonClass: 4585K(4736K)->4585K(4736K) Class: 461K(576K)->461K(576K)
[2025-12-28T19:33:12.297+0100][info][gc             ] GC(9) Pause Young (Normal) (G1 Evacuation Pause) 3688M->8M(6144M) 2.701ms
[2025-12-28T19:33:12.297+0100][info][gc,cpu         ] GC(9) User=0.00s Sys=0.01s Real=0.00s
[2025-12-28T19:33:12.516+0100][info][gc,start       ] GC(10) Pause Young (Normal) (G1 Evacuation Pause)
[2025-12-28T19:33:12.516+0100][info][gc,task        ] GC(10) Using 8 workers of 8 for evacuation
[2025-12-28T19:33:12.517+0100][info][gc,phases      ] GC(10)   Pre Evacuate Collection Set: 0.21ms
[2025-12-28T19:33:12.517+0100][info][gc,phases      ] GC(10)   Merge Heap Roots: 0.15ms
[2025-12-28T19:33:12.517+0100][info][gc,phases      ] GC(10)   Evacuate Collection Set: 0.40ms
[2025-12-28T19:33:12.517+0100][info][gc,phases      ] GC(10)   Post Evacuate Collection Set: 0.53ms
[2025-12-28T19:33:12.517+0100][info][gc,phases      ] GC(10)   Other: 0.08ms
[2025-12-28T19:33:12.517+0100][info][gc,heap        ] GC(10) Eden regions: 920->0(920)
[2025-12-28T19:33:12.517+0100][info][gc,heap        ] GC(10) Survivor regions: 1->1(116)
[2025-12-28T19:33:12.517+0100][info][gc,heap        ] GC(10) Old regions: 8->8
[2025-12-28T19:33:12.517+0100][info][gc,heap        ] GC(10) Humongous regions: 0->0
[2025-12-28T19:33:12.517+0100][info][gc,metaspace   ] GC(10) Metaspace: 5046K(5312K)->5046K(5312K) NonClass: 4585K(4736K)->4585K(4736K) Class: 461K(576K)->461K(576K)
[2025-12-28T19:33:12.517+0100][info][gc             ] GC(10) Pause Young (Normal) (G1 Evacuation Pause) 3688M->8M(6144M) 1.508ms
[2025-12-28T19:33:12.517+0100][info][gc,cpu         ] GC(10) User=0.00s Sys=0.00s Real=0.00s
[2025-12-28T19:33:12.737+0100][info][gc,start       ] GC(11) Pause Young (Normal) (G1 Evacuation Pause)
[2025-12-28T19:33:12.737+0100][info][gc,task        ] GC(11) Using 8 workers of 8 for evacuation
[2025-12-28T19:33:12.739+0100][info][gc,phases      ] GC(11)   Pre Evacuate Collection Set: 0.24ms
[2025-12-28T19:33:12.739+0100][info][gc,phases      ] GC(11)   Merge Heap Roots: 0.13ms
[2025-12-28T19:33:12.739+0100][info][gc,phases      ] GC(11)   Evacuate Collection Set: 0.42ms
[2025-12-28T19:33:12.739+0100][info][gc,phases      ] GC(11)   Post Evacuate Collection Set: 0.57ms
[2025-12-28T19:33:12.739+0100][info][gc,phases      ] GC(11)   Other: 0.09ms
[2025-12-28T19:33:12.739+0100][info][gc,heap        ] GC(11) Eden regions: 920->0(920)
[2025-12-28T19:33:12.739+0100][info][gc,heap        ] GC(11) Survivor regions: 1->1(116)
[2025-12-28T19:33:12.739+0100][info][gc,heap        ] GC(11) Old regions: 8->8
[2025-12-28T19:33:12.739+0100][info][gc,heap        ] GC(11) Humongous regions: 0->0
[2025-12-28T19:33:12.739+0100][info][gc,metaspace   ] GC(11) Metaspace: 5046K(5312K)->5046K(5312K) NonClass: 4585K(4736K)->4585K(4736K) Class: 461K(576K)->461K(576K)
[2025-12-28T19:33:12.739+0100][info][gc             ] GC(11) Pause Young (Normal) (G1 Evacuation Pause) 3688M->8M(6144M) 1.643ms
[2025-12-28T19:33:12.739+0100][info][gc,cpu         ] GC(11) User=0.00s Sys=0.00s Real=0.00s
[2025-12-28T19:33:12.978+0100][info][gc,start       ] GC(12) Pause Young (Normal) (G1 Evacuation Pause)
[2025-12-28T19:33:12.978+0100][info][gc,task        ] GC(12) Using 8 workers of 8 for evacuation
[2025-12-28T19:33:12.980+0100][info][gc,phases      ] GC(12)   Pre Evacuate Collection Set: 0.17ms
[2025-12-28T19:33:12.980+0100][info][gc,phases      ] GC(12)   Merge Heap Roots: 0.12ms
[2025-12-28T19:33:12.980+0100][info][gc,phases      ] GC(12)   Evacuate Collection Set: 0.45ms
[2025-12-28T19:33:12.980+0100][info][gc,phases      ] GC(12)   Post Evacuate Collection Set: 0.87ms
[2025-12-28T19:33:12.980+0100][info][gc,phases      ] GC(12)   Other: 0.19ms
[2025-12-28T19:33:12.980+0100][info][gc,heap        ] GC(12) Eden regions: 920->0(920)
[2025-12-28T19:33:12.980+0100][info][gc,heap        ] GC(12) Survivor regions: 1->1(116)
[2025-12-28T19:33:12.980+0100][info][gc,heap        ] GC(12) Old regions: 8->8
[2025-12-28T19:33:12.980+0100][info][gc,heap        ] GC(12) Humongous regions: 0->0
[2025-12-28T19:33:12.980+0100][info][gc,metaspace   ] GC(12) Metaspace: 5046K(5312K)->5046K(5312K) NonClass: 4585K(4736K)->4585K(4736K) Class: 461K(576K)->461K(576K)
[2025-12-28T19:33:12.980+0100][info][gc             ] GC(12) Pause Young (Normal) (G1 Evacuation Pause) 3688M->8M(6144M) 2.257ms
[2025-12-28T19:33:12.980+0100][info][gc,cpu         ] GC(12) User=0.00s Sys=0.00s Real=0.01s
[2025-12-28T19:33:13.232+0100][info][gc,start       ] GC(13) Pause Young (Normal) (G1 Evacuation Pause)
[2025-12-28T19:33:13.232+0100][info][gc,task        ] GC(13) Using 8 workers of 8 for evacuation
[2025-12-28T19:33:13.234+0100][info][gc,phases      ] GC(13)   Pre Evacuate Collection Set: 0.15ms
[2025-12-28T19:33:13.234+0100][info][gc,phases      ] GC(13)   Merge Heap Roots: 0.14ms
[2025-12-28T19:33:13.234+0100][info][gc,phases      ] GC(13)   Evacuate Collection Set: 0.41ms
[2025-12-28T19:33:13.234+0100][info][gc,phases      ] GC(13)   Post Evacuate Collection Set: 0.59ms
[2025-12-28T19:33:13.234+0100][info][gc,phases      ] GC(13)   Other: 0.08ms
[2025-12-28T19:33:13.234+0100][info][gc,heap        ] GC(13) Eden regions: 920->0(920)
[2025-12-28T19:33:13.234+0100][info][gc,heap        ] GC(13) Survivor regions: 1->1(116)
[2025-12-28T19:33:13.234+0100][info][gc,heap        ] GC(13) Old regions: 8->8
[2025-12-28T19:33:13.234+0100][info][gc,heap        ] GC(13) Humongous regions: 0->0
[2025-12-28T19:33:13.234+0100][info][gc,metaspace   ] GC(13) Metaspace: 5047K(5312K)->5047K(5312K) NonClass: 4586K(4736K)->4586K(4736K) Class: 461K(576K)->461K(576K)
[2025-12-28T19:33:13.234+0100][info][gc             ] GC(13) Pause Young (Normal) (G1 Evacuation Pause) 3688M->8M(6144M) 1.534ms
[2025-12-28T19:33:13.234+0100][info][gc,cpu         ] GC(13) User=0.01s Sys=0.00s Real=0.00s
[2025-12-28T19:33:13.470+0100][info][gc,start       ] GC(14) Pause Young (Normal) (G1 Evacuation Pause)
[2025-12-28T19:33:13.470+0100][info][gc,task        ] GC(14) Using 8 workers of 8 for evacuation
[2025-12-28T19:33:13.471+0100][info][gc,phases      ] GC(14)   Pre Evacuate Collection Set: 0.21ms
[2025-12-28T19:33:13.471+0100][info][gc,phases      ] GC(14)   Merge Heap Roots: 0.13ms
[2025-12-28T19:33:13.471+0100][info][gc,phases      ] GC(14)   Evacuate Collection Set: 0.43ms
[2025-12-28T19:33:13.471+0100][info][gc,phases      ] GC(14)   Post Evacuate Collection Set: 0.51ms
[2025-12-28T19:33:13.471+0100][info][gc,phases      ] GC(14)   Other: 0.07ms
[2025-12-28T19:33:13.471+0100][info][gc,heap        ] GC(14) Eden regions: 920->0(920)
[2025-12-28T19:33:13.471+0100][info][gc,heap        ] GC(14) Survivor regions: 1->1(116)
[2025-12-28T19:33:13.471+0100][info][gc,heap        ] GC(14) Old regions: 8->8
[2025-12-28T19:33:13.471+0100][info][gc,heap        ] GC(14) Humongous regions: 0->0
[2025-12-28T19:33:13.471+0100][info][gc,metaspace   ] GC(14) Metaspace: 5053K(5312K)->5053K(5312K) NonClass: 4591K(4736K)->4591K(4736K) Class: 461K(576K)->461K(576K)
[2025-12-28T19:33:13.471+0100][info][gc             ] GC(14) Pause Young (Normal) (G1 Evacuation Pause) 3688M->8M(6144M) 1.489ms
[2025-12-28T19:33:13.471+0100][info][gc,cpu         ] GC(14) User=0.01s Sys=0.01s Real=0.00s
[2025-12-28T19:33:13.720+0100][info][gc,start       ] GC(15) Pause Young (Normal) (G1 Evacuation Pause)
[2025-12-28T19:33:13.720+0100][info][gc,task        ] GC(15) Using 8 workers of 8 for evacuation
[2025-12-28T19:33:13.721+0100][info][gc,phases      ] GC(15)   Pre Evacuate Collection Set: 0.10ms
[2025-12-28T19:33:13.721+0100][info][gc,phases      ] GC(15)   Merge Heap Roots: 0.05ms
[2025-12-28T19:33:13.721+0100][info][gc,phases      ] GC(15)   Evacuate Collection Set: 0.39ms
[2025-12-28T19:33:13.721+0100][info][gc,phases      ] GC(15)   Post Evacuate Collection Set: 0.48ms
[2025-12-28T19:33:13.721+0100][info][gc,phases      ] GC(15)   Other: 0.08ms
[2025-12-28T19:33:13.721+0100][info][gc,heap        ] GC(15) Eden regions: 920->0(920)
[2025-12-28T19:33:13.721+0100][info][gc,heap        ] GC(15) Survivor regions: 1->1(116)
[2025-12-28T19:33:13.721+0100][info][gc,heap        ] GC(15) Old regions: 8->8
[2025-12-28T19:33:13.721+0100][info][gc,heap        ] GC(15) Humongous regions: 0->0
[2025-12-28T19:33:13.721+0100][info][gc,metaspace   ] GC(15) Metaspace: 5061K(5376K)->5061K(5376K) NonClass: 4599K(4800K)->4599K(4800K) Class: 461K(576K)->461K(576K)
[2025-12-28T19:33:13.721+0100][info][gc             ] GC(15) Pause Young (Normal) (G1 Evacuation Pause) 3688M->8M(6144M) 1.250ms
[2025-12-28T19:33:13.721+0100][info][gc,cpu         ] GC(15) User=0.00s Sys=0.00s Real=0.00s
[2025-12-28T19:33:13.973+0100][info][gc,start       ] GC(16) Pause Young (Normal) (G1 Evacuation Pause)
[2025-12-28T19:33:13.973+0100][info][gc,task        ] GC(16) Using 8 workers of 8 for evacuation
[2025-12-28T19:33:13.974+0100][info][gc,phases      ] GC(16)   Pre Evacuate Collection Set: 0.10ms
[2025-12-28T19:33:13.974+0100][info][gc,phases      ] GC(16)   Merge Heap Roots: 0.07ms
[2025-12-28T19:33:13.974+0100][info][gc,phases      ] GC(16)   Evacuate Collection Set: 0.36ms
[2025-12-28T19:33:13.974+0100][info][gc,phases      ] GC(16)   Post Evacuate Collection Set: 0.46ms
[2025-12-28T19:33:13.974+0100][info][gc,phases      ] GC(16)   Other: 0.08ms
[2025-12-28T19:33:13.974+0100][info][gc,heap        ] GC(16) Eden regions: 920->0(920)
[2025-12-28T19:33:13.974+0100][info][gc,heap        ] GC(16) Survivor regions: 1->1(116)
[2025-12-28T19:33:13.974+0100][info][gc,heap        ] GC(16) Old regions: 8->8
[2025-12-28T19:33:13.974+0100][info][gc,heap        ] GC(16) Humongous regions: 0->0
[2025-12-28T19:33:13.974+0100][info][gc,metaspace   ] GC(16) Metaspace: 5061K(5376K)->5061K(5376K) NonClass: 4600K(4800K)->4600K(4800K) Class: 461K(576K)->461K(576K)
[2025-12-28T19:33:13.974+0100][info][gc             ] GC(16) Pause Young (Normal) (G1 Evacuation Pause) 3688M->8M(6144M) 1.189ms
[2025-12-28T19:33:13.974+0100][info][gc,cpu         ] GC(16) User=0.00s Sys=0.00s Real=0.00s
[2025-12-28T19:33:14.212+0100][info][gc,start       ] GC(17) Pause Young (Normal) (G1 Evacuation Pause)
[2025-12-28T19:33:14.212+0100][info][gc,task        ] GC(17) Using 8 workers of 8 for evacuation
[2025-12-28T19:33:14.215+0100][info][gc,phases      ] GC(17)   Pre Evacuate Collection Set: 0.20ms
[2025-12-28T19:33:14.215+0100][info][gc,phases      ] GC(17)   Merge Heap Roots: 0.09ms
[2025-12-28T19:33:14.215+0100][info][gc,phases      ] GC(17)   Evacuate Collection Set: 0.89ms
[2025-12-28T19:33:14.215+0100][info][gc,phases      ] GC(17)   Post Evacuate Collection Set: 1.22ms
[2025-12-28T19:33:14.215+0100][info][gc,phases      ] GC(17)   Other: 0.09ms
[2025-12-28T19:33:14.215+0100][info][gc,heap        ] GC(17) Eden regions: 920->0(920)
[2025-12-28T19:33:14.215+0100][info][gc,heap        ] GC(17) Survivor regions: 1->1(116)
[2025-12-28T19:33:14.215+0100][info][gc,heap        ] GC(17) Old regions: 8->9
[2025-12-28T19:33:14.215+0100][info][gc,heap        ] GC(17) Humongous regions: 0->0
[2025-12-28T19:33:14.215+0100][info][gc,metaspace   ] GC(17) Metaspace: 5064K(5376K)->5064K(5376K) NonClass: 4602K(4800K)->4602K(4800K) Class: 461K(576K)->461K(576K)
[2025-12-28T19:33:14.215+0100][info][gc             ] GC(17) Pause Young (Normal) (G1 Evacuation Pause) 3688M->8M(6144M) 2.667ms
[2025-12-28T19:33:14.215+0100][info][gc,cpu         ] GC(17) User=0.00s Sys=0.00s Real=0.00s
[2025-12-28T19:33:14.453+0100][info][gc,start       ] GC(18) Pause Young (Normal) (G1 Evacuation Pause)
[2025-12-28T19:33:14.453+0100][info][gc,task        ] GC(18) Using 8 workers of 8 for evacuation
[2025-12-28T19:33:14.454+0100][info][gc,phases      ] GC(18)   Pre Evacuate Collection Set: 0.14ms
[2025-12-28T19:33:14.454+0100][info][gc,phases      ] GC(18)   Merge Heap Roots: 0.06ms
[2025-12-28T19:33:14.454+0100][info][gc,phases      ] GC(18)   Evacuate Collection Set: 0.16ms
[2025-12-28T19:33:14.454+0100][info][gc,phases      ] GC(18)   Post Evacuate Collection Set: 0.39ms
[2025-12-28T19:33:14.454+0100][info][gc,phases      ] GC(18)   Other: 0.07ms
[2025-12-28T19:33:14.454+0100][info][gc,heap        ] GC(18) Eden regions: 920->0(920)
[2025-12-28T19:33:14.454+0100][info][gc,heap        ] GC(18) Survivor regions: 1->1(116)
[2025-12-28T19:33:14.454+0100][info][gc,heap        ] GC(18) Old regions: 9->9
[2025-12-28T19:33:14.454+0100][info][gc,heap        ] GC(18) Humongous regions: 0->0
[2025-12-28T19:33:14.454+0100][info][gc,metaspace   ] GC(18) Metaspace: 5068K(5376K)->5068K(5376K) NonClass: 4607K(4800K)->4607K(4800K) Class: 461K(576K)->461K(576K)
[2025-12-28T19:33:14.454+0100][info][gc             ] GC(18) Pause Young (Normal) (G1 Evacuation Pause) 3688M->8M(6144M) 0.983ms
[2025-12-28T19:33:14.454+0100][info][gc,cpu         ] GC(18) User=0.01s Sys=0.00s Real=0.00s
[2025-12-28T19:33:14.685+0100][info][gc,start       ] GC(19) Pause Young (Normal) (G1 Evacuation Pause)
[2025-12-28T19:33:14.685+0100][info][gc,task        ] GC(19) Using 8 workers of 8 for evacuation
[2025-12-28T19:33:14.687+0100][info][gc,phases      ] GC(19)   Pre Evacuate Collection Set: 0.14ms
[2025-12-28T19:33:14.687+0100][info][gc,phases      ] GC(19)   Merge Heap Roots: 0.13ms
[2025-12-28T19:33:14.687+0100][info][gc,phases      ] GC(19)   Evacuate Collection Set: 0.19ms
[2025-12-28T19:33:14.687+0100][info][gc,phases      ] GC(19)   Post Evacuate Collection Set: 0.56ms
[2025-12-28T19:33:14.687+0100][info][gc,phases      ] GC(19)   Other: 0.08ms
[2025-12-28T19:33:14.687+0100][info][gc,heap        ] GC(19) Eden regions: 920->0(920)
[2025-12-28T19:33:14.687+0100][info][gc,heap        ] GC(19) Survivor regions: 1->1(116)
[2025-12-28T19:33:14.687+0100][info][gc,heap        ] GC(19) Old regions: 9->9
[2025-12-28T19:33:14.687+0100][info][gc,heap        ] GC(19) Humongous regions: 0->0
[2025-12-28T19:33:14.687+0100][info][gc,metaspace   ] GC(19) Metaspace: 5068K(5376K)->5068K(5376K) NonClass: 4607K(4800K)->4607K(4800K) Class: 461K(576K)->461K(576K)
[2025-12-28T19:33:14.687+0100][info][gc             ] GC(19) Pause Young (Normal) (G1 Evacuation Pause) 3688M->8M(6144M) 1.374ms
[2025-12-28T19:33:14.687+0100][info][gc,cpu         ] GC(19) User=0.00s Sys=0.00s Real=0.00s
[2025-12-28T19:33:15.010+0100][info][gc,start       ] GC(20) Pause Young (Normal) (G1 Evacuation Pause)
[2025-12-28T19:33:15.010+0100][info][gc,task        ] GC(20) Using 8 workers of 8 for evacuation
[2025-12-28T19:33:15.011+0100][info][gc,phases      ] GC(20)   Pre Evacuate Collection Set: 0.14ms
[2025-12-28T19:33:15.011+0100][info][gc,phases      ] GC(20)   Merge Heap Roots: 0.06ms
[2025-12-28T19:33:15.011+0100][info][gc,phases      ] GC(20)   Evacuate Collection Set: 0.16ms
[2025-12-28T19:33:15.011+0100][info][gc,phases      ] GC(20)   Post Evacuate Collection Set: 0.46ms
[2025-12-28T19:33:15.011+0100][info][gc,phases      ] GC(20)   Other: 0.07ms
[2025-12-28T19:33:15.011+0100][info][gc,heap        ] GC(20) Eden regions: 920->0(920)
[2025-12-28T19:33:15.011+0100][info][gc,heap        ] GC(20) Survivor regions: 1->1(116)
[2025-12-28T19:33:15.011+0100][info][gc,heap        ] GC(20) Old regions: 9->9
[2025-12-28T19:33:15.011+0100][info][gc,heap        ] GC(20) Humongous regions: 0->0
[2025-12-28T19:33:15.011+0100][info][gc,metaspace   ] GC(20) Metaspace: 5068K(5376K)->5068K(5376K) NonClass: 4607K(4800K)->4607K(4800K) Class: 461K(576K)->461K(576K)
[2025-12-28T19:33:15.011+0100][info][gc             ] GC(20) Pause Young (Normal) (G1 Evacuation Pause) 3688M->8M(6144M) 1.039ms
[2025-12-28T19:33:15.011+0100][info][gc,cpu         ] GC(20) User=0.00s Sys=0.00s Real=0.00s
[2025-12-28T19:33:15.252+0100][info][gc,start       ] GC(21) Pause Young (Normal) (G1 Evacuation Pause)
[2025-12-28T19:33:15.252+0100][info][gc,task        ] GC(21) Using 8 workers of 8 for evacuation
[2025-12-28T19:33:15.253+0100][info][gc,phases      ] GC(21)   Pre Evacuate Collection Set: 0.13ms
[2025-12-28T19:33:15.253+0100][info][gc,phases      ] GC(21)   Merge Heap Roots: 0.07ms
[2025-12-28T19:33:15.253+0100][info][gc,phases      ] GC(21)   Evacuate Collection Set: 0.18ms
[2025-12-28T19:33:15.253+0100][info][gc,phases      ] GC(21)   Post Evacuate Collection Set: 0.48ms
[2025-12-28T19:33:15.253+0100][info][gc,phases      ] GC(21)   Other: 0.07ms
[2025-12-28T19:33:15.253+0100][info][gc,heap        ] GC(21) Eden regions: 920->0(920)
[2025-12-28T19:33:15.253+0100][info][gc,heap        ] GC(21) Survivor regions: 1->1(116)
[2025-12-28T19:33:15.253+0100][info][gc,heap        ] GC(21) Old regions: 9->9
[2025-12-28T19:33:15.253+0100][info][gc,heap        ] GC(21) Humongous regions: 0->0
[2025-12-28T19:33:15.253+0100][info][gc,metaspace   ] GC(21) Metaspace: 5068K(5376K)->5068K(5376K) NonClass: 4607K(4800K)->4607K(4800K) Class: 461K(576K)->461K(576K)
[2025-12-28T19:33:15.253+0100][info][gc             ] GC(21) Pause Young (Normal) (G1 Evacuation Pause) 3688M->8M(6144M) 1.092ms
[2025-12-28T19:33:15.253+0100][info][gc,cpu         ] GC(21) User=0.01s Sys=0.00s Real=0.00s
[2025-12-28T19:33:15.492+0100][info][gc,start       ] GC(22) Pause Young (Normal) (G1 Evacuation Pause)
[2025-12-28T19:33:15.492+0100][info][gc,task        ] GC(22) Using 8 workers of 8 for evacuation
[2025-12-28T19:33:15.493+0100][info][gc,phases      ] GC(22)   Pre Evacuate Collection Set: 0.13ms
[2025-12-28T19:33:15.493+0100][info][gc,phases      ] GC(22)   Merge Heap Roots: 0.12ms
[2025-12-28T19:33:15.493+0100][info][gc,phases      ] GC(22)   Evacuate Collection Set: 0.16ms
[2025-12-28T19:33:15.493+0100][info][gc,phases      ] GC(22)   Post Evacuate Collection Set: 0.49ms
[2025-12-28T19:33:15.493+0100][info][gc,phases      ] GC(22)   Other: 0.07ms
[2025-12-28T19:33:15.493+0100][info][gc,heap        ] GC(22) Eden regions: 920->0(920)
[2025-12-28T19:33:15.493+0100][info][gc,heap        ] GC(22) Survivor regions: 1->1(116)
[2025-12-28T19:33:15.493+0100][info][gc,heap        ] GC(22) Old regions: 9->9
[2025-12-28T19:33:15.493+0100][info][gc,heap        ] GC(22) Humongous regions: 0->0
[2025-12-28T19:33:15.493+0100][info][gc,metaspace   ] GC(22) Metaspace: 5068K(5376K)->5068K(5376K) NonClass: 4607K(4800K)->4607K(4800K) Class: 461K(576K)->461K(576K)
[2025-12-28T19:33:15.493+0100][info][gc             ] GC(22) Pause Young (Normal) (G1 Evacuation Pause) 3688M->8M(6144M) 1.109ms
[2025-12-28T19:33:15.493+0100][info][gc,cpu         ] GC(22) User=0.00s Sys=0.00s Real=0.00s
[2025-12-28T19:33:15.717+0100][info][gc,start       ] GC(23) Pause Young (Normal) (G1 Evacuation Pause)
[2025-12-28T19:33:15.717+0100][info][gc,task        ] GC(23) Using 8 workers of 8 for evacuation
[2025-12-28T19:33:15.718+0100][info][gc,phases      ] GC(23)   Pre Evacuate Collection Set: 0.17ms
[2025-12-28T19:33:15.718+0100][info][gc,phases      ] GC(23)   Merge Heap Roots: 0.07ms
[2025-12-28T19:33:15.718+0100][info][gc,phases      ] GC(23)   Evacuate Collection Set: 0.21ms
[2025-12-28T19:33:15.718+0100][info][gc,phases      ] GC(23)   Post Evacuate Collection Set: 0.51ms
[2025-12-28T19:33:15.718+0100][info][gc,phases      ] GC(23)   Other: 0.07ms
[2025-12-28T19:33:15.718+0100][info][gc,heap        ] GC(23) Eden regions: 920->0(920)
[2025-12-28T19:33:15.718+0100][info][gc,heap        ] GC(23) Survivor regions: 1->1(116)
[2025-12-28T19:33:15.718+0100][info][gc,heap        ] GC(23) Old regions: 9->9
[2025-12-28T19:33:15.718+0100][info][gc,heap        ] GC(23) Humongous regions: 0->0
[2025-12-28T19:33:15.718+0100][info][gc,metaspace   ] GC(23) Metaspace: 5068K(5376K)->5068K(5376K) NonClass: 4607K(4800K)->4607K(4800K) Class: 461K(576K)->461K(576K)
[2025-12-28T19:33:15.718+0100][info][gc             ] GC(23) Pause Young (Normal) (G1 Evacuation Pause) 3688M->8M(6144M) 1.182ms
[2025-12-28T19:33:15.718+0100][info][gc,cpu         ] GC(23) User=0.00s Sys=0.00s Real=0.00s
[2025-12-28T19:33:15.933+0100][info][gc,start       ] GC(24) Pause Young (Normal) (G1 Evacuation Pause)
[2025-12-28T19:33:15.933+0100][info][gc,task        ] GC(24) Using 8 workers of 8 for evacuation
[2025-12-28T19:33:15.934+0100][info][gc,phases      ] GC(24)   Pre Evacuate Collection Set: 0.11ms
[2025-12-28T19:33:15.934+0100][info][gc,phases      ] GC(24)   Merge Heap Roots: 0.07ms
[2025-12-28T19:33:15.934+0100][info][gc,phases      ] GC(24)   Evacuate Collection Set: 0.14ms
[2025-12-28T19:33:15.934+0100][info][gc,phases      ] GC(24)   Post Evacuate Collection Set: 0.46ms
[2025-12-28T19:33:15.934+0100][info][gc,phases      ] GC(24)   Other: 0.08ms
[2025-12-28T19:33:15.934+0100][info][gc,heap        ] GC(24) Eden regions: 920->0(920)
[2025-12-28T19:33:15.934+0100][info][gc,heap        ] GC(24) Survivor regions: 1->1(116)
[2025-12-28T19:33:15.934+0100][info][gc,heap        ] GC(24) Old regions: 9->9
[2025-12-28T19:33:15.934+0100][info][gc,heap        ] GC(24) Humongous regions: 0->0
[2025-12-28T19:33:15.934+0100][info][gc,metaspace   ] GC(24) Metaspace: 5068K(5376K)->5068K(5376K) NonClass: 4607K(4800K)->4607K(4800K) Class: 461K(576K)->461K(576K)
[2025-12-28T19:33:15.934+0100][info][gc             ] GC(24) Pause Young (Normal) (G1 Evacuation Pause) 3688M->8M(6144M) 1.002ms
[2025-12-28T19:33:15.934+0100][info][gc,cpu         ] GC(24) User=0.01s Sys=0.00s Real=0.00s
[2025-12-28T19:33:16.154+0100][info][gc,start       ] GC(25) Pause Young (Normal) (G1 Evacuation Pause)
[2025-12-28T19:33:16.154+0100][info][gc,task        ] GC(25) Using 8 workers of 8 for evacuation
[2025-12-28T19:33:16.155+0100][info][gc,phases      ] GC(25)   Pre Evacuate Collection Set: 0.18ms
[2025-12-28T19:33:16.155+0100][info][gc,phases      ] GC(25)   Merge Heap Roots: 0.11ms
[2025-12-28T19:33:16.155+0100][info][gc,phases      ] GC(25)   Evacuate Collection Set: 0.17ms
[2025-12-28T19:33:16.155+0100][info][gc,phases      ] GC(25)   Post Evacuate Collection Set: 0.50ms
[2025-12-28T19:33:16.155+0100][info][gc,phases      ] GC(25)   Other: 0.09ms
[2025-12-28T19:33:16.155+0100][info][gc,heap        ] GC(25) Eden regions: 920->0(920)
[2025-12-28T19:33:16.155+0100][info][gc,heap        ] GC(25) Survivor regions: 1->1(116)
[2025-12-28T19:33:16.155+0100][info][gc,heap        ] GC(25) Old regions: 9->9
[2025-12-28T19:33:16.155+0100][info][gc,heap        ] GC(25) Humongous regions: 0->0
[2025-12-28T19:33:16.155+0100][info][gc,metaspace   ] GC(25) Metaspace: 5068K(5376K)->5068K(5376K) NonClass: 4607K(4800K)->4607K(4800K) Class: 461K(576K)->461K(576K)
[2025-12-28T19:33:16.155+0100][info][gc             ] GC(25) Pause Young (Normal) (G1 Evacuation Pause) 3688M->8M(6144M) 1.219ms
[2025-12-28T19:33:16.155+0100][info][gc,cpu         ] GC(25) User=0.00s Sys=0.00s Real=0.00s
[2025-12-28T19:33:16.382+0100][info][gc,start       ] GC(26) Pause Young (Normal) (G1 Evacuation Pause)
[2025-12-28T19:33:16.382+0100][info][gc,task        ] GC(26) Using 8 workers of 8 for evacuation
[2025-12-28T19:33:16.383+0100][info][gc,phases      ] GC(26)   Pre Evacuate Collection Set: 0.16ms
[2025-12-28T19:33:16.383+0100][info][gc,phases      ] GC(26)   Merge Heap Roots: 0.05ms
[2025-12-28T19:33:16.383+0100][info][gc,phases      ] GC(26)   Evacuate Collection Set: 0.15ms
[2025-12-28T19:33:16.383+0100][info][gc,phases      ] GC(26)   Post Evacuate Collection Set: 0.42ms
[2025-12-28T19:33:16.383+0100][info][gc,phases      ] GC(26)   Other: 0.09ms
[2025-12-28T19:33:16.383+0100][info][gc,heap        ] GC(26) Eden regions: 920->0(920)
[2025-12-28T19:33:16.383+0100][info][gc,heap        ] GC(26) Survivor regions: 1->1(116)
[2025-12-28T19:33:16.383+0100][info][gc,heap        ] GC(26) Old regions: 9->9
[2025-12-28T19:33:16.383+0100][info][gc,heap        ] GC(26) Humongous regions: 0->0
[2025-12-28T19:33:16.383+0100][info][gc,metaspace   ] GC(26) Metaspace: 5068K(5376K)->5068K(5376K) NonClass: 4607K(4800K)->4607K(4800K) Class: 461K(576K)->461K(576K)
[2025-12-28T19:33:16.383+0100][info][gc             ] GC(26) Pause Young (Normal) (G1 Evacuation Pause) 3688M->8M(6144M) 1.264ms
[2025-12-28T19:33:16.383+0100][info][gc,cpu         ] GC(26) User=0.00s Sys=0.00s Real=0.00s
[2025-12-28T19:33:16.625+0100][info][gc,start       ] GC(27) Pause Young (Normal) (G1 Evacuation Pause)
[2025-12-28T19:33:16.625+0100][info][gc,task        ] GC(27) Using 8 workers of 8 for evacuation
[2025-12-28T19:33:16.626+0100][info][gc,phases      ] GC(27)   Pre Evacuate Collection Set: 0.09ms
[2025-12-28T19:33:16.626+0100][info][gc,phases      ] GC(27)   Merge Heap Roots: 0.06ms
[2025-12-28T19:33:16.626+0100][info][gc,phases      ] GC(27)   Evacuate Collection Set: 0.16ms
[2025-12-28T19:33:16.626+0100][info][gc,phases      ] GC(27)   Post Evacuate Collection Set: 0.45ms
[2025-12-28T19:33:16.626+0100][info][gc,phases      ] GC(27)   Other: 0.08ms
[2025-12-28T19:33:16.626+0100][info][gc,heap        ] GC(27) Eden regions: 920->0(920)
[2025-12-28T19:33:16.626+0100][info][gc,heap        ] GC(27) Survivor regions: 1->1(116)
[2025-12-28T19:33:16.626+0100][info][gc,heap        ] GC(27) Old regions: 9->9
[2025-12-28T19:33:16.626+0100][info][gc,heap        ] GC(27) Humongous regions: 0->0
[2025-12-28T19:33:16.626+0100][info][gc,metaspace   ] GC(27) Metaspace: 5068K(5376K)->5068K(5376K) NonClass: 4607K(4800K)->4607K(4800K) Class: 461K(576K)->461K(576K)
[2025-12-28T19:33:16.626+0100][info][gc             ] GC(27) Pause Young (Normal) (G1 Evacuation Pause) 3688M->8M(6144M) 1.009ms
[2025-12-28T19:33:16.626+0100][info][gc,cpu         ] GC(27) User=0.00s Sys=0.00s Real=0.00s
[2025-12-28T19:33:16.856+0100][info][gc,start       ] GC(28) Pause Young (Normal) (G1 Evacuation Pause)
[2025-12-28T19:33:16.856+0100][info][gc,task        ] GC(28) Using 8 workers of 8 for evacuation
[2025-12-28T19:33:16.857+0100][info][gc,phases      ] GC(28)   Pre Evacuate Collection Set: 0.14ms
[2025-12-28T19:33:16.857+0100][info][gc,phases      ] GC(28)   Merge Heap Roots: 0.10ms
[2025-12-28T19:33:16.857+0100][info][gc,phases      ] GC(28)   Evacuate Collection Set: 0.15ms
[2025-12-28T19:33:16.857+0100][info][gc,phases      ] GC(28)   Post Evacuate Collection Set: 0.42ms
[2025-12-28T19:33:16.857+0100][info][gc,phases      ] GC(28)   Other: 0.10ms
[2025-12-28T19:33:16.857+0100][info][gc,heap        ] GC(28) Eden regions: 920->0(920)
[2025-12-28T19:33:16.857+0100][info][gc,heap        ] GC(28) Survivor regions: 1->1(116)
[2025-12-28T19:33:16.857+0100][info][gc,heap        ] GC(28) Old regions: 9->9
[2025-12-28T19:33:16.857+0100][info][gc,heap        ] GC(28) Humongous regions: 0->0
[2025-12-28T19:33:16.857+0100][info][gc,metaspace   ] GC(28) Metaspace: 5068K(5376K)->5068K(5376K) NonClass: 4607K(4800K)->4607K(4800K) Class: 461K(576K)->461K(576K)
[2025-12-28T19:33:16.857+0100][info][gc             ] GC(28) Pause Young (Normal) (G1 Evacuation Pause) 3688M->8M(6144M) 1.073ms
[2025-12-28T19:33:16.857+0100][info][gc,cpu         ] GC(28) User=0.00s Sys=0.00s Real=0.00s
[2025-12-28T19:33:17.090+0100][info][gc,start       ] GC(29) Pause Young (Normal) (G1 Evacuation Pause)
[2025-12-28T19:33:17.090+0100][info][gc,task        ] GC(29) Using 8 workers of 8 for evacuation
[2025-12-28T19:33:17.091+0100][info][gc,phases      ] GC(29)   Pre Evacuate Collection Set: 0.12ms
[2025-12-28T19:33:17.091+0100][info][gc,phases      ] GC(29)   Merge Heap Roots: 0.08ms
[2025-12-28T19:33:17.091+0100][info][gc,phases      ] GC(29)   Evacuate Collection Set: 0.16ms
[2025-12-28T19:33:17.091+0100][info][gc,phases      ] GC(29)   Post Evacuate Collection Set: 0.45ms
[2025-12-28T19:33:17.091+0100][info][gc,phases      ] GC(29)   Other: 0.07ms
[2025-12-28T19:33:17.091+0100][info][gc,heap        ] GC(29) Eden regions: 920->0(920)
[2025-12-28T19:33:17.091+0100][info][gc,heap        ] GC(29) Survivor regions: 1->1(116)
[2025-12-28T19:33:17.091+0100][info][gc,heap        ] GC(29) Old regions: 9->9
[2025-12-28T19:33:17.091+0100][info][gc,heap        ] GC(29) Humongous regions: 0->0
[2025-12-28T19:33:17.091+0100][info][gc,metaspace   ] GC(29) Metaspace: 5068K(5376K)->5068K(5376K) NonClass: 4607K(4800K)->4607K(4800K) Class: 461K(576K)->461K(576K)
[2025-12-28T19:33:17.091+0100][info][gc             ] GC(29) Pause Young (Normal) (G1 Evacuation Pause) 3688M->8M(6144M) 1.024ms
[2025-12-28T19:33:17.091+0100][info][gc,cpu         ] GC(29) User=0.00s Sys=0.00s Real=0.00s
[2025-12-28T19:33:17.313+0100][info][gc,start       ] GC(30) Pause Young (Normal) (G1 Evacuation Pause)
[2025-12-28T19:33:17.313+0100][info][gc,task        ] GC(30) Using 8 workers of 8 for evacuation
[2025-12-28T19:33:17.314+0100][info][gc,phases      ] GC(30)   Pre Evacuate Collection Set: 0.14ms
[2025-12-28T19:33:17.314+0100][info][gc,phases      ] GC(30)   Merge Heap Roots: 0.16ms
[2025-12-28T19:33:17.314+0100][info][gc,phases      ] GC(30)   Evacuate Collection Set: 0.20ms
[2025-12-28T19:33:17.314+0100][info][gc,phases      ] GC(30)   Post Evacuate Collection Set: 0.46ms
[2025-12-28T19:33:17.314+0100][info][gc,phases      ] GC(30)   Other: 0.08ms
[2025-12-28T19:33:17.314+0100][info][gc,heap        ] GC(30) Eden regions: 920->0(920)
[2025-12-28T19:33:17.314+0100][info][gc,heap        ] GC(30) Survivor regions: 1->1(116)
[2025-12-28T19:33:17.314+0100][info][gc,heap        ] GC(30) Old regions: 9->9
[2025-12-28T19:33:17.314+0100][info][gc,heap        ] GC(30) Humongous regions: 0->0
[2025-12-28T19:33:17.314+0100][info][gc,metaspace   ] GC(30) Metaspace: 5069K(5376K)->5069K(5376K) NonClass: 4607K(4800K)->4607K(4800K) Class: 461K(576K)->461K(576K)
[2025-12-28T19:33:17.314+0100][info][gc             ] GC(30) Pause Young (Normal) (G1 Evacuation Pause) 3688M->8M(6144M) 1.284ms
[2025-12-28T19:33:17.314+0100][info][gc,cpu         ] GC(30) User=0.00s Sys=0.01s Real=0.00s
[2025-12-28T19:33:17.529+0100][info][gc,start       ] GC(31) Pause Young (Normal) (G1 Evacuation Pause)
[2025-12-28T19:33:17.529+0100][info][gc,task        ] GC(31) Using 8 workers of 8 for evacuation
[2025-12-28T19:33:17.530+0100][info][gc,phases      ] GC(31)   Pre Evacuate Collection Set: 0.21ms
[2025-12-28T19:33:17.530+0100][info][gc,phases      ] GC(31)   Merge Heap Roots: 0.15ms
[2025-12-28T19:33:17.530+0100][info][gc,phases      ] GC(31)   Evacuate Collection Set: 0.30ms
[2025-12-28T19:33:17.530+0100][info][gc,phases      ] GC(31)   Post Evacuate Collection Set: 0.87ms
[2025-12-28T19:33:17.530+0100][info][gc,phases      ] GC(31)   Other: 0.11ms
[2025-12-28T19:33:17.530+0100][info][gc,heap        ] GC(31) Eden regions: 920->0(920)
[2025-12-28T19:33:17.530+0100][info][gc,heap        ] GC(31) Survivor regions: 1->1(116)
[2025-12-28T19:33:17.530+0100][info][gc,heap        ] GC(31) Old regions: 9->9
[2025-12-28T19:33:17.530+0100][info][gc,heap        ] GC(31) Humongous regions: 0->0
[2025-12-28T19:33:17.530+0100][info][gc,metaspace   ] GC(31) Metaspace: 5074K(5376K)->5074K(5376K) NonClass: 4612K(4800K)->4612K(4800K) Class: 461K(576K)->461K(576K)
[2025-12-28T19:33:17.530+0100][info][gc             ] GC(31) Pause Young (Normal) (G1 Evacuation Pause) 3688M->8M(6144M) 1.821ms
[2025-12-28T19:33:17.530+0100][info][gc,cpu         ] GC(31) User=0.00s Sys=0.01s Real=0.01s
[2025-12-28T19:33:17.753+0100][info][gc,start       ] GC(32) Pause Young (Normal) (G1 Evacuation Pause)
[2025-12-28T19:33:17.753+0100][info][gc,task        ] GC(32) Using 8 workers of 8 for evacuation
[2025-12-28T19:33:17.754+0100][info][gc,phases      ] GC(32)   Pre Evacuate Collection Set: 0.10ms
[2025-12-28T19:33:17.754+0100][info][gc,phases      ] GC(32)   Merge Heap Roots: 0.12ms
[2025-12-28T19:33:17.754+0100][info][gc,phases      ] GC(32)   Evacuate Collection Set: 0.16ms
[2025-12-28T19:33:17.754+0100][info][gc,phases      ] GC(32)   Post Evacuate Collection Set: 0.49ms
[2025-12-28T19:33:17.754+0100][info][gc,phases      ] GC(32)   Other: 0.07ms
[2025-12-28T19:33:17.754+0100][info][gc,heap        ] GC(32) Eden regions: 920->0(920)
[2025-12-28T19:33:17.754+0100][info][gc,heap        ] GC(32) Survivor regions: 1->1(116)
[2025-12-28T19:33:17.754+0100][info][gc,heap        ] GC(32) Old regions: 9->9
[2025-12-28T19:33:17.754+0100][info][gc,heap        ] GC(32) Humongous regions: 0->0
[2025-12-28T19:33:17.754+0100][info][gc,metaspace   ] GC(32) Metaspace: 5074K(5376K)->5074K(5376K) NonClass: 4612K(4800K)->4612K(4800K) Class: 461K(576K)->461K(576K)
[2025-12-28T19:33:17.754+0100][info][gc             ] GC(32) Pause Young (Normal) (G1 Evacuation Pause) 3688M->8M(6144M) 1.072ms
[2025-12-28T19:33:17.754+0100][info][gc,cpu         ] GC(32) User=0.01s Sys=0.00s Real=0.00s
[2025-12-28T19:33:17.988+0100][info][gc,start       ] GC(33) Pause Young (Normal) (G1 Evacuation Pause)
[2025-12-28T19:33:17.988+0100][info][gc,task        ] GC(33) Using 8 workers of 8 for evacuation
[2025-12-28T19:33:17.989+0100][info][gc,phases      ] GC(33)   Pre Evacuate Collection Set: 0.12ms
[2025-12-28T19:33:17.989+0100][info][gc,phases      ] GC(33)   Merge Heap Roots: 0.09ms
[2025-12-28T19:33:17.989+0100][info][gc,phases      ] GC(33)   Evacuate Collection Set: 0.18ms
[2025-12-28T19:33:17.989+0100][info][gc,phases      ] GC(33)   Post Evacuate Collection Set: 0.60ms
[2025-12-28T19:33:17.989+0100][info][gc,phases      ] GC(33)   Other: 0.07ms
[2025-12-28T19:33:17.989+0100][info][gc,heap        ] GC(33) Eden regions: 920->0(920)
[2025-12-28T19:33:17.989+0100][info][gc,heap        ] GC(33) Survivor regions: 1->1(116)
[2025-12-28T19:33:17.989+0100][info][gc,heap        ] GC(33) Old regions: 9->9
[2025-12-28T19:33:17.989+0100][info][gc,heap        ] GC(33) Humongous regions: 0->0
[2025-12-28T19:33:17.989+0100][info][gc,metaspace   ] GC(33) Metaspace: 5074K(5376K)->5074K(5376K) NonClass: 4612K(4800K)->4612K(4800K) Class: 461K(576K)->461K(576K)
[2025-12-28T19:33:17.989+0100][info][gc             ] GC(33) Pause Young (Normal) (G1 Evacuation Pause) 3688M->8M(6144M) 1.212ms
[2025-12-28T19:33:17.989+0100][info][gc,cpu         ] GC(33) User=0.01s Sys=0.00s Real=0.00s
[2025-12-28T19:33:18.227+0100][info][gc,start       ] GC(34) Pause Young (Normal) (G1 Evacuation Pause)
[2025-12-28T19:33:18.227+0100][info][gc,task        ] GC(34) Using 8 workers of 8 for evacuation
[2025-12-28T19:33:18.228+0100][info][gc,phases      ] GC(34)   Pre Evacuate Collection Set: 0.17ms
[2025-12-28T19:33:18.228+0100][info][gc,phases      ] GC(34)   Merge Heap Roots: 0.05ms
[2025-12-28T19:33:18.228+0100][info][gc,phases      ] GC(34)   Evacuate Collection Set: 0.15ms
[2025-12-28T19:33:18.228+0100][info][gc,phases      ] GC(34)   Post Evacuate Collection Set: 0.48ms
[2025-12-28T19:33:18.228+0100][info][gc,phases      ] GC(34)   Other: 0.07ms
[2025-12-28T19:33:18.228+0100][info][gc,heap        ] GC(34) Eden regions: 920->0(920)
[2025-12-28T19:33:18.228+0100][info][gc,heap        ] GC(34) Survivor regions: 1->1(116)
[2025-12-28T19:33:18.228+0100][info][gc,heap        ] GC(34) Old regions: 9->9
[2025-12-28T19:33:18.228+0100][info][gc,heap        ] GC(34) Humongous regions: 0->0
[2025-12-28T19:33:18.228+0100][info][gc,metaspace   ] GC(34) Metaspace: 5074K(5376K)->5074K(5376K) NonClass: 4612K(4800K)->4612K(4800K) Class: 461K(576K)->461K(576K)
[2025-12-28T19:33:18.228+0100][info][gc             ] GC(34) Pause Young (Normal) (G1 Evacuation Pause) 3688M->8M(6144M) 1.067ms
[2025-12-28T19:33:18.228+0100][info][gc,cpu         ] GC(34) User=0.01s Sys=0.00s Real=0.00s
[2025-12-28T19:33:18.483+0100][info][gc,start       ] GC(35) Pause Young (Normal) (G1 Evacuation Pause)
[2025-12-28T19:33:18.483+0100][info][gc,task        ] GC(35) Using 8 workers of 8 for evacuation
[2025-12-28T19:33:18.484+0100][info][gc,phases      ] GC(35)   Pre Evacuate Collection Set: 0.18ms
[2025-12-28T19:33:18.484+0100][info][gc,phases      ] GC(35)   Merge Heap Roots: 0.14ms
[2025-12-28T19:33:18.484+0100][info][gc,phases      ] GC(35)   Evacuate Collection Set: 0.19ms
[2025-12-28T19:33:18.484+0100][info][gc,phases      ] GC(35)   Post Evacuate Collection Set: 0.47ms
[2025-12-28T19:33:18.484+0100][info][gc,phases      ] GC(35)   Other: 0.08ms
[2025-12-28T19:33:18.484+0100][info][gc,heap        ] GC(35) Eden regions: 920->0(920)
[2025-12-28T19:33:18.484+0100][info][gc,heap        ] GC(35) Survivor regions: 1->1(116)
[2025-12-28T19:33:18.484+0100][info][gc,heap        ] GC(35) Old regions: 9->9
[2025-12-28T19:33:18.484+0100][info][gc,heap        ] GC(35) Humongous regions: 0->0
[2025-12-28T19:33:18.484+0100][info][gc,metaspace   ] GC(35) Metaspace: 5074K(5376K)->5074K(5376K) NonClass: 4612K(4800K)->4612K(4800K) Class: 461K(576K)->461K(576K)
[2025-12-28T19:33:18.484+0100][info][gc             ] GC(35) Pause Young (Normal) (G1 Evacuation Pause) 3688M->8M(6144M) 1.223ms
[2025-12-28T19:33:18.484+0100][info][gc,cpu         ] GC(35) User=0.00s Sys=0.00s Real=0.00s
[2025-12-28T19:33:18.771+0100][info][gc,start       ] GC(36) Pause Young (Normal) (G1 Evacuation Pause)
[2025-12-28T19:33:18.771+0100][info][gc,task        ] GC(36) Using 8 workers of 8 for evacuation
[2025-12-28T19:33:18.772+0100][info][gc,phases      ] GC(36)   Pre Evacuate Collection Set: 0.07ms
[2025-12-28T19:33:18.772+0100][info][gc,phases      ] GC(36)   Merge Heap Roots: 0.06ms
[2025-12-28T19:33:18.772+0100][info][gc,phases      ] GC(36)   Evacuate Collection Set: 0.17ms
[2025-12-28T19:33:18.772+0100][info][gc,phases      ] GC(36)   Post Evacuate Collection Set: 0.43ms
[2025-12-28T19:33:18.772+0100][info][gc,phases      ] GC(36)   Other: 0.09ms
[2025-12-28T19:33:18.772+0100][info][gc,heap        ] GC(36) Eden regions: 920->0(920)
[2025-12-28T19:33:18.772+0100][info][gc,heap        ] GC(36) Survivor regions: 1->1(116)
[2025-12-28T19:33:18.772+0100][info][gc,heap        ] GC(36) Old regions: 9->9
[2025-12-28T19:33:18.772+0100][info][gc,heap        ] GC(36) Humongous regions: 0->0
[2025-12-28T19:33:18.772+0100][info][gc,metaspace   ] GC(36) Metaspace: 5074K(5376K)->5074K(5376K) NonClass: 4612K(4800K)->4612K(4800K) Class: 461K(576K)->461K(576K)
[2025-12-28T19:33:18.772+0100][info][gc             ] GC(36) Pause Young (Normal) (G1 Evacuation Pause) 3688M->8M(6144M) 0.972ms
[2025-12-28T19:33:18.772+0100][info][gc,cpu         ] GC(36) User=0.01s Sys=0.00s Real=0.00s
[2025-12-28T19:33:19.029+0100][info][gc,start       ] GC(37) Pause Young (Normal) (G1 Evacuation Pause)
[2025-12-28T19:33:19.029+0100][info][gc,task        ] GC(37) Using 8 workers of 8 for evacuation
[2025-12-28T19:33:19.030+0100][info][gc,phases      ] GC(37)   Pre Evacuate Collection Set: 0.13ms
[2025-12-28T19:33:19.030+0100][info][gc,phases      ] GC(37)   Merge Heap Roots: 0.15ms
[2025-12-28T19:33:19.030+0100][info][gc,phases      ] GC(37)   Evacuate Collection Set: 0.29ms
[2025-12-28T19:33:19.030+0100][info][gc,phases      ] GC(37)   Post Evacuate Collection Set: 0.67ms
[2025-12-28T19:33:19.030+0100][info][gc,phases      ] GC(37)   Other: 0.10ms
[2025-12-28T19:33:19.030+0100][info][gc,heap        ] GC(37) Eden regions: 920->0(920)
[2025-12-28T19:33:19.030+0100][info][gc,heap        ] GC(37) Survivor regions: 1->1(116)
[2025-12-28T19:33:19.030+0100][info][gc,heap        ] GC(37) Old regions: 9->9
[2025-12-28T19:33:19.030+0100][info][gc,heap        ] GC(37) Humongous regions: 0->0
[2025-12-28T19:33:19.030+0100][info][gc,metaspace   ] GC(37) Metaspace: 5074K(5376K)->5074K(5376K) NonClass: 4612K(4800K)->4612K(4800K) Class: 461K(576K)->461K(576K)
[2025-12-28T19:33:19.030+0100][info][gc             ] GC(37) Pause Young (Normal) (G1 Evacuation Pause) 3688M->8M(6144M) 1.524ms
[2025-12-28T19:33:19.030+0100][info][gc,cpu         ] GC(37) User=0.01s Sys=0.00s Real=0.01s
[2025-12-28T19:33:19.271+0100][info][gc,start       ] GC(38) Pause Young (Normal) (G1 Evacuation Pause)
[2025-12-28T19:33:19.271+0100][info][gc,task        ] GC(38) Using 8 workers of 8 for evacuation
[2025-12-28T19:33:19.273+0100][info][gc,phases      ] GC(38)   Pre Evacuate Collection Set: 0.16ms
[2025-12-28T19:33:19.273+0100][info][gc,phases      ] GC(38)   Merge Heap Roots: 0.09ms
[2025-12-28T19:33:19.273+0100][info][gc,phases      ] GC(38)   Evacuate Collection Set: 0.23ms
[2025-12-28T19:33:19.273+0100][info][gc,phases      ] GC(38)   Post Evacuate Collection Set: 0.69ms
[2025-12-28T19:33:19.273+0100][info][gc,phases      ] GC(38)   Other: 0.09ms
[2025-12-28T19:33:19.273+0100][info][gc,heap        ] GC(38) Eden regions: 920->0(920)
[2025-12-28T19:33:19.273+0100][info][gc,heap        ] GC(38) Survivor regions: 1->1(116)
[2025-12-28T19:33:19.273+0100][info][gc,heap        ] GC(38) Old regions: 9->9
[2025-12-28T19:33:19.273+0100][info][gc,heap        ] GC(38) Humongous regions: 0->0
[2025-12-28T19:33:19.273+0100][info][gc,metaspace   ] GC(38) Metaspace: 5074K(5376K)->5074K(5376K) NonClass: 4612K(4800K)->4612K(4800K) Class: 461K(576K)->461K(576K)
[2025-12-28T19:33:19.273+0100][info][gc             ] GC(38) Pause Young (Normal) (G1 Evacuation Pause) 3688M->8M(6144M) 1.411ms
[2025-12-28T19:33:19.273+0100][info][gc,cpu         ] GC(38) User=0.00s Sys=0.00s Real=0.00s
[2025-12-28T19:33:19.526+0100][info][gc,start       ] GC(39) Pause Young (Normal) (G1 Evacuation Pause)
[2025-12-28T19:33:19.526+0100][info][gc,task        ] GC(39) Using 8 workers of 8 for evacuation
[2025-12-28T19:33:19.527+0100][info][gc,phases      ] GC(39)   Pre Evacuate Collection Set: 0.13ms
[2025-12-28T19:33:19.527+0100][info][gc,phases      ] GC(39)   Merge Heap Roots: 0.12ms
[2025-12-28T19:33:19.527+0100][info][gc,phases      ] GC(39)   Evacuate Collection Set: 0.19ms
[2025-12-28T19:33:19.527+0100][info][gc,phases      ] GC(39)   Post Evacuate Collection Set: 0.55ms
[2025-12-28T19:33:19.527+0100][info][gc,phases      ] GC(39)   Other: 0.08ms
[2025-12-28T19:33:19.527+0100][info][gc,heap        ] GC(39) Eden regions: 920->0(920)
[2025-12-28T19:33:19.527+0100][info][gc,heap        ] GC(39) Survivor regions: 1->1(116)
[2025-12-28T19:33:19.527+0100][info][gc,heap        ] GC(39) Old regions: 9->9
[2025-12-28T19:33:19.527+0100][info][gc,heap        ] GC(39) Humongous regions: 0->0
[2025-12-28T19:33:19.527+0100][info][gc,metaspace   ] GC(39) Metaspace: 5074K(5376K)->5074K(5376K) NonClass: 4612K(4800K)->4612K(4800K) Class: 461K(576K)->461K(576K)
[2025-12-28T19:33:19.527+0100][info][gc             ] GC(39) Pause Young (Normal) (G1 Evacuation Pause) 3688M->8M(6144M) 1.235ms
[2025-12-28T19:33:19.527+0100][info][gc,cpu         ] GC(39) User=0.00s Sys=0.00s Real=0.00s
[2025-12-28T19:33:19.926+0100][info][gc,start       ] GC(40) Pause Young (Normal) (G1 Evacuation Pause)
[2025-12-28T19:33:19.926+0100][info][gc,task        ] GC(40) Using 8 workers of 8 for evacuation
[2025-12-28T19:33:19.933+0100][info][gc,phases      ] GC(40)   Pre Evacuate Collection Set: 2.35ms
[2025-12-28T19:33:19.933+0100][info][gc,phases      ] GC(40)   Merge Heap Roots: 1.23ms
[2025-12-28T19:33:19.933+0100][info][gc,phases      ] GC(40)   Evacuate Collection Set: 1.12ms
[2025-12-28T19:33:19.933+0100][info][gc,phases      ] GC(40)   Post Evacuate Collection Set: 1.56ms
[2025-12-28T19:33:19.933+0100][info][gc,phases      ] GC(40)   Other: 0.54ms
[2025-12-28T19:33:19.933+0100][info][gc,heap        ] GC(40) Eden regions: 920->0(920)
[2025-12-28T19:33:19.933+0100][info][gc,heap        ] GC(40) Survivor regions: 1->1(116)
[2025-12-28T19:33:19.933+0100][info][gc,heap        ] GC(40) Old regions: 9->9
[2025-12-28T19:33:19.933+0100][info][gc,heap        ] GC(40) Humongous regions: 0->0
[2025-12-28T19:33:19.933+0100][info][gc,metaspace   ] GC(40) Metaspace: 5074K(5376K)->5074K(5376K) NonClass: 4612K(4800K)->4612K(4800K) Class: 461K(576K)->461K(576K)
[2025-12-28T19:33:19.933+0100][info][gc             ] GC(40) Pause Young (Normal) (G1 Evacuation Pause) 3688M->8M(6144M) 7.321ms
[2025-12-28T19:33:19.933+0100][info][gc,cpu         ] GC(40) User=0.00s Sys=0.00s Real=0.01s
[2025-12-28T19:33:20.344+0100][info][gc,start       ] GC(41) Pause Young (Normal) (G1 Evacuation Pause)
[2025-12-28T19:33:20.344+0100][info][gc,task        ] GC(41) Using 8 workers of 8 for evacuation
[2025-12-28T19:33:20.345+0100][info][gc,phases      ] GC(41)   Pre Evacuate Collection Set: 0.07ms
[2025-12-28T19:33:20.345+0100][info][gc,phases      ] GC(41)   Merge Heap Roots: 0.05ms
[2025-12-28T19:33:20.345+0100][info][gc,phases      ] GC(41)   Evacuate Collection Set: 0.18ms
[2025-12-28T19:33:20.345+0100][info][gc,phases      ] GC(41)   Post Evacuate Collection Set: 0.44ms
[2025-12-28T19:33:20.345+0100][info][gc,phases      ] GC(41)   Other: 0.08ms
[2025-12-28T19:33:20.345+0100][info][gc,heap        ] GC(41) Eden regions: 920->0(920)
[2025-12-28T19:33:20.345+0100][info][gc,heap        ] GC(41) Survivor regions: 1->1(116)
[2025-12-28T19:33:20.345+0100][info][gc,heap        ] GC(41) Old regions: 9->9
[2025-12-28T19:33:20.345+0100][info][gc,heap        ] GC(41) Humongous regions: 0->0
[2025-12-28T19:33:20.345+0100][info][gc,metaspace   ] GC(41) Metaspace: 5074K(5376K)->5074K(5376K) NonClass: 4612K(4800K)->4612K(4800K) Class: 461K(576K)->461K(576K)
[2025-12-28T19:33:20.345+0100][info][gc             ] GC(41) Pause Young (Normal) (G1 Evacuation Pause) 3688M->8M(6144M) 0.961ms
[2025-12-28T19:33:20.345+0100][info][gc,cpu         ] GC(41) User=0.01s Sys=0.00s Real=0.00s
[2025-12-28T19:33:20.566+0100][info][gc,start       ] GC(42) Pause Full (System.gc())
[2025-12-28T19:33:20.566+0100][info][gc,task        ] GC(42) Using 8 workers of 8 for full compaction
[2025-12-28T19:33:20.566+0100][info][gc,phases,start] GC(42) Phase 1: Mark live objects
[2025-12-28T19:33:20.569+0100][info][gc,phases      ] GC(42) Phase 1: Mark live objects 2.890ms
[2025-12-28T19:33:20.569+0100][info][gc,phases,start] GC(42) Phase 2: Prepare compaction
[2025-12-28T19:33:20.598+0100][info][gc,phases      ] GC(42) Phase 2: Prepare compaction 28.866ms
[2025-12-28T19:33:20.598+0100][info][gc,phases,start] GC(42) Phase 3: Adjust pointers
[2025-12-28T19:33:20.600+0100][info][gc,phases      ] GC(42) Phase 3: Adjust pointers 1.619ms
[2025-12-28T19:33:20.600+0100][info][gc,phases,start] GC(42) Phase 4: Compact heap
[2025-12-28T19:33:20.601+0100][info][gc,phases      ] GC(42) Phase 4: Compact heap 1.155ms
[2025-12-28T19:33:20.601+0100][info][gc,phases,start] GC(42) Phase 5: Reset Metadata
[2025-12-28T19:33:20.602+0100][info][gc,phases      ] GC(42) Phase 5: Reset Metadata 0.626ms
[2025-12-28T19:33:20.628+0100][info][gc,heap        ] GC(42) Eden regions: 574->0(921)
[2025-12-28T19:33:20.628+0100][info][gc,heap        ] GC(42) Survivor regions: 1->0(116)
[2025-12-28T19:33:20.628+0100][info][gc,heap        ] GC(42) Old regions: 9->8
[2025-12-28T19:33:20.628+0100][info][gc,heap        ] GC(42) Humongous regions: 0->0
[2025-12-28T19:33:20.628+0100][info][gc,metaspace   ] GC(42) Metaspace: 5130K(5376K)->5024K(5376K) NonClass: 4661K(4800K)->4587K(4800K) Class: 468K(576K)->437K(576K)
[2025-12-28T19:33:20.628+0100][info][gc             ] GC(42) Pause Full (System.gc()) 2304M->8M(6144M) 62.360ms
[2025-12-28T19:33:20.628+0100][info][gc,cpu         ] GC(42) User=0.04s Sys=0.10s Real=0.06s
[2025-12-28T19:33:20.629+0100][info][gc,start       ] GC(43) Pause Full (System.gc())
[2025-12-28T19:33:20.629+0100][info][gc,task        ] GC(43) Using 8 workers of 8 for full compaction
[2025-12-28T19:33:20.631+0100][info][gc,phases,start] GC(43) Phase 1: Mark live objects
[2025-12-28T19:33:20.633+0100][info][gc,phases      ] GC(43) Phase 1: Mark live objects 2.263ms
[2025-12-28T19:33:20.633+0100][info][gc,phases,start] GC(43) Phase 2: Prepare compaction
[2025-12-28T19:33:20.633+0100][info][gc,phases      ] GC(43) Phase 2: Prepare compaction 0.260ms
[2025-12-28T19:33:20.633+0100][info][gc,phases,start] GC(43) Phase 3: Adjust pointers
[2025-12-28T19:33:20.634+0100][info][gc,phases      ] GC(43) Phase 3: Adjust pointers 0.954ms
[2025-12-28T19:33:20.634+0100][info][gc,phases,start] GC(43) Phase 4: Compact heap
[2025-12-28T19:33:20.635+0100][info][gc,phases      ] GC(43) Phase 4: Compact heap 0.240ms
[2025-12-28T19:33:20.635+0100][info][gc,phases,start] GC(43) Phase 5: Reset Metadata
[2025-12-28T19:33:20.635+0100][info][gc,phases      ] GC(43) Phase 5: Reset Metadata 0.448ms
[2025-12-28T19:33:20.640+0100][info][gc,heap        ] GC(43) Eden regions: 1->0(921)
[2025-12-28T19:33:20.640+0100][info][gc,heap        ] GC(43) Survivor regions: 0->0(116)
[2025-12-28T19:33:20.640+0100][info][gc,heap        ] GC(43) Old regions: 8->8
[2025-12-28T19:33:20.640+0100][info][gc,heap        ] GC(43) Humongous regions: 0->0
[2025-12-28T19:33:20.640+0100][info][gc,metaspace   ] GC(43) Metaspace: 5024K(5376K)->5024K(5376K) NonClass: 4587K(4800K)->4587K(4800K) Class: 437K(576K)->437K(576K)
[2025-12-28T19:33:20.640+0100][info][gc             ] GC(43) Pause Full (System.gc()) 10M->8M(6144M) 11.395ms
[2025-12-28T19:33:20.640+0100][info][gc,cpu         ] GC(43) User=0.02s Sys=0.00s Real=0.02s
[2025-12-28T19:33:22.758+0100][info][gc,start       ] GC(44) Pause Young (Normal) (G1 Evacuation Pause)
[2025-12-28T19:33:22.758+0100][info][gc,task        ] GC(44) Using 8 workers of 8 for evacuation
[2025-12-28T19:33:22.764+0100][info][gc,phases      ] GC(44)   Pre Evacuate Collection Set: 0.42ms
[2025-12-28T19:33:22.764+0100][info][gc,phases      ] GC(44)   Merge Heap Roots: 0.14ms
[2025-12-28T19:33:22.764+0100][info][gc,phases      ] GC(44)   Evacuate Collection Set: 3.75ms
[2025-12-28T19:33:22.764+0100][info][gc,phases      ] GC(44)   Post Evacuate Collection Set: 1.35ms
[2025-12-28T19:33:22.764+0100][info][gc,phases      ] GC(44)   Other: 0.15ms
[2025-12-28T19:33:22.764+0100][info][gc,heap        ] GC(44) Eden regions: 921->0(920)
[2025-12-28T19:33:22.764+0100][info][gc,heap        ] GC(44) Survivor regions: 0->1(116)
[2025-12-28T19:33:22.764+0100][info][gc,heap        ] GC(44) Old regions: 8->8
[2025-12-28T19:33:22.764+0100][info][gc,heap        ] GC(44) Humongous regions: 0->0
[2025-12-28T19:33:22.764+0100][info][gc,metaspace   ] GC(44) Metaspace: 8288K(8512K)->8288K(8512K) NonClass: 7558K(7680K)->7558K(7680K) Class: 729K(832K)->729K(832K)
[2025-12-28T19:33:22.764+0100][info][gc             ] GC(44) Pause Young (Normal) (G1 Evacuation Pause) 3692M->11M(6144M) 6.496ms
[2025-12-28T19:33:22.764+0100][info][gc,cpu         ] GC(44) User=0.01s Sys=0.01s Real=0.01s
[2025-12-28T19:33:24.254+0100][info][gc,start       ] GC(45) Pause Young (Normal) (G1 Evacuation Pause)
[2025-12-28T19:33:24.254+0100][info][gc,task        ] GC(45) Using 8 workers of 8 for evacuation
[2025-12-28T19:33:24.263+0100][info][gc,phases      ] GC(45)   Pre Evacuate Collection Set: 0.54ms
[2025-12-28T19:33:24.263+0100][info][gc,phases      ] GC(45)   Merge Heap Roots: 0.26ms
[2025-12-28T19:33:24.263+0100][info][gc,phases      ] GC(45)   Evacuate Collection Set: 5.16ms
[2025-12-28T19:33:24.263+0100][info][gc,phases      ] GC(45)   Post Evacuate Collection Set: 2.40ms
[2025-12-28T19:33:24.263+0100][info][gc,phases      ] GC(45)   Other: 0.68ms
[2025-12-28T19:33:24.263+0100][info][gc,heap        ] GC(45) Eden regions: 920->0(920)
[2025-12-28T19:33:24.263+0100][info][gc,heap        ] GC(45) Survivor regions: 1->1(116)
[2025-12-28T19:33:24.263+0100][info][gc,heap        ] GC(45) Old regions: 8->8
[2025-12-28T19:33:24.263+0100][info][gc,heap        ] GC(45) Humongous regions: 0->0
[2025-12-28T19:33:24.263+0100][info][gc,metaspace   ] GC(45) Metaspace: 8288K(8512K)->8288K(8512K) NonClass: 7558K(7680K)->7558K(7680K) Class: 729K(832K)->729K(832K)
[2025-12-28T19:33:24.263+0100][info][gc             ] GC(45) Pause Young (Normal) (G1 Evacuation Pause) 3691M->11M(6144M) 9.664ms
[2025-12-28T19:33:24.263+0100][info][gc,cpu         ] GC(45) User=0.00s Sys=0.01s Real=0.01s
[2025-12-28T19:33:26.504+0100][info][gc,start       ] GC(46) Pause Young (Normal) (G1 Evacuation Pause)
[2025-12-28T19:33:26.504+0100][info][gc,task        ] GC(46) Using 8 workers of 8 for evacuation
[2025-12-28T19:33:26.509+0100][info][gc,phases      ] GC(46)   Pre Evacuate Collection Set: 0.40ms
[2025-12-28T19:33:26.509+0100][info][gc,phases      ] GC(46)   Merge Heap Roots: 0.20ms
[2025-12-28T19:33:26.509+0100][info][gc,phases      ] GC(46)   Evacuate Collection Set: 2.35ms
[2025-12-28T19:33:26.509+0100][info][gc,phases      ] GC(46)   Post Evacuate Collection Set: 1.22ms
[2025-12-28T19:33:26.509+0100][info][gc,phases      ] GC(46)   Other: 0.13ms
[2025-12-28T19:33:26.509+0100][info][gc,heap        ] GC(46) Eden regions: 920->0(920)
[2025-12-28T19:33:26.509+0100][info][gc,heap        ] GC(46) Survivor regions: 1->1(116)
[2025-12-28T19:33:26.509+0100][info][gc,heap        ] GC(46) Old regions: 8->8
[2025-12-28T19:33:26.509+0100][info][gc,heap        ] GC(46) Humongous regions: 0->0
[2025-12-28T19:33:26.509+0100][info][gc,metaspace   ] GC(46) Metaspace: 8288K(8512K)->8288K(8512K) NonClass: 7558K(7680K)->7558K(7680K) Class: 729K(832K)->729K(832K)
[2025-12-28T19:33:26.509+0100][info][gc             ] GC(46) Pause Young (Normal) (G1 Evacuation Pause) 3691M->11M(6144M) 4.512ms
[2025-12-28T19:33:26.509+0100][info][gc,cpu         ] GC(46) User=0.01s Sys=0.01s Real=0.00s
[2025-12-28T19:33:28.886+0100][info][gc,start       ] GC(47) Pause Young (Normal) (G1 Evacuation Pause)
[2025-12-28T19:33:28.886+0100][info][gc,task        ] GC(47) Using 8 workers of 8 for evacuation
[2025-12-28T19:33:28.892+0100][info][gc,phases      ] GC(47)   Pre Evacuate Collection Set: 0.50ms
[2025-12-28T19:33:28.892+0100][info][gc,phases      ] GC(47)   Merge Heap Roots: 0.25ms
[2025-12-28T19:33:28.892+0100][info][gc,phases      ] GC(47)   Evacuate Collection Set: 2.97ms
[2025-12-28T19:33:28.892+0100][info][gc,phases      ] GC(47)   Post Evacuate Collection Set: 1.35ms
[2025-12-28T19:33:28.892+0100][info][gc,phases      ] GC(47)   Other: 0.22ms
[2025-12-28T19:33:28.892+0100][info][gc,heap        ] GC(47) Eden regions: 920->0(920)
[2025-12-28T19:33:28.892+0100][info][gc,heap        ] GC(47) Survivor regions: 1->1(116)
[2025-12-28T19:33:28.892+0100][info][gc,heap        ] GC(47) Old regions: 8->8
[2025-12-28T19:33:28.892+0100][info][gc,heap        ] GC(47) Humongous regions: 0->0
[2025-12-28T19:33:28.892+0100][info][gc,metaspace   ] GC(47) Metaspace: 8288K(8512K)->8288K(8512K) NonClass: 7558K(7680K)->7558K(7680K) Class: 729K(832K)->729K(832K)
[2025-12-28T19:33:28.892+0100][info][gc             ] GC(47) Pause Young (Normal) (G1 Evacuation Pause) 3691M->11M(6144M) 5.702ms
[2025-12-28T19:33:28.892+0100][info][gc,cpu         ] GC(47) User=0.01s Sys=0.01s Real=0.01s
[2025-12-28T19:33:30.432+0100][info][gc,start       ] GC(48) Pause Young (Normal) (G1 Evacuation Pause)
[2025-12-28T19:33:30.432+0100][info][gc,task        ] GC(48) Using 8 workers of 8 for evacuation
[2025-12-28T19:33:30.437+0100][info][gc,phases      ] GC(48)   Pre Evacuate Collection Set: 0.52ms
[2025-12-28T19:33:30.437+0100][info][gc,phases      ] GC(48)   Merge Heap Roots: 0.27ms
[2025-12-28T19:33:30.437+0100][info][gc,phases      ] GC(48)   Evacuate Collection Set: 2.86ms
[2025-12-28T19:33:30.437+0100][info][gc,phases      ] GC(48)   Post Evacuate Collection Set: 1.18ms
[2025-12-28T19:33:30.437+0100][info][gc,phases      ] GC(48)   Other: 0.14ms
[2025-12-28T19:33:30.437+0100][info][gc,heap        ] GC(48) Eden regions: 920->0(920)
[2025-12-28T19:33:30.437+0100][info][gc,heap        ] GC(48) Survivor regions: 1->1(116)
[2025-12-28T19:33:30.437+0100][info][gc,heap        ] GC(48) Old regions: 8->8
[2025-12-28T19:33:30.437+0100][info][gc,heap        ] GC(48) Humongous regions: 0->0
[2025-12-28T19:33:30.437+0100][info][gc,metaspace   ] GC(48) Metaspace: 8288K(8512K)->8288K(8512K) NonClass: 7558K(7680K)->7558K(7680K) Class: 729K(832K)->729K(832K)
[2025-12-28T19:33:30.437+0100][info][gc             ] GC(48) Pause Young (Normal) (G1 Evacuation Pause) 3691M->11M(6144M) 5.228ms
[2025-12-28T19:33:30.437+0100][info][gc,cpu         ] GC(48) User=0.01s Sys=0.01s Real=0.00s
[2025-12-28T19:33:31.869+0100][info][gc,start       ] GC(49) Pause Young (Normal) (G1 Evacuation Pause)
[2025-12-28T19:33:31.869+0100][info][gc,task        ] GC(49) Using 8 workers of 8 for evacuation
[2025-12-28T19:33:31.877+0100][info][gc,phases      ] GC(49)   Pre Evacuate Collection Set: 2.78ms
[2025-12-28T19:33:31.877+0100][info][gc,phases      ] GC(49)   Merge Heap Roots: 0.23ms
[2025-12-28T19:33:31.877+0100][info][gc,phases      ] GC(49)   Evacuate Collection Set: 3.18ms
[2025-12-28T19:33:31.877+0100][info][gc,phases      ] GC(49)   Post Evacuate Collection Set: 1.56ms
[2025-12-28T19:33:31.877+0100][info][gc,phases      ] GC(49)   Other: 0.19ms
[2025-12-28T19:33:31.877+0100][info][gc,heap        ] GC(49) Eden regions: 920->0(920)
[2025-12-28T19:33:31.877+0100][info][gc,heap        ] GC(49) Survivor regions: 1->1(116)
[2025-12-28T19:33:31.877+0100][info][gc,heap        ] GC(49) Old regions: 8->8
[2025-12-28T19:33:31.877+0100][info][gc,heap        ] GC(49) Humongous regions: 0->0
[2025-12-28T19:33:31.877+0100][info][gc,metaspace   ] GC(49) Metaspace: 8288K(8512K)->8288K(8512K) NonClass: 7558K(7680K)->7558K(7680K) Class: 729K(832K)->729K(832K)
[2025-12-28T19:33:31.877+0100][info][gc             ] GC(49) Pause Young (Normal) (G1 Evacuation Pause) 3691M->11M(6144M) 8.152ms
[2025-12-28T19:33:31.877+0100][info][gc,cpu         ] GC(49) User=0.01s Sys=0.01s Real=0.01s
[2025-12-28T19:33:33.314+0100][info][gc,start       ] GC(50) Pause Young (Normal) (G1 Evacuation Pause)
[2025-12-28T19:33:33.314+0100][info][gc,task        ] GC(50) Using 8 workers of 8 for evacuation
[2025-12-28T19:33:33.330+0100][info][gc,phases      ] GC(50)   Pre Evacuate Collection Set: 0.83ms
[2025-12-28T19:33:33.330+0100][info][gc,phases      ] GC(50)   Merge Heap Roots: 0.62ms
[2025-12-28T19:33:33.330+0100][info][gc,phases      ] GC(50)   Evacuate Collection Set: 11.38ms
[2025-12-28T19:33:33.330+0100][info][gc,phases      ] GC(50)   Post Evacuate Collection Set: 2.13ms
[2025-12-28T19:33:33.330+0100][info][gc,phases      ] GC(50)   Other: 0.13ms
[2025-12-28T19:33:33.330+0100][info][gc,heap        ] GC(50) Eden regions: 920->0(920)
[2025-12-28T19:33:33.330+0100][info][gc,heap        ] GC(50) Survivor regions: 1->1(116)
[2025-12-28T19:33:33.330+0100][info][gc,heap        ] GC(50) Old regions: 8->8
[2025-12-28T19:33:33.330+0100][info][gc,heap        ] GC(50) Humongous regions: 0->0
[2025-12-28T19:33:33.330+0100][info][gc,metaspace   ] GC(50) Metaspace: 8290K(8512K)->8290K(8512K) NonClass: 7560K(7680K)->7560K(7680K) Class: 729K(832K)->729K(832K)
[2025-12-28T19:33:33.330+0100][info][gc             ] GC(50) Pause Young (Normal) (G1 Evacuation Pause) 3691M->11M(6144M) 15.317ms
[2025-12-28T19:33:33.330+0100][info][gc,cpu         ] GC(50) User=0.01s Sys=0.03s Real=0.02s
[2025-12-28T19:33:34.045+0100][info][gc,start       ] GC(51) Pause Young (Normal) (G1 Evacuation Pause)
[2025-12-28T19:33:34.045+0100][info][gc,task        ] GC(51) Using 8 workers of 8 for evacuation
[2025-12-28T19:33:34.047+0100][info][gc,phases      ] GC(51)   Pre Evacuate Collection Set: 0.27ms
[2025-12-28T19:33:34.047+0100][info][gc,phases      ] GC(51)   Merge Heap Roots: 0.15ms
[2025-12-28T19:33:34.047+0100][info][gc,phases      ] GC(51)   Evacuate Collection Set: 0.96ms
[2025-12-28T19:33:34.047+0100][info][gc,phases      ] GC(51)   Post Evacuate Collection Set: 0.54ms
[2025-12-28T19:33:34.047+0100][info][gc,phases      ] GC(51)   Other: 0.10ms
[2025-12-28T19:33:34.047+0100][info][gc,heap        ] GC(51) Eden regions: 920->0(920)
[2025-12-28T19:33:34.047+0100][info][gc,heap        ] GC(51) Survivor regions: 1->1(116)
[2025-12-28T19:33:34.047+0100][info][gc,heap        ] GC(51) Old regions: 8->8
[2025-12-28T19:33:34.047+0100][info][gc,heap        ] GC(51) Humongous regions: 0->0
[2025-12-28T19:33:34.047+0100][info][gc,metaspace   ] GC(51) Metaspace: 8290K(8512K)->8290K(8512K) NonClass: 7560K(7680K)->7560K(7680K) Class: 729K(832K)->729K(832K)
[2025-12-28T19:33:34.048+0100][info][gc             ] GC(51) Pause Young (Normal) (G1 Evacuation Pause) 3691M->11M(6144M) 2.277ms
[2025-12-28T19:33:34.048+0100][info][gc,cpu         ] GC(51) User=0.01s Sys=0.00s Real=0.00s
[2025-12-28T19:33:34.252+0100][info][gc,start       ] GC(52) Pause Young (Normal) (G1 Evacuation Pause)
[2025-12-28T19:33:34.252+0100][info][gc,task        ] GC(52) Using 8 workers of 8 for evacuation
[2025-12-28T19:33:34.254+0100][info][gc,phases      ] GC(52)   Pre Evacuate Collection Set: 0.08ms
[2025-12-28T19:33:34.254+0100][info][gc,phases      ] GC(52)   Merge Heap Roots: 0.06ms
[2025-12-28T19:33:34.254+0100][info][gc,phases      ] GC(52)   Evacuate Collection Set: 0.77ms
[2025-12-28T19:33:34.254+0100][info][gc,phases      ] GC(52)   Post Evacuate Collection Set: 0.59ms
[2025-12-28T19:33:34.254+0100][info][gc,phases      ] GC(52)   Other: 0.08ms
[2025-12-28T19:33:34.254+0100][info][gc,heap        ] GC(52) Eden regions: 920->0(920)
[2025-12-28T19:33:34.254+0100][info][gc,heap        ] GC(52) Survivor regions: 1->1(116)
[2025-12-28T19:33:34.254+0100][info][gc,heap        ] GC(52) Old regions: 8->8
[2025-12-28T19:33:34.254+0100][info][gc,heap        ] GC(52) Humongous regions: 0->0
[2025-12-28T19:33:34.254+0100][info][gc,metaspace   ] GC(52) Metaspace: 8290K(8512K)->8290K(8512K) NonClass: 7560K(7680K)->7560K(7680K) Class: 729K(832K)->729K(832K)
[2025-12-28T19:33:34.254+0100][info][gc             ] GC(52) Pause Young (Normal) (G1 Evacuation Pause) 3691M->11M(6144M) 1.751ms
[2025-12-28T19:33:34.254+0100][info][gc,cpu         ] GC(52) User=0.01s Sys=0.00s Real=0.00s
[2025-12-28T19:33:34.470+0100][info][gc,start       ] GC(53) Pause Young (Normal) (G1 Evacuation Pause)
[2025-12-28T19:33:34.470+0100][info][gc,task        ] GC(53) Using 8 workers of 8 for evacuation
[2025-12-28T19:33:34.471+0100][info][gc,phases      ] GC(53)   Pre Evacuate Collection Set: 0.11ms
[2025-12-28T19:33:34.471+0100][info][gc,phases      ] GC(53)   Merge Heap Roots: 0.06ms
[2025-12-28T19:33:34.471+0100][info][gc,phases      ] GC(53)   Evacuate Collection Set: 0.86ms
[2025-12-28T19:33:34.471+0100][info][gc,phases      ] GC(53)   Post Evacuate Collection Set: 0.58ms
[2025-12-28T19:33:34.471+0100][info][gc,phases      ] GC(53)   Other: 0.09ms
[2025-12-28T19:33:34.471+0100][info][gc,heap        ] GC(53) Eden regions: 920->0(920)
[2025-12-28T19:33:34.471+0100][info][gc,heap        ] GC(53) Survivor regions: 1->1(116)
[2025-12-28T19:33:34.471+0100][info][gc,heap        ] GC(53) Old regions: 8->8
[2025-12-28T19:33:34.471+0100][info][gc,heap        ] GC(53) Humongous regions: 0->0
[2025-12-28T19:33:34.471+0100][info][gc,metaspace   ] GC(53) Metaspace: 8290K(8512K)->8290K(8512K) NonClass: 7560K(7680K)->7560K(7680K) Class: 729K(832K)->729K(832K)
[2025-12-28T19:33:34.471+0100][info][gc             ] GC(53) Pause Young (Normal) (G1 Evacuation Pause) 3691M->11M(6144M) 1.906ms
[2025-12-28T19:33:34.471+0100][info][gc,cpu         ] GC(53) User=0.01s Sys=0.00s Real=0.00s
[2025-12-28T19:33:35.061+0100][info][gc,start       ] GC(54) Pause Young (Normal) (G1 Evacuation Pause)
[2025-12-28T19:33:35.061+0100][info][gc,task        ] GC(54) Using 8 workers of 8 for evacuation
[2025-12-28T19:33:35.067+0100][info][gc,phases      ] GC(54)   Pre Evacuate Collection Set: 0.57ms
[2025-12-28T19:33:35.067+0100][info][gc,phases      ] GC(54)   Merge Heap Roots: 0.33ms
[2025-12-28T19:33:35.067+0100][info][gc,phases      ] GC(54)   Evacuate Collection Set: 2.16ms
[2025-12-28T19:33:35.067+0100][info][gc,phases      ] GC(54)   Post Evacuate Collection Set: 2.81ms
[2025-12-28T19:33:35.067+0100][info][gc,phases      ] GC(54)   Other: 0.16ms
[2025-12-28T19:33:35.067+0100][info][gc,heap        ] GC(54) Eden regions: 920->0(920)
[2025-12-28T19:33:35.067+0100][info][gc,heap        ] GC(54) Survivor regions: 1->1(116)
[2025-12-28T19:33:35.067+0100][info][gc,heap        ] GC(54) Old regions: 8->8
[2025-12-28T19:33:35.067+0100][info][gc,heap        ] GC(54) Humongous regions: 0->0
[2025-12-28T19:33:35.067+0100][info][gc,metaspace   ] GC(54) Metaspace: 8293K(8512K)->8293K(8512K) NonClass: 7563K(7680K)->7563K(7680K) Class: 729K(832K)->729K(832K)
[2025-12-28T19:33:35.067+0100][info][gc             ] GC(54) Pause Young (Normal) (G1 Evacuation Pause) 3691M->11M(6144M) 6.273ms
[2025-12-28T19:33:35.067+0100][info][gc,cpu         ] GC(54) User=0.01s Sys=0.01s Real=0.00s
[2025-12-28T19:33:35.755+0100][info][gc,start       ] GC(55) Pause Young (Normal) (G1 Evacuation Pause)
[2025-12-28T19:33:35.755+0100][info][gc,task        ] GC(55) Using 8 workers of 8 for evacuation
[2025-12-28T19:33:35.761+0100][info][gc,phases      ] GC(55)   Pre Evacuate Collection Set: 0.21ms
[2025-12-28T19:33:35.761+0100][info][gc,phases      ] GC(55)   Merge Heap Roots: 0.16ms
[2025-12-28T19:33:35.761+0100][info][gc,phases      ] GC(55)   Evacuate Collection Set: 4.49ms
[2025-12-28T19:33:35.761+0100][info][gc,phases      ] GC(55)   Post Evacuate Collection Set: 0.67ms
[2025-12-28T19:33:35.761+0100][info][gc,phases      ] GC(55)   Other: 0.12ms
[2025-12-28T19:33:35.761+0100][info][gc,heap        ] GC(55) Eden regions: 920->0(920)
[2025-12-28T19:33:35.761+0100][info][gc,heap        ] GC(55) Survivor regions: 1->1(116)
[2025-12-28T19:33:35.761+0100][info][gc,heap        ] GC(55) Old regions: 8->8
[2025-12-28T19:33:35.761+0100][info][gc,heap        ] GC(55) Humongous regions: 0->0
[2025-12-28T19:33:35.761+0100][info][gc,metaspace   ] GC(55) Metaspace: 8293K(8512K)->8293K(8512K) NonClass: 7563K(7680K)->7563K(7680K) Class: 729K(832K)->729K(832K)
[2025-12-28T19:33:35.761+0100][info][gc             ] GC(55) Pause Young (Normal) (G1 Evacuation Pause) 3691M->11M(6144M) 5.851ms
[2025-12-28T19:33:35.761+0100][info][gc,cpu         ] GC(55) User=0.01s Sys=0.00s Real=0.01s
[2025-12-28T19:33:36.239+0100][info][gc,start       ] GC(56) Pause Young (Normal) (G1 Evacuation Pause)
[2025-12-28T19:33:36.239+0100][info][gc,task        ] GC(56) Using 8 workers of 8 for evacuation
[2025-12-28T19:33:36.241+0100][info][gc,phases      ] GC(56)   Pre Evacuate Collection Set: 0.15ms
[2025-12-28T19:33:36.241+0100][info][gc,phases      ] GC(56)   Merge Heap Roots: 0.10ms
[2025-12-28T19:33:36.241+0100][info][gc,phases      ] GC(56)   Evacuate Collection Set: 0.77ms
[2025-12-28T19:33:36.241+0100][info][gc,phases      ] GC(56)   Post Evacuate Collection Set: 0.75ms
[2025-12-28T19:33:36.241+0100][info][gc,phases      ] GC(56)   Other: 0.10ms
[2025-12-28T19:33:36.241+0100][info][gc,heap        ] GC(56) Eden regions: 920->0(920)
[2025-12-28T19:33:36.241+0100][info][gc,heap        ] GC(56) Survivor regions: 1->1(116)
[2025-12-28T19:33:36.241+0100][info][gc,heap        ] GC(56) Old regions: 8->8
[2025-12-28T19:33:36.241+0100][info][gc,heap        ] GC(56) Humongous regions: 0->0
[2025-12-28T19:33:36.241+0100][info][gc,metaspace   ] GC(56) Metaspace: 8294K(8512K)->8294K(8512K) NonClass: 7564K(7680K)->7564K(7680K) Class: 729K(832K)->729K(832K)
[2025-12-28T19:33:36.241+0100][info][gc             ] GC(56) Pause Young (Normal) (G1 Evacuation Pause) 3691M->11M(6144M) 2.054ms
[2025-12-28T19:33:36.241+0100][info][gc,cpu         ] GC(56) User=0.01s Sys=0.01s Real=0.01s
[2025-12-28T19:33:36.446+0100][info][gc,start       ] GC(57) Pause Young (Normal) (G1 Evacuation Pause)
[2025-12-28T19:33:36.446+0100][info][gc,task        ] GC(57) Using 8 workers of 8 for evacuation
[2025-12-28T19:33:36.448+0100][info][gc,phases      ] GC(57)   Pre Evacuate Collection Set: 0.25ms
[2025-12-28T19:33:36.448+0100][info][gc,phases      ] GC(57)   Merge Heap Roots: 0.18ms
[2025-12-28T19:33:36.448+0100][info][gc,phases      ] GC(57)   Evacuate Collection Set: 0.98ms
[2025-12-28T19:33:36.448+0100][info][gc,phases      ] GC(57)   Post Evacuate Collection Set: 0.59ms
[2025-12-28T19:33:36.448+0100][info][gc,phases      ] GC(57)   Other: 0.11ms
[2025-12-28T19:33:36.448+0100][info][gc,heap        ] GC(57) Eden regions: 920->0(920)
[2025-12-28T19:33:36.448+0100][info][gc,heap        ] GC(57) Survivor regions: 1->1(116)
[2025-12-28T19:33:36.448+0100][info][gc,heap        ] GC(57) Old regions: 8->8
[2025-12-28T19:33:36.448+0100][info][gc,heap        ] GC(57) Humongous regions: 0->0
[2025-12-28T19:33:36.448+0100][info][gc,metaspace   ] GC(57) Metaspace: 8294K(8512K)->8294K(8512K) NonClass: 7564K(7680K)->7564K(7680K) Class: 729K(832K)->729K(832K)
[2025-12-28T19:33:36.448+0100][info][gc             ] GC(57) Pause Young (Normal) (G1 Evacuation Pause) 3691M->11M(6144M) 2.351ms
[2025-12-28T19:33:36.448+0100][info][gc,cpu         ] GC(57) User=0.00s Sys=0.00s Real=0.00s
[2025-12-28T19:33:36.692+0100][info][gc,start       ] GC(58) Pause Young (Normal) (G1 Evacuation Pause)
[2025-12-28T19:33:36.692+0100][info][gc,task        ] GC(58) Using 8 workers of 8 for evacuation
[2025-12-28T19:33:36.697+0100][info][gc,phases      ] GC(58)   Pre Evacuate Collection Set: 0.99ms
[2025-12-28T19:33:36.697+0100][info][gc,phases      ] GC(58)   Merge Heap Roots: 0.28ms
[2025-12-28T19:33:36.697+0100][info][gc,phases      ] GC(58)   Evacuate Collection Set: 2.46ms
[2025-12-28T19:33:36.697+0100][info][gc,phases      ] GC(58)   Post Evacuate Collection Set: 0.63ms
[2025-12-28T19:33:36.697+0100][info][gc,phases      ] GC(58)   Other: 0.18ms
[2025-12-28T19:33:36.697+0100][info][gc,heap        ] GC(58) Eden regions: 920->0(920)
[2025-12-28T19:33:36.697+0100][info][gc,heap        ] GC(58) Survivor regions: 1->1(116)
[2025-12-28T19:33:36.697+0100][info][gc,heap        ] GC(58) Old regions: 8->8
[2025-12-28T19:33:36.697+0100][info][gc,heap        ] GC(58) Humongous regions: 0->0
[2025-12-28T19:33:36.697+0100][info][gc,metaspace   ] GC(58) Metaspace: 8294K(8512K)->8294K(8512K) NonClass: 7564K(7680K)->7564K(7680K) Class: 729K(832K)->729K(832K)
[2025-12-28T19:33:36.697+0100][info][gc             ] GC(58) Pause Young (Normal) (G1 Evacuation Pause) 3691M->11M(6144M) 4.936ms
[2025-12-28T19:33:36.697+0100][info][gc,cpu         ] GC(58) User=0.01s Sys=0.01s Real=0.00s
[2025-12-28T19:33:38.050+0100][info][gc,start       ] GC(59) Pause Young (Normal) (G1 Evacuation Pause)
[2025-12-28T19:33:38.050+0100][info][gc,task        ] GC(59) Using 8 workers of 8 for evacuation
[2025-12-28T19:33:38.053+0100][info][gc,phases      ] GC(59)   Pre Evacuate Collection Set: 0.35ms
[2025-12-28T19:33:38.053+0100][info][gc,phases      ] GC(59)   Merge Heap Roots: 0.15ms
[2025-12-28T19:33:38.053+0100][info][gc,phases      ] GC(59)   Evacuate Collection Set: 1.58ms
[2025-12-28T19:33:38.053+0100][info][gc,phases      ] GC(59)   Post Evacuate Collection Set: 0.82ms
[2025-12-28T19:33:38.053+0100][info][gc,phases      ] GC(59)   Other: 0.11ms
[2025-12-28T19:33:38.053+0100][info][gc,heap        ] GC(59) Eden regions: 920->0(920)
[2025-12-28T19:33:38.053+0100][info][gc,heap        ] GC(59) Survivor regions: 1->1(116)
[2025-12-28T19:33:38.053+0100][info][gc,heap        ] GC(59) Old regions: 8->9
[2025-12-28T19:33:38.053+0100][info][gc,heap        ] GC(59) Humongous regions: 0->0
[2025-12-28T19:33:38.053+0100][info][gc,metaspace   ] GC(59) Metaspace: 8294K(8512K)->8294K(8512K) NonClass: 7564K(7680K)->7564K(7680K) Class: 729K(832K)->729K(832K)
[2025-12-28T19:33:38.053+0100][info][gc             ] GC(59) Pause Young (Normal) (G1 Evacuation Pause) 3691M->11M(6144M) 3.193ms
[2025-12-28T19:33:38.053+0100][info][gc,cpu         ] GC(59) User=0.01s Sys=0.01s Real=0.00s
[2025-12-28T19:33:38.620+0100][info][gc,start       ] GC(60) Pause Young (Normal) (G1 Evacuation Pause)
[2025-12-28T19:33:38.620+0100][info][gc,task        ] GC(60) Using 8 workers of 8 for evacuation
[2025-12-28T19:33:38.621+0100][info][gc,phases      ] GC(60)   Pre Evacuate Collection Set: 0.07ms
[2025-12-28T19:33:38.621+0100][info][gc,phases      ] GC(60)   Merge Heap Roots: 0.06ms
[2025-12-28T19:33:38.621+0100][info][gc,phases      ] GC(60)   Evacuate Collection Set: 0.15ms
[2025-12-28T19:33:38.621+0100][info][gc,phases      ] GC(60)   Post Evacuate Collection Set: 0.46ms
[2025-12-28T19:33:38.621+0100][info][gc,phases      ] GC(60)   Other: 0.07ms
[2025-12-28T19:33:38.621+0100][info][gc,heap        ] GC(60) Eden regions: 920->0(920)
[2025-12-28T19:33:38.621+0100][info][gc,heap        ] GC(60) Survivor regions: 1->1(116)
[2025-12-28T19:33:38.621+0100][info][gc,heap        ] GC(60) Old regions: 9->9
[2025-12-28T19:33:38.621+0100][info][gc,heap        ] GC(60) Humongous regions: 0->0
[2025-12-28T19:33:38.621+0100][info][gc,metaspace   ] GC(60) Metaspace: 8294K(8512K)->8294K(8512K) NonClass: 7564K(7680K)->7564K(7680K) Class: 729K(832K)->729K(832K)
[2025-12-28T19:33:38.621+0100][info][gc             ] GC(60) Pause Young (Normal) (G1 Evacuation Pause) 3691M->11M(6144M) 0.961ms
[2025-12-28T19:33:38.621+0100][info][gc,cpu         ] GC(60) User=0.01s Sys=0.00s Real=0.00s
[2025-12-28T19:33:38.885+0100][info][gc,start       ] GC(61) Pause Young (Normal) (G1 Evacuation Pause)
[2025-12-28T19:33:38.885+0100][info][gc,task        ] GC(61) Using 8 workers of 8 for evacuation
[2025-12-28T19:33:38.886+0100][info][gc,phases      ] GC(61)   Pre Evacuate Collection Set: 0.15ms
[2025-12-28T19:33:38.886+0100][info][gc,phases      ] GC(61)   Merge Heap Roots: 0.14ms
[2025-12-28T19:33:38.886+0100][info][gc,phases      ] GC(61)   Evacuate Collection Set: 0.21ms
[2025-12-28T19:33:38.886+0100][info][gc,phases      ] GC(61)   Post Evacuate Collection Set: 0.65ms
[2025-12-28T19:33:38.886+0100][info][gc,phases      ] GC(61)   Other: 0.08ms
[2025-12-28T19:33:38.886+0100][info][gc,heap        ] GC(61) Eden regions: 920->0(920)
[2025-12-28T19:33:38.886+0100][info][gc,heap        ] GC(61) Survivor regions: 1->1(116)
[2025-12-28T19:33:38.886+0100][info][gc,heap        ] GC(61) Old regions: 9->9
[2025-12-28T19:33:38.886+0100][info][gc,heap        ] GC(61) Humongous regions: 0->0
[2025-12-28T19:33:38.886+0100][info][gc,metaspace   ] GC(61) Metaspace: 8295K(8512K)->8295K(8512K) NonClass: 7565K(7680K)->7565K(7680K) Class: 729K(832K)->729K(832K)
[2025-12-28T19:33:38.886+0100][info][gc             ] GC(61) Pause Young (Normal) (G1 Evacuation Pause) 3691M->11M(6144M) 1.430ms
[2025-12-28T19:33:38.886+0100][info][gc,cpu         ] GC(61) User=0.01s Sys=0.00s Real=0.00s
[2025-12-28T19:33:39.728+0100][info][gc,start       ] GC(62) Pause Young (Normal) (G1 Evacuation Pause)
[2025-12-28T19:33:39.729+0100][info][gc,task        ] GC(62) Using 8 workers of 8 for evacuation
[2025-12-28T19:33:39.731+0100][info][gc,phases      ] GC(62)   Pre Evacuate Collection Set: 0.51ms
[2025-12-28T19:33:39.731+0100][info][gc,phases      ] GC(62)   Merge Heap Roots: 0.28ms
[2025-12-28T19:33:39.731+0100][info][gc,phases      ] GC(62)   Evacuate Collection Set: 0.85ms
[2025-12-28T19:33:39.731+0100][info][gc,phases      ] GC(62)   Post Evacuate Collection Set: 1.01ms
[2025-12-28T19:33:39.731+0100][info][gc,phases      ] GC(62)   Other: 0.18ms
[2025-12-28T19:33:39.731+0100][info][gc,heap        ] GC(62) Eden regions: 920->0(920)
[2025-12-28T19:33:39.731+0100][info][gc,heap        ] GC(62) Survivor regions: 1->1(116)
[2025-12-28T19:33:39.731+0100][info][gc,heap        ] GC(62) Old regions: 9->9
[2025-12-28T19:33:39.731+0100][info][gc,heap        ] GC(62) Humongous regions: 0->0
[2025-12-28T19:33:39.731+0100][info][gc,metaspace   ] GC(62) Metaspace: 8295K(8512K)->8295K(8512K) NonClass: 7565K(7680K)->7565K(7680K) Class: 729K(832K)->729K(832K)
[2025-12-28T19:33:39.732+0100][info][gc             ] GC(62) Pause Young (Normal) (G1 Evacuation Pause) 3691M->11M(6144M) 3.301ms
[2025-12-28T19:33:39.732+0100][info][gc,cpu         ] GC(62) User=0.00s Sys=0.00s Real=0.01s
[2025-12-28T19:33:40.056+0100][info][gc,start       ] GC(63) Pause Young (Normal) (G1 Evacuation Pause)
[2025-12-28T19:33:40.056+0100][info][gc,task        ] GC(63) Using 8 workers of 8 for evacuation
[2025-12-28T19:33:40.057+0100][info][gc,phases      ] GC(63)   Pre Evacuate Collection Set: 0.10ms
[2025-12-28T19:33:40.057+0100][info][gc,phases      ] GC(63)   Merge Heap Roots: 0.15ms
[2025-12-28T19:33:40.057+0100][info][gc,phases      ] GC(63)   Evacuate Collection Set: 0.18ms
[2025-12-28T19:33:40.057+0100][info][gc,phases      ] GC(63)   Post Evacuate Collection Set: 0.63ms
[2025-12-28T19:33:40.057+0100][info][gc,phases      ] GC(63)   Other: 0.09ms
[2025-12-28T19:33:40.057+0100][info][gc,heap        ] GC(63) Eden regions: 920->0(920)
[2025-12-28T19:33:40.057+0100][info][gc,heap        ] GC(63) Survivor regions: 1->1(116)
[2025-12-28T19:33:40.057+0100][info][gc,heap        ] GC(63) Old regions: 9->9
[2025-12-28T19:33:40.057+0100][info][gc,heap        ] GC(63) Humongous regions: 0->0
[2025-12-28T19:33:40.057+0100][info][gc,metaspace   ] GC(63) Metaspace: 8295K(8512K)->8295K(8512K) NonClass: 7565K(7680K)->7565K(7680K) Class: 729K(832K)->729K(832K)
[2025-12-28T19:33:40.057+0100][info][gc             ] GC(63) Pause Young (Normal) (G1 Evacuation Pause) 3691M->11M(6144M) 1.670ms
[2025-12-28T19:33:40.057+0100][info][gc,cpu         ] GC(63) User=0.01s Sys=0.00s Real=0.00s
[2025-12-28T19:33:40.398+0100][info][gc,start       ] GC(64) Pause Young (Normal) (G1 Evacuation Pause)
[2025-12-28T19:33:40.399+0100][info][gc,task        ] GC(64) Using 8 workers of 8 for evacuation
[2025-12-28T19:33:40.400+0100][info][gc,phases      ] GC(64)   Pre Evacuate Collection Set: 0.22ms
[2025-12-28T19:33:40.400+0100][info][gc,phases      ] GC(64)   Merge Heap Roots: 0.13ms
[2025-12-28T19:33:40.400+0100][info][gc,phases      ] GC(64)   Evacuate Collection Set: 0.60ms
[2025-12-28T19:33:40.400+0100][info][gc,phases      ] GC(64)   Post Evacuate Collection Set: 0.63ms
[2025-12-28T19:33:40.400+0100][info][gc,phases      ] GC(64)   Other: 0.09ms
[2025-12-28T19:33:40.400+0100][info][gc,heap        ] GC(64) Eden regions: 920->0(920)
[2025-12-28T19:33:40.400+0100][info][gc,heap        ] GC(64) Survivor regions: 1->1(116)
[2025-12-28T19:33:40.400+0100][info][gc,heap        ] GC(64) Old regions: 9->9
[2025-12-28T19:33:40.400+0100][info][gc,heap        ] GC(64) Humongous regions: 0->0
[2025-12-28T19:33:40.400+0100][info][gc,metaspace   ] GC(64) Metaspace: 8295K(8512K)->8295K(8512K) NonClass: 7565K(7680K)->7565K(7680K) Class: 729K(832K)->729K(832K)
[2025-12-28T19:33:40.400+0100][info][gc             ] GC(64) Pause Young (Normal) (G1 Evacuation Pause) 3691M->11M(6144M) 1.868ms
[2025-12-28T19:33:40.400+0100][info][gc,cpu         ] GC(64) User=0.01s Sys=0.00s Real=0.01s
[2025-12-28T19:33:40.612+0100][info][gc,start       ] GC(65) Pause Young (Normal) (G1 Evacuation Pause)
[2025-12-28T19:33:40.612+0100][info][gc,task        ] GC(65) Using 8 workers of 8 for evacuation
[2025-12-28T19:33:40.614+0100][info][gc,phases      ] GC(65)   Pre Evacuate Collection Set: 0.22ms
[2025-12-28T19:33:40.614+0100][info][gc,phases      ] GC(65)   Merge Heap Roots: 0.18ms
[2025-12-28T19:33:40.614+0100][info][gc,phases      ] GC(65)   Evacuate Collection Set: 0.28ms
[2025-12-28T19:33:40.614+0100][info][gc,phases      ] GC(65)   Post Evacuate Collection Set: 0.56ms
[2025-12-28T19:33:40.614+0100][info][gc,phases      ] GC(65)   Other: 0.09ms
[2025-12-28T19:33:40.614+0100][info][gc,heap        ] GC(65) Eden regions: 920->0(920)
[2025-12-28T19:33:40.614+0100][info][gc,heap        ] GC(65) Survivor regions: 1->1(116)
[2025-12-28T19:33:40.614+0100][info][gc,heap        ] GC(65) Old regions: 9->9
[2025-12-28T19:33:40.614+0100][info][gc,heap        ] GC(65) Humongous regions: 0->0
[2025-12-28T19:33:40.614+0100][info][gc,metaspace   ] GC(65) Metaspace: 8295K(8512K)->8295K(8512K) NonClass: 7565K(7680K)->7565K(7680K) Class: 729K(832K)->729K(832K)
[2025-12-28T19:33:40.614+0100][info][gc             ] GC(65) Pause Young (Normal) (G1 Evacuation Pause) 3691M->11M(6144M) 1.539ms
[2025-12-28T19:33:40.614+0100][info][gc,cpu         ] GC(65) User=0.00s Sys=0.00s Real=0.00s
[2025-12-28T19:33:40.860+0100][info][gc,start       ] GC(66) Pause Young (Normal) (G1 Evacuation Pause)
[2025-12-28T19:33:40.860+0100][info][gc,task        ] GC(66) Using 8 workers of 8 for evacuation
[2025-12-28T19:33:40.861+0100][info][gc,phases      ] GC(66)   Pre Evacuate Collection Set: 0.11ms
[2025-12-28T19:33:40.861+0100][info][gc,phases      ] GC(66)   Merge Heap Roots: 0.14ms
[2025-12-28T19:33:40.861+0100][info][gc,phases      ] GC(66)   Evacuate Collection Set: 0.19ms
[2025-12-28T19:33:40.861+0100][info][gc,phases      ] GC(66)   Post Evacuate Collection Set: 0.66ms
[2025-12-28T19:33:40.861+0100][info][gc,phases      ] GC(66)   Other: 0.08ms
[2025-12-28T19:33:40.861+0100][info][gc,heap        ] GC(66) Eden regions: 920->0(920)
[2025-12-28T19:33:40.861+0100][info][gc,heap        ] GC(66) Survivor regions: 1->1(116)
[2025-12-28T19:33:40.861+0100][info][gc,heap        ] GC(66) Old regions: 9->9
[2025-12-28T19:33:40.861+0100][info][gc,heap        ] GC(66) Humongous regions: 0->0
[2025-12-28T19:33:40.861+0100][info][gc,metaspace   ] GC(66) Metaspace: 8295K(8512K)->8295K(8512K) NonClass: 7565K(7680K)->7565K(7680K) Class: 729K(832K)->729K(832K)
[2025-12-28T19:33:40.861+0100][info][gc             ] GC(66) Pause Young (Normal) (G1 Evacuation Pause) 3691M->11M(6144M) 1.361ms
[2025-12-28T19:33:40.861+0100][info][gc,cpu         ] GC(66) User=0.00s Sys=0.00s Real=0.00s
[2025-12-28T19:33:41.688+0100][info][gc,start       ] GC(67) Pause Young (Normal) (G1 Evacuation Pause)
[2025-12-28T19:33:41.688+0100][info][gc,task        ] GC(67) Using 8 workers of 8 for evacuation
[2025-12-28T19:33:41.689+0100][info][gc,phases      ] GC(67)   Pre Evacuate Collection Set: 0.35ms
[2025-12-28T19:33:41.689+0100][info][gc,phases      ] GC(67)   Merge Heap Roots: 0.16ms
[2025-12-28T19:33:41.689+0100][info][gc,phases      ] GC(67)   Evacuate Collection Set: 0.37ms
[2025-12-28T19:33:41.690+0100][info][gc,phases      ] GC(67)   Post Evacuate Collection Set: 0.73ms
[2025-12-28T19:33:41.690+0100][info][gc,phases      ] GC(67)   Other: 0.11ms
[2025-12-28T19:33:41.690+0100][info][gc,heap        ] GC(67) Eden regions: 920->0(920)
[2025-12-28T19:33:41.690+0100][info][gc,heap        ] GC(67) Survivor regions: 1->1(116)
[2025-12-28T19:33:41.690+0100][info][gc,heap        ] GC(67) Old regions: 9->9
[2025-12-28T19:33:41.690+0100][info][gc,heap        ] GC(67) Humongous regions: 0->0
[2025-12-28T19:33:41.690+0100][info][gc,metaspace   ] GC(67) Metaspace: 8295K(8512K)->8295K(8512K) NonClass: 7565K(7680K)->7565K(7680K) Class: 729K(832K)->729K(832K)
[2025-12-28T19:33:41.690+0100][info][gc             ] GC(67) Pause Young (Normal) (G1 Evacuation Pause) 3691M->11M(6144M) 1.937ms
[2025-12-28T19:33:41.690+0100][info][gc,cpu         ] GC(67) User=0.00s Sys=0.01s Real=0.01s
[2025-12-28T19:33:43.369+0100][info][gc,start       ] GC(68) Pause Young (Normal) (G1 Evacuation Pause)
[2025-12-28T19:33:43.370+0100][info][gc,task        ] GC(68) Using 8 workers of 8 for evacuation
[2025-12-28T19:33:43.373+0100][info][gc,phases      ] GC(68)   Pre Evacuate Collection Set: 0.64ms
[2025-12-28T19:33:43.373+0100][info][gc,phases      ] GC(68)   Merge Heap Roots: 0.14ms
[2025-12-28T19:33:43.373+0100][info][gc,phases      ] GC(68)   Evacuate Collection Set: 0.84ms
[2025-12-28T19:33:43.374+0100][info][gc,phases      ] GC(68)   Post Evacuate Collection Set: 1.85ms
[2025-12-28T19:33:43.374+0100][info][gc,phases      ] GC(68)   Other: 0.15ms
[2025-12-28T19:33:43.374+0100][info][gc,heap        ] GC(68) Eden regions: 920->0(920)
[2025-12-28T19:33:43.374+0100][info][gc,heap        ] GC(68) Survivor regions: 1->1(116)
[2025-12-28T19:33:43.374+0100][info][gc,heap        ] GC(68) Old regions: 9->9
[2025-12-28T19:33:43.374+0100][info][gc,heap        ] GC(68) Humongous regions: 0->0
[2025-12-28T19:33:43.374+0100][info][gc,metaspace   ] GC(68) Metaspace: 8296K(8512K)->8296K(8512K) NonClass: 7567K(7680K)->7567K(7680K) Class: 729K(832K)->729K(832K)
[2025-12-28T19:33:43.374+0100][info][gc             ] GC(68) Pause Young (Normal) (G1 Evacuation Pause) 3691M->11M(6144M) 4.278ms
[2025-12-28T19:33:43.374+0100][info][gc,cpu         ] GC(68) User=0.00s Sys=0.01s Real=0.01s
[2025-12-28T19:33:45.583+0100][info][gc,start       ] GC(69) Pause Young (Normal) (G1 Evacuation Pause)
[2025-12-28T19:33:45.583+0100][info][gc,task        ] GC(69) Using 8 workers of 8 for evacuation
[2025-12-28T19:33:45.588+0100][info][gc,phases      ] GC(69)   Pre Evacuate Collection Set: 0.49ms
[2025-12-28T19:33:45.588+0100][info][gc,phases      ] GC(69)   Merge Heap Roots: 0.20ms
[2025-12-28T19:33:45.588+0100][info][gc,phases      ] GC(69)   Evacuate Collection Set: 0.48ms
[2025-12-28T19:33:45.588+0100][info][gc,phases      ] GC(69)   Post Evacuate Collection Set: 3.55ms
[2025-12-28T19:33:45.588+0100][info][gc,phases      ] GC(69)   Other: 0.14ms
[2025-12-28T19:33:45.588+0100][info][gc,heap        ] GC(69) Eden regions: 920->0(920)
[2025-12-28T19:33:45.588+0100][info][gc,heap        ] GC(69) Survivor regions: 1->1(116)
[2025-12-28T19:33:45.588+0100][info][gc,heap        ] GC(69) Old regions: 9->9
[2025-12-28T19:33:45.588+0100][info][gc,heap        ] GC(69) Humongous regions: 0->0
[2025-12-28T19:33:45.588+0100][info][gc,metaspace   ] GC(69) Metaspace: 8300K(8512K)->8300K(8512K) NonClass: 7570K(7680K)->7570K(7680K) Class: 729K(832K)->729K(832K)
[2025-12-28T19:33:45.588+0100][info][gc             ] GC(69) Pause Young (Normal) (G1 Evacuation Pause) 3691M->11M(6144M) 5.095ms
[2025-12-28T19:33:45.588+0100][info][gc,cpu         ] GC(69) User=0.00s Sys=0.01s Real=0.00s
[2025-12-28T19:33:47.715+0100][info][gc,start       ] GC(70) Pause Young (Normal) (G1 Evacuation Pause)
[2025-12-28T19:33:47.715+0100][info][gc,task        ] GC(70) Using 8 workers of 8 for evacuation
[2025-12-28T19:33:47.719+0100][info][gc,phases      ] GC(70)   Pre Evacuate Collection Set: 1.91ms
[2025-12-28T19:33:47.719+0100][info][gc,phases      ] GC(70)   Merge Heap Roots: 0.57ms
[2025-12-28T19:33:47.719+0100][info][gc,phases      ] GC(70)   Evacuate Collection Set: 0.30ms
[2025-12-28T19:33:47.719+0100][info][gc,phases      ] GC(70)   Post Evacuate Collection Set: 0.83ms
[2025-12-28T19:33:47.719+0100][info][gc,phases      ] GC(70)   Other: 0.48ms
[2025-12-28T19:33:47.719+0100][info][gc,heap        ] GC(70) Eden regions: 920->0(920)
[2025-12-28T19:33:47.719+0100][info][gc,heap        ] GC(70) Survivor regions: 1->1(116)
[2025-12-28T19:33:47.719+0100][info][gc,heap        ] GC(70) Old regions: 9->9
[2025-12-28T19:33:47.719+0100][info][gc,heap        ] GC(70) Humongous regions: 0->0
[2025-12-28T19:33:47.719+0100][info][gc,metaspace   ] GC(70) Metaspace: 8300K(8512K)->8300K(8512K) NonClass: 7570K(7680K)->7570K(7680K) Class: 729K(832K)->729K(832K)
[2025-12-28T19:33:47.719+0100][info][gc             ] GC(70) Pause Young (Normal) (G1 Evacuation Pause) 3691M->11M(6144M) 4.338ms
[2025-12-28T19:33:47.719+0100][info][gc,cpu         ] GC(70) User=0.00s Sys=0.01s Real=0.00s
[2025-12-28T19:33:49.197+0100][info][gc,start       ] GC(71) Pause Young (Normal) (G1 Evacuation Pause)
[2025-12-28T19:33:49.198+0100][info][gc,task        ] GC(71) Using 8 workers of 8 for evacuation
[2025-12-28T19:33:49.201+0100][info][gc,phases      ] GC(71)   Pre Evacuate Collection Set: 0.47ms
[2025-12-28T19:33:49.201+0100][info][gc,phases      ] GC(71)   Merge Heap Roots: 0.32ms
[2025-12-28T19:33:49.201+0100][info][gc,phases      ] GC(71)   Evacuate Collection Set: 0.73ms
[2025-12-28T19:33:49.201+0100][info][gc,phases      ] GC(71)   Post Evacuate Collection Set: 1.14ms
[2025-12-28T19:33:49.201+0100][info][gc,phases      ] GC(71)   Other: 0.49ms
[2025-12-28T19:33:49.201+0100][info][gc,heap        ] GC(71) Eden regions: 920->0(920)
[2025-12-28T19:33:49.201+0100][info][gc,heap        ] GC(71) Survivor regions: 1->1(116)
[2025-12-28T19:33:49.201+0100][info][gc,heap        ] GC(71) Old regions: 9->9
[2025-12-28T19:33:49.201+0100][info][gc,heap        ] GC(71) Humongous regions: 0->0
[2025-12-28T19:33:49.201+0100][info][gc,metaspace   ] GC(71) Metaspace: 8300K(8512K)->8300K(8512K) NonClass: 7570K(7680K)->7570K(7680K) Class: 729K(832K)->729K(832K)
[2025-12-28T19:33:49.201+0100][info][gc             ] GC(71) Pause Young (Normal) (G1 Evacuation Pause) 3691M->11M(6144M) 3.486ms
[2025-12-28T19:33:49.201+0100][info][gc,cpu         ] GC(71) User=0.01s Sys=0.01s Real=0.01s
[2025-12-28T19:33:50.631+0100][info][gc,start       ] GC(72) Pause Young (Normal) (G1 Evacuation Pause)
[2025-12-28T19:33:50.632+0100][info][gc,task        ] GC(72) Using 8 workers of 8 for evacuation
[2025-12-28T19:33:50.633+0100][info][gc,phases      ] GC(72)   Pre Evacuate Collection Set: 0.32ms
[2025-12-28T19:33:50.633+0100][info][gc,phases      ] GC(72)   Merge Heap Roots: 0.16ms
[2025-12-28T19:33:50.633+0100][info][gc,phases      ] GC(72)   Evacuate Collection Set: 0.35ms
[2025-12-28T19:33:50.633+0100][info][gc,phases      ] GC(72)   Post Evacuate Collection Set: 0.64ms
[2025-12-28T19:33:50.633+0100][info][gc,phases      ] GC(72)   Other: 0.11ms
[2025-12-28T19:33:50.633+0100][info][gc,heap        ] GC(72) Eden regions: 920->0(920)
[2025-12-28T19:33:50.633+0100][info][gc,heap        ] GC(72) Survivor regions: 1->1(116)
[2025-12-28T19:33:50.633+0100][info][gc,heap        ] GC(72) Old regions: 9->9
[2025-12-28T19:33:50.633+0100][info][gc,heap        ] GC(72) Humongous regions: 0->0
[2025-12-28T19:33:50.633+0100][info][gc,metaspace   ] GC(72) Metaspace: 8300K(8512K)->8300K(8512K) NonClass: 7570K(7680K)->7570K(7680K) Class: 729K(832K)->729K(832K)
[2025-12-28T19:33:50.633+0100][info][gc             ] GC(72) Pause Young (Normal) (G1 Evacuation Pause) 3691M->11M(6144M) 1.805ms
[2025-12-28T19:33:50.633+0100][info][gc,cpu         ] GC(72) User=0.01s Sys=0.00s Real=0.00s
[2025-12-28T19:33:52.064+0100][info][gc,start       ] GC(73) Pause Young (Normal) (G1 Evacuation Pause)
[2025-12-28T19:33:52.065+0100][info][gc,task        ] GC(73) Using 8 workers of 8 for evacuation
[2025-12-28T19:33:52.068+0100][info][gc,phases      ] GC(73)   Pre Evacuate Collection Set: 1.13ms
[2025-12-28T19:33:52.068+0100][info][gc,phases      ] GC(73)   Merge Heap Roots: 0.15ms
[2025-12-28T19:33:52.068+0100][info][gc,phases      ] GC(73)   Evacuate Collection Set: 0.49ms
[2025-12-28T19:33:52.068+0100][info][gc,phases      ] GC(73)   Post Evacuate Collection Set: 1.20ms
[2025-12-28T19:33:52.068+0100][info][gc,phases      ] GC(73)   Other: 0.19ms
[2025-12-28T19:33:52.068+0100][info][gc,heap        ] GC(73) Eden regions: 920->0(920)
[2025-12-28T19:33:52.068+0100][info][gc,heap        ] GC(73) Survivor regions: 1->1(116)
[2025-12-28T19:33:52.068+0100][info][gc,heap        ] GC(73) Old regions: 9->9
[2025-12-28T19:33:52.068+0100][info][gc,heap        ] GC(73) Humongous regions: 0->0
[2025-12-28T19:33:52.068+0100][info][gc,metaspace   ] GC(73) Metaspace: 8301K(8512K)->8301K(8512K) NonClass: 7571K(7680K)->7571K(7680K) Class: 729K(832K)->729K(832K)
[2025-12-28T19:33:52.068+0100][info][gc             ] GC(73) Pause Young (Normal) (G1 Evacuation Pause) 3691M->11M(6144M) 3.545ms
[2025-12-28T19:33:52.068+0100][info][gc,cpu         ] GC(73) User=0.01s Sys=0.00s Real=0.00s
[2025-12-28T19:33:53.475+0100][info][gc,start       ] GC(74) Pause Young (Normal) (G1 Evacuation Pause)
[2025-12-28T19:33:53.475+0100][info][gc,task        ] GC(74) Using 8 workers of 8 for evacuation
[2025-12-28T19:33:53.477+0100][info][gc,phases      ] GC(74)   Pre Evacuate Collection Set: 0.29ms
[2025-12-28T19:33:53.477+0100][info][gc,phases      ] GC(74)   Merge Heap Roots: 0.16ms
[2025-12-28T19:33:53.477+0100][info][gc,phases      ] GC(74)   Evacuate Collection Set: 0.43ms
[2025-12-28T19:33:53.477+0100][info][gc,phases      ] GC(74)   Post Evacuate Collection Set: 0.70ms
[2025-12-28T19:33:53.477+0100][info][gc,phases      ] GC(74)   Other: 0.12ms
[2025-12-28T19:33:53.477+0100][info][gc,heap        ] GC(74) Eden regions: 920->0(920)
[2025-12-28T19:33:53.477+0100][info][gc,heap        ] GC(74) Survivor regions: 1->1(116)
[2025-12-28T19:33:53.477+0100][info][gc,heap        ] GC(74) Old regions: 9->9
[2025-12-28T19:33:53.477+0100][info][gc,heap        ] GC(74) Humongous regions: 0->0
[2025-12-28T19:33:53.477+0100][info][gc,metaspace   ] GC(74) Metaspace: 8301K(8512K)->8301K(8512K) NonClass: 7571K(7680K)->7571K(7680K) Class: 729K(832K)->729K(832K)
[2025-12-28T19:33:53.477+0100][info][gc             ] GC(74) Pause Young (Normal) (G1 Evacuation Pause) 3691M->11M(6144M) 1.886ms
[2025-12-28T19:33:53.477+0100][info][gc,cpu         ] GC(74) User=0.00s Sys=0.00s Real=0.00s
[2025-12-28T19:33:54.932+0100][info][gc,start       ] GC(75) Pause Young (Normal) (G1 Evacuation Pause)
[2025-12-28T19:33:54.932+0100][info][gc,task        ] GC(75) Using 8 workers of 8 for evacuation
[2025-12-28T19:33:54.934+0100][info][gc,phases      ] GC(75)   Pre Evacuate Collection Set: 0.31ms
[2025-12-28T19:33:54.934+0100][info][gc,phases      ] GC(75)   Merge Heap Roots: 0.21ms
[2025-12-28T19:33:54.934+0100][info][gc,phases      ] GC(75)   Evacuate Collection Set: 0.38ms
[2025-12-28T19:33:54.934+0100][info][gc,phases      ] GC(75)   Post Evacuate Collection Set: 0.76ms
[2025-12-28T19:33:54.934+0100][info][gc,phases      ] GC(75)   Other: 0.13ms
[2025-12-28T19:33:54.934+0100][info][gc,heap        ] GC(75) Eden regions: 920->0(920)
[2025-12-28T19:33:54.934+0100][info][gc,heap        ] GC(75) Survivor regions: 1->1(116)
[2025-12-28T19:33:54.934+0100][info][gc,heap        ] GC(75) Old regions: 9->9
[2025-12-28T19:33:54.934+0100][info][gc,heap        ] GC(75) Humongous regions: 0->0
[2025-12-28T19:33:54.934+0100][info][gc,metaspace   ] GC(75) Metaspace: 8301K(8512K)->8301K(8512K) NonClass: 7571K(7680K)->7571K(7680K) Class: 729K(832K)->729K(832K)
[2025-12-28T19:33:54.934+0100][info][gc             ] GC(75) Pause Young (Normal) (G1 Evacuation Pause) 3691M->11M(6144M) 1.995ms
[2025-12-28T19:33:54.934+0100][info][gc,cpu         ] GC(75) User=0.00s Sys=0.01s Real=0.00s
[2025-12-28T19:33:56.396+0100][info][gc,start       ] GC(76) Pause Young (Normal) (G1 Evacuation Pause)
[2025-12-28T19:33:56.396+0100][info][gc,task        ] GC(76) Using 8 workers of 8 for evacuation
[2025-12-28T19:33:56.398+0100][info][gc,phases      ] GC(76)   Pre Evacuate Collection Set: 0.59ms
[2025-12-28T19:33:56.399+0100][info][gc,phases      ] GC(76)   Merge Heap Roots: 0.28ms
[2025-12-28T19:33:56.399+0100][info][gc,phases      ] GC(76)   Evacuate Collection Set: 0.51ms
[2025-12-28T19:33:56.399+0100][info][gc,phases      ] GC(76)   Post Evacuate Collection Set: 0.86ms
[2025-12-28T19:33:56.399+0100][info][gc,phases      ] GC(76)   Other: 0.17ms
[2025-12-28T19:33:56.399+0100][info][gc,heap        ] GC(76) Eden regions: 920->0(920)
[2025-12-28T19:33:56.399+0100][info][gc,heap        ] GC(76) Survivor regions: 1->1(116)
[2025-12-28T19:33:56.399+0100][info][gc,heap        ] GC(76) Old regions: 9->9
[2025-12-28T19:33:56.399+0100][info][gc,heap        ] GC(76) Humongous regions: 0->0
[2025-12-28T19:33:56.399+0100][info][gc,metaspace   ] GC(76) Metaspace: 8301K(8512K)->8301K(8512K) NonClass: 7571K(7680K)->7571K(7680K) Class: 729K(832K)->729K(832K)
[2025-12-28T19:33:56.399+0100][info][gc             ] GC(76) Pause Young (Normal) (G1 Evacuation Pause) 3691M->11M(6144M) 2.654ms
[2025-12-28T19:33:56.399+0100][info][gc,cpu         ] GC(76) User=0.00s Sys=0.01s Real=0.00s
[2025-12-28T19:33:57.987+0100][info][gc,start       ] GC(77) Pause Young (Normal) (G1 Evacuation Pause)
[2025-12-28T19:33:57.987+0100][info][gc,task        ] GC(77) Using 8 workers of 8 for evacuation
[2025-12-28T19:33:57.990+0100][info][gc,phases      ] GC(77)   Pre Evacuate Collection Set: 0.29ms
[2025-12-28T19:33:57.990+0100][info][gc,phases      ] GC(77)   Merge Heap Roots: 0.50ms
[2025-12-28T19:33:57.990+0100][info][gc,phases      ] GC(77)   Evacuate Collection Set: 0.57ms
[2025-12-28T19:33:57.990+0100][info][gc,phases      ] GC(77)   Post Evacuate Collection Set: 1.09ms
[2025-12-28T19:33:57.990+0100][info][gc,phases      ] GC(77)   Other: 0.55ms
[2025-12-28T19:33:57.990+0100][info][gc,heap        ] GC(77) Eden regions: 920->0(920)
[2025-12-28T19:33:57.990+0100][info][gc,heap        ] GC(77) Survivor regions: 1->1(116)
[2025-12-28T19:33:57.990+0100][info][gc,heap        ] GC(77) Old regions: 9->9
[2025-12-28T19:33:57.990+0100][info][gc,heap        ] GC(77) Humongous regions: 0->0
[2025-12-28T19:33:57.990+0100][info][gc,metaspace   ] GC(77) Metaspace: 8301K(8512K)->8301K(8512K) NonClass: 7571K(7680K)->7571K(7680K) Class: 729K(832K)->729K(832K)
[2025-12-28T19:33:57.990+0100][info][gc             ] GC(77) Pause Young (Normal) (G1 Evacuation Pause) 3691M->11M(6144M) 3.747ms
[2025-12-28T19:33:57.990+0100][info][gc,cpu         ] GC(77) User=0.00s Sys=0.00s Real=0.01s
[2025-12-28T19:33:59.810+0100][info][gc,start       ] GC(78) Pause Young (Normal) (G1 Evacuation Pause)
[2025-12-28T19:33:59.810+0100][info][gc,task        ] GC(78) Using 8 workers of 8 for evacuation
[2025-12-28T19:33:59.813+0100][info][gc,phases      ] GC(78)   Pre Evacuate Collection Set: 0.45ms
[2025-12-28T19:33:59.813+0100][info][gc,phases      ] GC(78)   Merge Heap Roots: 0.24ms
[2025-12-28T19:33:59.813+0100][info][gc,phases      ] GC(78)   Evacuate Collection Set: 0.81ms
[2025-12-28T19:33:59.813+0100][info][gc,phases      ] GC(78)   Post Evacuate Collection Set: 1.47ms
[2025-12-28T19:33:59.813+0100][info][gc,phases      ] GC(78)   Other: 0.20ms
[2025-12-28T19:33:59.813+0100][info][gc,heap        ] GC(78) Eden regions: 920->0(920)
[2025-12-28T19:33:59.813+0100][info][gc,heap        ] GC(78) Survivor regions: 1->1(116)
[2025-12-28T19:33:59.813+0100][info][gc,heap        ] GC(78) Old regions: 9->9
[2025-12-28T19:33:59.813+0100][info][gc,heap        ] GC(78) Humongous regions: 0->0
[2025-12-28T19:33:59.813+0100][info][gc,metaspace   ] GC(78) Metaspace: 8301K(8512K)->8301K(8512K) NonClass: 7571K(7680K)->7571K(7680K) Class: 729K(832K)->729K(832K)
[2025-12-28T19:33:59.813+0100][info][gc             ] GC(78) Pause Young (Normal) (G1 Evacuation Pause) 3691M->11M(6144M) 3.400ms
[2025-12-28T19:33:59.813+0100][info][gc,cpu         ] GC(78) User=0.00s Sys=0.00s Real=0.00s
[2025-12-28T19:34:01.625+0100][info][gc,start       ] GC(79) Pause Young (Normal) (G1 Evacuation Pause)
[2025-12-28T19:34:01.625+0100][info][gc,task        ] GC(79) Using 8 workers of 8 for evacuation
[2025-12-28T19:34:01.627+0100][info][gc,phases      ] GC(79)   Pre Evacuate Collection Set: 0.34ms
[2025-12-28T19:34:01.627+0100][info][gc,phases      ] GC(79)   Merge Heap Roots: 0.17ms
[2025-12-28T19:34:01.627+0100][info][gc,phases      ] GC(79)   Evacuate Collection Set: 0.46ms
[2025-12-28T19:34:01.627+0100][info][gc,phases      ] GC(79)   Post Evacuate Collection Set: 0.76ms
[2025-12-28T19:34:01.627+0100][info][gc,phases      ] GC(79)   Other: 0.13ms
[2025-12-28T19:34:01.627+0100][info][gc,heap        ] GC(79) Eden regions: 920->0(920)
[2025-12-28T19:34:01.627+0100][info][gc,heap        ] GC(79) Survivor regions: 1->1(116)
[2025-12-28T19:34:01.627+0100][info][gc,heap        ] GC(79) Old regions: 9->9
[2025-12-28T19:34:01.627+0100][info][gc,heap        ] GC(79) Humongous regions: 0->0
[2025-12-28T19:34:01.627+0100][info][gc,metaspace   ] GC(79) Metaspace: 8301K(8512K)->8301K(8512K) NonClass: 7571K(7680K)->7571K(7680K) Class: 729K(832K)->729K(832K)
[2025-12-28T19:34:01.627+0100][info][gc             ] GC(79) Pause Young (Normal) (G1 Evacuation Pause) 3691M->11M(6144M) 2.057ms
[2025-12-28T19:34:01.627+0100][info][gc,cpu         ] GC(79) User=0.00s Sys=0.00s Real=0.00s
[2025-12-28T19:34:03.088+0100][info][gc,start       ] GC(80) Pause Young (Normal) (G1 Evacuation Pause)
[2025-12-28T19:34:03.088+0100][info][gc,task        ] GC(80) Using 8 workers of 8 for evacuation
[2025-12-28T19:34:03.094+0100][info][gc,phases      ] GC(80)   Pre Evacuate Collection Set: 1.19ms
[2025-12-28T19:34:03.095+0100][info][gc,phases      ] GC(80)   Merge Heap Roots: 0.77ms
[2025-12-28T19:34:03.095+0100][info][gc,phases      ] GC(80)   Evacuate Collection Set: 2.02ms
[2025-12-28T19:34:03.095+0100][info][gc,phases      ] GC(80)   Post Evacuate Collection Set: 1.30ms
[2025-12-28T19:34:03.095+0100][info][gc,phases      ] GC(80)   Other: 0.63ms
[2025-12-28T19:34:03.095+0100][info][gc,heap        ] GC(80) Eden regions: 920->0(920)
[2025-12-28T19:34:03.095+0100][info][gc,heap        ] GC(80) Survivor regions: 1->1(116)
[2025-12-28T19:34:03.095+0100][info][gc,heap        ] GC(80) Old regions: 9->9
[2025-12-28T19:34:03.095+0100][info][gc,heap        ] GC(80) Humongous regions: 0->0
[2025-12-28T19:34:03.095+0100][info][gc,metaspace   ] GC(80) Metaspace: 8301K(8512K)->8301K(8512K) NonClass: 7571K(7680K)->7571K(7680K) Class: 729K(832K)->729K(832K)
[2025-12-28T19:34:03.095+0100][info][gc             ] GC(80) Pause Young (Normal) (G1 Evacuation Pause) 3691M->11M(6144M) 6.781ms
[2025-12-28T19:34:03.095+0100][info][gc,cpu         ] GC(80) User=0.01s Sys=0.01s Real=0.01s
[2025-12-28T19:34:03.503+0100][info][gc,start       ] GC(81) Pause Full (System.gc())
[2025-12-28T19:34:03.503+0100][info][gc,task        ] GC(81) Using 8 workers of 8 for full compaction
[2025-12-28T19:34:03.504+0100][info][gc,phases,start] GC(81) Phase 1: Mark live objects
[2025-12-28T19:34:03.515+0100][info][gc,phases      ] GC(81) Phase 1: Mark live objects 10.596ms
[2025-12-28T19:34:03.515+0100][info][gc,phases,start] GC(81) Phase 2: Prepare compaction
[2025-12-28T19:34:03.523+0100][info][gc,phases      ] GC(81) Phase 2: Prepare compaction 7.806ms
[2025-12-28T19:34:03.523+0100][info][gc,phases,start] GC(81) Phase 3: Adjust pointers
[2025-12-28T19:34:03.525+0100][info][gc,phases      ] GC(81) Phase 3: Adjust pointers 2.598ms
[2025-12-28T19:34:03.525+0100][info][gc,phases,start] GC(81) Phase 4: Compact heap
[2025-12-28T19:34:03.528+0100][info][gc,phases      ] GC(81) Phase 4: Compact heap 2.644ms
[2025-12-28T19:34:03.528+0100][info][gc,phases,start] GC(81) Phase 5: Reset Metadata
[2025-12-28T19:34:03.532+0100][info][gc,phases      ] GC(81) Phase 5: Reset Metadata 4.084ms
[2025-12-28T19:34:03.554+0100][info][gc,heap        ] GC(81) Eden regions: 508->0(921)
[2025-12-28T19:34:03.554+0100][info][gc,heap        ] GC(81) Survivor regions: 1->0(116)
[2025-12-28T19:34:03.554+0100][info][gc,heap        ] GC(81) Old regions: 9->8
[2025-12-28T19:34:03.554+0100][info][gc,heap        ] GC(81) Humongous regions: 0->0
[2025-12-28T19:34:03.554+0100][info][gc,metaspace   ] GC(81) Metaspace: 8306K(8512K)->8306K(8512K) NonClass: 7576K(7680K)->7576K(7680K) Class: 730K(832K)->730K(832K)
[2025-12-28T19:34:03.555+0100][info][gc             ] GC(81) Pause Full (System.gc()) 2042M->10M(6144M) 51.118ms
[2025-12-28T19:34:03.555+0100][info][gc,cpu         ] GC(81) User=0.04s Sys=0.08s Real=0.05s
[2025-12-28T19:34:03.555+0100][info][gc,start       ] GC(82) Pause Full (System.gc())
[2025-12-28T19:34:03.555+0100][info][gc,task        ] GC(82) Using 8 workers of 8 for full compaction
[2025-12-28T19:34:03.555+0100][info][gc,phases,start] GC(82) Phase 1: Mark live objects
[2025-12-28T19:34:03.557+0100][info][gc,phases      ] GC(82) Phase 1: Mark live objects 2.586ms
[2025-12-28T19:34:03.557+0100][info][gc,phases,start] GC(82) Phase 2: Prepare compaction
[2025-12-28T19:34:03.558+0100][info][gc,phases      ] GC(82) Phase 2: Prepare compaction 0.515ms
[2025-12-28T19:34:03.558+0100][info][gc,phases,start] GC(82) Phase 3: Adjust pointers
[2025-12-28T19:34:03.559+0100][info][gc,phases      ] GC(82) Phase 3: Adjust pointers 1.305ms
[2025-12-28T19:34:03.559+0100][info][gc,phases,start] GC(82) Phase 4: Compact heap
[2025-12-28T19:34:03.560+0100][info][gc,phases      ] GC(82) Phase 4: Compact heap 0.399ms
[2025-12-28T19:34:03.560+0100][info][gc,phases,start] GC(82) Phase 5: Reset Metadata
[2025-12-28T19:34:03.560+0100][info][gc,phases      ] GC(82) Phase 5: Reset Metadata 0.349ms
[2025-12-28T19:34:03.564+0100][info][gc,heap        ] GC(82) Eden regions: 1->0(921)
[2025-12-28T19:34:03.564+0100][info][gc,heap        ] GC(82) Survivor regions: 0->0(116)
[2025-12-28T19:34:03.564+0100][info][gc,heap        ] GC(82) Old regions: 8->8
[2025-12-28T19:34:03.564+0100][info][gc,heap        ] GC(82) Humongous regions: 0->0
[2025-12-28T19:34:03.564+0100][info][gc,metaspace   ] GC(82) Metaspace: 8306K(8512K)->8306K(8512K) NonClass: 7576K(7680K)->7576K(7680K) Class: 730K(832K)->730K(832K)
[2025-12-28T19:34:03.564+0100][info][gc             ] GC(82) Pause Full (System.gc()) 11M->10M(6144M) 9.631ms
[2025-12-28T19:34:03.564+0100][info][gc,cpu         ] GC(82) User=0.03s Sys=0.01s Real=0.01s
[2025-12-28T19:34:05.232+0100][info][gc,start       ] GC(83) Pause Young (Normal) (G1 Evacuation Pause)
[2025-12-28T19:34:05.232+0100][info][gc,task        ] GC(83) Using 8 workers of 8 for evacuation
[2025-12-28T19:34:05.235+0100][info][gc,phases      ] GC(83)   Pre Evacuate Collection Set: 0.47ms
[2025-12-28T19:34:05.235+0100][info][gc,phases      ] GC(83)   Merge Heap Roots: 0.17ms
[2025-12-28T19:34:05.235+0100][info][gc,phases      ] GC(83)   Evacuate Collection Set: 0.73ms
[2025-12-28T19:34:05.235+0100][info][gc,phases      ] GC(83)   Post Evacuate Collection Set: 1.10ms
[2025-12-28T19:34:05.235+0100][info][gc,phases      ] GC(83)   Other: 0.26ms
[2025-12-28T19:34:05.235+0100][info][gc,heap        ] GC(83) Eden regions: 921->0(920)
[2025-12-28T19:34:05.235+0100][info][gc,heap        ] GC(83) Survivor regions: 0->1(116)
[2025-12-28T19:34:05.235+0100][info][gc,heap        ] GC(83) Old regions: 8->8
[2025-12-28T19:34:05.235+0100][info][gc,heap        ] GC(83) Humongous regions: 0->0
[2025-12-28T19:34:05.235+0100][info][gc,metaspace   ] GC(83) Metaspace: 8310K(8512K)->8310K(8512K) NonClass: 7580K(7680K)->7580K(7680K) Class: 730K(832K)->730K(832K)
[2025-12-28T19:34:05.235+0100][info][gc             ] GC(83) Pause Young (Normal) (G1 Evacuation Pause) 3694M->11M(6144M) 2.930ms
[2025-12-28T19:34:05.235+0100][info][gc,cpu         ] GC(83) User=0.00s Sys=0.00s Real=0.00s
[2025-12-28T19:34:06.825+0100][info][gc,start       ] GC(84) Pause Young (Normal) (G1 Evacuation Pause)
[2025-12-28T19:34:06.826+0100][info][gc,task        ] GC(84) Using 8 workers of 8 for evacuation
[2025-12-28T19:34:06.832+0100][info][gc,phases      ] GC(84)   Pre Evacuate Collection Set: 0.72ms
[2025-12-28T19:34:06.832+0100][info][gc,phases      ] GC(84)   Merge Heap Roots: 0.51ms
[2025-12-28T19:34:06.832+0100][info][gc,phases      ] GC(84)   Evacuate Collection Set: 2.01ms
[2025-12-28T19:34:06.832+0100][info][gc,phases      ] GC(84)   Post Evacuate Collection Set: 2.44ms
[2025-12-28T19:34:06.832+0100][info][gc,phases      ] GC(84)   Other: 0.20ms
[2025-12-28T19:34:06.832+0100][info][gc,heap        ] GC(84) Eden regions: 920->0(920)
[2025-12-28T19:34:06.832+0100][info][gc,heap        ] GC(84) Survivor regions: 1->1(116)
[2025-12-28T19:34:06.832+0100][info][gc,heap        ] GC(84) Old regions: 8->8
[2025-12-28T19:34:06.832+0100][info][gc,heap        ] GC(84) Humongous regions: 0->0
[2025-12-28T19:34:06.832+0100][info][gc,metaspace   ] GC(84) Metaspace: 8310K(8512K)->8310K(8512K) NonClass: 7580K(7680K)->7580K(7680K) Class: 730K(832K)->730K(832K)
[2025-12-28T19:34:06.832+0100][info][gc             ] GC(84) Pause Young (Normal) (G1 Evacuation Pause) 3691M->11M(6144M) 6.314ms
[2025-12-28T19:34:06.832+0100][info][gc,cpu         ] GC(84) User=0.01s Sys=0.01s Real=0.01s
[2025-12-28T19:34:08.899+0100][info][gc,start       ] GC(85) Pause Young (Normal) (G1 Evacuation Pause)
[2025-12-28T19:34:08.900+0100][info][gc,task        ] GC(85) Using 8 workers of 8 for evacuation
[2025-12-28T19:34:08.901+0100][info][gc,phases      ] GC(85)   Pre Evacuate Collection Set: 0.29ms
[2025-12-28T19:34:08.901+0100][info][gc,phases      ] GC(85)   Merge Heap Roots: 0.16ms
[2025-12-28T19:34:08.901+0100][info][gc,phases      ] GC(85)   Evacuate Collection Set: 0.40ms
[2025-12-28T19:34:08.901+0100][info][gc,phases      ] GC(85)   Post Evacuate Collection Set: 0.68ms
[2025-12-28T19:34:08.901+0100][info][gc,phases      ] GC(85)   Other: 0.15ms
[2025-12-28T19:34:08.901+0100][info][gc,heap        ] GC(85) Eden regions: 920->0(920)
[2025-12-28T19:34:08.901+0100][info][gc,heap        ] GC(85) Survivor regions: 1->1(116)
[2025-12-28T19:34:08.901+0100][info][gc,heap        ] GC(85) Old regions: 8->8
[2025-12-28T19:34:08.901+0100][info][gc,heap        ] GC(85) Humongous regions: 0->0
[2025-12-28T19:34:08.901+0100][info][gc,metaspace   ] GC(85) Metaspace: 8310K(8512K)->8310K(8512K) NonClass: 7580K(7680K)->7580K(7680K) Class: 730K(832K)->730K(832K)
[2025-12-28T19:34:08.901+0100][info][gc             ] GC(85) Pause Young (Normal) (G1 Evacuation Pause) 3691M->11M(6144M) 2.709ms
[2025-12-28T19:34:08.901+0100][info][gc,cpu         ] GC(85) User=0.01s Sys=0.00s Real=0.01s
[2025-12-28T19:34:09.558+0100][info][gc,start       ] GC(86) Pause Young (Normal) (G1 Evacuation Pause)
[2025-12-28T19:34:09.558+0100][info][gc,task        ] GC(86) Using 8 workers of 8 for evacuation
[2025-12-28T19:34:09.559+0100][info][gc,phases      ] GC(86)   Pre Evacuate Collection Set: 0.19ms
[2025-12-28T19:34:09.559+0100][info][gc,phases      ] GC(86)   Merge Heap Roots: 0.09ms
[2025-12-28T19:34:09.559+0100][info][gc,phases      ] GC(86)   Evacuate Collection Set: 0.30ms
[2025-12-28T19:34:09.559+0100][info][gc,phases      ] GC(86)   Post Evacuate Collection Set: 0.76ms
[2025-12-28T19:34:09.559+0100][info][gc,phases      ] GC(86)   Other: 0.11ms
[2025-12-28T19:34:09.559+0100][info][gc,heap        ] GC(86) Eden regions: 920->0(920)
[2025-12-28T19:34:09.559+0100][info][gc,heap        ] GC(86) Survivor regions: 1->1(116)
[2025-12-28T19:34:09.559+0100][info][gc,heap        ] GC(86) Old regions: 8->8
[2025-12-28T19:34:09.559+0100][info][gc,heap        ] GC(86) Humongous regions: 0->0
[2025-12-28T19:34:09.559+0100][info][gc,metaspace   ] GC(86) Metaspace: 8310K(8512K)->8310K(8512K) NonClass: 7580K(7680K)->7580K(7680K) Class: 730K(832K)->730K(832K)
[2025-12-28T19:34:09.559+0100][info][gc             ] GC(86) Pause Young (Normal) (G1 Evacuation Pause) 3691M->11M(6144M) 1.675ms
[2025-12-28T19:34:09.559+0100][info][gc,cpu         ] GC(86) User=0.00s Sys=0.00s Real=0.00s
[2025-12-28T19:34:09.802+0100][info][gc,start       ] GC(87) Pause Young (Normal) (G1 Evacuation Pause)
[2025-12-28T19:34:09.802+0100][info][gc,task        ] GC(87) Using 8 workers of 8 for evacuation
[2025-12-28T19:34:09.803+0100][info][gc,phases      ] GC(87)   Pre Evacuate Collection Set: 0.11ms
[2025-12-28T19:34:09.803+0100][info][gc,phases      ] GC(87)   Merge Heap Roots: 0.08ms
[2025-12-28T19:34:09.803+0100][info][gc,phases      ] GC(87)   Evacuate Collection Set: 0.17ms
[2025-12-28T19:34:09.803+0100][info][gc,phases      ] GC(87)   Post Evacuate Collection Set: 0.55ms
[2025-12-28T19:34:09.803+0100][info][gc,phases      ] GC(87)   Other: 0.07ms
[2025-12-28T19:34:09.803+0100][info][gc,heap        ] GC(87) Eden regions: 920->0(920)
[2025-12-28T19:34:09.803+0100][info][gc,heap        ] GC(87) Survivor regions: 1->1(116)
[2025-12-28T19:34:09.803+0100][info][gc,heap        ] GC(87) Old regions: 8->8
[2025-12-28T19:34:09.803+0100][info][gc,heap        ] GC(87) Humongous regions: 0->0
[2025-12-28T19:34:09.803+0100][info][gc,metaspace   ] GC(87) Metaspace: 8310K(8512K)->8310K(8512K) NonClass: 7580K(7680K)->7580K(7680K) Class: 730K(832K)->730K(832K)
[2025-12-28T19:34:09.803+0100][info][gc             ] GC(87) Pause Young (Normal) (G1 Evacuation Pause) 3691M->11M(6144M) 1.118ms
[2025-12-28T19:34:09.803+0100][info][gc,cpu         ] GC(87) User=0.00s Sys=0.00s Real=0.00s
[2025-12-28T19:34:10.083+0100][info][gc,start       ] GC(88) Pause Young (Normal) (G1 Evacuation Pause)
[2025-12-28T19:34:10.083+0100][info][gc,task        ] GC(88) Using 8 workers of 8 for evacuation
[2025-12-28T19:34:10.084+0100][info][gc,phases      ] GC(88)   Pre Evacuate Collection Set: 0.13ms
[2025-12-28T19:34:10.084+0100][info][gc,phases      ] GC(88)   Merge Heap Roots: 0.10ms
[2025-12-28T19:34:10.084+0100][info][gc,phases      ] GC(88)   Evacuate Collection Set: 0.17ms
[2025-12-28T19:34:10.084+0100][info][gc,phases      ] GC(88)   Post Evacuate Collection Set: 0.56ms
[2025-12-28T19:34:10.084+0100][info][gc,phases      ] GC(88)   Other: 0.08ms
[2025-12-28T19:34:10.084+0100][info][gc,heap        ] GC(88) Eden regions: 920->0(920)
[2025-12-28T19:34:10.084+0100][info][gc,heap        ] GC(88) Survivor regions: 1->1(116)
[2025-12-28T19:34:10.084+0100][info][gc,heap        ] GC(88) Old regions: 8->8
[2025-12-28T19:34:10.084+0100][info][gc,heap        ] GC(88) Humongous regions: 0->0
[2025-12-28T19:34:10.084+0100][info][gc,metaspace   ] GC(88) Metaspace: 8310K(8512K)->8310K(8512K) NonClass: 7580K(7680K)->7580K(7680K) Class: 730K(832K)->730K(832K)
[2025-12-28T19:34:10.084+0100][info][gc             ] GC(88) Pause Young (Normal) (G1 Evacuation Pause) 3691M->11M(6144M) 1.196ms
[2025-12-28T19:34:10.084+0100][info][gc,cpu         ] GC(88) User=0.00s Sys=0.00s Real=0.00s
[2025-12-28T19:34:10.274+0100][info][gc,start       ] GC(89) Pause Young (Normal) (G1 Evacuation Pause)
[2025-12-28T19:34:10.274+0100][info][gc,task        ] GC(89) Using 8 workers of 8 for evacuation
[2025-12-28T19:34:10.275+0100][info][gc,phases      ] GC(89)   Pre Evacuate Collection Set: 0.12ms
[2025-12-28T19:34:10.275+0100][info][gc,phases      ] GC(89)   Merge Heap Roots: 0.11ms
[2025-12-28T19:34:10.275+0100][info][gc,phases      ] GC(89)   Evacuate Collection Set: 0.15ms
[2025-12-28T19:34:10.275+0100][info][gc,phases      ] GC(89)   Post Evacuate Collection Set: 0.55ms
[2025-12-28T19:34:10.275+0100][info][gc,phases      ] GC(89)   Other: 0.08ms
[2025-12-28T19:34:10.275+0100][info][gc,heap        ] GC(89) Eden regions: 920->0(920)
[2025-12-28T19:34:10.275+0100][info][gc,heap        ] GC(89) Survivor regions: 1->1(116)
[2025-12-28T19:34:10.275+0100][info][gc,heap        ] GC(89) Old regions: 8->8
[2025-12-28T19:34:10.275+0100][info][gc,heap        ] GC(89) Humongous regions: 0->0
[2025-12-28T19:34:10.275+0100][info][gc,metaspace   ] GC(89) Metaspace: 8310K(8512K)->8310K(8512K) NonClass: 7580K(7680K)->7580K(7680K) Class: 730K(832K)->730K(832K)
[2025-12-28T19:34:10.275+0100][info][gc             ] GC(89) Pause Young (Normal) (G1 Evacuation Pause) 3691M->11M(6144M) 1.170ms
[2025-12-28T19:34:10.275+0100][info][gc,cpu         ] GC(89) User=0.00s Sys=0.00s Real=0.00s
[2025-12-28T19:34:10.445+0100][info][gc,start       ] GC(90) Pause Young (Normal) (G1 Evacuation Pause)
[2025-12-28T19:34:10.445+0100][info][gc,task        ] GC(90) Using 8 workers of 8 for evacuation
[2025-12-28T19:34:10.447+0100][info][gc,phases      ] GC(90)   Pre Evacuate Collection Set: 0.15ms
[2025-12-28T19:34:10.447+0100][info][gc,phases      ] GC(90)   Merge Heap Roots: 0.15ms
[2025-12-28T19:34:10.447+0100][info][gc,phases      ] GC(90)   Evacuate Collection Set: 0.17ms
[2025-12-28T19:34:10.447+0100][info][gc,phases      ] GC(90)   Post Evacuate Collection Set: 0.66ms
[2025-12-28T19:34:10.447+0100][info][gc,phases      ] GC(90)   Other: 0.08ms
[2025-12-28T19:34:10.447+0100][info][gc,heap        ] GC(90) Eden regions: 920->0(920)
[2025-12-28T19:34:10.447+0100][info][gc,heap        ] GC(90) Survivor regions: 1->1(116)
[2025-12-28T19:34:10.447+0100][info][gc,heap        ] GC(90) Old regions: 8->8
[2025-12-28T19:34:10.447+0100][info][gc,heap        ] GC(90) Humongous regions: 0->0
[2025-12-28T19:34:10.447+0100][info][gc,metaspace   ] GC(90) Metaspace: 8310K(8512K)->8310K(8512K) NonClass: 7580K(7680K)->7580K(7680K) Class: 730K(832K)->730K(832K)
[2025-12-28T19:34:10.447+0100][info][gc             ] GC(90) Pause Young (Normal) (G1 Evacuation Pause) 3691M->11M(6144M) 1.408ms
[2025-12-28T19:34:10.447+0100][info][gc,cpu         ] GC(90) User=0.01s Sys=0.00s Real=0.00s
[2025-12-28T19:34:10.623+0100][info][gc,start       ] GC(91) Pause Young (Normal) (G1 Evacuation Pause)
[2025-12-28T19:34:10.623+0100][info][gc,task        ] GC(91) Using 8 workers of 8 for evacuation
[2025-12-28T19:34:10.624+0100][info][gc,phases      ] GC(91)   Pre Evacuate Collection Set: 0.08ms
[2025-12-28T19:34:10.624+0100][info][gc,phases      ] GC(91)   Merge Heap Roots: 0.10ms
[2025-12-28T19:34:10.624+0100][info][gc,phases      ] GC(91)   Evacuate Collection Set: 0.16ms
[2025-12-28T19:34:10.624+0100][info][gc,phases      ] GC(91)   Post Evacuate Collection Set: 0.55ms
[2025-12-28T19:34:10.624+0100][info][gc,phases      ] GC(91)   Other: 0.07ms
[2025-12-28T19:34:10.624+0100][info][gc,heap        ] GC(91) Eden regions: 920->0(920)
[2025-12-28T19:34:10.624+0100][info][gc,heap        ] GC(91) Survivor regions: 1->1(116)
[2025-12-28T19:34:10.624+0100][info][gc,heap        ] GC(91) Old regions: 8->8
[2025-12-28T19:34:10.624+0100][info][gc,heap        ] GC(91) Humongous regions: 0->0
[2025-12-28T19:34:10.624+0100][info][gc,metaspace   ] GC(91) Metaspace: 8310K(8512K)->8310K(8512K) NonClass: 7580K(7680K)->7580K(7680K) Class: 730K(832K)->730K(832K)
[2025-12-28T19:34:10.624+0100][info][gc             ] GC(91) Pause Young (Normal) (G1 Evacuation Pause) 3691M->11M(6144M) 1.117ms
[2025-12-28T19:34:10.624+0100][info][gc,cpu         ] GC(91) User=0.00s Sys=0.00s Real=0.00s
[2025-12-28T19:34:10.805+0100][info][gc,start       ] GC(92) Pause Young (Normal) (G1 Evacuation Pause)
[2025-12-28T19:34:10.805+0100][info][gc,task        ] GC(92) Using 8 workers of 8 for evacuation
[2025-12-28T19:34:10.806+0100][info][gc,phases      ] GC(92)   Pre Evacuate Collection Set: 0.11ms
[2025-12-28T19:34:10.806+0100][info][gc,phases      ] GC(92)   Merge Heap Roots: 0.10ms
[2025-12-28T19:34:10.806+0100][info][gc,phases      ] GC(92)   Evacuate Collection Set: 0.17ms
[2025-12-28T19:34:10.806+0100][info][gc,phases      ] GC(92)   Post Evacuate Collection Set: 0.53ms
[2025-12-28T19:34:10.806+0100][info][gc,phases      ] GC(92)   Other: 0.09ms
[2025-12-28T19:34:10.806+0100][info][gc,heap        ] GC(92) Eden regions: 920->0(920)
[2025-12-28T19:34:10.806+0100][info][gc,heap        ] GC(92) Survivor regions: 1->1(116)
[2025-12-28T19:34:10.806+0100][info][gc,heap        ] GC(92) Old regions: 8->8
[2025-12-28T19:34:10.806+0100][info][gc,heap        ] GC(92) Humongous regions: 0->0
[2025-12-28T19:34:10.806+0100][info][gc,metaspace   ] GC(92) Metaspace: 8310K(8512K)->8310K(8512K) NonClass: 7580K(7680K)->7580K(7680K) Class: 730K(832K)->730K(832K)
[2025-12-28T19:34:10.806+0100][info][gc             ] GC(92) Pause Young (Normal) (G1 Evacuation Pause) 3691M->11M(6144M) 1.151ms
[2025-12-28T19:34:10.806+0100][info][gc,cpu         ] GC(92) User=0.00s Sys=0.00s Real=0.00s
[2025-12-28T19:34:11.016+0100][info][gc,start       ] GC(93) Pause Young (Normal) (G1 Evacuation Pause)
[2025-12-28T19:34:11.016+0100][info][gc,task        ] GC(93) Using 8 workers of 8 for evacuation
[2025-12-28T19:34:11.017+0100][info][gc,phases      ] GC(93)   Pre Evacuate Collection Set: 0.12ms
[2025-12-28T19:34:11.017+0100][info][gc,phases      ] GC(93)   Merge Heap Roots: 0.10ms
[2025-12-28T19:34:11.017+0100][info][gc,phases      ] GC(93)   Evacuate Collection Set: 0.18ms
[2025-12-28T19:34:11.017+0100][info][gc,phases      ] GC(93)   Post Evacuate Collection Set: 0.53ms
[2025-12-28T19:34:11.017+0100][info][gc,phases      ] GC(93)   Other: 0.07ms
[2025-12-28T19:34:11.017+0100][info][gc,heap        ] GC(93) Eden regions: 920->0(920)
[2025-12-28T19:34:11.017+0100][info][gc,heap        ] GC(93) Survivor regions: 1->1(116)
[2025-12-28T19:34:11.017+0100][info][gc,heap        ] GC(93) Old regions: 8->8
[2025-12-28T19:34:11.017+0100][info][gc,heap        ] GC(93) Humongous regions: 0->0
[2025-12-28T19:34:11.017+0100][info][gc,metaspace   ] GC(93) Metaspace: 8310K(8512K)->8310K(8512K) NonClass: 7580K(7680K)->7580K(7680K) Class: 730K(832K)->730K(832K)
[2025-12-28T19:34:11.017+0100][info][gc             ] GC(93) Pause Young (Normal) (G1 Evacuation Pause) 3691M->11M(6144M) 1.147ms
[2025-12-28T19:34:11.017+0100][info][gc,cpu         ] GC(93) User=0.00s Sys=0.00s Real=0.00s
[2025-12-28T19:34:11.196+0100][info][gc,start       ] GC(94) Pause Young (Normal) (G1 Evacuation Pause)
[2025-12-28T19:34:11.196+0100][info][gc,task        ] GC(94) Using 8 workers of 8 for evacuation
[2025-12-28T19:34:11.197+0100][info][gc,phases      ] GC(94)   Pre Evacuate Collection Set: 0.15ms
[2025-12-28T19:34:11.197+0100][info][gc,phases      ] GC(94)   Merge Heap Roots: 0.13ms
[2025-12-28T19:34:11.197+0100][info][gc,phases      ] GC(94)   Evacuate Collection Set: 0.12ms
[2025-12-28T19:34:11.197+0100][info][gc,phases      ] GC(94)   Post Evacuate Collection Set: 0.49ms
[2025-12-28T19:34:11.197+0100][info][gc,phases      ] GC(94)   Other: 0.08ms
[2025-12-28T19:34:11.197+0100][info][gc,heap        ] GC(94) Eden regions: 920->0(920)
[2025-12-28T19:34:11.197+0100][info][gc,heap        ] GC(94) Survivor regions: 1->1(116)
[2025-12-28T19:34:11.197+0100][info][gc,heap        ] GC(94) Old regions: 8->8
[2025-12-28T19:34:11.197+0100][info][gc,heap        ] GC(94) Humongous regions: 0->0
[2025-12-28T19:34:11.197+0100][info][gc,metaspace   ] GC(94) Metaspace: 8310K(8512K)->8310K(8512K) NonClass: 7580K(7680K)->7580K(7680K) Class: 730K(832K)->730K(832K)
[2025-12-28T19:34:11.197+0100][info][gc             ] GC(94) Pause Young (Normal) (G1 Evacuation Pause) 3691M->11M(6144M) 1.098ms
[2025-12-28T19:34:11.197+0100][info][gc,cpu         ] GC(94) User=0.00s Sys=0.00s Real=0.00s
[2025-12-28T19:34:11.373+0100][info][gc,start       ] GC(95) Pause Young (Normal) (G1 Evacuation Pause)
[2025-12-28T19:34:11.373+0100][info][gc,task        ] GC(95) Using 8 workers of 8 for evacuation
[2025-12-28T19:34:11.374+0100][info][gc,phases      ] GC(95)   Pre Evacuate Collection Set: 0.15ms
[2025-12-28T19:34:11.374+0100][info][gc,phases      ] GC(95)   Merge Heap Roots: 0.10ms
[2025-12-28T19:34:11.374+0100][info][gc,phases      ] GC(95)   Evacuate Collection Set: 0.17ms
[2025-12-28T19:34:11.374+0100][info][gc,phases      ] GC(95)   Post Evacuate Collection Set: 0.55ms
[2025-12-28T19:34:11.374+0100][info][gc,phases      ] GC(95)   Other: 0.08ms
[2025-12-28T19:34:11.374+0100][info][gc,heap        ] GC(95) Eden regions: 920->0(920)
[2025-12-28T19:34:11.374+0100][info][gc,heap        ] GC(95) Survivor regions: 1->1(116)
[2025-12-28T19:34:11.374+0100][info][gc,heap        ] GC(95) Old regions: 8->8
[2025-12-28T19:34:11.374+0100][info][gc,heap        ] GC(95) Humongous regions: 0->0
[2025-12-28T19:34:11.374+0100][info][gc,metaspace   ] GC(95) Metaspace: 8310K(8512K)->8310K(8512K) NonClass: 7580K(7680K)->7580K(7680K) Class: 730K(832K)->730K(832K)
[2025-12-28T19:34:11.374+0100][info][gc             ] GC(95) Pause Young (Normal) (G1 Evacuation Pause) 3691M->11M(6144M) 1.199ms
[2025-12-28T19:34:11.374+0100][info][gc,cpu         ] GC(95) User=0.00s Sys=0.00s Real=0.00s
[2025-12-28T19:34:11.559+0100][info][gc,start       ] GC(96) Pause Young (Normal) (G1 Evacuation Pause)
[2025-12-28T19:34:11.559+0100][info][gc,task        ] GC(96) Using 8 workers of 8 for evacuation
[2025-12-28T19:34:11.560+0100][info][gc,phases      ] GC(96)   Pre Evacuate Collection Set: 0.13ms
[2025-12-28T19:34:11.560+0100][info][gc,phases      ] GC(96)   Merge Heap Roots: 0.13ms
[2025-12-28T19:34:11.560+0100][info][gc,phases      ] GC(96)   Evacuate Collection Set: 0.15ms
[2025-12-28T19:34:11.560+0100][info][gc,phases      ] GC(96)   Post Evacuate Collection Set: 0.54ms
[2025-12-28T19:34:11.560+0100][info][gc,phases      ] GC(96)   Other: 0.09ms
[2025-12-28T19:34:11.560+0100][info][gc,heap        ] GC(96) Eden regions: 920->0(920)
[2025-12-28T19:34:11.560+0100][info][gc,heap        ] GC(96) Survivor regions: 1->1(116)
[2025-12-28T19:34:11.560+0100][info][gc,heap        ] GC(96) Old regions: 8->8
[2025-12-28T19:34:11.560+0100][info][gc,heap        ] GC(96) Humongous regions: 0->0
[2025-12-28T19:34:11.560+0100][info][gc,metaspace   ] GC(96) Metaspace: 8311K(8512K)->8311K(8512K) NonClass: 7581K(7680K)->7581K(7680K) Class: 730K(832K)->730K(832K)
[2025-12-28T19:34:11.560+0100][info][gc             ] GC(96) Pause Young (Normal) (G1 Evacuation Pause) 3691M->11M(6144M) 1.196ms
[2025-12-28T19:34:11.560+0100][info][gc,cpu         ] GC(96) User=0.00s Sys=0.00s Real=0.01s
[2025-12-28T19:34:11.727+0100][info][gc,start       ] GC(97) Pause Young (Normal) (G1 Evacuation Pause)
[2025-12-28T19:34:11.727+0100][info][gc,task        ] GC(97) Using 8 workers of 8 for evacuation
[2025-12-28T19:34:11.729+0100][info][gc,phases      ] GC(97)   Pre Evacuate Collection Set: 0.26ms
[2025-12-28T19:34:11.729+0100][info][gc,phases      ] GC(97)   Merge Heap Roots: 0.19ms
[2025-12-28T19:34:11.729+0100][info][gc,phases      ] GC(97)   Evacuate Collection Set: 0.29ms
[2025-12-28T19:34:11.729+0100][info][gc,phases      ] GC(97)   Post Evacuate Collection Set: 0.73ms
[2025-12-28T19:34:11.729+0100][info][gc,phases      ] GC(97)   Other: 0.10ms
[2025-12-28T19:34:11.729+0100][info][gc,heap        ] GC(97) Eden regions: 920->0(920)
[2025-12-28T19:34:11.729+0100][info][gc,heap        ] GC(97) Survivor regions: 1->1(116)
[2025-12-28T19:34:11.729+0100][info][gc,heap        ] GC(97) Old regions: 8->8
[2025-12-28T19:34:11.729+0100][info][gc,heap        ] GC(97) Humongous regions: 0->0
[2025-12-28T19:34:11.729+0100][info][gc,metaspace   ] GC(97) Metaspace: 8311K(8512K)->8311K(8512K) NonClass: 7581K(7680K)->7581K(7680K) Class: 730K(832K)->730K(832K)
[2025-12-28T19:34:11.729+0100][info][gc             ] GC(97) Pause Young (Normal) (G1 Evacuation Pause) 3691M->11M(6144M) 1.751ms
[2025-12-28T19:34:11.729+0100][info][gc,cpu         ] GC(97) User=0.00s Sys=0.00s Real=0.00s
[2025-12-28T19:34:11.906+0100][info][gc,start       ] GC(98) Pause Young (Normal) (G1 Evacuation Pause)
[2025-12-28T19:34:11.906+0100][info][gc,task        ] GC(98) Using 8 workers of 8 for evacuation
[2025-12-28T19:34:11.907+0100][info][gc,phases      ] GC(98)   Pre Evacuate Collection Set: 0.14ms
[2025-12-28T19:34:11.907+0100][info][gc,phases      ] GC(98)   Merge Heap Roots: 0.08ms
[2025-12-28T19:34:11.907+0100][info][gc,phases      ] GC(98)   Evacuate Collection Set: 0.16ms
[2025-12-28T19:34:11.907+0100][info][gc,phases      ] GC(98)   Post Evacuate Collection Set: 0.56ms
[2025-12-28T19:34:11.907+0100][info][gc,phases      ] GC(98)   Other: 0.07ms
[2025-12-28T19:34:11.907+0100][info][gc,heap        ] GC(98) Eden regions: 920->0(920)
[2025-12-28T19:34:11.907+0100][info][gc,heap        ] GC(98) Survivor regions: 1->1(116)
[2025-12-28T19:34:11.907+0100][info][gc,heap        ] GC(98) Old regions: 8->9
[2025-12-28T19:34:11.907+0100][info][gc,heap        ] GC(98) Humongous regions: 0->0
[2025-12-28T19:34:11.907+0100][info][gc,metaspace   ] GC(98) Metaspace: 8311K(8512K)->8311K(8512K) NonClass: 7581K(7680K)->7581K(7680K) Class: 730K(832K)->730K(832K)
[2025-12-28T19:34:11.907+0100][info][gc             ] GC(98) Pause Young (Normal) (G1 Evacuation Pause) 3691M->11M(6144M) 1.165ms
[2025-12-28T19:34:11.907+0100][info][gc,cpu         ] GC(98) User=0.01s Sys=0.00s Real=0.00s
[2025-12-28T19:34:12.091+0100][info][gc,start       ] GC(99) Pause Young (Normal) (G1 Evacuation Pause)
[2025-12-28T19:34:12.092+0100][info][gc,task        ] GC(99) Using 8 workers of 8 for evacuation
[2025-12-28T19:34:12.092+0100][info][gc,phases      ] GC(99)   Pre Evacuate Collection Set: 0.10ms
[2025-12-28T19:34:12.092+0100][info][gc,phases      ] GC(99)   Merge Heap Roots: 0.06ms
[2025-12-28T19:34:12.093+0100][info][gc,phases      ] GC(99)   Evacuate Collection Set: 0.15ms
[2025-12-28T19:34:12.093+0100][info][gc,phases      ] GC(99)   Post Evacuate Collection Set: 0.57ms
[2025-12-28T19:34:12.093+0100][info][gc,phases      ] GC(99)   Other: 0.08ms
[2025-12-28T19:34:12.093+0100][info][gc,heap        ] GC(99) Eden regions: 920->0(920)
[2025-12-28T19:34:12.093+0100][info][gc,heap        ] GC(99) Survivor regions: 1->1(116)
[2025-12-28T19:34:12.093+0100][info][gc,heap        ] GC(99) Old regions: 9->9
[2025-12-28T19:34:12.093+0100][info][gc,heap        ] GC(99) Humongous regions: 0->0
[2025-12-28T19:34:12.093+0100][info][gc,metaspace   ] GC(99) Metaspace: 8311K(8512K)->8311K(8512K) NonClass: 7581K(7680K)->7581K(7680K) Class: 730K(832K)->730K(832K)
[2025-12-28T19:34:12.093+0100][info][gc             ] GC(99) Pause Young (Normal) (G1 Evacuation Pause) 3691M->11M(6144M) 1.093ms
[2025-12-28T19:34:12.093+0100][info][gc,cpu         ] GC(99) User=0.01s Sys=0.00s Real=0.00s
[2025-12-28T19:34:12.282+0100][info][gc,start       ] GC(100) Pause Young (Normal) (G1 Evacuation Pause)
[2025-12-28T19:34:12.282+0100][info][gc,task        ] GC(100) Using 8 workers of 8 for evacuation
[2025-12-28T19:34:12.283+0100][info][gc,phases      ] GC(100)   Pre Evacuate Collection Set: 0.09ms
[2025-12-28T19:34:12.283+0100][info][gc,phases      ] GC(100)   Merge Heap Roots: 0.11ms
[2025-12-28T19:34:12.283+0100][info][gc,phases      ] GC(100)   Evacuate Collection Set: 0.13ms
[2025-12-28T19:34:12.283+0100][info][gc,phases      ] GC(100)   Post Evacuate Collection Set: 0.50ms
[2025-12-28T19:34:12.283+0100][info][gc,phases      ] GC(100)   Other: 0.07ms
[2025-12-28T19:34:12.283+0100][info][gc,heap        ] GC(100) Eden regions: 920->0(920)
[2025-12-28T19:34:12.283+0100][info][gc,heap        ] GC(100) Survivor regions: 1->1(116)
[2025-12-28T19:34:12.283+0100][info][gc,heap        ] GC(100) Old regions: 9->9
[2025-12-28T19:34:12.283+0100][info][gc,heap        ] GC(100) Humongous regions: 0->0
[2025-12-28T19:34:12.283+0100][info][gc,metaspace   ] GC(100) Metaspace: 8311K(8512K)->8311K(8512K) NonClass: 7581K(7680K)->7581K(7680K) Class: 730K(832K)->730K(832K)
[2025-12-28T19:34:12.283+0100][info][gc             ] GC(100) Pause Young (Normal) (G1 Evacuation Pause) 3691M->11M(6144M) 1.038ms
[2025-12-28T19:34:12.283+0100][info][gc,cpu         ] GC(100) User=0.00s Sys=0.00s Real=0.00s
[2025-12-28T19:34:12.486+0100][info][gc,start       ] GC(101) Pause Young (Normal) (G1 Evacuation Pause)
[2025-12-28T19:34:12.486+0100][info][gc,task        ] GC(101) Using 8 workers of 8 for evacuation
[2025-12-28T19:34:12.487+0100][info][gc,phases      ] GC(101)   Pre Evacuate Collection Set: 0.17ms
[2025-12-28T19:34:12.487+0100][info][gc,phases      ] GC(101)   Merge Heap Roots: 0.09ms
[2025-12-28T19:34:12.487+0100][info][gc,phases      ] GC(101)   Evacuate Collection Set: 0.15ms
[2025-12-28T19:34:12.487+0100][info][gc,phases      ] GC(101)   Post Evacuate Collection Set: 0.54ms
[2025-12-28T19:34:12.487+0100][info][gc,phases      ] GC(101)   Other: 0.08ms
[2025-12-28T19:34:12.487+0100][info][gc,heap        ] GC(101) Eden regions: 920->0(920)
[2025-12-28T19:34:12.487+0100][info][gc,heap        ] GC(101) Survivor regions: 1->1(116)
[2025-12-28T19:34:12.487+0100][info][gc,heap        ] GC(101) Old regions: 9->9
[2025-12-28T19:34:12.487+0100][info][gc,heap        ] GC(101) Humongous regions: 0->0
[2025-12-28T19:34:12.487+0100][info][gc,metaspace   ] GC(101) Metaspace: 8311K(8512K)->8311K(8512K) NonClass: 7581K(7680K)->7581K(7680K) Class: 730K(832K)->730K(832K)
[2025-12-28T19:34:12.487+0100][info][gc             ] GC(101) Pause Young (Normal) (G1 Evacuation Pause) 3691M->11M(6144M) 1.169ms
[2025-12-28T19:34:12.487+0100][info][gc,cpu         ] GC(101) User=0.00s Sys=0.00s Real=0.00s
[2025-12-28T19:34:12.673+0100][info][gc,start       ] GC(102) Pause Young (Normal) (G1 Evacuation Pause)
[2025-12-28T19:34:12.673+0100][info][gc,task        ] GC(102) Using 8 workers of 8 for evacuation
[2025-12-28T19:34:12.674+0100][info][gc,phases      ] GC(102)   Pre Evacuate Collection Set: 0.10ms
[2025-12-28T19:34:12.674+0100][info][gc,phases      ] GC(102)   Merge Heap Roots: 0.05ms
[2025-12-28T19:34:12.674+0100][info][gc,phases      ] GC(102)   Evacuate Collection Set: 0.15ms
[2025-12-28T19:34:12.674+0100][info][gc,phases      ] GC(102)   Post Evacuate Collection Set: 0.47ms
[2025-12-28T19:34:12.674+0100][info][gc,phases      ] GC(102)   Other: 0.07ms
[2025-12-28T19:34:12.674+0100][info][gc,heap        ] GC(102) Eden regions: 920->0(920)
[2025-12-28T19:34:12.674+0100][info][gc,heap        ] GC(102) Survivor regions: 1->1(116)
[2025-12-28T19:34:12.674+0100][info][gc,heap        ] GC(102) Old regions: 9->9
[2025-12-28T19:34:12.674+0100][info][gc,heap        ] GC(102) Humongous regions: 0->0
[2025-12-28T19:34:12.674+0100][info][gc,metaspace   ] GC(102) Metaspace: 8311K(8512K)->8311K(8512K) NonClass: 7581K(7680K)->7581K(7680K) Class: 730K(832K)->730K(832K)
[2025-12-28T19:34:12.674+0100][info][gc             ] GC(102) Pause Young (Normal) (G1 Evacuation Pause) 3691M->11M(6144M) 0.978ms
[2025-12-28T19:34:12.674+0100][info][gc,cpu         ] GC(102) User=0.00s Sys=0.00s Real=0.00s
[2025-12-28T19:34:12.848+0100][info][gc,start       ] GC(103) Pause Young (Normal) (G1 Evacuation Pause)
[2025-12-28T19:34:12.849+0100][info][gc,task        ] GC(103) Using 8 workers of 8 for evacuation
[2025-12-28T19:34:12.850+0100][info][gc,phases      ] GC(103)   Pre Evacuate Collection Set: 0.17ms
[2025-12-28T19:34:12.850+0100][info][gc,phases      ] GC(103)   Merge Heap Roots: 0.12ms
[2025-12-28T19:34:12.850+0100][info][gc,phases      ] GC(103)   Evacuate Collection Set: 0.16ms
[2025-12-28T19:34:12.850+0100][info][gc,phases      ] GC(103)   Post Evacuate Collection Set: 0.50ms
[2025-12-28T19:34:12.850+0100][info][gc,phases      ] GC(103)   Other: 0.07ms
[2025-12-28T19:34:12.850+0100][info][gc,heap        ] GC(103) Eden regions: 920->0(920)
[2025-12-28T19:34:12.850+0100][info][gc,heap        ] GC(103) Survivor regions: 1->1(116)
[2025-12-28T19:34:12.850+0100][info][gc,heap        ] GC(103) Old regions: 9->9
[2025-12-28T19:34:12.850+0100][info][gc,heap        ] GC(103) Humongous regions: 0->0
[2025-12-28T19:34:12.850+0100][info][gc,metaspace   ] GC(103) Metaspace: 8311K(8512K)->8311K(8512K) NonClass: 7581K(7680K)->7581K(7680K) Class: 730K(832K)->730K(832K)
[2025-12-28T19:34:12.850+0100][info][gc             ] GC(103) Pause Young (Normal) (G1 Evacuation Pause) 3691M->11M(6144M) 1.154ms
[2025-12-28T19:34:12.850+0100][info][gc,cpu         ] GC(103) User=0.00s Sys=0.00s Real=0.01s
[2025-12-28T19:34:13.029+0100][info][gc,start       ] GC(104) Pause Young (Normal) (G1 Evacuation Pause)
[2025-12-28T19:34:13.029+0100][info][gc,task        ] GC(104) Using 8 workers of 8 for evacuation
[2025-12-28T19:34:13.030+0100][info][gc,phases      ] GC(104)   Pre Evacuate Collection Set: 0.28ms
[2025-12-28T19:34:13.030+0100][info][gc,phases      ] GC(104)   Merge Heap Roots: 0.07ms
[2025-12-28T19:34:13.030+0100][info][gc,phases      ] GC(104)   Evacuate Collection Set: 0.19ms
[2025-12-28T19:34:13.030+0100][info][gc,phases      ] GC(104)   Post Evacuate Collection Set: 0.56ms
[2025-12-28T19:34:13.030+0100][info][gc,phases      ] GC(104)   Other: 0.08ms
[2025-12-28T19:34:13.030+0100][info][gc,heap        ] GC(104) Eden regions: 920->0(920)
[2025-12-28T19:34:13.030+0100][info][gc,heap        ] GC(104) Survivor regions: 1->1(116)
[2025-12-28T19:34:13.030+0100][info][gc,heap        ] GC(104) Old regions: 9->9
[2025-12-28T19:34:13.030+0100][info][gc,heap        ] GC(104) Humongous regions: 0->0
[2025-12-28T19:34:13.030+0100][info][gc,metaspace   ] GC(104) Metaspace: 8311K(8512K)->8311K(8512K) NonClass: 7581K(7680K)->7581K(7680K) Class: 730K(832K)->730K(832K)
[2025-12-28T19:34:13.030+0100][info][gc             ] GC(104) Pause Young (Normal) (G1 Evacuation Pause) 3691M->11M(6144M) 1.337ms
[2025-12-28T19:34:13.030+0100][info][gc,cpu         ] GC(104) User=0.00s Sys=0.00s Real=0.01s
[2025-12-28T19:34:13.212+0100][info][gc,start       ] GC(105) Pause Young (Normal) (G1 Evacuation Pause)
[2025-12-28T19:34:13.212+0100][info][gc,task        ] GC(105) Using 8 workers of 8 for evacuation
[2025-12-28T19:34:13.213+0100][info][gc,phases      ] GC(105)   Pre Evacuate Collection Set: 0.17ms
[2025-12-28T19:34:13.213+0100][info][gc,phases      ] GC(105)   Merge Heap Roots: 0.08ms
[2025-12-28T19:34:13.213+0100][info][gc,phases      ] GC(105)   Evacuate Collection Set: 0.17ms
[2025-12-28T19:34:13.213+0100][info][gc,phases      ] GC(105)   Post Evacuate Collection Set: 0.63ms
[2025-12-28T19:34:13.213+0100][info][gc,phases      ] GC(105)   Other: 0.08ms
[2025-12-28T19:34:13.213+0100][info][gc,heap        ] GC(105) Eden regions: 920->0(920)
[2025-12-28T19:34:13.213+0100][info][gc,heap        ] GC(105) Survivor regions: 1->1(116)
[2025-12-28T19:34:13.213+0100][info][gc,heap        ] GC(105) Old regions: 9->9
[2025-12-28T19:34:13.213+0100][info][gc,heap        ] GC(105) Humongous regions: 0->0
[2025-12-28T19:34:13.213+0100][info][gc,metaspace   ] GC(105) Metaspace: 8311K(8512K)->8311K(8512K) NonClass: 7581K(7680K)->7581K(7680K) Class: 730K(832K)->730K(832K)
[2025-12-28T19:34:13.213+0100][info][gc             ] GC(105) Pause Young (Normal) (G1 Evacuation Pause) 3691M->11M(6144M) 1.281ms
[2025-12-28T19:34:13.213+0100][info][gc,cpu         ] GC(105) User=0.01s Sys=0.00s Real=0.00s
[2025-12-28T19:34:13.394+0100][info][gc,start       ] GC(106) Pause Young (Normal) (G1 Evacuation Pause)
[2025-12-28T19:34:13.394+0100][info][gc,task        ] GC(106) Using 8 workers of 8 for evacuation
[2025-12-28T19:34:13.395+0100][info][gc,phases      ] GC(106)   Pre Evacuate Collection Set: 0.14ms
[2025-12-28T19:34:13.395+0100][info][gc,phases      ] GC(106)   Merge Heap Roots: 0.16ms
[2025-12-28T19:34:13.395+0100][info][gc,phases      ] GC(106)   Evacuate Collection Set: 0.35ms
[2025-12-28T19:34:13.395+0100][info][gc,phases      ] GC(106)   Post Evacuate Collection Set: 0.69ms
[2025-12-28T19:34:13.395+0100][info][gc,phases      ] GC(106)   Other: 0.09ms
[2025-12-28T19:34:13.395+0100][info][gc,heap        ] GC(106) Eden regions: 920->0(920)
[2025-12-28T19:34:13.395+0100][info][gc,heap        ] GC(106) Survivor regions: 1->1(116)
[2025-12-28T19:34:13.395+0100][info][gc,heap        ] GC(106) Old regions: 9->9
[2025-12-28T19:34:13.395+0100][info][gc,heap        ] GC(106) Humongous regions: 0->0
[2025-12-28T19:34:13.395+0100][info][gc,metaspace   ] GC(106) Metaspace: 8311K(8512K)->8311K(8512K) NonClass: 7581K(7680K)->7581K(7680K) Class: 730K(832K)->730K(832K)
[2025-12-28T19:34:13.395+0100][info][gc             ] GC(106) Pause Young (Normal) (G1 Evacuation Pause) 3691M->11M(6144M) 1.628ms
[2025-12-28T19:34:13.395+0100][info][gc,cpu         ] GC(106) User=0.01s Sys=0.00s Real=0.00s
[2025-12-28T19:34:13.574+0100][info][gc,start       ] GC(107) Pause Young (Normal) (G1 Evacuation Pause)
[2025-12-28T19:34:13.574+0100][info][gc,task        ] GC(107) Using 8 workers of 8 for evacuation
[2025-12-28T19:34:13.575+0100][info][gc,phases      ] GC(107)   Pre Evacuate Collection Set: 0.11ms
[2025-12-28T19:34:13.575+0100][info][gc,phases      ] GC(107)   Merge Heap Roots: 0.05ms
[2025-12-28T19:34:13.575+0100][info][gc,phases      ] GC(107)   Evacuate Collection Set: 0.15ms
[2025-12-28T19:34:13.575+0100][info][gc,phases      ] GC(107)   Post Evacuate Collection Set: 0.52ms
[2025-12-28T19:34:13.575+0100][info][gc,phases      ] GC(107)   Other: 0.08ms
[2025-12-28T19:34:13.575+0100][info][gc,heap        ] GC(107) Eden regions: 920->0(920)
[2025-12-28T19:34:13.575+0100][info][gc,heap        ] GC(107) Survivor regions: 1->1(116)
[2025-12-28T19:34:13.575+0100][info][gc,heap        ] GC(107) Old regions: 9->9
[2025-12-28T19:34:13.575+0100][info][gc,heap        ] GC(107) Humongous regions: 0->0
[2025-12-28T19:34:13.575+0100][info][gc,metaspace   ] GC(107) Metaspace: 8311K(8512K)->8311K(8512K) NonClass: 7581K(7680K)->7581K(7680K) Class: 730K(832K)->730K(832K)
[2025-12-28T19:34:13.575+0100][info][gc             ] GC(107) Pause Young (Normal) (G1 Evacuation Pause) 3691M->11M(6144M) 1.029ms
[2025-12-28T19:34:13.575+0100][info][gc,cpu         ] GC(107) User=0.00s Sys=0.00s Real=0.00s
[2025-12-28T19:34:13.761+0100][info][gc,start       ] GC(108) Pause Young (Normal) (G1 Evacuation Pause)
[2025-12-28T19:34:13.762+0100][info][gc,task        ] GC(108) Using 8 workers of 8 for evacuation
[2025-12-28T19:34:13.763+0100][info][gc,phases      ] GC(108)   Pre Evacuate Collection Set: 0.17ms
[2025-12-28T19:34:13.763+0100][info][gc,phases      ] GC(108)   Merge Heap Roots: 0.15ms
[2025-12-28T19:34:13.763+0100][info][gc,phases      ] GC(108)   Evacuate Collection Set: 0.24ms
[2025-12-28T19:34:13.763+0100][info][gc,phases      ] GC(108)   Post Evacuate Collection Set: 0.66ms
[2025-12-28T19:34:13.763+0100][info][gc,phases      ] GC(108)   Other: 0.13ms
[2025-12-28T19:34:13.763+0100][info][gc,heap        ] GC(108) Eden regions: 920->0(920)
[2025-12-28T19:34:13.763+0100][info][gc,heap        ] GC(108) Survivor regions: 1->1(116)
[2025-12-28T19:34:13.763+0100][info][gc,heap        ] GC(108) Old regions: 9->9
[2025-12-28T19:34:13.763+0100][info][gc,heap        ] GC(108) Humongous regions: 0->0
[2025-12-28T19:34:13.763+0100][info][gc,metaspace   ] GC(108) Metaspace: 8312K(8512K)->8312K(8512K) NonClass: 7582K(7680K)->7582K(7680K) Class: 730K(832K)->730K(832K)
[2025-12-28T19:34:13.763+0100][info][gc             ] GC(108) Pause Young (Normal) (G1 Evacuation Pause) 3691M->11M(6144M) 1.569ms
[2025-12-28T19:34:13.763+0100][info][gc,cpu         ] GC(108) User=0.00s Sys=0.00s Real=0.00s
[2025-12-28T19:34:13.949+0100][info][gc,start       ] GC(109) Pause Young (Normal) (G1 Evacuation Pause)
[2025-12-28T19:34:13.949+0100][info][gc,task        ] GC(109) Using 8 workers of 8 for evacuation
[2025-12-28T19:34:13.950+0100][info][gc,phases      ] GC(109)   Pre Evacuate Collection Set: 0.15ms
[2025-12-28T19:34:13.950+0100][info][gc,phases      ] GC(109)   Merge Heap Roots: 0.06ms
[2025-12-28T19:34:13.950+0100][info][gc,phases      ] GC(109)   Evacuate Collection Set: 0.15ms
[2025-12-28T19:34:13.950+0100][info][gc,phases      ] GC(109)   Post Evacuate Collection Set: 0.57ms
[2025-12-28T19:34:13.950+0100][info][gc,phases      ] GC(109)   Other: 0.08ms
[2025-12-28T19:34:13.950+0100][info][gc,heap        ] GC(109) Eden regions: 920->0(920)
[2025-12-28T19:34:13.950+0100][info][gc,heap        ] GC(109) Survivor regions: 1->1(116)
[2025-12-28T19:34:13.950+0100][info][gc,heap        ] GC(109) Old regions: 9->9
[2025-12-28T19:34:13.950+0100][info][gc,heap        ] GC(109) Humongous regions: 0->0
[2025-12-28T19:34:13.950+0100][info][gc,metaspace   ] GC(109) Metaspace: 8312K(8512K)->8312K(8512K) NonClass: 7582K(7680K)->7582K(7680K) Class: 730K(832K)->730K(832K)
[2025-12-28T19:34:13.950+0100][info][gc             ] GC(109) Pause Young (Normal) (G1 Evacuation Pause) 3691M->11M(6144M) 1.157ms
[2025-12-28T19:34:13.950+0100][info][gc,cpu         ] GC(109) User=0.00s Sys=0.00s Real=0.01s
[2025-12-28T19:34:14.135+0100][info][gc,start       ] GC(110) Pause Young (Normal) (G1 Evacuation Pause)
[2025-12-28T19:34:14.135+0100][info][gc,task        ] GC(110) Using 8 workers of 8 for evacuation
[2025-12-28T19:34:14.136+0100][info][gc,phases      ] GC(110)   Pre Evacuate Collection Set: 0.14ms
[2025-12-28T19:34:14.136+0100][info][gc,phases      ] GC(110)   Merge Heap Roots: 0.08ms
[2025-12-28T19:34:14.136+0100][info][gc,phases      ] GC(110)   Evacuate Collection Set: 0.17ms
[2025-12-28T19:34:14.136+0100][info][gc,phases      ] GC(110)   Post Evacuate Collection Set: 0.55ms
[2025-12-28T19:34:14.136+0100][info][gc,phases      ] GC(110)   Other: 0.08ms
[2025-12-28T19:34:14.136+0100][info][gc,heap        ] GC(110) Eden regions: 920->0(920)
[2025-12-28T19:34:14.136+0100][info][gc,heap        ] GC(110) Survivor regions: 1->1(116)
[2025-12-28T19:34:14.136+0100][info][gc,heap        ] GC(110) Old regions: 9->9
[2025-12-28T19:34:14.136+0100][info][gc,heap        ] GC(110) Humongous regions: 0->0
[2025-12-28T19:34:14.136+0100][info][gc,metaspace   ] GC(110) Metaspace: 8312K(8512K)->8312K(8512K) NonClass: 7582K(7680K)->7582K(7680K) Class: 730K(832K)->730K(832K)
[2025-12-28T19:34:14.136+0100][info][gc             ] GC(110) Pause Young (Normal) (G1 Evacuation Pause) 3691M->11M(6144M) 1.161ms
[2025-12-28T19:34:14.136+0100][info][gc,cpu         ] GC(110) User=0.01s Sys=0.00s Real=0.00s
[2025-12-28T19:34:14.384+0100][info][gc,start       ] GC(111) Pause Young (Normal) (G1 Evacuation Pause)
[2025-12-28T19:34:14.384+0100][info][gc,task        ] GC(111) Using 8 workers of 8 for evacuation
[2025-12-28T19:34:14.385+0100][info][gc,phases      ] GC(111)   Pre Evacuate Collection Set: 0.16ms
[2025-12-28T19:34:14.386+0100][info][gc,phases      ] GC(111)   Merge Heap Roots: 0.08ms
[2025-12-28T19:34:14.386+0100][info][gc,phases      ] GC(111)   Evacuate Collection Set: 0.17ms
[2025-12-28T19:34:14.386+0100][info][gc,phases      ] GC(111)   Post Evacuate Collection Set: 0.53ms
[2025-12-28T19:34:14.386+0100][info][gc,phases      ] GC(111)   Other: 0.08ms
[2025-12-28T19:34:14.386+0100][info][gc,heap        ] GC(111) Eden regions: 920->0(920)
[2025-12-28T19:34:14.386+0100][info][gc,heap        ] GC(111) Survivor regions: 1->1(116)
[2025-12-28T19:34:14.386+0100][info][gc,heap        ] GC(111) Old regions: 9->9
[2025-12-28T19:34:14.386+0100][info][gc,heap        ] GC(111) Humongous regions: 0->0
[2025-12-28T19:34:14.386+0100][info][gc,metaspace   ] GC(111) Metaspace: 8312K(8512K)->8312K(8512K) NonClass: 7582K(7680K)->7582K(7680K) Class: 730K(832K)->730K(832K)
[2025-12-28T19:34:14.386+0100][info][gc             ] GC(111) Pause Young (Normal) (G1 Evacuation Pause) 3691M->11M(6144M) 1.651ms
[2025-12-28T19:34:14.386+0100][info][gc,cpu         ] GC(111) User=0.00s Sys=0.00s Real=0.00s
[2025-12-28T19:34:14.627+0100][info][gc,start       ] GC(112) Pause Young (Normal) (G1 Evacuation Pause)
[2025-12-28T19:34:14.627+0100][info][gc,task        ] GC(112) Using 8 workers of 8 for evacuation
[2025-12-28T19:34:14.628+0100][info][gc,phases      ] GC(112)   Pre Evacuate Collection Set: 0.15ms
[2025-12-28T19:34:14.628+0100][info][gc,phases      ] GC(112)   Merge Heap Roots: 0.22ms
[2025-12-28T19:34:14.628+0100][info][gc,phases      ] GC(112)   Evacuate Collection Set: 0.31ms
[2025-12-28T19:34:14.628+0100][info][gc,phases      ] GC(112)   Post Evacuate Collection Set: 0.68ms
[2025-12-28T19:34:14.628+0100][info][gc,phases      ] GC(112)   Other: 0.11ms
[2025-12-28T19:34:14.628+0100][info][gc,heap        ] GC(112) Eden regions: 920->0(920)
[2025-12-28T19:34:14.628+0100][info][gc,heap        ] GC(112) Survivor regions: 1->1(116)
[2025-12-28T19:34:14.628+0100][info][gc,heap        ] GC(112) Old regions: 9->9
[2025-12-28T19:34:14.628+0100][info][gc,heap        ] GC(112) Humongous regions: 0->0
[2025-12-28T19:34:14.628+0100][info][gc,metaspace   ] GC(112) Metaspace: 8312K(8512K)->8312K(8512K) NonClass: 7582K(7680K)->7582K(7680K) Class: 730K(832K)->730K(832K)
[2025-12-28T19:34:14.628+0100][info][gc             ] GC(112) Pause Young (Normal) (G1 Evacuation Pause) 3691M->11M(6144M) 1.687ms
[2025-12-28T19:34:14.628+0100][info][gc,cpu         ] GC(112) User=0.00s Sys=0.00s Real=0.00s
[2025-12-28T19:34:14.870+0100][info][gc,start       ] GC(113) Pause Young (Normal) (G1 Evacuation Pause)
[2025-12-28T19:34:14.870+0100][info][gc,task        ] GC(113) Using 8 workers of 8 for evacuation
[2025-12-28T19:34:14.871+0100][info][gc,phases      ] GC(113)   Pre Evacuate Collection Set: 0.12ms
[2025-12-28T19:34:14.871+0100][info][gc,phases      ] GC(113)   Merge Heap Roots: 0.11ms
[2025-12-28T19:34:14.871+0100][info][gc,phases      ] GC(113)   Evacuate Collection Set: 0.17ms
[2025-12-28T19:34:14.871+0100][info][gc,phases      ] GC(113)   Post Evacuate Collection Set: 0.48ms
[2025-12-28T19:34:14.871+0100][info][gc,phases      ] GC(113)   Other: 0.08ms
[2025-12-28T19:34:14.871+0100][info][gc,heap        ] GC(113) Eden regions: 920->0(920)
[2025-12-28T19:34:14.871+0100][info][gc,heap        ] GC(113) Survivor regions: 1->1(116)
[2025-12-28T19:34:14.871+0100][info][gc,heap        ] GC(113) Old regions: 9->9
[2025-12-28T19:34:14.871+0100][info][gc,heap        ] GC(113) Humongous regions: 0->0
[2025-12-28T19:34:14.871+0100][info][gc,metaspace   ] GC(113) Metaspace: 8312K(8512K)->8312K(8512K) NonClass: 7582K(7680K)->7582K(7680K) Class: 730K(832K)->730K(832K)
[2025-12-28T19:34:14.871+0100][info][gc             ] GC(113) Pause Young (Normal) (G1 Evacuation Pause) 3691M->11M(6144M) 1.094ms
[2025-12-28T19:34:14.871+0100][info][gc,cpu         ] GC(113) User=0.00s Sys=0.00s Real=0.00s
[2025-12-28T19:34:15.101+0100][info][gc,start       ] GC(114) Pause Young (Normal) (G1 Evacuation Pause)
[2025-12-28T19:34:15.101+0100][info][gc,task        ] GC(114) Using 8 workers of 8 for evacuation
[2025-12-28T19:34:15.102+0100][info][gc,phases      ] GC(114)   Pre Evacuate Collection Set: 0.10ms
[2025-12-28T19:34:15.102+0100][info][gc,phases      ] GC(114)   Merge Heap Roots: 0.08ms
[2025-12-28T19:34:15.102+0100][info][gc,phases      ] GC(114)   Evacuate Collection Set: 0.14ms
[2025-12-28T19:34:15.102+0100][info][gc,phases      ] GC(114)   Post Evacuate Collection Set: 0.52ms
[2025-12-28T19:34:15.102+0100][info][gc,phases      ] GC(114)   Other: 0.07ms
[2025-12-28T19:34:15.102+0100][info][gc,heap        ] GC(114) Eden regions: 920->0(920)
[2025-12-28T19:34:15.102+0100][info][gc,heap        ] GC(114) Survivor regions: 1->1(116)
[2025-12-28T19:34:15.102+0100][info][gc,heap        ] GC(114) Old regions: 9->9
[2025-12-28T19:34:15.102+0100][info][gc,heap        ] GC(114) Humongous regions: 0->0
[2025-12-28T19:34:15.102+0100][info][gc,metaspace   ] GC(114) Metaspace: 8312K(8512K)->8312K(8512K) NonClass: 7582K(7680K)->7582K(7680K) Class: 730K(832K)->730K(832K)
[2025-12-28T19:34:15.102+0100][info][gc             ] GC(114) Pause Young (Normal) (G1 Evacuation Pause) 3691M->11M(6144M) 1.055ms
[2025-12-28T19:34:15.102+0100][info][gc,cpu         ] GC(114) User=0.00s Sys=0.00s Real=0.00s
[2025-12-28T19:34:15.299+0100][info][gc,start       ] GC(115) Pause Young (Normal) (G1 Evacuation Pause)
[2025-12-28T19:34:15.299+0100][info][gc,task        ] GC(115) Using 8 workers of 8 for evacuation
[2025-12-28T19:34:15.300+0100][info][gc,phases      ] GC(115)   Pre Evacuate Collection Set: 0.16ms
[2025-12-28T19:34:15.300+0100][info][gc,phases      ] GC(115)   Merge Heap Roots: 0.11ms
[2025-12-28T19:34:15.300+0100][info][gc,phases      ] GC(115)   Evacuate Collection Set: 0.17ms
[2025-12-28T19:34:15.300+0100][info][gc,phases      ] GC(115)   Post Evacuate Collection Set: 0.54ms
[2025-12-28T19:34:15.300+0100][info][gc,phases      ] GC(115)   Other: 0.08ms
[2025-12-28T19:34:15.300+0100][info][gc,heap        ] GC(115) Eden regions: 920->0(920)
[2025-12-28T19:34:15.300+0100][info][gc,heap        ] GC(115) Survivor regions: 1->1(116)
[2025-12-28T19:34:15.300+0100][info][gc,heap        ] GC(115) Old regions: 9->9
[2025-12-28T19:34:15.300+0100][info][gc,heap        ] GC(115) Humongous regions: 0->0
[2025-12-28T19:34:15.300+0100][info][gc,metaspace   ] GC(115) Metaspace: 8312K(8512K)->8312K(8512K) NonClass: 7582K(7680K)->7582K(7680K) Class: 730K(832K)->730K(832K)
[2025-12-28T19:34:15.300+0100][info][gc             ] GC(115) Pause Young (Normal) (G1 Evacuation Pause) 3691M->11M(6144M) 1.209ms
[2025-12-28T19:34:15.300+0100][info][gc,cpu         ] GC(115) User=0.00s Sys=0.00s Real=0.01s
[2025-12-28T19:34:15.494+0100][info][gc,start       ] GC(116) Pause Young (Normal) (G1 Evacuation Pause)
[2025-12-28T19:34:15.494+0100][info][gc,task        ] GC(116) Using 8 workers of 8 for evacuation
[2025-12-28T19:34:15.496+0100][info][gc,phases      ] GC(116)   Pre Evacuate Collection Set: 0.18ms
[2025-12-28T19:34:15.496+0100][info][gc,phases      ] GC(116)   Merge Heap Roots: 0.13ms
[2025-12-28T19:34:15.496+0100][info][gc,phases      ] GC(116)   Evacuate Collection Set: 0.20ms
[2025-12-28T19:34:15.496+0100][info][gc,phases      ] GC(116)   Post Evacuate Collection Set: 0.56ms
[2025-12-28T19:34:15.496+0100][info][gc,phases      ] GC(116)   Other: 0.13ms
[2025-12-28T19:34:15.496+0100][info][gc,heap        ] GC(116) Eden regions: 920->0(920)
[2025-12-28T19:34:15.496+0100][info][gc,heap        ] GC(116) Survivor regions: 1->1(116)
[2025-12-28T19:34:15.496+0100][info][gc,heap        ] GC(116) Old regions: 9->9
[2025-12-28T19:34:15.496+0100][info][gc,heap        ] GC(116) Humongous regions: 0->0
[2025-12-28T19:34:15.496+0100][info][gc,metaspace   ] GC(116) Metaspace: 8312K(8512K)->8312K(8512K) NonClass: 7582K(7680K)->7582K(7680K) Class: 730K(832K)->730K(832K)
[2025-12-28T19:34:15.496+0100][info][gc             ] GC(116) Pause Young (Normal) (G1 Evacuation Pause) 3691M->11M(6144M) 1.519ms
[2025-12-28T19:34:15.496+0100][info][gc,cpu         ] GC(116) User=0.01s Sys=0.00s Real=0.00s
[2025-12-28T19:34:15.687+0100][info][gc,start       ] GC(117) Pause Young (Normal) (G1 Evacuation Pause)
[2025-12-28T19:34:15.687+0100][info][gc,task        ] GC(117) Using 8 workers of 8 for evacuation
[2025-12-28T19:34:15.688+0100][info][gc,phases      ] GC(117)   Pre Evacuate Collection Set: 0.21ms
[2025-12-28T19:34:15.688+0100][info][gc,phases      ] GC(117)   Merge Heap Roots: 0.07ms
[2025-12-28T19:34:15.688+0100][info][gc,phases      ] GC(117)   Evacuate Collection Set: 0.15ms
[2025-12-28T19:34:15.688+0100][info][gc,phases      ] GC(117)   Post Evacuate Collection Set: 0.49ms
[2025-12-28T19:34:15.688+0100][info][gc,phases      ] GC(117)   Other: 0.09ms
[2025-12-28T19:34:15.688+0100][info][gc,heap        ] GC(117) Eden regions: 920->0(920)
[2025-12-28T19:34:15.688+0100][info][gc,heap        ] GC(117) Survivor regions: 1->1(116)
[2025-12-28T19:34:15.688+0100][info][gc,heap        ] GC(117) Old regions: 9->9
[2025-12-28T19:34:15.688+0100][info][gc,heap        ] GC(117) Humongous regions: 0->0
[2025-12-28T19:34:15.688+0100][info][gc,metaspace   ] GC(117) Metaspace: 8312K(8512K)->8312K(8512K) NonClass: 7582K(7680K)->7582K(7680K) Class: 730K(832K)->730K(832K)
[2025-12-28T19:34:15.688+0100][info][gc             ] GC(117) Pause Young (Normal) (G1 Evacuation Pause) 3691M->11M(6144M) 1.221ms
[2025-12-28T19:34:15.688+0100][info][gc,cpu         ] GC(117) User=0.01s Sys=0.00s Real=0.00s
[2025-12-28T19:34:15.882+0100][info][gc,start       ] GC(118) Pause Full (System.gc())
[2025-12-28T19:34:15.882+0100][info][gc,task        ] GC(118) Using 8 workers of 8 for full compaction
[2025-12-28T19:34:15.882+0100][info][gc,phases,start] GC(118) Phase 1: Mark live objects
[2025-12-28T19:34:15.886+0100][info][gc,phases      ] GC(118) Phase 1: Mark live objects 4.333ms
[2025-12-28T19:34:15.886+0100][info][gc,phases,start] GC(118) Phase 2: Prepare compaction
[2025-12-28T19:34:15.895+0100][info][gc,phases      ] GC(118) Phase 2: Prepare compaction 8.908ms
[2025-12-28T19:34:15.895+0100][info][gc,phases,start] GC(118) Phase 3: Adjust pointers
[2025-12-28T19:34:15.898+0100][info][gc,phases      ] GC(118) Phase 3: Adjust pointers 2.713ms
[2025-12-28T19:34:15.898+0100][info][gc,phases,start] GC(118) Phase 4: Compact heap
[2025-12-28T19:34:15.900+0100][info][gc,phases      ] GC(118) Phase 4: Compact heap 1.475ms
[2025-12-28T19:34:15.900+0100][info][gc,phases,start] GC(118) Phase 5: Reset Metadata
[2025-12-28T19:34:15.901+0100][info][gc,phases      ] GC(118) Phase 5: Reset Metadata 1.006ms
[2025-12-28T19:34:15.938+0100][info][gc,heap        ] GC(118) Eden regions: 837->0(921)
[2025-12-28T19:34:15.938+0100][info][gc,heap        ] GC(118) Survivor regions: 1->0(116)
[2025-12-28T19:34:15.938+0100][info][gc,heap        ] GC(118) Old regions: 9->8
[2025-12-28T19:34:15.938+0100][info][gc,heap        ] GC(118) Humongous regions: 0->0
[2025-12-28T19:34:15.938+0100][info][gc,metaspace   ] GC(118) Metaspace: 8319K(8512K)->8319K(8512K) NonClass: 7588K(7680K)->7588K(7680K) Class: 730K(832K)->730K(832K)
[2025-12-28T19:34:15.938+0100][info][gc             ] GC(118) Pause Full (System.gc()) 3355M->10M(6144M) 56.696ms
[2025-12-28T19:34:15.938+0100][info][gc,cpu         ] GC(118) User=0.04s Sys=0.09s Real=0.05s
[2025-12-28T19:34:15.939+0100][info][gc,start       ] GC(119) Pause Full (System.gc())
[2025-12-28T19:34:15.939+0100][info][gc,task        ] GC(119) Using 8 workers of 8 for full compaction
[2025-12-28T19:34:15.939+0100][info][gc,phases,start] GC(119) Phase 1: Mark live objects
[2025-12-28T19:34:15.942+0100][info][gc,phases      ] GC(119) Phase 1: Mark live objects 2.792ms
[2025-12-28T19:34:15.942+0100][info][gc,phases,start] GC(119) Phase 2: Prepare compaction
[2025-12-28T19:34:15.942+0100][info][gc,phases      ] GC(119) Phase 2: Prepare compaction 0.530ms
[2025-12-28T19:34:15.942+0100][info][gc,phases,start] GC(119) Phase 3: Adjust pointers
[2025-12-28T19:34:15.944+0100][info][gc,phases      ] GC(119) Phase 3: Adjust pointers 1.620ms
[2025-12-28T19:34:15.944+0100][info][gc,phases,start] GC(119) Phase 4: Compact heap
[2025-12-28T19:34:15.945+0100][info][gc,phases      ] GC(119) Phase 4: Compact heap 0.950ms
[2025-12-28T19:34:15.945+0100][info][gc,phases,start] GC(119) Phase 5: Reset Metadata
[2025-12-28T19:34:15.946+0100][info][gc,phases      ] GC(119) Phase 5: Reset Metadata 0.838ms
[2025-12-28T19:34:15.950+0100][info][gc,heap        ] GC(119) Eden regions: 1->0(921)
[2025-12-28T19:34:15.950+0100][info][gc,heap        ] GC(119) Survivor regions: 0->0(116)
[2025-12-28T19:34:15.950+0100][info][gc,heap        ] GC(119) Old regions: 8->8
[2025-12-28T19:34:15.950+0100][info][gc,heap        ] GC(119) Humongous regions: 0->0
[2025-12-28T19:34:15.950+0100][info][gc,metaspace   ] GC(119) Metaspace: 8320K(8512K)->8320K(8512K) NonClass: 7590K(7680K)->7590K(7680K) Class: 730K(832K)->730K(832K)
[2025-12-28T19:34:15.950+0100][info][gc             ] GC(119) Pause Full (System.gc()) 11M->10M(6144M) 10.974ms
[2025-12-28T19:34:15.950+0100][info][gc,cpu         ] GC(119) User=0.03s Sys=0.01s Real=0.02s
[2025-12-28T19:34:16.824+0100][info][gc,start       ] GC(120) Pause Young (Normal) (G1 Evacuation Pause)
[2025-12-28T19:34:16.824+0100][info][gc,task        ] GC(120) Using 8 workers of 8 for evacuation
[2025-12-28T19:34:16.825+0100][info][gc,phases      ] GC(120)   Pre Evacuate Collection Set: 0.17ms
[2025-12-28T19:34:16.825+0100][info][gc,phases      ] GC(120)   Merge Heap Roots: 0.11ms
[2025-12-28T19:34:16.825+0100][info][gc,phases      ] GC(120)   Evacuate Collection Set: 0.16ms
[2025-12-28T19:34:16.825+0100][info][gc,phases      ] GC(120)   Post Evacuate Collection Set: 0.56ms
[2025-12-28T19:34:16.825+0100][info][gc,phases      ] GC(120)   Other: 0.07ms
[2025-12-28T19:34:16.825+0100][info][gc,heap        ] GC(120) Eden regions: 921->0(920)
[2025-12-28T19:34:16.825+0100][info][gc,heap        ] GC(120) Survivor regions: 0->1(116)
[2025-12-28T19:34:16.825+0100][info][gc,heap        ] GC(120) Old regions: 8->8
[2025-12-28T19:34:16.825+0100][info][gc,heap        ] GC(120) Humongous regions: 0->0
[2025-12-28T19:34:16.825+0100][info][gc,metaspace   ] GC(120) Metaspace: 8364K(8576K)->8364K(8576K) NonClass: 7634K(7744K)->7634K(7744K) Class: 730K(832K)->730K(832K)
[2025-12-28T19:34:16.825+0100][info][gc             ] GC(120) Pause Young (Normal) (G1 Evacuation Pause) 3694M->11M(6144M) 1.215ms
[2025-12-28T19:34:16.825+0100][info][gc,cpu         ] GC(120) User=0.00s Sys=0.00s Real=0.00s
[2025-12-28T19:34:17.035+0100][info][gc,start       ] GC(121) Pause Young (Normal) (G1 Evacuation Pause)
[2025-12-28T19:34:17.036+0100][info][gc,task        ] GC(121) Using 8 workers of 8 for evacuation
[2025-12-28T19:34:17.037+0100][info][gc,phases      ] GC(121)   Pre Evacuate Collection Set: 0.31ms
[2025-12-28T19:34:17.037+0100][info][gc,phases      ] GC(121)   Merge Heap Roots: 0.10ms
[2025-12-28T19:34:17.037+0100][info][gc,phases      ] GC(121)   Evacuate Collection Set: 0.20ms
[2025-12-28T19:34:17.037+0100][info][gc,phases      ] GC(121)   Post Evacuate Collection Set: 0.65ms
[2025-12-28T19:34:17.037+0100][info][gc,phases      ] GC(121)   Other: 0.13ms
[2025-12-28T19:34:17.037+0100][info][gc,heap        ] GC(121) Eden regions: 920->0(920)
[2025-12-28T19:34:17.037+0100][info][gc,heap        ] GC(121) Survivor regions: 1->1(116)
[2025-12-28T19:34:17.037+0100][info][gc,heap        ] GC(121) Old regions: 8->8
[2025-12-28T19:34:17.037+0100][info][gc,heap        ] GC(121) Humongous regions: 0->0
[2025-12-28T19:34:17.037+0100][info][gc,metaspace   ] GC(121) Metaspace: 8364K(8576K)->8364K(8576K) NonClass: 7634K(7744K)->7634K(7744K) Class: 730K(832K)->730K(832K)
[2025-12-28T19:34:17.037+0100][info][gc             ] GC(121) Pause Young (Normal) (G1 Evacuation Pause) 3691M->11M(6144M) 1.638ms
[2025-12-28T19:34:17.037+0100][info][gc,cpu         ] GC(121) User=0.01s Sys=0.00s Real=0.00s
[2025-12-28T19:34:17.266+0100][info][gc,start       ] GC(122) Pause Young (Normal) (G1 Evacuation Pause)
[2025-12-28T19:34:17.266+0100][info][gc,task        ] GC(122) Using 8 workers of 8 for evacuation
[2025-12-28T19:34:17.267+0100][info][gc,phases      ] GC(122)   Pre Evacuate Collection Set: 0.25ms
[2025-12-28T19:34:17.267+0100][info][gc,phases      ] GC(122)   Merge Heap Roots: 0.17ms
[2025-12-28T19:34:17.267+0100][info][gc,phases      ] GC(122)   Evacuate Collection Set: 0.20ms
[2025-12-28T19:34:17.267+0100][info][gc,phases      ] GC(122)   Post Evacuate Collection Set: 0.59ms
[2025-12-28T19:34:17.267+0100][info][gc,phases      ] GC(122)   Other: 0.08ms
[2025-12-28T19:34:17.267+0100][info][gc,heap        ] GC(122) Eden regions: 920->0(920)
[2025-12-28T19:34:17.267+0100][info][gc,heap        ] GC(122) Survivor regions: 1->1(116)
[2025-12-28T19:34:17.267+0100][info][gc,heap        ] GC(122) Old regions: 8->8
[2025-12-28T19:34:17.267+0100][info][gc,heap        ] GC(122) Humongous regions: 0->0
[2025-12-28T19:34:17.267+0100][info][gc,metaspace   ] GC(122) Metaspace: 8364K(8576K)->8364K(8576K) NonClass: 7634K(7744K)->7634K(7744K) Class: 730K(832K)->730K(832K)
[2025-12-28T19:34:17.267+0100][info][gc             ] GC(122) Pause Young (Normal) (G1 Evacuation Pause) 3691M->11M(6144M) 1.498ms
[2025-12-28T19:34:17.267+0100][info][gc,cpu         ] GC(122) User=0.00s Sys=0.00s Real=0.00s
[2025-12-28T19:34:17.486+0100][info][gc,start       ] GC(123) Pause Young (Normal) (G1 Evacuation Pause)
[2025-12-28T19:34:17.486+0100][info][gc,task        ] GC(123) Using 8 workers of 8 for evacuation
[2025-12-28T19:34:17.488+0100][info][gc,phases      ] GC(123)   Pre Evacuate Collection Set: 0.20ms
[2025-12-28T19:34:17.488+0100][info][gc,phases      ] GC(123)   Merge Heap Roots: 0.13ms
[2025-12-28T19:34:17.488+0100][info][gc,phases      ] GC(123)   Evacuate Collection Set: 0.19ms
[2025-12-28T19:34:17.488+0100][info][gc,phases      ] GC(123)   Post Evacuate Collection Set: 0.79ms
[2025-12-28T19:34:17.488+0100][info][gc,phases      ] GC(123)   Other: 0.08ms
[2025-12-28T19:34:17.488+0100][info][gc,heap        ] GC(123) Eden regions: 920->0(920)
[2025-12-28T19:34:17.488+0100][info][gc,heap        ] GC(123) Survivor regions: 1->1(116)
[2025-12-28T19:34:17.488+0100][info][gc,heap        ] GC(123) Old regions: 8->8
[2025-12-28T19:34:17.488+0100][info][gc,heap        ] GC(123) Humongous regions: 0->0
[2025-12-28T19:34:17.488+0100][info][gc,metaspace   ] GC(123) Metaspace: 8364K(8576K)->8364K(8576K) NonClass: 7634K(7744K)->7634K(7744K) Class: 730K(832K)->730K(832K)
[2025-12-28T19:34:17.488+0100][info][gc             ] GC(123) Pause Young (Normal) (G1 Evacuation Pause) 3691M->11M(6144M) 1.576ms
[2025-12-28T19:34:17.488+0100][info][gc,cpu         ] GC(123) User=0.01s Sys=0.00s Real=0.00s
[2025-12-28T19:34:17.717+0100][info][gc,start       ] GC(124) Pause Young (Normal) (G1 Evacuation Pause)
[2025-12-28T19:34:17.718+0100][info][gc,task        ] GC(124) Using 8 workers of 8 for evacuation
[2025-12-28T19:34:17.720+0100][info][gc,phases      ] GC(124)   Pre Evacuate Collection Set: 0.13ms
[2025-12-28T19:34:17.720+0100][info][gc,phases      ] GC(124)   Merge Heap Roots: 0.13ms
[2025-12-28T19:34:17.720+0100][info][gc,phases      ] GC(124)   Evacuate Collection Set: 1.72ms
[2025-12-28T19:34:17.720+0100][info][gc,phases      ] GC(124)   Post Evacuate Collection Set: 0.73ms
[2025-12-28T19:34:17.720+0100][info][gc,phases      ] GC(124)   Other: 0.09ms
[2025-12-28T19:34:17.720+0100][info][gc,heap        ] GC(124) Eden regions: 920->0(920)
[2025-12-28T19:34:17.720+0100][info][gc,heap        ] GC(124) Survivor regions: 1->1(116)
[2025-12-28T19:34:17.720+0100][info][gc,heap        ] GC(124) Old regions: 8->8
[2025-12-28T19:34:17.720+0100][info][gc,heap        ] GC(124) Humongous regions: 0->0
[2025-12-28T19:34:17.720+0100][info][gc,metaspace   ] GC(124) Metaspace: 8364K(8576K)->8364K(8576K) NonClass: 7634K(7744K)->7634K(7744K) Class: 730K(832K)->730K(832K)
[2025-12-28T19:34:17.720+0100][info][gc             ] GC(124) Pause Young (Normal) (G1 Evacuation Pause) 3691M->11M(6144M) 3.026ms
[2025-12-28T19:34:17.720+0100][info][gc,cpu         ] GC(124) User=0.01s Sys=0.00s Real=0.01s
[2025-12-28T19:34:17.959+0100][info][gc,start       ] GC(125) Pause Young (Normal) (G1 Evacuation Pause)
[2025-12-28T19:34:17.959+0100][info][gc,task        ] GC(125) Using 8 workers of 8 for evacuation
[2025-12-28T19:34:17.960+0100][info][gc,phases      ] GC(125)   Pre Evacuate Collection Set: 0.10ms
[2025-12-28T19:34:17.960+0100][info][gc,phases      ] GC(125)   Merge Heap Roots: 0.10ms
[2025-12-28T19:34:17.960+0100][info][gc,phases      ] GC(125)   Evacuate Collection Set: 0.16ms
[2025-12-28T19:34:17.960+0100][info][gc,phases      ] GC(125)   Post Evacuate Collection Set: 0.51ms
[2025-12-28T19:34:17.960+0100][info][gc,phases      ] GC(125)   Other: 0.08ms
[2025-12-28T19:34:17.960+0100][info][gc,heap        ] GC(125) Eden regions: 920->0(920)
[2025-12-28T19:34:17.960+0100][info][gc,heap        ] GC(125) Survivor regions: 1->1(116)
[2025-12-28T19:34:17.960+0100][info][gc,heap        ] GC(125) Old regions: 8->8
[2025-12-28T19:34:17.960+0100][info][gc,heap        ] GC(125) Humongous regions: 0->0
[2025-12-28T19:34:17.960+0100][info][gc,metaspace   ] GC(125) Metaspace: 8364K(8576K)->8364K(8576K) NonClass: 7634K(7744K)->7634K(7744K) Class: 730K(832K)->730K(832K)
[2025-12-28T19:34:17.960+0100][info][gc             ] GC(125) Pause Young (Normal) (G1 Evacuation Pause) 3691M->11M(6144M) 1.126ms
[2025-12-28T19:34:17.960+0100][info][gc,cpu         ] GC(125) User=0.00s Sys=0.00s Real=0.01s
[2025-12-28T19:34:18.180+0100][info][gc,start       ] GC(126) Pause Young (Normal) (G1 Evacuation Pause)
[2025-12-28T19:34:18.180+0100][info][gc,task        ] GC(126) Using 8 workers of 8 for evacuation
[2025-12-28T19:34:18.181+0100][info][gc,phases      ] GC(126)   Pre Evacuate Collection Set: 0.11ms
[2025-12-28T19:34:18.181+0100][info][gc,phases      ] GC(126)   Merge Heap Roots: 0.16ms
[2025-12-28T19:34:18.181+0100][info][gc,phases      ] GC(126)   Evacuate Collection Set: 0.19ms
[2025-12-28T19:34:18.181+0100][info][gc,phases      ] GC(126)   Post Evacuate Collection Set: 0.62ms
[2025-12-28T19:34:18.181+0100][info][gc,phases      ] GC(126)   Other: 0.08ms
[2025-12-28T19:34:18.181+0100][info][gc,heap        ] GC(126) Eden regions: 920->0(920)
[2025-12-28T19:34:18.181+0100][info][gc,heap        ] GC(126) Survivor regions: 1->1(116)
[2025-12-28T19:34:18.181+0100][info][gc,heap        ] GC(126) Old regions: 8->8
[2025-12-28T19:34:18.181+0100][info][gc,heap        ] GC(126) Humongous regions: 0->0
[2025-12-28T19:34:18.181+0100][info][gc,metaspace   ] GC(126) Metaspace: 8364K(8576K)->8364K(8576K) NonClass: 7634K(7744K)->7634K(7744K) Class: 730K(832K)->730K(832K)
[2025-12-28T19:34:18.181+0100][info][gc             ] GC(126) Pause Young (Normal) (G1 Evacuation Pause) 3691M->11M(6144M) 1.334ms
[2025-12-28T19:34:18.181+0100][info][gc,cpu         ] GC(126) User=0.01s Sys=0.00s Real=0.00s
[2025-12-28T19:34:18.398+0100][info][gc,start       ] GC(127) Pause Young (Normal) (G1 Evacuation Pause)
[2025-12-28T19:34:18.398+0100][info][gc,task        ] GC(127) Using 8 workers of 8 for evacuation
[2025-12-28T19:34:18.399+0100][info][gc,phases      ] GC(127)   Pre Evacuate Collection Set: 0.20ms
[2025-12-28T19:34:18.399+0100][info][gc,phases      ] GC(127)   Merge Heap Roots: 0.14ms
[2025-12-28T19:34:18.399+0100][info][gc,phases      ] GC(127)   Evacuate Collection Set: 0.22ms
[2025-12-28T19:34:18.399+0100][info][gc,phases      ] GC(127)   Post Evacuate Collection Set: 0.65ms
[2025-12-28T19:34:18.399+0100][info][gc,phases      ] GC(127)   Other: 0.10ms
[2025-12-28T19:34:18.399+0100][info][gc,heap        ] GC(127) Eden regions: 920->0(920)
[2025-12-28T19:34:18.399+0100][info][gc,heap        ] GC(127) Survivor regions: 1->1(116)
[2025-12-28T19:34:18.399+0100][info][gc,heap        ] GC(127) Old regions: 8->8
[2025-12-28T19:34:18.399+0100][info][gc,heap        ] GC(127) Humongous regions: 0->0
[2025-12-28T19:34:18.399+0100][info][gc,metaspace   ] GC(127) Metaspace: 8364K(8576K)->8364K(8576K) NonClass: 7634K(7744K)->7634K(7744K) Class: 730K(832K)->730K(832K)
[2025-12-28T19:34:18.399+0100][info][gc             ] GC(127) Pause Young (Normal) (G1 Evacuation Pause) 3691M->11M(6144M) 1.521ms
[2025-12-28T19:34:18.399+0100][info][gc,cpu         ] GC(127) User=0.01s Sys=0.00s Real=0.00s
[2025-12-28T19:34:18.605+0100][info][gc,start       ] GC(128) Pause Young (Normal) (G1 Evacuation Pause)
[2025-12-28T19:34:18.605+0100][info][gc,task        ] GC(128) Using 8 workers of 8 for evacuation
[2025-12-28T19:34:18.606+0100][info][gc,phases      ] GC(128)   Pre Evacuate Collection Set: 0.18ms
[2025-12-28T19:34:18.606+0100][info][gc,phases      ] GC(128)   Merge Heap Roots: 0.09ms
[2025-12-28T19:34:18.606+0100][info][gc,phases      ] GC(128)   Evacuate Collection Set: 0.21ms
[2025-12-28T19:34:18.606+0100][info][gc,phases      ] GC(128)   Post Evacuate Collection Set: 0.58ms
[2025-12-28T19:34:18.606+0100][info][gc,phases      ] GC(128)   Other: 0.08ms
[2025-12-28T19:34:18.606+0100][info][gc,heap        ] GC(128) Eden regions: 920->0(920)
[2025-12-28T19:34:18.606+0100][info][gc,heap        ] GC(128) Survivor regions: 1->1(116)
[2025-12-28T19:34:18.606+0100][info][gc,heap        ] GC(128) Old regions: 8->8
[2025-12-28T19:34:18.606+0100][info][gc,heap        ] GC(128) Humongous regions: 0->0
[2025-12-28T19:34:18.606+0100][info][gc,metaspace   ] GC(128) Metaspace: 8364K(8576K)->8364K(8576K) NonClass: 7634K(7744K)->7634K(7744K) Class: 730K(832K)->730K(832K)
[2025-12-28T19:34:18.606+0100][info][gc             ] GC(128) Pause Young (Normal) (G1 Evacuation Pause) 3691M->11M(6144M) 1.324ms
[2025-12-28T19:34:18.606+0100][info][gc,cpu         ] GC(128) User=0.01s Sys=0.00s Real=0.00s
[2025-12-28T19:34:18.828+0100][info][gc,start       ] GC(129) Pause Young (Normal) (G1 Evacuation Pause)
[2025-12-28T19:34:18.829+0100][info][gc,task        ] GC(129) Using 8 workers of 8 for evacuation
[2025-12-28T19:34:18.830+0100][info][gc,phases      ] GC(129)   Pre Evacuate Collection Set: 0.22ms
[2025-12-28T19:34:18.830+0100][info][gc,phases      ] GC(129)   Merge Heap Roots: 0.17ms
[2025-12-28T19:34:18.830+0100][info][gc,phases      ] GC(129)   Evacuate Collection Set: 0.23ms
[2025-12-28T19:34:18.830+0100][info][gc,phases      ] GC(129)   Post Evacuate Collection Set: 0.59ms
[2025-12-28T19:34:18.830+0100][info][gc,phases      ] GC(129)   Other: 0.11ms
[2025-12-28T19:34:18.830+0100][info][gc,heap        ] GC(129) Eden regions: 920->0(920)
[2025-12-28T19:34:18.830+0100][info][gc,heap        ] GC(129) Survivor regions: 1->1(116)
[2025-12-28T19:34:18.830+0100][info][gc,heap        ] GC(129) Old regions: 8->8
[2025-12-28T19:34:18.830+0100][info][gc,heap        ] GC(129) Humongous regions: 0->0
[2025-12-28T19:34:18.830+0100][info][gc,metaspace   ] GC(129) Metaspace: 8364K(8576K)->8364K(8576K) NonClass: 7634K(7744K)->7634K(7744K) Class: 730K(832K)->730K(832K)
[2025-12-28T19:34:18.830+0100][info][gc             ] GC(129) Pause Young (Normal) (G1 Evacuation Pause) 3691M->11M(6144M) 1.543ms
[2025-12-28T19:34:18.830+0100][info][gc,cpu         ] GC(129) User=0.00s Sys=0.01s Real=0.01s
[2025-12-28T19:34:19.053+0100][info][gc,start       ] GC(130) Pause Young (Normal) (G1 Evacuation Pause)
[2025-12-28T19:34:19.053+0100][info][gc,task        ] GC(130) Using 8 workers of 8 for evacuation
[2025-12-28T19:34:19.054+0100][info][gc,phases      ] GC(130)   Pre Evacuate Collection Set: 0.20ms
[2025-12-28T19:34:19.054+0100][info][gc,phases      ] GC(130)   Merge Heap Roots: 0.13ms
[2025-12-28T19:34:19.054+0100][info][gc,phases      ] GC(130)   Evacuate Collection Set: 0.19ms
[2025-12-28T19:34:19.054+0100][info][gc,phases      ] GC(130)   Post Evacuate Collection Set: 0.86ms
[2025-12-28T19:34:19.054+0100][info][gc,phases      ] GC(130)   Other: 0.08ms
[2025-12-28T19:34:19.054+0100][info][gc,heap        ] GC(130) Eden regions: 920->0(920)
[2025-12-28T19:34:19.054+0100][info][gc,heap        ] GC(130) Survivor regions: 1->1(116)
[2025-12-28T19:34:19.054+0100][info][gc,heap        ] GC(130) Old regions: 8->8
[2025-12-28T19:34:19.054+0100][info][gc,heap        ] GC(130) Humongous regions: 0->0
[2025-12-28T19:34:19.054+0100][info][gc,metaspace   ] GC(130) Metaspace: 8364K(8576K)->8364K(8576K) NonClass: 7634K(7744K)->7634K(7744K) Class: 730K(832K)->730K(832K)
[2025-12-28T19:34:19.054+0100][info][gc             ] GC(130) Pause Young (Normal) (G1 Evacuation Pause) 3691M->11M(6144M) 1.638ms
[2025-12-28T19:34:19.054+0100][info][gc,cpu         ] GC(130) User=0.00s Sys=0.00s Real=0.00s
[2025-12-28T19:34:19.268+0100][info][gc,start       ] GC(131) Pause Young (Normal) (G1 Evacuation Pause)
[2025-12-28T19:34:19.269+0100][info][gc,task        ] GC(131) Using 8 workers of 8 for evacuation
[2025-12-28T19:34:19.270+0100][info][gc,phases      ] GC(131)   Pre Evacuate Collection Set: 0.15ms
[2025-12-28T19:34:19.270+0100][info][gc,phases      ] GC(131)   Merge Heap Roots: 0.07ms
[2025-12-28T19:34:19.270+0100][info][gc,phases      ] GC(131)   Evacuate Collection Set: 0.21ms
[2025-12-28T19:34:19.270+0100][info][gc,phases      ] GC(131)   Post Evacuate Collection Set: 0.66ms
[2025-12-28T19:34:19.270+0100][info][gc,phases      ] GC(131)   Other: 0.08ms
[2025-12-28T19:34:19.270+0100][info][gc,heap        ] GC(131) Eden regions: 920->0(920)
[2025-12-28T19:34:19.270+0100][info][gc,heap        ] GC(131) Survivor regions: 1->1(116)
[2025-12-28T19:34:19.270+0100][info][gc,heap        ] GC(131) Old regions: 8->8
[2025-12-28T19:34:19.270+0100][info][gc,heap        ] GC(131) Humongous regions: 0->0
[2025-12-28T19:34:19.270+0100][info][gc,metaspace   ] GC(131) Metaspace: 8364K(8576K)->8364K(8576K) NonClass: 7634K(7744K)->7634K(7744K) Class: 730K(832K)->730K(832K)
[2025-12-28T19:34:19.270+0100][info][gc             ] GC(131) Pause Young (Normal) (G1 Evacuation Pause) 3691M->11M(6144M) 1.419ms
[2025-12-28T19:34:19.270+0100][info][gc,cpu         ] GC(131) User=0.01s Sys=0.00s Real=0.01s
[2025-12-28T19:34:19.501+0100][info][gc,start       ] GC(132) Pause Young (Normal) (G1 Evacuation Pause)
[2025-12-28T19:34:19.501+0100][info][gc,task        ] GC(132) Using 8 workers of 8 for evacuation
[2025-12-28T19:34:19.502+0100][info][gc,phases      ] GC(132)   Pre Evacuate Collection Set: 0.12ms
[2025-12-28T19:34:19.502+0100][info][gc,phases      ] GC(132)   Merge Heap Roots: 0.13ms
[2025-12-28T19:34:19.502+0100][info][gc,phases      ] GC(132)   Evacuate Collection Set: 0.17ms
[2025-12-28T19:34:19.502+0100][info][gc,phases      ] GC(132)   Post Evacuate Collection Set: 0.50ms
[2025-12-28T19:34:19.502+0100][info][gc,phases      ] GC(132)   Other: 0.08ms
[2025-12-28T19:34:19.502+0100][info][gc,heap        ] GC(132) Eden regions: 920->0(920)
[2025-12-28T19:34:19.502+0100][info][gc,heap        ] GC(132) Survivor regions: 1->1(116)
[2025-12-28T19:34:19.502+0100][info][gc,heap        ] GC(132) Old regions: 8->8
[2025-12-28T19:34:19.502+0100][info][gc,heap        ] GC(132) Humongous regions: 0->0
[2025-12-28T19:34:19.502+0100][info][gc,metaspace   ] GC(132) Metaspace: 8364K(8576K)->8364K(8576K) NonClass: 7634K(7744K)->7634K(7744K) Class: 730K(832K)->730K(832K)
[2025-12-28T19:34:19.502+0100][info][gc             ] GC(132) Pause Young (Normal) (G1 Evacuation Pause) 3691M->11M(6144M) 1.150ms
[2025-12-28T19:34:19.502+0100][info][gc,cpu         ] GC(132) User=0.00s Sys=0.00s Real=0.00s
[2025-12-28T19:34:19.693+0100][info][gc,start       ] GC(133) Pause Young (Normal) (G1 Evacuation Pause)
[2025-12-28T19:34:19.693+0100][info][gc,task        ] GC(133) Using 8 workers of 8 for evacuation
[2025-12-28T19:34:19.694+0100][info][gc,phases      ] GC(133)   Pre Evacuate Collection Set: 0.24ms
[2025-12-28T19:34:19.694+0100][info][gc,phases      ] GC(133)   Merge Heap Roots: 0.18ms
[2025-12-28T19:34:19.694+0100][info][gc,phases      ] GC(133)   Evacuate Collection Set: 0.30ms
[2025-12-28T19:34:19.695+0100][info][gc,phases      ] GC(133)   Post Evacuate Collection Set: 0.91ms
[2025-12-28T19:34:19.695+0100][info][gc,phases      ] GC(133)   Other: 0.09ms
[2025-12-28T19:34:19.695+0100][info][gc,heap        ] GC(133) Eden regions: 920->0(920)
[2025-12-28T19:34:19.695+0100][info][gc,heap        ] GC(133) Survivor regions: 1->1(116)
[2025-12-28T19:34:19.695+0100][info][gc,heap        ] GC(133) Old regions: 8->8
[2025-12-28T19:34:19.695+0100][info][gc,heap        ] GC(133) Humongous regions: 0->0
[2025-12-28T19:34:19.695+0100][info][gc,metaspace   ] GC(133) Metaspace: 8375K(8576K)->8375K(8576K) NonClass: 7645K(7744K)->7645K(7744K) Class: 730K(832K)->730K(832K)
[2025-12-28T19:34:19.695+0100][info][gc             ] GC(133) Pause Young (Normal) (G1 Evacuation Pause) 3691M->11M(6144M) 1.984ms
[2025-12-28T19:34:19.695+0100][info][gc,cpu         ] GC(133) User=0.01s Sys=0.00s Real=0.00s
[2025-12-28T19:34:20.008+0100][info][gc,start       ] GC(134) Pause Young (Normal) (G1 Evacuation Pause)
[2025-12-28T19:34:20.008+0100][info][gc,task        ] GC(134) Using 8 workers of 8 for evacuation
[2025-12-28T19:34:20.009+0100][info][gc,phases      ] GC(134)   Pre Evacuate Collection Set: 0.12ms
[2025-12-28T19:34:20.009+0100][info][gc,phases      ] GC(134)   Merge Heap Roots: 0.10ms
[2025-12-28T19:34:20.010+0100][info][gc,phases      ] GC(134)   Evacuate Collection Set: 0.17ms
[2025-12-28T19:34:20.010+0100][info][gc,phases      ] GC(134)   Post Evacuate Collection Set: 0.82ms
[2025-12-28T19:34:20.010+0100][info][gc,phases      ] GC(134)   Other: 0.08ms
[2025-12-28T19:34:20.010+0100][info][gc,heap        ] GC(134) Eden regions: 920->0(920)
[2025-12-28T19:34:20.010+0100][info][gc,heap        ] GC(134) Survivor regions: 1->1(116)
[2025-12-28T19:34:20.010+0100][info][gc,heap        ] GC(134) Old regions: 8->8
[2025-12-28T19:34:20.010+0100][info][gc,heap        ] GC(134) Humongous regions: 0->0
[2025-12-28T19:34:20.010+0100][info][gc,metaspace   ] GC(134) Metaspace: 8375K(8576K)->8375K(8576K) NonClass: 7645K(7744K)->7645K(7744K) Class: 730K(832K)->730K(832K)
[2025-12-28T19:34:20.010+0100][info][gc             ] GC(134) Pause Young (Normal) (G1 Evacuation Pause) 3691M->11M(6144M) 1.554ms
[2025-12-28T19:34:20.010+0100][info][gc,cpu         ] GC(134) User=0.00s Sys=0.00s Real=0.01s
[2025-12-28T19:34:20.260+0100][info][gc,start       ] GC(135) Pause Young (Normal) (G1 Evacuation Pause)
[2025-12-28T19:34:20.260+0100][info][gc,task        ] GC(135) Using 8 workers of 8 for evacuation
[2025-12-28T19:34:20.262+0100][info][gc,phases      ] GC(135)   Pre Evacuate Collection Set: 0.13ms
[2025-12-28T19:34:20.262+0100][info][gc,phases      ] GC(135)   Merge Heap Roots: 0.11ms
[2025-12-28T19:34:20.262+0100][info][gc,phases      ] GC(135)   Evacuate Collection Set: 0.33ms
[2025-12-28T19:34:20.262+0100][info][gc,phases      ] GC(135)   Post Evacuate Collection Set: 0.98ms
[2025-12-28T19:34:20.262+0100][info][gc,phases      ] GC(135)   Other: 0.09ms
[2025-12-28T19:34:20.262+0100][info][gc,heap        ] GC(135) Eden regions: 920->0(920)
[2025-12-28T19:34:20.262+0100][info][gc,heap        ] GC(135) Survivor regions: 1->1(116)
[2025-12-28T19:34:20.262+0100][info][gc,heap        ] GC(135) Old regions: 8->9
[2025-12-28T19:34:20.262+0100][info][gc,heap        ] GC(135) Humongous regions: 0->0
[2025-12-28T19:34:20.262+0100][info][gc,metaspace   ] GC(135) Metaspace: 8375K(8576K)->8375K(8576K) NonClass: 7645K(7744K)->7645K(7744K) Class: 730K(832K)->730K(832K)
[2025-12-28T19:34:20.262+0100][info][gc             ] GC(135) Pause Young (Normal) (G1 Evacuation Pause) 3691M->11M(6144M) 1.874ms
[2025-12-28T19:34:20.262+0100][info][gc,cpu         ] GC(135) User=0.01s Sys=0.00s Real=0.00s
[2025-12-28T19:34:20.493+0100][info][gc,start       ] GC(136) Pause Young (Normal) (G1 Evacuation Pause)
[2025-12-28T19:34:20.493+0100][info][gc,task        ] GC(136) Using 8 workers of 8 for evacuation
[2025-12-28T19:34:20.495+0100][info][gc,phases      ] GC(136)   Pre Evacuate Collection Set: 0.27ms
[2025-12-28T19:34:20.495+0100][info][gc,phases      ] GC(136)   Merge Heap Roots: 0.15ms
[2025-12-28T19:34:20.495+0100][info][gc,phases      ] GC(136)   Evacuate Collection Set: 0.27ms
[2025-12-28T19:34:20.495+0100][info][gc,phases      ] GC(136)   Post Evacuate Collection Set: 0.91ms
[2025-12-28T19:34:20.495+0100][info][gc,phases      ] GC(136)   Other: 0.38ms
[2025-12-28T19:34:20.495+0100][info][gc,heap        ] GC(136) Eden regions: 920->0(920)
[2025-12-28T19:34:20.495+0100][info][gc,heap        ] GC(136) Survivor regions: 1->1(116)
[2025-12-28T19:34:20.495+0100][info][gc,heap        ] GC(136) Old regions: 9->9
[2025-12-28T19:34:20.495+0100][info][gc,heap        ] GC(136) Humongous regions: 0->0
[2025-12-28T19:34:20.495+0100][info][gc,metaspace   ] GC(136) Metaspace: 8375K(8576K)->8375K(8576K) NonClass: 7645K(7744K)->7645K(7744K) Class: 730K(832K)->730K(832K)
[2025-12-28T19:34:20.495+0100][info][gc             ] GC(136) Pause Young (Normal) (G1 Evacuation Pause) 3691M->11M(6144M) 2.198ms
[2025-12-28T19:34:20.495+0100][info][gc,cpu         ] GC(136) User=0.01s Sys=0.01s Real=0.00s
[2025-12-28T19:34:20.832+0100][info][gc,start       ] GC(137) Pause Young (Normal) (G1 Evacuation Pause)
[2025-12-28T19:34:20.832+0100][info][gc,task        ] GC(137) Using 8 workers of 8 for evacuation
[2025-12-28T19:34:20.833+0100][info][gc,phases      ] GC(137)   Pre Evacuate Collection Set: 0.12ms
[2025-12-28T19:34:20.833+0100][info][gc,phases      ] GC(137)   Merge Heap Roots: 0.10ms
[2025-12-28T19:34:20.833+0100][info][gc,phases      ] GC(137)   Evacuate Collection Set: 0.24ms
[2025-12-28T19:34:20.833+0100][info][gc,phases      ] GC(137)   Post Evacuate Collection Set: 0.60ms
[2025-12-28T19:34:20.833+0100][info][gc,phases      ] GC(137)   Other: 0.09ms
[2025-12-28T19:34:20.833+0100][info][gc,heap        ] GC(137) Eden regions: 920->0(920)
[2025-12-28T19:34:20.833+0100][info][gc,heap        ] GC(137) Survivor regions: 1->1(116)
[2025-12-28T19:34:20.833+0100][info][gc,heap        ] GC(137) Old regions: 9->9
[2025-12-28T19:34:20.833+0100][info][gc,heap        ] GC(137) Humongous regions: 0->0
[2025-12-28T19:34:20.833+0100][info][gc,metaspace   ] GC(137) Metaspace: 8375K(8576K)->8375K(8576K) NonClass: 7645K(7744K)->7645K(7744K) Class: 730K(832K)->730K(832K)
[2025-12-28T19:34:20.833+0100][info][gc             ] GC(137) Pause Young (Normal) (G1 Evacuation Pause) 3691M->11M(6144M) 1.351ms
[2025-12-28T19:34:20.833+0100][info][gc,cpu         ] GC(137) User=0.00s Sys=0.00s Real=0.00s
[2025-12-28T19:34:21.104+0100][info][gc,start       ] GC(138) Pause Young (Normal) (G1 Evacuation Pause)
[2025-12-28T19:34:21.104+0100][info][gc,task        ] GC(138) Using 8 workers of 8 for evacuation
[2025-12-28T19:34:21.105+0100][info][gc,phases      ] GC(138)   Pre Evacuate Collection Set: 0.14ms
[2025-12-28T19:34:21.105+0100][info][gc,phases      ] GC(138)   Merge Heap Roots: 0.15ms
[2025-12-28T19:34:21.105+0100][info][gc,phases      ] GC(138)   Evacuate Collection Set: 0.17ms
[2025-12-28T19:34:21.105+0100][info][gc,phases      ] GC(138)   Post Evacuate Collection Set: 0.62ms
[2025-12-28T19:34:21.105+0100][info][gc,phases      ] GC(138)   Other: 0.09ms
[2025-12-28T19:34:21.105+0100][info][gc,heap        ] GC(138) Eden regions: 920->0(920)
[2025-12-28T19:34:21.105+0100][info][gc,heap        ] GC(138) Survivor regions: 1->1(116)
[2025-12-28T19:34:21.105+0100][info][gc,heap        ] GC(138) Old regions: 9->9
[2025-12-28T19:34:21.105+0100][info][gc,heap        ] GC(138) Humongous regions: 0->0
[2025-12-28T19:34:21.105+0100][info][gc,metaspace   ] GC(138) Metaspace: 8375K(8576K)->8375K(8576K) NonClass: 7645K(7744K)->7645K(7744K) Class: 730K(832K)->730K(832K)
[2025-12-28T19:34:21.105+0100][info][gc             ] GC(138) Pause Young (Normal) (G1 Evacuation Pause) 3691M->11M(6144M) 1.353ms
[2025-12-28T19:34:21.105+0100][info][gc,cpu         ] GC(138) User=0.01s Sys=0.00s Real=0.00s
[2025-12-28T19:34:21.391+0100][info][gc,start       ] GC(139) Pause Young (Normal) (G1 Evacuation Pause)
[2025-12-28T19:34:21.391+0100][info][gc,task        ] GC(139) Using 8 workers of 8 for evacuation
[2025-12-28T19:34:21.392+0100][info][gc,phases      ] GC(139)   Pre Evacuate Collection Set: 0.10ms
[2025-12-28T19:34:21.392+0100][info][gc,phases      ] GC(139)   Merge Heap Roots: 0.10ms
[2025-12-28T19:34:21.392+0100][info][gc,phases      ] GC(139)   Evacuate Collection Set: 0.17ms
[2025-12-28T19:34:21.392+0100][info][gc,phases      ] GC(139)   Post Evacuate Collection Set: 0.54ms
[2025-12-28T19:34:21.392+0100][info][gc,phases      ] GC(139)   Other: 0.08ms
[2025-12-28T19:34:21.392+0100][info][gc,heap        ] GC(139) Eden regions: 920->0(920)
[2025-12-28T19:34:21.392+0100][info][gc,heap        ] GC(139) Survivor regions: 1->1(116)
[2025-12-28T19:34:21.392+0100][info][gc,heap        ] GC(139) Old regions: 9->9
[2025-12-28T19:34:21.392+0100][info][gc,heap        ] GC(139) Humongous regions: 0->0
[2025-12-28T19:34:21.392+0100][info][gc,metaspace   ] GC(139) Metaspace: 8375K(8576K)->8375K(8576K) NonClass: 7645K(7744K)->7645K(7744K) Class: 730K(832K)->730K(832K)
[2025-12-28T19:34:21.392+0100][info][gc             ] GC(139) Pause Young (Normal) (G1 Evacuation Pause) 3691M->11M(6144M) 1.140ms
[2025-12-28T19:34:21.392+0100][info][gc,cpu         ] GC(139) User=0.01s Sys=0.00s Real=0.00s
[2025-12-28T19:34:21.574+0100][info][gc,start       ] GC(140) Pause Young (Normal) (G1 Evacuation Pause)
[2025-12-28T19:34:21.574+0100][info][gc,task        ] GC(140) Using 8 workers of 8 for evacuation
[2025-12-28T19:34:21.575+0100][info][gc,phases      ] GC(140)   Pre Evacuate Collection Set: 0.21ms
[2025-12-28T19:34:21.575+0100][info][gc,phases      ] GC(140)   Merge Heap Roots: 0.10ms
[2025-12-28T19:34:21.575+0100][info][gc,phases      ] GC(140)   Evacuate Collection Set: 0.24ms
[2025-12-28T19:34:21.575+0100][info][gc,phases      ] GC(140)   Post Evacuate Collection Set: 0.63ms
[2025-12-28T19:34:21.575+0100][info][gc,phases      ] GC(140)   Other: 0.09ms
[2025-12-28T19:34:21.575+0100][info][gc,heap        ] GC(140) Eden regions: 920->0(920)
[2025-12-28T19:34:21.575+0100][info][gc,heap        ] GC(140) Survivor regions: 1->1(116)
[2025-12-28T19:34:21.575+0100][info][gc,heap        ] GC(140) Old regions: 9->9
[2025-12-28T19:34:21.576+0100][info][gc,heap        ] GC(140) Humongous regions: 0->0
[2025-12-28T19:34:21.576+0100][info][gc,metaspace   ] GC(140) Metaspace: 8375K(8576K)->8375K(8576K) NonClass: 7645K(7744K)->7645K(7744K) Class: 730K(832K)->730K(832K)
[2025-12-28T19:34:21.576+0100][info][gc             ] GC(140) Pause Young (Normal) (G1 Evacuation Pause) 3691M->11M(6144M) 1.463ms
[2025-12-28T19:34:21.576+0100][info][gc,cpu         ] GC(140) User=0.01s Sys=0.00s Real=0.00s
[2025-12-28T19:34:21.857+0100][info][gc,start       ] GC(141) Pause Young (Normal) (G1 Evacuation Pause)
[2025-12-28T19:34:21.857+0100][info][gc,task        ] GC(141) Using 8 workers of 8 for evacuation
[2025-12-28T19:34:21.859+0100][info][gc,phases      ] GC(141)   Pre Evacuate Collection Set: 0.24ms
[2025-12-28T19:34:21.859+0100][info][gc,phases      ] GC(141)   Merge Heap Roots: 0.11ms
[2025-12-28T19:34:21.859+0100][info][gc,phases      ] GC(141)   Evacuate Collection Set: 0.33ms
[2025-12-28T19:34:21.859+0100][info][gc,phases      ] GC(141)   Post Evacuate Collection Set: 0.75ms
[2025-12-28T19:34:21.859+0100][info][gc,phases      ] GC(141)   Other: 0.11ms
[2025-12-28T19:34:21.859+0100][info][gc,heap        ] GC(141) Eden regions: 920->0(920)
[2025-12-28T19:34:21.859+0100][info][gc,heap        ] GC(141) Survivor regions: 1->1(116)
[2025-12-28T19:34:21.859+0100][info][gc,heap        ] GC(141) Old regions: 9->9
[2025-12-28T19:34:21.859+0100][info][gc,heap        ] GC(141) Humongous regions: 0->0
[2025-12-28T19:34:21.859+0100][info][gc,metaspace   ] GC(141) Metaspace: 8375K(8576K)->8375K(8576K) NonClass: 7645K(7744K)->7645K(7744K) Class: 730K(832K)->730K(832K)
[2025-12-28T19:34:21.859+0100][info][gc             ] GC(141) Pause Young (Normal) (G1 Evacuation Pause) 3691M->11M(6144M) 1.688ms
[2025-12-28T19:34:21.859+0100][info][gc,cpu         ] GC(141) User=0.01s Sys=0.00s Real=0.00s
[2025-12-28T19:34:22.264+0100][info][gc,start       ] GC(142) Pause Young (Normal) (G1 Evacuation Pause)
[2025-12-28T19:34:22.264+0100][info][gc,task        ] GC(142) Using 8 workers of 8 for evacuation
[2025-12-28T19:34:22.265+0100][info][gc,phases      ] GC(142)   Pre Evacuate Collection Set: 0.13ms
[2025-12-28T19:34:22.265+0100][info][gc,phases      ] GC(142)   Merge Heap Roots: 0.06ms
[2025-12-28T19:34:22.265+0100][info][gc,phases      ] GC(142)   Evacuate Collection Set: 0.17ms
[2025-12-28T19:34:22.265+0100][info][gc,phases      ] GC(142)   Post Evacuate Collection Set: 0.59ms
[2025-12-28T19:34:22.265+0100][info][gc,phases      ] GC(142)   Other: 0.08ms
[2025-12-28T19:34:22.265+0100][info][gc,heap        ] GC(142) Eden regions: 920->0(920)
[2025-12-28T19:34:22.265+0100][info][gc,heap        ] GC(142) Survivor regions: 1->1(116)
[2025-12-28T19:34:22.265+0100][info][gc,heap        ] GC(142) Old regions: 9->9
[2025-12-28T19:34:22.265+0100][info][gc,heap        ] GC(142) Humongous regions: 0->0
[2025-12-28T19:34:22.265+0100][info][gc,metaspace   ] GC(142) Metaspace: 8375K(8576K)->8375K(8576K) NonClass: 7645K(7744K)->7645K(7744K) Class: 730K(832K)->730K(832K)
[2025-12-28T19:34:22.265+0100][info][gc             ] GC(142) Pause Young (Normal) (G1 Evacuation Pause) 3691M->11M(6144M) 1.178ms
[2025-12-28T19:34:22.265+0100][info][gc,cpu         ] GC(142) User=0.00s Sys=0.00s Real=0.00s
[2025-12-28T19:34:22.812+0100][info][gc,start       ] GC(143) Pause Young (Normal) (G1 Evacuation Pause)
[2025-12-28T19:34:22.812+0100][info][gc,task        ] GC(143) Using 8 workers of 8 for evacuation
[2025-12-28T19:34:22.813+0100][info][gc,phases      ] GC(143)   Pre Evacuate Collection Set: 0.15ms
[2025-12-28T19:34:22.813+0100][info][gc,phases      ] GC(143)   Merge Heap Roots: 0.10ms
[2025-12-28T19:34:22.813+0100][info][gc,phases      ] GC(143)   Evacuate Collection Set: 0.20ms
[2025-12-28T19:34:22.813+0100][info][gc,phases      ] GC(143)   Post Evacuate Collection Set: 0.58ms
[2025-12-28T19:34:22.813+0100][info][gc,phases      ] GC(143)   Other: 0.09ms
[2025-12-28T19:34:22.813+0100][info][gc,heap        ] GC(143) Eden regions: 920->0(920)
[2025-12-28T19:34:22.813+0100][info][gc,heap        ] GC(143) Survivor regions: 1->1(116)
[2025-12-28T19:34:22.813+0100][info][gc,heap        ] GC(143) Old regions: 9->9
[2025-12-28T19:34:22.813+0100][info][gc,heap        ] GC(143) Humongous regions: 0->0
[2025-12-28T19:34:22.813+0100][info][gc,metaspace   ] GC(143) Metaspace: 8375K(8576K)->8375K(8576K) NonClass: 7645K(7744K)->7645K(7744K) Class: 730K(832K)->730K(832K)
[2025-12-28T19:34:22.813+0100][info][gc             ] GC(143) Pause Young (Normal) (G1 Evacuation Pause) 3691M->11M(6144M) 1.257ms
[2025-12-28T19:34:22.813+0100][info][gc,cpu         ] GC(143) User=0.01s Sys=0.00s Real=0.00s
[2025-12-28T19:34:23.024+0100][info][gc,start       ] GC(144) Pause Young (Normal) (G1 Evacuation Pause)
[2025-12-28T19:34:23.024+0100][info][gc,task        ] GC(144) Using 8 workers of 8 for evacuation
[2025-12-28T19:34:23.026+0100][info][gc,phases      ] GC(144)   Pre Evacuate Collection Set: 0.21ms
[2025-12-28T19:34:23.026+0100][info][gc,phases      ] GC(144)   Merge Heap Roots: 0.05ms
[2025-12-28T19:34:23.026+0100][info][gc,phases      ] GC(144)   Evacuate Collection Set: 0.22ms
[2025-12-28T19:34:23.026+0100][info][gc,phases      ] GC(144)   Post Evacuate Collection Set: 0.53ms
[2025-12-28T19:34:23.026+0100][info][gc,phases      ] GC(144)   Other: 0.08ms
[2025-12-28T19:34:23.026+0100][info][gc,heap        ] GC(144) Eden regions: 920->0(920)
[2025-12-28T19:34:23.026+0100][info][gc,heap        ] GC(144) Survivor regions: 1->1(116)
[2025-12-28T19:34:23.026+0100][info][gc,heap        ] GC(144) Old regions: 9->9
[2025-12-28T19:34:23.026+0100][info][gc,heap        ] GC(144) Humongous regions: 0->0
[2025-12-28T19:34:23.026+0100][info][gc,metaspace   ] GC(144) Metaspace: 8375K(8576K)->8375K(8576K) NonClass: 7645K(7744K)->7645K(7744K) Class: 730K(832K)->730K(832K)
[2025-12-28T19:34:23.026+0100][info][gc             ] GC(144) Pause Young (Normal) (G1 Evacuation Pause) 3691M->11M(6144M) 1.226ms
[2025-12-28T19:34:23.026+0100][info][gc,cpu         ] GC(144) User=0.01s Sys=0.00s Real=0.00s
[2025-12-28T19:34:23.244+0100][info][gc,start       ] GC(145) Pause Young (Normal) (G1 Evacuation Pause)
[2025-12-28T19:34:23.244+0100][info][gc,task        ] GC(145) Using 8 workers of 8 for evacuation
[2025-12-28T19:34:23.245+0100][info][gc,phases      ] GC(145)   Pre Evacuate Collection Set: 0.21ms
[2025-12-28T19:34:23.245+0100][info][gc,phases      ] GC(145)   Merge Heap Roots: 0.15ms
[2025-12-28T19:34:23.245+0100][info][gc,phases      ] GC(145)   Evacuate Collection Set: 0.19ms
[2025-12-28T19:34:23.245+0100][info][gc,phases      ] GC(145)   Post Evacuate Collection Set: 0.52ms
[2025-12-28T19:34:23.245+0100][info][gc,phases      ] GC(145)   Other: 0.08ms
[2025-12-28T19:34:23.245+0100][info][gc,heap        ] GC(145) Eden regions: 920->0(920)
[2025-12-28T19:34:23.245+0100][info][gc,heap        ] GC(145) Survivor regions: 1->1(116)
[2025-12-28T19:34:23.245+0100][info][gc,heap        ] GC(145) Old regions: 9->9
[2025-12-28T19:34:23.245+0100][info][gc,heap        ] GC(145) Humongous regions: 0->0
[2025-12-28T19:34:23.245+0100][info][gc,metaspace   ] GC(145) Metaspace: 8402K(8640K)->8402K(8640K) NonClass: 7672K(7808K)->7672K(7808K) Class: 730K(832K)->730K(832K)
[2025-12-28T19:34:23.245+0100][info][gc             ] GC(145) Pause Young (Normal) (G1 Evacuation Pause) 3691M->11M(6144M) 1.268ms
[2025-12-28T19:34:23.245+0100][info][gc,cpu         ] GC(145) User=0.00s Sys=0.00s Real=0.00s
[2025-12-28T19:34:23.512+0100][info][gc,start       ] GC(146) Pause Young (Normal) (G1 Evacuation Pause)
[2025-12-28T19:34:23.512+0100][info][gc,task        ] GC(146) Using 8 workers of 8 for evacuation
[2025-12-28T19:34:23.513+0100][info][gc,phases      ] GC(146)   Pre Evacuate Collection Set: 0.28ms
[2025-12-28T19:34:23.513+0100][info][gc,phases      ] GC(146)   Merge Heap Roots: 0.16ms
[2025-12-28T19:34:23.513+0100][info][gc,phases      ] GC(146)   Evacuate Collection Set: 0.28ms
[2025-12-28T19:34:23.513+0100][info][gc,phases      ] GC(146)   Post Evacuate Collection Set: 0.87ms
[2025-12-28T19:34:23.513+0100][info][gc,phases      ] GC(146)   Other: 0.08ms
[2025-12-28T19:34:23.513+0100][info][gc,heap        ] GC(146) Eden regions: 920->0(920)
[2025-12-28T19:34:23.514+0100][info][gc,heap        ] GC(146) Survivor regions: 1->1(116)
[2025-12-28T19:34:23.514+0100][info][gc,heap        ] GC(146) Old regions: 9->9
[2025-12-28T19:34:23.514+0100][info][gc,heap        ] GC(146) Humongous regions: 0->0
[2025-12-28T19:34:23.514+0100][info][gc,metaspace   ] GC(146) Metaspace: 8404K(8640K)->8404K(8640K) NonClass: 7674K(7808K)->7674K(7808K) Class: 730K(832K)->730K(832K)
[2025-12-28T19:34:23.514+0100][info][gc             ] GC(146) Pause Young (Normal) (G1 Evacuation Pause) 3691M->11M(6144M) 2.127ms
[2025-12-28T19:34:23.514+0100][info][gc,cpu         ] GC(146) User=0.01s Sys=0.01s Real=0.00s
[2025-12-28T19:34:25.046+0100][info][gc,start       ] GC(147) Pause Young (Normal) (G1 Evacuation Pause)
[2025-12-28T19:34:25.046+0100][info][gc,task        ] GC(147) Using 8 workers of 8 for evacuation
[2025-12-28T19:34:25.048+0100][info][gc,phases      ] GC(147)   Pre Evacuate Collection Set: 0.34ms
[2025-12-28T19:34:25.048+0100][info][gc,phases      ] GC(147)   Merge Heap Roots: 0.24ms
[2025-12-28T19:34:25.048+0100][info][gc,phases      ] GC(147)   Evacuate Collection Set: 0.44ms
[2025-12-28T19:34:25.048+0100][info][gc,phases      ] GC(147)   Post Evacuate Collection Set: 0.78ms
[2025-12-28T19:34:25.048+0100][info][gc,phases      ] GC(147)   Other: 0.14ms
[2025-12-28T19:34:25.048+0100][info][gc,heap        ] GC(147) Eden regions: 920->0(920)
[2025-12-28T19:34:25.048+0100][info][gc,heap        ] GC(147) Survivor regions: 1->1(116)
[2025-12-28T19:34:25.048+0100][info][gc,heap        ] GC(147) Old regions: 9->9
[2025-12-28T19:34:25.048+0100][info][gc,heap        ] GC(147) Humongous regions: 0->0
[2025-12-28T19:34:25.048+0100][info][gc,metaspace   ] GC(147) Metaspace: 8404K(8640K)->8404K(8640K) NonClass: 7674K(7808K)->7674K(7808K) Class: 730K(832K)->730K(832K)
[2025-12-28T19:34:25.048+0100][info][gc             ] GC(147) Pause Young (Normal) (G1 Evacuation Pause) 3691M->11M(6144M) 2.131ms
[2025-12-28T19:34:25.048+0100][info][gc,cpu         ] GC(147) User=0.00s Sys=0.01s Real=0.00s
[2025-12-28T19:34:25.965+0100][info][gc,start       ] GC(148) Pause Young (Normal) (G1 Evacuation Pause)
[2025-12-28T19:34:25.965+0100][info][gc,task        ] GC(148) Using 8 workers of 8 for evacuation
[2025-12-28T19:34:25.966+0100][info][gc,phases      ] GC(148)   Pre Evacuate Collection Set: 0.11ms
[2025-12-28T19:34:25.966+0100][info][gc,phases      ] GC(148)   Merge Heap Roots: 0.10ms
[2025-12-28T19:34:25.966+0100][info][gc,phases      ] GC(148)   Evacuate Collection Set: 0.17ms
[2025-12-28T19:34:25.966+0100][info][gc,phases      ] GC(148)   Post Evacuate Collection Set: 0.62ms
[2025-12-28T19:34:25.966+0100][info][gc,phases      ] GC(148)   Other: 0.09ms
[2025-12-28T19:34:25.966+0100][info][gc,heap        ] GC(148) Eden regions: 920->0(920)
[2025-12-28T19:34:25.966+0100][info][gc,heap        ] GC(148) Survivor regions: 1->1(116)
[2025-12-28T19:34:25.966+0100][info][gc,heap        ] GC(148) Old regions: 9->9
[2025-12-28T19:34:25.966+0100][info][gc,heap        ] GC(148) Humongous regions: 0->0
[2025-12-28T19:34:25.966+0100][info][gc,metaspace   ] GC(148) Metaspace: 8404K(8640K)->8404K(8640K) NonClass: 7674K(7808K)->7674K(7808K) Class: 730K(832K)->730K(832K)
[2025-12-28T19:34:25.966+0100][info][gc             ] GC(148) Pause Young (Normal) (G1 Evacuation Pause) 3691M->11M(6144M) 1.474ms
[2025-12-28T19:34:25.966+0100][info][gc,cpu         ] GC(148) User=0.01s Sys=0.00s Real=0.00s
[2025-12-28T19:34:26.212+0100][info][gc,start       ] GC(149) Pause Young (Normal) (G1 Evacuation Pause)
[2025-12-28T19:34:26.212+0100][info][gc,task        ] GC(149) Using 8 workers of 8 for evacuation
[2025-12-28T19:34:26.213+0100][info][gc,phases      ] GC(149)   Pre Evacuate Collection Set: 0.20ms
[2025-12-28T19:34:26.213+0100][info][gc,phases      ] GC(149)   Merge Heap Roots: 0.07ms
[2025-12-28T19:34:26.213+0100][info][gc,phases      ] GC(149)   Evacuate Collection Set: 0.29ms
[2025-12-28T19:34:26.213+0100][info][gc,phases      ] GC(149)   Post Evacuate Collection Set: 0.64ms
[2025-12-28T19:34:26.213+0100][info][gc,phases      ] GC(149)   Other: 0.08ms
[2025-12-28T19:34:26.213+0100][info][gc,heap        ] GC(149) Eden regions: 920->0(920)
[2025-12-28T19:34:26.213+0100][info][gc,heap        ] GC(149) Survivor regions: 1->1(116)
[2025-12-28T19:34:26.213+0100][info][gc,heap        ] GC(149) Old regions: 9->9
[2025-12-28T19:34:26.213+0100][info][gc,heap        ] GC(149) Humongous regions: 0->0
[2025-12-28T19:34:26.213+0100][info][gc,metaspace   ] GC(149) Metaspace: 8404K(8640K)->8404K(8640K) NonClass: 7674K(7808K)->7674K(7808K) Class: 730K(832K)->730K(832K)
[2025-12-28T19:34:26.213+0100][info][gc             ] GC(149) Pause Young (Normal) (G1 Evacuation Pause) 3691M->11M(6144M) 1.459ms
[2025-12-28T19:34:26.213+0100][info][gc,cpu         ] GC(149) User=0.00s Sys=0.00s Real=0.00s
[2025-12-28T19:34:26.479+0100][info][gc,start       ] GC(150) Pause Young (Normal) (G1 Evacuation Pause)
[2025-12-28T19:34:26.479+0100][info][gc,task        ] GC(150) Using 8 workers of 8 for evacuation
[2025-12-28T19:34:26.485+0100][info][gc,phases      ] GC(150)   Pre Evacuate Collection Set: 0.16ms
[2025-12-28T19:34:26.485+0100][info][gc,phases      ] GC(150)   Merge Heap Roots: 4.86ms
[2025-12-28T19:34:26.485+0100][info][gc,phases      ] GC(150)   Evacuate Collection Set: 0.40ms
[2025-12-28T19:34:26.485+0100][info][gc,phases      ] GC(150)   Post Evacuate Collection Set: 1.08ms
[2025-12-28T19:34:26.485+0100][info][gc,phases      ] GC(150)   Other: 0.09ms
[2025-12-28T19:34:26.485+0100][info][gc,heap        ] GC(150) Eden regions: 920->0(920)
[2025-12-28T19:34:26.485+0100][info][gc,heap        ] GC(150) Survivor regions: 1->1(116)
[2025-12-28T19:34:26.485+0100][info][gc,heap        ] GC(150) Old regions: 9->9
[2025-12-28T19:34:26.485+0100][info][gc,heap        ] GC(150) Humongous regions: 0->0
[2025-12-28T19:34:26.485+0100][info][gc,metaspace   ] GC(150) Metaspace: 8404K(8640K)->8404K(8640K) NonClass: 7674K(7808K)->7674K(7808K) Class: 730K(832K)->730K(832K)
[2025-12-28T19:34:26.485+0100][info][gc             ] GC(150) Pause Young (Normal) (G1 Evacuation Pause) 3691M->11M(6144M) 6.844ms
[2025-12-28T19:34:26.485+0100][info][gc,cpu         ] GC(150) User=0.01s Sys=0.00s Real=0.01s
[2025-12-28T19:34:27.308+0100][info][gc,start       ] GC(151) Pause Young (Normal) (G1 Evacuation Pause)
[2025-12-28T19:34:27.308+0100][info][gc,task        ] GC(151) Using 8 workers of 8 for evacuation
[2025-12-28T19:34:27.310+0100][info][gc,phases      ] GC(151)   Pre Evacuate Collection Set: 0.37ms
[2025-12-28T19:34:27.310+0100][info][gc,phases      ] GC(151)   Merge Heap Roots: 0.18ms
[2025-12-28T19:34:27.310+0100][info][gc,phases      ] GC(151)   Evacuate Collection Set: 0.38ms
[2025-12-28T19:34:27.310+0100][info][gc,phases      ] GC(151)   Post Evacuate Collection Set: 0.72ms
[2025-12-28T19:34:27.310+0100][info][gc,phases      ] GC(151)   Other: 0.13ms
[2025-12-28T19:34:27.310+0100][info][gc,heap        ] GC(151) Eden regions: 920->0(920)
[2025-12-28T19:34:27.310+0100][info][gc,heap        ] GC(151) Survivor regions: 1->1(116)
[2025-12-28T19:34:27.310+0100][info][gc,heap        ] GC(151) Old regions: 9->9
[2025-12-28T19:34:27.310+0100][info][gc,heap        ] GC(151) Humongous regions: 0->0
[2025-12-28T19:34:27.310+0100][info][gc,metaspace   ] GC(151) Metaspace: 8404K(8640K)->8404K(8640K) NonClass: 7674K(7808K)->7674K(7808K) Class: 730K(832K)->730K(832K)
[2025-12-28T19:34:27.310+0100][info][gc             ] GC(151) Pause Young (Normal) (G1 Evacuation Pause) 3691M->11M(6144M) 1.957ms
[2025-12-28T19:34:27.310+0100][info][gc,cpu         ] GC(151) User=0.00s Sys=0.01s Real=0.01s
[2025-12-28T19:34:29.087+0100][info][gc,start       ] GC(152) Pause Young (Normal) (G1 Evacuation Pause)
[2025-12-28T19:34:29.088+0100][info][gc,task        ] GC(152) Using 8 workers of 8 for evacuation
[2025-12-28T19:34:29.092+0100][info][gc,phases      ] GC(152)   Pre Evacuate Collection Set: 0.99ms
[2025-12-28T19:34:29.092+0100][info][gc,phases      ] GC(152)   Merge Heap Roots: 0.56ms
[2025-12-28T19:34:29.092+0100][info][gc,phases      ] GC(152)   Evacuate Collection Set: 0.73ms
[2025-12-28T19:34:29.092+0100][info][gc,phases      ] GC(152)   Post Evacuate Collection Set: 2.21ms
[2025-12-28T19:34:29.092+0100][info][gc,phases      ] GC(152)   Other: 0.25ms
[2025-12-28T19:34:29.092+0100][info][gc,heap        ] GC(152) Eden regions: 920->0(920)
[2025-12-28T19:34:29.092+0100][info][gc,heap        ] GC(152) Survivor regions: 1->1(116)
[2025-12-28T19:34:29.092+0100][info][gc,heap        ] GC(152) Old regions: 9->9
[2025-12-28T19:34:29.093+0100][info][gc,heap        ] GC(152) Humongous regions: 0->0
[2025-12-28T19:34:29.093+0100][info][gc,metaspace   ] GC(152) Metaspace: 8404K(8640K)->8404K(8640K) NonClass: 7674K(7808K)->7674K(7808K) Class: 730K(832K)->730K(832K)
[2025-12-28T19:34:29.093+0100][info][gc             ] GC(152) Pause Young (Normal) (G1 Evacuation Pause) 3691M->11M(6144M) 5.132ms
[2025-12-28T19:34:29.093+0100][info][gc,cpu         ] GC(152) User=0.00s Sys=0.01s Real=0.01s
[2025-12-28T19:34:30.860+0100][info][gc,start       ] GC(153) Pause Young (Normal) (G1 Evacuation Pause)
[2025-12-28T19:34:30.861+0100][info][gc,task        ] GC(153) Using 8 workers of 8 for evacuation
[2025-12-28T19:34:30.867+0100][info][gc,phases      ] GC(153)   Pre Evacuate Collection Set: 1.19ms
[2025-12-28T19:34:30.867+0100][info][gc,phases      ] GC(153)   Merge Heap Roots: 0.22ms
[2025-12-28T19:34:30.867+0100][info][gc,phases      ] GC(153)   Evacuate Collection Set: 1.23ms
[2025-12-28T19:34:30.867+0100][info][gc,phases      ] GC(153)   Post Evacuate Collection Set: 2.93ms
[2025-12-28T19:34:30.867+0100][info][gc,phases      ] GC(153)   Other: 0.74ms
[2025-12-28T19:34:30.867+0100][info][gc,heap        ] GC(153) Eden regions: 920->0(920)
[2025-12-28T19:34:30.867+0100][info][gc,heap        ] GC(153) Survivor regions: 1->1(116)
[2025-12-28T19:34:30.867+0100][info][gc,heap        ] GC(153) Old regions: 9->9
[2025-12-28T19:34:30.867+0100][info][gc,heap        ] GC(153) Humongous regions: 0->0
[2025-12-28T19:34:30.867+0100][info][gc,metaspace   ] GC(153) Metaspace: 8404K(8640K)->8404K(8640K) NonClass: 7674K(7808K)->7674K(7808K) Class: 730K(832K)->730K(832K)
[2025-12-28T19:34:30.867+0100][info][gc             ] GC(153) Pause Young (Normal) (G1 Evacuation Pause) 3691M->11M(6144M) 6.672ms
[2025-12-28T19:34:30.867+0100][info][gc,cpu         ] GC(153) User=0.00s Sys=0.01s Real=0.00s
[2025-12-28T19:34:32.659+0100][info][gc,start       ] GC(154) Pause Young (Normal) (G1 Evacuation Pause)
[2025-12-28T19:34:32.659+0100][info][gc,task        ] GC(154) Using 8 workers of 8 for evacuation
[2025-12-28T19:34:32.662+0100][info][gc,phases      ] GC(154)   Pre Evacuate Collection Set: 0.54ms
[2025-12-28T19:34:32.662+0100][info][gc,phases      ] GC(154)   Merge Heap Roots: 0.23ms
[2025-12-28T19:34:32.662+0100][info][gc,phases      ] GC(154)   Evacuate Collection Set: 0.92ms
[2025-12-28T19:34:32.662+0100][info][gc,phases      ] GC(154)   Post Evacuate Collection Set: 0.95ms
[2025-12-28T19:34:32.662+0100][info][gc,phases      ] GC(154)   Other: 0.22ms
[2025-12-28T19:34:32.662+0100][info][gc,heap        ] GC(154) Eden regions: 920->0(920)
[2025-12-28T19:34:32.662+0100][info][gc,heap        ] GC(154) Survivor regions: 1->1(116)
[2025-12-28T19:34:32.662+0100][info][gc,heap        ] GC(154) Old regions: 9->9
[2025-12-28T19:34:32.662+0100][info][gc,heap        ] GC(154) Humongous regions: 0->0
[2025-12-28T19:34:32.662+0100][info][gc,metaspace   ] GC(154) Metaspace: 8404K(8640K)->8404K(8640K) NonClass: 7674K(7808K)->7674K(7808K) Class: 730K(832K)->730K(832K)
[2025-12-28T19:34:32.662+0100][info][gc             ] GC(154) Pause Young (Normal) (G1 Evacuation Pause) 3691M->11M(6144M) 3.376ms
[2025-12-28T19:34:32.662+0100][info][gc,cpu         ] GC(154) User=0.01s Sys=0.01s Real=0.01s
[2025-12-28T19:34:34.378+0100][info][gc,start       ] GC(155) Pause Young (Normal) (G1 Evacuation Pause)
[2025-12-28T19:34:34.378+0100][info][gc,task        ] GC(155) Using 8 workers of 8 for evacuation
[2025-12-28T19:34:34.380+0100][info][gc,phases      ] GC(155)   Pre Evacuate Collection Set: 0.36ms
[2025-12-28T19:34:34.380+0100][info][gc,phases      ] GC(155)   Merge Heap Roots: 0.22ms
[2025-12-28T19:34:34.380+0100][info][gc,phases      ] GC(155)   Evacuate Collection Set: 0.41ms
[2025-12-28T19:34:34.380+0100][info][gc,phases      ] GC(155)   Post Evacuate Collection Set: 0.85ms
[2025-12-28T19:34:34.380+0100][info][gc,phases      ] GC(155)   Other: 0.15ms
[2025-12-28T19:34:34.380+0100][info][gc,heap        ] GC(155) Eden regions: 920->0(920)
[2025-12-28T19:34:34.380+0100][info][gc,heap        ] GC(155) Survivor regions: 1->1(116)
[2025-12-28T19:34:34.380+0100][info][gc,heap        ] GC(155) Old regions: 9->9
[2025-12-28T19:34:34.380+0100][info][gc,heap        ] GC(155) Humongous regions: 0->0
[2025-12-28T19:34:34.381+0100][info][gc,metaspace   ] GC(155) Metaspace: 8404K(8640K)->8404K(8640K) NonClass: 7674K(7808K)->7674K(7808K) Class: 730K(832K)->730K(832K)
[2025-12-28T19:34:34.381+0100][info][gc             ] GC(155) Pause Young (Normal) (G1 Evacuation Pause) 3691M->11M(6144M) 2.182ms
[2025-12-28T19:34:34.381+0100][info][gc,cpu         ] GC(155) User=0.00s Sys=0.01s Real=0.01s
[2025-12-28T19:34:36.166+0100][info][gc,start       ] GC(156) Pause Young (Normal) (G1 Evacuation Pause)
[2025-12-28T19:34:36.166+0100][info][gc,task        ] GC(156) Using 8 workers of 8 for evacuation
[2025-12-28T19:34:36.168+0100][info][gc,phases      ] GC(156)   Pre Evacuate Collection Set: 0.30ms
[2025-12-28T19:34:36.168+0100][info][gc,phases      ] GC(156)   Merge Heap Roots: 0.17ms
[2025-12-28T19:34:36.168+0100][info][gc,phases      ] GC(156)   Evacuate Collection Set: 0.39ms
[2025-12-28T19:34:36.168+0100][info][gc,phases      ] GC(156)   Post Evacuate Collection Set: 0.87ms
[2025-12-28T19:34:36.168+0100][info][gc,phases      ] GC(156)   Other: 0.12ms
[2025-12-28T19:34:36.168+0100][info][gc,heap        ] GC(156) Eden regions: 920->0(920)
[2025-12-28T19:34:36.168+0100][info][gc,heap        ] GC(156) Survivor regions: 1->1(116)
[2025-12-28T19:34:36.168+0100][info][gc,heap        ] GC(156) Old regions: 9->9
[2025-12-28T19:34:36.168+0100][info][gc,heap        ] GC(156) Humongous regions: 0->0
[2025-12-28T19:34:36.168+0100][info][gc,metaspace   ] GC(156) Metaspace: 8404K(8640K)->8404K(8640K) NonClass: 7674K(7808K)->7674K(7808K) Class: 730K(832K)->730K(832K)
[2025-12-28T19:34:36.168+0100][info][gc             ] GC(156) Pause Young (Normal) (G1 Evacuation Pause) 3691M->11M(6144M) 2.044ms
[2025-12-28T19:34:36.168+0100][info][gc,cpu         ] GC(156) User=0.00s Sys=0.00s Real=0.00s
[2025-12-28T19:34:37.214+0100][info][gc,start       ] GC(157) Pause Full (System.gc())
[2025-12-28T19:34:37.214+0100][info][gc,task        ] GC(157) Using 8 workers of 8 for full compaction
[2025-12-28T19:34:37.215+0100][info][gc,phases,start] GC(157) Phase 1: Mark live objects
[2025-12-28T19:34:37.220+0100][info][gc,phases      ] GC(157) Phase 1: Mark live objects 5.146ms
[2025-12-28T19:34:37.220+0100][info][gc,phases,start] GC(157) Phase 2: Prepare compaction
[2025-12-28T19:34:37.232+0100][info][gc,phases      ] GC(157) Phase 2: Prepare compaction 11.877ms
[2025-12-28T19:34:37.232+0100][info][gc,phases,start] GC(157) Phase 3: Adjust pointers
[2025-12-28T19:34:37.235+0100][info][gc,phases      ] GC(157) Phase 3: Adjust pointers 3.246ms
[2025-12-28T19:34:37.235+0100][info][gc,phases,start] GC(157) Phase 4: Compact heap
[2025-12-28T19:34:37.238+0100][info][gc,phases      ] GC(157) Phase 4: Compact heap 2.575ms
[2025-12-28T19:34:37.238+0100][info][gc,phases,start] GC(157) Phase 5: Reset Metadata
[2025-12-28T19:34:37.240+0100][info][gc,phases      ] GC(157) Phase 5: Reset Metadata 2.606ms
[2025-12-28T19:34:37.322+0100][info][gc,heap        ] GC(157) Eden regions: 499->0(921)
[2025-12-28T19:34:37.322+0100][info][gc,heap        ] GC(157) Survivor regions: 1->0(116)
[2025-12-28T19:34:37.322+0100][info][gc,heap        ] GC(157) Old regions: 9->8
[2025-12-28T19:34:37.322+0100][info][gc,heap        ] GC(157) Humongous regions: 0->0
[2025-12-28T19:34:37.322+0100][info][gc,metaspace   ] GC(157) Metaspace: 8404K(8640K)->8404K(8640K) NonClass: 7674K(7808K)->7674K(7808K) Class: 730K(832K)->730K(832K)
[2025-12-28T19:34:37.322+0100][info][gc             ] GC(157) Pause Full (System.gc()) 2005M->10M(6144M) 108.142ms
[2025-12-28T19:34:37.322+0100][info][gc,cpu         ] GC(157) User=0.03s Sys=0.07s Real=0.11s
[2025-12-28T19:34:37.323+0100][info][gc,start       ] GC(158) Pause Full (System.gc())
[2025-12-28T19:34:37.323+0100][info][gc,task        ] GC(158) Using 8 workers of 8 for full compaction
[2025-12-28T19:34:37.324+0100][info][gc,phases,start] GC(158) Phase 1: Mark live objects
[2025-12-28T19:34:37.328+0100][info][gc,phases      ] GC(158) Phase 1: Mark live objects 4.879ms
[2025-12-28T19:34:37.328+0100][info][gc,phases,start] GC(158) Phase 2: Prepare compaction
[2025-12-28T19:34:37.329+0100][info][gc,phases      ] GC(158) Phase 2: Prepare compaction 0.947ms
[2025-12-28T19:34:37.329+0100][info][gc,phases,start] GC(158) Phase 3: Adjust pointers
[2025-12-28T19:34:37.332+0100][info][gc,phases      ] GC(158) Phase 3: Adjust pointers 2.699ms
[2025-12-28T19:34:37.332+0100][info][gc,phases,start] GC(158) Phase 4: Compact heap
[2025-12-28T19:34:37.333+0100][info][gc,phases      ] GC(158) Phase 4: Compact heap 0.656ms
[2025-12-28T19:34:37.333+0100][info][gc,phases,start] GC(158) Phase 5: Reset Metadata
[2025-12-28T19:34:37.334+0100][info][gc,phases      ] GC(158) Phase 5: Reset Metadata 1.084ms
[2025-12-28T19:34:37.341+0100][info][gc,heap        ] GC(158) Eden regions: 1->0(921)
[2025-12-28T19:34:37.341+0100][info][gc,heap        ] GC(158) Survivor regions: 0->0(116)
[2025-12-28T19:34:37.341+0100][info][gc,heap        ] GC(158) Old regions: 8->8
[2025-12-28T19:34:37.341+0100][info][gc,heap        ] GC(158) Humongous regions: 0->0
[2025-12-28T19:34:37.341+0100][info][gc,metaspace   ] GC(158) Metaspace: 8404K(8640K)->8404K(8640K) NonClass: 7674K(7808K)->7674K(7808K) Class: 730K(832K)->730K(832K)
[2025-12-28T19:34:37.341+0100][info][gc             ] GC(158) Pause Full (System.gc()) 11M->10M(6144M) 17.532ms
[2025-12-28T19:34:37.341+0100][info][gc,cpu         ] GC(158) User=0.03s Sys=0.01s Real=0.02s
[2025-12-28T19:34:40.049+0100][info][gc,start       ] GC(159) Pause Young (Normal) (G1 Evacuation Pause)
[2025-12-28T19:34:40.050+0100][info][gc,task        ] GC(159) Using 8 workers of 8 for evacuation
[2025-12-28T19:34:40.052+0100][info][gc,phases      ] GC(159)   Pre Evacuate Collection Set: 0.26ms
[2025-12-28T19:34:40.052+0100][info][gc,phases      ] GC(159)   Merge Heap Roots: 0.20ms
[2025-12-28T19:34:40.052+0100][info][gc,phases      ] GC(159)   Evacuate Collection Set: 0.42ms
[2025-12-28T19:34:40.052+0100][info][gc,phases      ] GC(159)   Post Evacuate Collection Set: 0.72ms
[2025-12-28T19:34:40.052+0100][info][gc,phases      ] GC(159)   Other: 0.13ms
[2025-12-28T19:34:40.052+0100][info][gc,heap        ] GC(159) Eden regions: 921->0(920)
[2025-12-28T19:34:40.052+0100][info][gc,heap        ] GC(159) Survivor regions: 0->1(116)
[2025-12-28T19:34:40.052+0100][info][gc,heap        ] GC(159) Old regions: 8->8
[2025-12-28T19:34:40.052+0100][info][gc,heap        ] GC(159) Humongous regions: 0->0
[2025-12-28T19:34:40.052+0100][info][gc,metaspace   ] GC(159) Metaspace: 8406K(8640K)->8406K(8640K) NonClass: 7676K(7808K)->7676K(7808K) Class: 730K(832K)->730K(832K)
[2025-12-28T19:34:40.052+0100][info][gc             ] GC(159) Pause Young (Normal) (G1 Evacuation Pause) 3694M->11M(6144M) 2.760ms
[2025-12-28T19:34:40.052+0100][info][gc,cpu         ] GC(159) User=0.01s Sys=0.01s Real=0.01s
[2025-12-28T19:34:40.792+0100][info][gc,start       ] GC(160) Pause Young (Normal) (G1 Evacuation Pause)
[2025-12-28T19:34:40.792+0100][info][gc,task        ] GC(160) Using 8 workers of 8 for evacuation
[2025-12-28T19:34:40.794+0100][info][gc,phases      ] GC(160)   Pre Evacuate Collection Set: 0.28ms
[2025-12-28T19:34:40.794+0100][info][gc,phases      ] GC(160)   Merge Heap Roots: 0.21ms
[2025-12-28T19:34:40.794+0100][info][gc,phases      ] GC(160)   Evacuate Collection Set: 0.19ms
[2025-12-28T19:34:40.794+0100][info][gc,phases      ] GC(160)   Post Evacuate Collection Set: 0.69ms
[2025-12-28T19:34:40.794+0100][info][gc,phases      ] GC(160)   Other: 0.09ms
[2025-12-28T19:34:40.794+0100][info][gc,heap        ] GC(160) Eden regions: 920->0(920)
[2025-12-28T19:34:40.794+0100][info][gc,heap        ] GC(160) Survivor regions: 1->1(116)
[2025-12-28T19:34:40.794+0100][info][gc,heap        ] GC(160) Old regions: 8->8
[2025-12-28T19:34:40.794+0100][info][gc,heap        ] GC(160) Humongous regions: 0->0
[2025-12-28T19:34:40.794+0100][info][gc,metaspace   ] GC(160) Metaspace: 8406K(8640K)->8406K(8640K) NonClass: 7676K(7808K)->7676K(7808K) Class: 730K(832K)->730K(832K)
[2025-12-28T19:34:40.794+0100][info][gc             ] GC(160) Pause Young (Normal) (G1 Evacuation Pause) 3691M->11M(6144M) 1.649ms
[2025-12-28T19:34:40.794+0100][info][gc,cpu         ] GC(160) User=0.00s Sys=0.00s Real=0.00s
[2025-12-28T19:34:41.013+0100][info][gc,start       ] GC(161) Pause Young (Normal) (G1 Evacuation Pause)
[2025-12-28T19:34:41.013+0100][info][gc,task        ] GC(161) Using 8 workers of 8 for evacuation
[2025-12-28T19:34:41.014+0100][info][gc,phases      ] GC(161)   Pre Evacuate Collection Set: 0.10ms
[2025-12-28T19:34:41.014+0100][info][gc,phases      ] GC(161)   Merge Heap Roots: 0.11ms
[2025-12-28T19:34:41.014+0100][info][gc,phases      ] GC(161)   Evacuate Collection Set: 0.18ms
[2025-12-28T19:34:41.014+0100][info][gc,phases      ] GC(161)   Post Evacuate Collection Set: 0.61ms
[2025-12-28T19:34:41.014+0100][info][gc,phases      ] GC(161)   Other: 0.09ms
[2025-12-28T19:34:41.015+0100][info][gc,heap        ] GC(161) Eden regions: 920->0(920)
[2025-12-28T19:34:41.015+0100][info][gc,heap        ] GC(161) Survivor regions: 1->1(116)
[2025-12-28T19:34:41.015+0100][info][gc,heap        ] GC(161) Old regions: 8->8
[2025-12-28T19:34:41.015+0100][info][gc,heap        ] GC(161) Humongous regions: 0->0
[2025-12-28T19:34:41.015+0100][info][gc,metaspace   ] GC(161) Metaspace: 8406K(8640K)->8406K(8640K) NonClass: 7676K(7808K)->7676K(7808K) Class: 730K(832K)->730K(832K)
[2025-12-28T19:34:41.015+0100][info][gc             ] GC(161) Pause Young (Normal) (G1 Evacuation Pause) 3691M->11M(6144M) 1.260ms
[2025-12-28T19:34:41.015+0100][info][gc,cpu         ] GC(161) User=0.00s Sys=0.00s Real=0.00s
[2025-12-28T19:34:41.401+0100][info][gc,start       ] GC(162) Pause Young (Normal) (G1 Evacuation Pause)
[2025-12-28T19:34:41.401+0100][info][gc,task        ] GC(162) Using 8 workers of 8 for evacuation
[2025-12-28T19:34:41.403+0100][info][gc,phases      ] GC(162)   Pre Evacuate Collection Set: 0.15ms
[2025-12-28T19:34:41.403+0100][info][gc,phases      ] GC(162)   Merge Heap Roots: 0.15ms
[2025-12-28T19:34:41.403+0100][info][gc,phases      ] GC(162)   Evacuate Collection Set: 0.18ms
[2025-12-28T19:34:41.403+0100][info][gc,phases      ] GC(162)   Post Evacuate Collection Set: 0.63ms
[2025-12-28T19:34:41.403+0100][info][gc,phases      ] GC(162)   Other: 0.10ms
[2025-12-28T19:34:41.403+0100][info][gc,heap        ] GC(162) Eden regions: 920->0(920)
[2025-12-28T19:34:41.403+0100][info][gc,heap        ] GC(162) Survivor regions: 1->1(116)
[2025-12-28T19:34:41.403+0100][info][gc,heap        ] GC(162) Old regions: 8->8
[2025-12-28T19:34:41.403+0100][info][gc,heap        ] GC(162) Humongous regions: 0->0
[2025-12-28T19:34:41.403+0100][info][gc,metaspace   ] GC(162) Metaspace: 8406K(8640K)->8406K(8640K) NonClass: 7676K(7808K)->7676K(7808K) Class: 730K(832K)->730K(832K)
[2025-12-28T19:34:41.403+0100][info][gc             ] GC(162) Pause Young (Normal) (G1 Evacuation Pause) 3691M->11M(6144M) 1.383ms
[2025-12-28T19:34:41.403+0100][info][gc,cpu         ] GC(162) User=0.00s Sys=0.01s Real=0.00s
[2025-12-28T19:34:41.666+0100][info][gc,start       ] GC(163) Pause Young (Normal) (G1 Evacuation Pause)
[2025-12-28T19:34:41.666+0100][info][gc,task        ] GC(163) Using 8 workers of 8 for evacuation
[2025-12-28T19:34:41.667+0100][info][gc,phases      ] GC(163)   Pre Evacuate Collection Set: 0.20ms
[2025-12-28T19:34:41.667+0100][info][gc,phases      ] GC(163)   Merge Heap Roots: 0.14ms
[2025-12-28T19:34:41.667+0100][info][gc,phases      ] GC(163)   Evacuate Collection Set: 0.18ms
[2025-12-28T19:34:41.667+0100][info][gc,phases      ] GC(163)   Post Evacuate Collection Set: 0.56ms
[2025-12-28T19:34:41.667+0100][info][gc,phases      ] GC(163)   Other: 0.07ms
[2025-12-28T19:34:41.667+0100][info][gc,heap        ] GC(163) Eden regions: 920->0(920)
[2025-12-28T19:34:41.667+0100][info][gc,heap        ] GC(163) Survivor regions: 1->1(116)
[2025-12-28T19:34:41.667+0100][info][gc,heap        ] GC(163) Old regions: 8->8
[2025-12-28T19:34:41.667+0100][info][gc,heap        ] GC(163) Humongous regions: 0->0
[2025-12-28T19:34:41.667+0100][info][gc,metaspace   ] GC(163) Metaspace: 8406K(8640K)->8406K(8640K) NonClass: 7676K(7808K)->7676K(7808K) Class: 730K(832K)->730K(832K)
[2025-12-28T19:34:41.667+0100][info][gc             ] GC(163) Pause Young (Normal) (G1 Evacuation Pause) 3691M->11M(6144M) 1.328ms
[2025-12-28T19:34:41.667+0100][info][gc,cpu         ] GC(163) User=0.00s Sys=0.00s Real=0.00s
[2025-12-28T19:34:41.907+0100][info][gc,start       ] GC(164) Pause Young (Normal) (G1 Evacuation Pause)
[2025-12-28T19:34:41.907+0100][info][gc,task        ] GC(164) Using 8 workers of 8 for evacuation
[2025-12-28T19:34:41.908+0100][info][gc,phases      ] GC(164)   Pre Evacuate Collection Set: 0.10ms
[2025-12-28T19:34:41.908+0100][info][gc,phases      ] GC(164)   Merge Heap Roots: 0.10ms
[2025-12-28T19:34:41.908+0100][info][gc,phases      ] GC(164)   Evacuate Collection Set: 0.14ms
[2025-12-28T19:34:41.908+0100][info][gc,phases      ] GC(164)   Post Evacuate Collection Set: 0.47ms
[2025-12-28T19:34:41.908+0100][info][gc,phases      ] GC(164)   Other: 0.08ms
[2025-12-28T19:34:41.908+0100][info][gc,heap        ] GC(164) Eden regions: 920->0(920)
[2025-12-28T19:34:41.908+0100][info][gc,heap        ] GC(164) Survivor regions: 1->1(116)
[2025-12-28T19:34:41.908+0100][info][gc,heap        ] GC(164) Old regions: 8->8
[2025-12-28T19:34:41.908+0100][info][gc,heap        ] GC(164) Humongous regions: 0->0
[2025-12-28T19:34:41.908+0100][info][gc,metaspace   ] GC(164) Metaspace: 8406K(8640K)->8406K(8640K) NonClass: 7676K(7808K)->7676K(7808K) Class: 730K(832K)->730K(832K)
[2025-12-28T19:34:41.908+0100][info][gc             ] GC(164) Pause Young (Normal) (G1 Evacuation Pause) 3691M->11M(6144M) 1.049ms
[2025-12-28T19:34:41.908+0100][info][gc,cpu         ] GC(164) User=0.00s Sys=0.00s Real=0.00s
[2025-12-28T19:34:42.114+0100][info][gc,start       ] GC(165) Pause Young (Normal) (G1 Evacuation Pause)
[2025-12-28T19:34:42.114+0100][info][gc,task        ] GC(165) Using 8 workers of 8 for evacuation
[2025-12-28T19:34:42.115+0100][info][gc,phases      ] GC(165)   Pre Evacuate Collection Set: 0.18ms
[2025-12-28T19:34:42.115+0100][info][gc,phases      ] GC(165)   Merge Heap Roots: 0.14ms
[2025-12-28T19:34:42.115+0100][info][gc,phases      ] GC(165)   Evacuate Collection Set: 0.16ms
[2025-12-28T19:34:42.115+0100][info][gc,phases      ] GC(165)   Post Evacuate Collection Set: 0.56ms
[2025-12-28T19:34:42.115+0100][info][gc,phases      ] GC(165)   Other: 0.08ms
[2025-12-28T19:34:42.115+0100][info][gc,heap        ] GC(165) Eden regions: 920->0(920)
[2025-12-28T19:34:42.115+0100][info][gc,heap        ] GC(165) Survivor regions: 1->1(116)
[2025-12-28T19:34:42.115+0100][info][gc,heap        ] GC(165) Old regions: 8->8
[2025-12-28T19:34:42.115+0100][info][gc,heap        ] GC(165) Humongous regions: 0->0
[2025-12-28T19:34:42.115+0100][info][gc,metaspace   ] GC(165) Metaspace: 8406K(8640K)->8406K(8640K) NonClass: 7676K(7808K)->7676K(7808K) Class: 730K(832K)->730K(832K)
[2025-12-28T19:34:42.115+0100][info][gc             ] GC(165) Pause Young (Normal) (G1 Evacuation Pause) 3691M->11M(6144M) 1.268ms
[2025-12-28T19:34:42.115+0100][info][gc,cpu         ] GC(165) User=0.01s Sys=0.00s Real=0.00s
[2025-12-28T19:34:42.296+0100][info][gc,start       ] GC(166) Pause Young (Normal) (G1 Evacuation Pause)
[2025-12-28T19:34:42.296+0100][info][gc,task        ] GC(166) Using 8 workers of 8 for evacuation
[2025-12-28T19:34:42.298+0100][info][gc,phases      ] GC(166)   Pre Evacuate Collection Set: 0.13ms
[2025-12-28T19:34:42.298+0100][info][gc,phases      ] GC(166)   Merge Heap Roots: 0.10ms
[2025-12-28T19:34:42.298+0100][info][gc,phases      ] GC(166)   Evacuate Collection Set: 0.17ms
[2025-12-28T19:34:42.298+0100][info][gc,phases      ] GC(166)   Post Evacuate Collection Set: 0.56ms
[2025-12-28T19:34:42.298+0100][info][gc,phases      ] GC(166)   Other: 0.08ms
[2025-12-28T19:34:42.298+0100][info][gc,heap        ] GC(166) Eden regions: 920->0(920)
[2025-12-28T19:34:42.298+0100][info][gc,heap        ] GC(166) Survivor regions: 1->1(116)
[2025-12-28T19:34:42.298+0100][info][gc,heap        ] GC(166) Old regions: 8->8
[2025-12-28T19:34:42.298+0100][info][gc,heap        ] GC(166) Humongous regions: 0->0
[2025-12-28T19:34:42.298+0100][info][gc,metaspace   ] GC(166) Metaspace: 8406K(8640K)->8406K(8640K) NonClass: 7676K(7808K)->7676K(7808K) Class: 730K(832K)->730K(832K)
[2025-12-28T19:34:42.298+0100][info][gc             ] GC(166) Pause Young (Normal) (G1 Evacuation Pause) 3691M->11M(6144M) 1.210ms
[2025-12-28T19:34:42.298+0100][info][gc,cpu         ] GC(166) User=0.00s Sys=0.00s Real=0.00s
[2025-12-28T19:34:42.535+0100][info][gc,start       ] GC(167) Pause Young (Normal) (G1 Evacuation Pause)
[2025-12-28T19:34:42.536+0100][info][gc,task        ] GC(167) Using 8 workers of 8 for evacuation
[2025-12-28T19:34:42.537+0100][info][gc,phases      ] GC(167)   Pre Evacuate Collection Set: 0.24ms
[2025-12-28T19:34:42.537+0100][info][gc,phases      ] GC(167)   Merge Heap Roots: 0.19ms
[2025-12-28T19:34:42.537+0100][info][gc,phases      ] GC(167)   Evacuate Collection Set: 0.22ms
[2025-12-28T19:34:42.537+0100][info][gc,phases      ] GC(167)   Post Evacuate Collection Set: 1.10ms
[2025-12-28T19:34:42.537+0100][info][gc,phases      ] GC(167)   Other: 0.10ms
[2025-12-28T19:34:42.537+0100][info][gc,heap        ] GC(167) Eden regions: 920->0(920)
[2025-12-28T19:34:42.537+0100][info][gc,heap        ] GC(167) Survivor regions: 1->1(116)
[2025-12-28T19:34:42.537+0100][info][gc,heap        ] GC(167) Old regions: 8->8
[2025-12-28T19:34:42.537+0100][info][gc,heap        ] GC(167) Humongous regions: 0->0
[2025-12-28T19:34:42.537+0100][info][gc,metaspace   ] GC(167) Metaspace: 8406K(8640K)->8406K(8640K) NonClass: 7676K(7808K)->7676K(7808K) Class: 730K(832K)->730K(832K)
[2025-12-28T19:34:42.538+0100][info][gc             ] GC(167) Pause Young (Normal) (G1 Evacuation Pause) 3691M->11M(6144M) 2.092ms
[2025-12-28T19:34:42.538+0100][info][gc,cpu         ] GC(167) User=0.00s Sys=0.00s Real=0.00s
[2025-12-28T19:34:42.828+0100][info][gc,start       ] GC(168) Pause Young (Normal) (G1 Evacuation Pause)
[2025-12-28T19:34:42.828+0100][info][gc,task        ] GC(168) Using 8 workers of 8 for evacuation
[2025-12-28T19:34:42.829+0100][info][gc,phases      ] GC(168)   Pre Evacuate Collection Set: 0.26ms
[2025-12-28T19:34:42.829+0100][info][gc,phases      ] GC(168)   Merge Heap Roots: 0.19ms
[2025-12-28T19:34:42.829+0100][info][gc,phases      ] GC(168)   Evacuate Collection Set: 0.38ms
[2025-12-28T19:34:42.829+0100][info][gc,phases      ] GC(168)   Post Evacuate Collection Set: 0.75ms
[2025-12-28T19:34:42.829+0100][info][gc,phases      ] GC(168)   Other: 0.13ms
[2025-12-28T19:34:42.829+0100][info][gc,heap        ] GC(168) Eden regions: 920->0(920)
[2025-12-28T19:34:42.829+0100][info][gc,heap        ] GC(168) Survivor regions: 1->1(116)
[2025-12-28T19:34:42.829+0100][info][gc,heap        ] GC(168) Old regions: 8->8
[2025-12-28T19:34:42.829+0100][info][gc,heap        ] GC(168) Humongous regions: 0->0
[2025-12-28T19:34:42.829+0100][info][gc,metaspace   ] GC(168) Metaspace: 8406K(8640K)->8406K(8640K) NonClass: 7676K(7808K)->7676K(7808K) Class: 730K(832K)->730K(832K)
[2025-12-28T19:34:42.829+0100][info][gc             ] GC(168) Pause Young (Normal) (G1 Evacuation Pause) 3691M->11M(6144M) 1.915ms
[2025-12-28T19:34:42.829+0100][info][gc,cpu         ] GC(168) User=0.01s Sys=0.00s Real=0.00s
[2025-12-28T19:34:43.047+0100][info][gc,start       ] GC(169) Pause Young (Normal) (G1 Evacuation Pause)
[2025-12-28T19:34:43.047+0100][info][gc,task        ] GC(169) Using 8 workers of 8 for evacuation
[2025-12-28T19:34:43.049+0100][info][gc,phases      ] GC(169)   Pre Evacuate Collection Set: 0.12ms
[2025-12-28T19:34:43.049+0100][info][gc,phases      ] GC(169)   Merge Heap Roots: 0.40ms
[2025-12-28T19:34:43.049+0100][info][gc,phases      ] GC(169)   Evacuate Collection Set: 0.27ms
[2025-12-28T19:34:43.049+0100][info][gc,phases      ] GC(169)   Post Evacuate Collection Set: 0.66ms
[2025-12-28T19:34:43.049+0100][info][gc,phases      ] GC(169)   Other: 0.08ms
[2025-12-28T19:34:43.049+0100][info][gc,heap        ] GC(169) Eden regions: 920->0(920)
[2025-12-28T19:34:43.049+0100][info][gc,heap        ] GC(169) Survivor regions: 1->1(116)
[2025-12-28T19:34:43.049+0100][info][gc,heap        ] GC(169) Old regions: 8->8
[2025-12-28T19:34:43.049+0100][info][gc,heap        ] GC(169) Humongous regions: 0->0
[2025-12-28T19:34:43.049+0100][info][gc,metaspace   ] GC(169) Metaspace: 8406K(8640K)->8406K(8640K) NonClass: 7676K(7808K)->7676K(7808K) Class: 730K(832K)->730K(832K)
[2025-12-28T19:34:43.049+0100][info][gc             ] GC(169) Pause Young (Normal) (G1 Evacuation Pause) 3691M->11M(6144M) 1.689ms
[2025-12-28T19:34:43.049+0100][info][gc,cpu         ] GC(169) User=0.00s Sys=0.00s Real=0.00s
[2025-12-28T19:34:43.323+0100][info][gc,start       ] GC(170) Pause Young (Normal) (G1 Evacuation Pause)
[2025-12-28T19:34:43.323+0100][info][gc,task        ] GC(170) Using 8 workers of 8 for evacuation
[2025-12-28T19:34:43.324+0100][info][gc,phases      ] GC(170)   Pre Evacuate Collection Set: 0.19ms
[2025-12-28T19:34:43.324+0100][info][gc,phases      ] GC(170)   Merge Heap Roots: 0.13ms
[2025-12-28T19:34:43.324+0100][info][gc,phases      ] GC(170)   Evacuate Collection Set: 0.15ms
[2025-12-28T19:34:43.324+0100][info][gc,phases      ] GC(170)   Post Evacuate Collection Set: 0.62ms
[2025-12-28T19:34:43.324+0100][info][gc,phases      ] GC(170)   Other: 0.08ms
[2025-12-28T19:34:43.324+0100][info][gc,heap        ] GC(170) Eden regions: 920->0(920)
[2025-12-28T19:34:43.324+0100][info][gc,heap        ] GC(170) Survivor regions: 1->1(116)
[2025-12-28T19:34:43.324+0100][info][gc,heap        ] GC(170) Old regions: 8->8
[2025-12-28T19:34:43.325+0100][info][gc,heap        ] GC(170) Humongous regions: 0->0
[2025-12-28T19:34:43.325+0100][info][gc,metaspace   ] GC(170) Metaspace: 8406K(8640K)->8406K(8640K) NonClass: 7676K(7808K)->7676K(7808K) Class: 730K(832K)->730K(832K)
[2025-12-28T19:34:43.325+0100][info][gc             ] GC(170) Pause Young (Normal) (G1 Evacuation Pause) 3691M->11M(6144M) 1.318ms
[2025-12-28T19:34:43.325+0100][info][gc,cpu         ] GC(170) User=0.00s Sys=0.00s Real=0.00s
[2025-12-28T19:34:43.732+0100][info][gc,start       ] GC(171) Pause Young (Normal) (G1 Evacuation Pause)
[2025-12-28T19:34:43.732+0100][info][gc,task        ] GC(171) Using 8 workers of 8 for evacuation
[2025-12-28T19:34:43.734+0100][info][gc,phases      ] GC(171)   Pre Evacuate Collection Set: 0.22ms
[2025-12-28T19:34:43.734+0100][info][gc,phases      ] GC(171)   Merge Heap Roots: 0.12ms
[2025-12-28T19:34:43.734+0100][info][gc,phases      ] GC(171)   Evacuate Collection Set: 0.15ms
[2025-12-28T19:34:43.734+0100][info][gc,phases      ] GC(171)   Post Evacuate Collection Set: 0.59ms
[2025-12-28T19:34:43.734+0100][info][gc,phases      ] GC(171)   Other: 0.07ms
[2025-12-28T19:34:43.734+0100][info][gc,heap        ] GC(171) Eden regions: 920->0(920)
[2025-12-28T19:34:43.734+0100][info][gc,heap        ] GC(171) Survivor regions: 1->1(116)
[2025-12-28T19:34:43.734+0100][info][gc,heap        ] GC(171) Old regions: 8->8
[2025-12-28T19:34:43.734+0100][info][gc,heap        ] GC(171) Humongous regions: 0->0
[2025-12-28T19:34:43.734+0100][info][gc,metaspace   ] GC(171) Metaspace: 8406K(8640K)->8406K(8640K) NonClass: 7676K(7808K)->7676K(7808K) Class: 730K(832K)->730K(832K)
[2025-12-28T19:34:43.734+0100][info][gc             ] GC(171) Pause Young (Normal) (G1 Evacuation Pause) 3691M->11M(6144M) 1.308ms
[2025-12-28T19:34:43.734+0100][info][gc,cpu         ] GC(171) User=0.00s Sys=0.00s Real=0.00s
[2025-12-28T19:34:44.195+0100][info][gc,start       ] GC(172) Pause Young (Normal) (G1 Evacuation Pause)
[2025-12-28T19:34:44.195+0100][info][gc,task        ] GC(172) Using 8 workers of 8 for evacuation
[2025-12-28T19:34:44.197+0100][info][gc,phases      ] GC(172)   Pre Evacuate Collection Set: 0.35ms
[2025-12-28T19:34:44.197+0100][info][gc,phases      ] GC(172)   Merge Heap Roots: 0.22ms
[2025-12-28T19:34:44.197+0100][info][gc,phases      ] GC(172)   Evacuate Collection Set: 0.24ms
[2025-12-28T19:34:44.197+0100][info][gc,phases      ] GC(172)   Post Evacuate Collection Set: 0.71ms
[2025-12-28T19:34:44.197+0100][info][gc,phases      ] GC(172)   Other: 0.16ms
[2025-12-28T19:34:44.197+0100][info][gc,heap        ] GC(172) Eden regions: 920->0(920)
[2025-12-28T19:34:44.197+0100][info][gc,heap        ] GC(172) Survivor regions: 1->1(116)
[2025-12-28T19:34:44.197+0100][info][gc,heap        ] GC(172) Old regions: 8->8
[2025-12-28T19:34:44.197+0100][info][gc,heap        ] GC(172) Humongous regions: 0->0
[2025-12-28T19:34:44.197+0100][info][gc,metaspace   ] GC(172) Metaspace: 8406K(8640K)->8406K(8640K) NonClass: 7676K(7808K)->7676K(7808K) Class: 730K(832K)->730K(832K)
[2025-12-28T19:34:44.197+0100][info][gc             ] GC(172) Pause Young (Normal) (G1 Evacuation Pause) 3691M->11M(6144M) 1.919ms
[2025-12-28T19:34:44.197+0100][info][gc,cpu         ] GC(172) User=0.01s Sys=0.01s Real=0.00s
[2025-12-28T19:34:44.507+0100][info][gc,start       ] GC(173) Pause Young (Normal) (G1 Evacuation Pause)
[2025-12-28T19:34:44.507+0100][info][gc,task        ] GC(173) Using 8 workers of 8 for evacuation
[2025-12-28T19:34:44.508+0100][info][gc,phases      ] GC(173)   Pre Evacuate Collection Set: 0.23ms
[2025-12-28T19:34:44.508+0100][info][gc,phases      ] GC(173)   Merge Heap Roots: 0.13ms
[2025-12-28T19:34:44.509+0100][info][gc,phases      ] GC(173)   Evacuate Collection Set: 0.22ms
[2025-12-28T19:34:44.509+0100][info][gc,phases      ] GC(173)   Post Evacuate Collection Set: 0.68ms
[2025-12-28T19:34:44.509+0100][info][gc,phases      ] GC(173)   Other: 0.10ms
[2025-12-28T19:34:44.509+0100][info][gc,heap        ] GC(173) Eden regions: 920->0(920)
[2025-12-28T19:34:44.509+0100][info][gc,heap        ] GC(173) Survivor regions: 1->1(116)
[2025-12-28T19:34:44.509+0100][info][gc,heap        ] GC(173) Old regions: 8->8
[2025-12-28T19:34:44.509+0100][info][gc,heap        ] GC(173) Humongous regions: 0->0
[2025-12-28T19:34:44.509+0100][info][gc,metaspace   ] GC(173) Metaspace: 8406K(8640K)->8406K(8640K) NonClass: 7676K(7808K)->7676K(7808K) Class: 730K(832K)->730K(832K)
[2025-12-28T19:34:44.509+0100][info][gc             ] GC(173) Pause Young (Normal) (G1 Evacuation Pause) 3691M->11M(6144M) 1.529ms
[2025-12-28T19:34:44.509+0100][info][gc,cpu         ] GC(173) User=0.00s Sys=0.00s Real=0.00s
[2025-12-28T19:34:44.791+0100][info][gc,start       ] GC(174) Pause Young (Normal) (G1 Evacuation Pause)
[2025-12-28T19:34:44.792+0100][info][gc,task        ] GC(174) Using 8 workers of 8 for evacuation
[2025-12-28T19:34:44.793+0100][info][gc,phases      ] GC(174)   Pre Evacuate Collection Set: 0.20ms
[2025-12-28T19:34:44.793+0100][info][gc,phases      ] GC(174)   Merge Heap Roots: 0.13ms
[2025-12-28T19:34:44.793+0100][info][gc,phases      ] GC(174)   Evacuate Collection Set: 0.28ms
[2025-12-28T19:34:44.793+0100][info][gc,phases      ] GC(174)   Post Evacuate Collection Set: 0.83ms
[2025-12-28T19:34:44.793+0100][info][gc,phases      ] GC(174)   Other: 0.18ms
[2025-12-28T19:34:44.793+0100][info][gc,heap        ] GC(174) Eden regions: 920->0(920)
[2025-12-28T19:34:44.793+0100][info][gc,heap        ] GC(174) Survivor regions: 1->1(116)
[2025-12-28T19:34:44.793+0100][info][gc,heap        ] GC(174) Old regions: 8->9
[2025-12-28T19:34:44.793+0100][info][gc,heap        ] GC(174) Humongous regions: 0->0
[2025-12-28T19:34:44.793+0100][info][gc,metaspace   ] GC(174) Metaspace: 8406K(8640K)->8406K(8640K) NonClass: 7676K(7808K)->7676K(7808K) Class: 730K(832K)->730K(832K)
[2025-12-28T19:34:44.793+0100][info][gc             ] GC(174) Pause Young (Normal) (G1 Evacuation Pause) 3691M->11M(6144M) 1.849ms
[2025-12-28T19:34:44.793+0100][info][gc,cpu         ] GC(174) User=0.01s Sys=0.00s Real=0.00s
[2025-12-28T19:34:47.623+0100][info][gc,start       ] GC(175) Pause Young (Normal) (G1 Evacuation Pause)
[2025-12-28T19:34:47.623+0100][info][gc,task        ] GC(175) Using 8 workers of 8 for evacuation
[2025-12-28T19:34:47.626+0100][info][gc,phases      ] GC(175)   Pre Evacuate Collection Set: 0.58ms
[2025-12-28T19:34:47.626+0100][info][gc,phases      ] GC(175)   Merge Heap Roots: 0.29ms
[2025-12-28T19:34:47.626+0100][info][gc,phases      ] GC(175)   Evacuate Collection Set: 0.64ms
[2025-12-28T19:34:47.627+0100][info][gc,phases      ] GC(175)   Post Evacuate Collection Set: 1.54ms
[2025-12-28T19:34:47.627+0100][info][gc,phases      ] GC(175)   Other: 0.22ms
[2025-12-28T19:34:47.627+0100][info][gc,heap        ] GC(175) Eden regions: 920->0(920)
[2025-12-28T19:34:47.627+0100][info][gc,heap        ] GC(175) Survivor regions: 1->1(116)
[2025-12-28T19:34:47.627+0100][info][gc,heap        ] GC(175) Old regions: 9->9
[2025-12-28T19:34:47.627+0100][info][gc,heap        ] GC(175) Humongous regions: 0->0
[2025-12-28T19:34:47.627+0100][info][gc,metaspace   ] GC(175) Metaspace: 8406K(8640K)->8406K(8640K) NonClass: 7676K(7808K)->7676K(7808K) Class: 730K(832K)->730K(832K)
[2025-12-28T19:34:47.627+0100][info][gc             ] GC(175) Pause Young (Normal) (G1 Evacuation Pause) 3691M->11M(6144M) 3.755ms
[2025-12-28T19:34:47.627+0100][info][gc,cpu         ] GC(175) User=0.00s Sys=0.00s Real=0.00s
[2025-12-28T19:34:49.572+0100][info][gc,start       ] GC(176) Pause Young (Normal) (G1 Evacuation Pause)
[2025-12-28T19:34:49.572+0100][info][gc,task        ] GC(176) Using 8 workers of 8 for evacuation
[2025-12-28T19:34:49.574+0100][info][gc,phases      ] GC(176)   Pre Evacuate Collection Set: 0.44ms
[2025-12-28T19:34:49.574+0100][info][gc,phases      ] GC(176)   Merge Heap Roots: 0.25ms
[2025-12-28T19:34:49.574+0100][info][gc,phases      ] GC(176)   Evacuate Collection Set: 0.48ms
[2025-12-28T19:34:49.574+0100][info][gc,phases      ] GC(176)   Post Evacuate Collection Set: 1.17ms
[2025-12-28T19:34:49.574+0100][info][gc,phases      ] GC(176)   Other: 0.14ms
[2025-12-28T19:34:49.574+0100][info][gc,heap        ] GC(176) Eden regions: 920->0(920)
[2025-12-28T19:34:49.574+0100][info][gc,heap        ] GC(176) Survivor regions: 1->1(116)
[2025-12-28T19:34:49.574+0100][info][gc,heap        ] GC(176) Old regions: 9->9
[2025-12-28T19:34:49.574+0100][info][gc,heap        ] GC(176) Humongous regions: 0->0
[2025-12-28T19:34:49.574+0100][info][gc,metaspace   ] GC(176) Metaspace: 8406K(8640K)->8406K(8640K) NonClass: 7676K(7808K)->7676K(7808K) Class: 730K(832K)->730K(832K)
[2025-12-28T19:34:49.574+0100][info][gc             ] GC(176) Pause Young (Normal) (G1 Evacuation Pause) 3691M->11M(6144M) 2.724ms
[2025-12-28T19:34:49.574+0100][info][gc,cpu         ] GC(176) User=0.01s Sys=0.01s Real=0.00s
[2025-12-28T19:34:51.370+0100][info][gc,start       ] GC(177) Pause Young (Normal) (G1 Evacuation Pause)
[2025-12-28T19:34:51.370+0100][info][gc,task        ] GC(177) Using 8 workers of 8 for evacuation
[2025-12-28T19:34:51.381+0100][info][gc,phases      ] GC(177)   Pre Evacuate Collection Set: 2.99ms
[2025-12-28T19:34:51.381+0100][info][gc,phases      ] GC(177)   Merge Heap Roots: 1.34ms
[2025-12-28T19:34:51.381+0100][info][gc,phases      ] GC(177)   Evacuate Collection Set: 1.77ms
[2025-12-28T19:34:51.381+0100][info][gc,phases      ] GC(177)   Post Evacuate Collection Set: 4.42ms
[2025-12-28T19:34:51.381+0100][info][gc,phases      ] GC(177)   Other: 0.36ms
[2025-12-28T19:34:51.381+0100][info][gc,heap        ] GC(177) Eden regions: 920->0(920)
[2025-12-28T19:34:51.381+0100][info][gc,heap        ] GC(177) Survivor regions: 1->1(116)
[2025-12-28T19:34:51.381+0100][info][gc,heap        ] GC(177) Old regions: 9->9
[2025-12-28T19:34:51.381+0100][info][gc,heap        ] GC(177) Humongous regions: 0->0
[2025-12-28T19:34:51.381+0100][info][gc,metaspace   ] GC(177) Metaspace: 8406K(8640K)->8406K(8640K) NonClass: 7676K(7808K)->7676K(7808K) Class: 730K(832K)->730K(832K)
[2025-12-28T19:34:51.381+0100][info][gc             ] GC(177) Pause Young (Normal) (G1 Evacuation Pause) 3691M->11M(6144M) 11.206ms
[2025-12-28T19:34:51.381+0100][info][gc,cpu         ] GC(177) User=0.01s Sys=0.01s Real=0.01s
[2025-12-28T19:34:52.894+0100][info][gc,start       ] GC(178) Pause Young (Normal) (G1 Evacuation Pause)
[2025-12-28T19:34:52.894+0100][info][gc,task        ] GC(178) Using 8 workers of 8 for evacuation
[2025-12-28T19:34:52.896+0100][info][gc,phases      ] GC(178)   Pre Evacuate Collection Set: 0.29ms
[2025-12-28T19:34:52.896+0100][info][gc,phases      ] GC(178)   Merge Heap Roots: 0.16ms
[2025-12-28T19:34:52.896+0100][info][gc,phases      ] GC(178)   Evacuate Collection Set: 0.33ms
[2025-12-28T19:34:52.896+0100][info][gc,phases      ] GC(178)   Post Evacuate Collection Set: 0.80ms
[2025-12-28T19:34:52.896+0100][info][gc,phases      ] GC(178)   Other: 0.14ms
[2025-12-28T19:34:52.896+0100][info][gc,heap        ] GC(178) Eden regions: 920->0(920)
[2025-12-28T19:34:52.896+0100][info][gc,heap        ] GC(178) Survivor regions: 1->1(116)
[2025-12-28T19:34:52.896+0100][info][gc,heap        ] GC(178) Old regions: 9->9
[2025-12-28T19:34:52.896+0100][info][gc,heap        ] GC(178) Humongous regions: 0->0
[2025-12-28T19:34:52.896+0100][info][gc,metaspace   ] GC(178) Metaspace: 8406K(8640K)->8406K(8640K) NonClass: 7676K(7808K)->7676K(7808K) Class: 730K(832K)->730K(832K)
[2025-12-28T19:34:52.896+0100][info][gc             ] GC(178) Pause Young (Normal) (G1 Evacuation Pause) 3691M->11M(6144M) 2.071ms
[2025-12-28T19:34:52.896+0100][info][gc,cpu         ] GC(178) User=0.00s Sys=0.01s Real=0.00s
[2025-12-28T19:34:54.240+0100][info][gc,start       ] GC(179) Pause Young (Normal) (G1 Evacuation Pause)
[2025-12-28T19:34:54.240+0100][info][gc,task        ] GC(179) Using 8 workers of 8 for evacuation
[2025-12-28T19:34:54.244+0100][info][gc,phases      ] GC(179)   Pre Evacuate Collection Set: 0.33ms
[2025-12-28T19:34:54.244+0100][info][gc,phases      ] GC(179)   Merge Heap Roots: 0.37ms
[2025-12-28T19:34:54.244+0100][info][gc,phases      ] GC(179)   Evacuate Collection Set: 0.39ms
[2025-12-28T19:34:54.244+0100][info][gc,phases      ] GC(179)   Post Evacuate Collection Set: 2.20ms
[2025-12-28T19:34:54.244+0100][info][gc,phases      ] GC(179)   Other: 0.53ms
[2025-12-28T19:34:54.244+0100][info][gc,heap        ] GC(179) Eden regions: 920->0(920)
[2025-12-28T19:34:54.244+0100][info][gc,heap        ] GC(179) Survivor regions: 1->1(116)
[2025-12-28T19:34:54.244+0100][info][gc,heap        ] GC(179) Old regions: 9->9
[2025-12-28T19:34:54.244+0100][info][gc,heap        ] GC(179) Humongous regions: 0->0
[2025-12-28T19:34:54.244+0100][info][gc,metaspace   ] GC(179) Metaspace: 8406K(8640K)->8406K(8640K) NonClass: 7676K(7808K)->7676K(7808K) Class: 730K(832K)->730K(832K)
[2025-12-28T19:34:54.244+0100][info][gc             ] GC(179) Pause Young (Normal) (G1 Evacuation Pause) 3691M->11M(6144M) 4.020ms
[2025-12-28T19:34:54.244+0100][info][gc,cpu         ] GC(179) User=0.00s Sys=0.01s Real=0.01s
[2025-12-28T19:34:55.353+0100][info][gc,start       ] GC(180) Pause Young (Normal) (G1 Evacuation Pause)
[2025-12-28T19:34:55.353+0100][info][gc,task        ] GC(180) Using 8 workers of 8 for evacuation
[2025-12-28T19:34:55.354+0100][info][gc,phases      ] GC(180)   Pre Evacuate Collection Set: 0.19ms
[2025-12-28T19:34:55.354+0100][info][gc,phases      ] GC(180)   Merge Heap Roots: 0.13ms
[2025-12-28T19:34:55.354+0100][info][gc,phases      ] GC(180)   Evacuate Collection Set: 0.20ms
[2025-12-28T19:34:55.354+0100][info][gc,phases      ] GC(180)   Post Evacuate Collection Set: 0.61ms
[2025-12-28T19:34:55.354+0100][info][gc,phases      ] GC(180)   Other: 0.10ms
[2025-12-28T19:34:55.354+0100][info][gc,heap        ] GC(180) Eden regions: 920->0(920)
[2025-12-28T19:34:55.354+0100][info][gc,heap        ] GC(180) Survivor regions: 1->1(116)
[2025-12-28T19:34:55.354+0100][info][gc,heap        ] GC(180) Old regions: 9->9
[2025-12-28T19:34:55.354+0100][info][gc,heap        ] GC(180) Humongous regions: 0->0
[2025-12-28T19:34:55.354+0100][info][gc,metaspace   ] GC(180) Metaspace: 8406K(8640K)->8406K(8640K) NonClass: 7676K(7808K)->7676K(7808K) Class: 730K(832K)->730K(832K)
[2025-12-28T19:34:55.354+0100][info][gc             ] GC(180) Pause Young (Normal) (G1 Evacuation Pause) 3691M->11M(6144M) 1.385ms
[2025-12-28T19:34:55.354+0100][info][gc,cpu         ] GC(180) User=0.00s Sys=0.00s Real=0.00s
[2025-12-28T19:34:55.528+0100][info][gc,start       ] GC(181) Pause Young (Normal) (G1 Evacuation Pause)
[2025-12-28T19:34:55.528+0100][info][gc,task        ] GC(181) Using 8 workers of 8 for evacuation
[2025-12-28T19:34:55.529+0100][info][gc,phases      ] GC(181)   Pre Evacuate Collection Set: 0.11ms
[2025-12-28T19:34:55.529+0100][info][gc,phases      ] GC(181)   Merge Heap Roots: 0.09ms
[2025-12-28T19:34:55.529+0100][info][gc,phases      ] GC(181)   Evacuate Collection Set: 0.16ms
[2025-12-28T19:34:55.529+0100][info][gc,phases      ] GC(181)   Post Evacuate Collection Set: 0.61ms
[2025-12-28T19:34:55.529+0100][info][gc,phases      ] GC(181)   Other: 0.09ms
[2025-12-28T19:34:55.529+0100][info][gc,heap        ] GC(181) Eden regions: 920->0(920)
[2025-12-28T19:34:55.529+0100][info][gc,heap        ] GC(181) Survivor regions: 1->1(116)
[2025-12-28T19:34:55.529+0100][info][gc,heap        ] GC(181) Old regions: 9->9
[2025-12-28T19:34:55.529+0100][info][gc,heap        ] GC(181) Humongous regions: 0->0
[2025-12-28T19:34:55.529+0100][info][gc,metaspace   ] GC(181) Metaspace: 8406K(8640K)->8406K(8640K) NonClass: 7676K(7808K)->7676K(7808K) Class: 730K(832K)->730K(832K)
[2025-12-28T19:34:55.529+0100][info][gc             ] GC(181) Pause Young (Normal) (G1 Evacuation Pause) 3691M->11M(6144M) 1.227ms
[2025-12-28T19:34:55.529+0100][info][gc,cpu         ] GC(181) User=0.00s Sys=0.00s Real=0.00s
[2025-12-28T19:34:55.698+0100][info][gc,start       ] GC(182) Pause Young (Normal) (G1 Evacuation Pause)
[2025-12-28T19:34:55.698+0100][info][gc,task        ] GC(182) Using 8 workers of 8 for evacuation
[2025-12-28T19:34:55.699+0100][info][gc,phases      ] GC(182)   Pre Evacuate Collection Set: 0.12ms
[2025-12-28T19:34:55.699+0100][info][gc,phases      ] GC(182)   Merge Heap Roots: 0.10ms
[2025-12-28T19:34:55.699+0100][info][gc,phases      ] GC(182)   Evacuate Collection Set: 0.19ms
[2025-12-28T19:34:55.699+0100][info][gc,phases      ] GC(182)   Post Evacuate Collection Set: 0.56ms
[2025-12-28T19:34:55.699+0100][info][gc,phases      ] GC(182)   Other: 0.08ms
[2025-12-28T19:34:55.699+0100][info][gc,heap        ] GC(182) Eden regions: 920->0(920)
[2025-12-28T19:34:55.699+0100][info][gc,heap        ] GC(182) Survivor regions: 1->1(116)
[2025-12-28T19:34:55.699+0100][info][gc,heap        ] GC(182) Old regions: 9->9
[2025-12-28T19:34:55.699+0100][info][gc,heap        ] GC(182) Humongous regions: 0->0
[2025-12-28T19:34:55.699+0100][info][gc,metaspace   ] GC(182) Metaspace: 8406K(8640K)->8406K(8640K) NonClass: 7676K(7808K)->7676K(7808K) Class: 730K(832K)->730K(832K)
[2025-12-28T19:34:55.699+0100][info][gc             ] GC(182) Pause Young (Normal) (G1 Evacuation Pause) 3691M->11M(6144M) 1.204ms
[2025-12-28T19:34:55.700+0100][info][gc,cpu         ] GC(182) User=0.00s Sys=0.00s Real=0.01s
[2025-12-28T19:34:55.869+0100][info][gc,start       ] GC(183) Pause Young (Normal) (G1 Evacuation Pause)
[2025-12-28T19:34:55.869+0100][info][gc,task        ] GC(183) Using 8 workers of 8 for evacuation
[2025-12-28T19:34:55.870+0100][info][gc,phases      ] GC(183)   Pre Evacuate Collection Set: 0.13ms
[2025-12-28T19:34:55.870+0100][info][gc,phases      ] GC(183)   Merge Heap Roots: 0.11ms
[2025-12-28T19:34:55.870+0100][info][gc,phases      ] GC(183)   Evacuate Collection Set: 0.17ms
[2025-12-28T19:34:55.870+0100][info][gc,phases      ] GC(183)   Post Evacuate Collection Set: 0.59ms
[2025-12-28T19:34:55.870+0100][info][gc,phases      ] GC(183)   Other: 0.08ms
[2025-12-28T19:34:55.870+0100][info][gc,heap        ] GC(183) Eden regions: 920->0(920)
[2025-12-28T19:34:55.870+0100][info][gc,heap        ] GC(183) Survivor regions: 1->1(116)
[2025-12-28T19:34:55.870+0100][info][gc,heap        ] GC(183) Old regions: 9->9
[2025-12-28T19:34:55.870+0100][info][gc,heap        ] GC(183) Humongous regions: 0->0
[2025-12-28T19:34:55.870+0100][info][gc,metaspace   ] GC(183) Metaspace: 8406K(8640K)->8406K(8640K) NonClass: 7676K(7808K)->7676K(7808K) Class: 730K(832K)->730K(832K)
[2025-12-28T19:34:55.870+0100][info][gc             ] GC(183) Pause Young (Normal) (G1 Evacuation Pause) 3691M->11M(6144M) 1.229ms
[2025-12-28T19:34:55.870+0100][info][gc,cpu         ] GC(183) User=0.01s Sys=0.00s Real=0.01s
[2025-12-28T19:34:56.039+0100][info][gc,start       ] GC(184) Pause Young (Normal) (G1 Evacuation Pause)
[2025-12-28T19:34:56.039+0100][info][gc,task        ] GC(184) Using 8 workers of 8 for evacuation
[2025-12-28T19:34:56.040+0100][info][gc,phases      ] GC(184)   Pre Evacuate Collection Set: 0.10ms
[2025-12-28T19:34:56.040+0100][info][gc,phases      ] GC(184)   Merge Heap Roots: 0.11ms
[2025-12-28T19:34:56.040+0100][info][gc,phases      ] GC(184)   Evacuate Collection Set: 0.14ms
[2025-12-28T19:34:56.040+0100][info][gc,phases      ] GC(184)   Post Evacuate Collection Set: 0.58ms
[2025-12-28T19:34:56.040+0100][info][gc,phases      ] GC(184)   Other: 0.07ms
[2025-12-28T19:34:56.040+0100][info][gc,heap        ] GC(184) Eden regions: 920->0(920)
[2025-12-28T19:34:56.040+0100][info][gc,heap        ] GC(184) Survivor regions: 1->1(116)
[2025-12-28T19:34:56.040+0100][info][gc,heap        ] GC(184) Old regions: 9->9
[2025-12-28T19:34:56.040+0100][info][gc,heap        ] GC(184) Humongous regions: 0->0
[2025-12-28T19:34:56.040+0100][info][gc,metaspace   ] GC(184) Metaspace: 8406K(8640K)->8406K(8640K) NonClass: 7676K(7808K)->7676K(7808K) Class: 730K(832K)->730K(832K)
[2025-12-28T19:34:56.040+0100][info][gc             ] GC(184) Pause Young (Normal) (G1 Evacuation Pause) 3691M->11M(6144M) 1.170ms
[2025-12-28T19:34:56.040+0100][info][gc,cpu         ] GC(184) User=0.01s Sys=0.00s Real=0.01s
[2025-12-28T19:34:56.204+0100][info][gc,start       ] GC(185) Pause Young (Normal) (G1 Evacuation Pause)
[2025-12-28T19:34:56.205+0100][info][gc,task        ] GC(185) Using 8 workers of 8 for evacuation
[2025-12-28T19:34:56.206+0100][info][gc,phases      ] GC(185)   Pre Evacuate Collection Set: 0.13ms
[2025-12-28T19:34:56.206+0100][info][gc,phases      ] GC(185)   Merge Heap Roots: 0.12ms
[2025-12-28T19:34:56.206+0100][info][gc,phases      ] GC(185)   Evacuate Collection Set: 0.17ms
[2025-12-28T19:34:56.206+0100][info][gc,phases      ] GC(185)   Post Evacuate Collection Set: 0.59ms
[2025-12-28T19:34:56.206+0100][info][gc,phases      ] GC(185)   Other: 0.08ms
[2025-12-28T19:34:56.206+0100][info][gc,heap        ] GC(185) Eden regions: 920->0(920)
[2025-12-28T19:34:56.206+0100][info][gc,heap        ] GC(185) Survivor regions: 1->1(116)
[2025-12-28T19:34:56.206+0100][info][gc,heap        ] GC(185) Old regions: 9->9
[2025-12-28T19:34:56.206+0100][info][gc,heap        ] GC(185) Humongous regions: 0->0
[2025-12-28T19:34:56.206+0100][info][gc,metaspace   ] GC(185) Metaspace: 8406K(8640K)->8406K(8640K) NonClass: 7676K(7808K)->7676K(7808K) Class: 730K(832K)->730K(832K)
[2025-12-28T19:34:56.206+0100][info][gc             ] GC(185) Pause Young (Normal) (G1 Evacuation Pause) 3691M->11M(6144M) 1.229ms
[2025-12-28T19:34:56.206+0100][info][gc,cpu         ] GC(185) User=0.00s Sys=0.00s Real=0.00s
[2025-12-28T19:34:56.398+0100][info][gc,start       ] GC(186) Pause Young (Normal) (G1 Evacuation Pause)
[2025-12-28T19:34:56.398+0100][info][gc,task        ] GC(186) Using 8 workers of 8 for evacuation
[2025-12-28T19:34:56.399+0100][info][gc,phases      ] GC(186)   Pre Evacuate Collection Set: 0.22ms
[2025-12-28T19:34:56.399+0100][info][gc,phases      ] GC(186)   Merge Heap Roots: 0.12ms
[2025-12-28T19:34:56.399+0100][info][gc,phases      ] GC(186)   Evacuate Collection Set: 0.16ms
[2025-12-28T19:34:56.399+0100][info][gc,phases      ] GC(186)   Post Evacuate Collection Set: 0.59ms
[2025-12-28T19:34:56.399+0100][info][gc,phases      ] GC(186)   Other: 0.08ms
[2025-12-28T19:34:56.400+0100][info][gc,heap        ] GC(186) Eden regions: 920->0(920)
[2025-12-28T19:34:56.400+0100][info][gc,heap        ] GC(186) Survivor regions: 1->1(116)
[2025-12-28T19:34:56.400+0100][info][gc,heap        ] GC(186) Old regions: 9->9
[2025-12-28T19:34:56.400+0100][info][gc,heap        ] GC(186) Humongous regions: 0->0
[2025-12-28T19:34:56.400+0100][info][gc,metaspace   ] GC(186) Metaspace: 8406K(8640K)->8406K(8640K) NonClass: 7676K(7808K)->7676K(7808K) Class: 730K(832K)->730K(832K)
[2025-12-28T19:34:56.400+0100][info][gc             ] GC(186) Pause Young (Normal) (G1 Evacuation Pause) 3691M->11M(6144M) 1.368ms
[2025-12-28T19:34:56.400+0100][info][gc,cpu         ] GC(186) User=0.01s Sys=0.00s Real=0.01s
[2025-12-28T19:34:56.773+0100][info][gc,start       ] GC(187) Pause Young (Normal) (G1 Evacuation Pause)
[2025-12-28T19:34:56.774+0100][info][gc,task        ] GC(187) Using 8 workers of 8 for evacuation
[2025-12-28T19:34:56.777+0100][info][gc,phases      ] GC(187)   Pre Evacuate Collection Set: 0.74ms
[2025-12-28T19:34:56.777+0100][info][gc,phases      ] GC(187)   Merge Heap Roots: 0.42ms
[2025-12-28T19:34:56.777+0100][info][gc,phases      ] GC(187)   Evacuate Collection Set: 0.84ms
[2025-12-28T19:34:56.777+0100][info][gc,phases      ] GC(187)   Post Evacuate Collection Set: 1.52ms
[2025-12-28T19:34:56.777+0100][info][gc,phases      ] GC(187)   Other: 0.36ms
[2025-12-28T19:34:56.777+0100][info][gc,heap        ] GC(187) Eden regions: 920->0(920)
[2025-12-28T19:34:56.777+0100][info][gc,heap        ] GC(187) Survivor regions: 1->1(116)
[2025-12-28T19:34:56.778+0100][info][gc,heap        ] GC(187) Old regions: 9->9
[2025-12-28T19:34:56.778+0100][info][gc,heap        ] GC(187) Humongous regions: 0->0
[2025-12-28T19:34:56.778+0100][info][gc,metaspace   ] GC(187) Metaspace: 8406K(8640K)->8406K(8640K) NonClass: 7676K(7808K)->7676K(7808K) Class: 730K(832K)->730K(832K)
[2025-12-28T19:34:56.778+0100][info][gc             ] GC(187) Pause Young (Normal) (G1 Evacuation Pause) 3691M->11M(6144M) 4.144ms
[2025-12-28T19:34:56.778+0100][info][gc,cpu         ] GC(187) User=0.00s Sys=0.00s Real=0.00s
[2025-12-28T19:34:58.177+0100][info][gc,start       ] GC(188) Pause Young (Normal) (G1 Evacuation Pause)
[2025-12-28T19:34:58.177+0100][info][gc,task        ] GC(188) Using 8 workers of 8 for evacuation
[2025-12-28T19:34:58.181+0100][info][gc,phases      ] GC(188)   Pre Evacuate Collection Set: 0.79ms
[2025-12-28T19:34:58.181+0100][info][gc,phases      ] GC(188)   Merge Heap Roots: 0.14ms
[2025-12-28T19:34:58.181+0100][info][gc,phases      ] GC(188)   Evacuate Collection Set: 1.18ms
[2025-12-28T19:34:58.181+0100][info][gc,phases      ] GC(188)   Post Evacuate Collection Set: 1.26ms
[2025-12-28T19:34:58.181+0100][info][gc,phases      ] GC(188)   Other: 0.25ms
[2025-12-28T19:34:58.181+0100][info][gc,heap        ] GC(188) Eden regions: 920->0(920)
[2025-12-28T19:34:58.181+0100][info][gc,heap        ] GC(188) Survivor regions: 1->1(116)
[2025-12-28T19:34:58.181+0100][info][gc,heap        ] GC(188) Old regions: 9->9
[2025-12-28T19:34:58.181+0100][info][gc,heap        ] GC(188) Humongous regions: 0->0
[2025-12-28T19:34:58.181+0100][info][gc,metaspace   ] GC(188) Metaspace: 8406K(8640K)->8406K(8640K) NonClass: 7676K(7808K)->7676K(7808K) Class: 730K(832K)->730K(832K)
[2025-12-28T19:34:58.181+0100][info][gc             ] GC(188) Pause Young (Normal) (G1 Evacuation Pause) 3691M->11M(6144M) 3.887ms
[2025-12-28T19:34:58.181+0100][info][gc,cpu         ] GC(188) User=0.00s Sys=0.01s Real=0.01s
[2025-12-28T19:34:58.939+0100][info][gc,start       ] GC(189) Pause Young (Normal) (G1 Evacuation Pause)
[2025-12-28T19:34:58.939+0100][info][gc,task        ] GC(189) Using 8 workers of 8 for evacuation
[2025-12-28T19:34:58.941+0100][info][gc,phases      ] GC(189)   Pre Evacuate Collection Set: 0.17ms
[2025-12-28T19:34:58.941+0100][info][gc,phases      ] GC(189)   Merge Heap Roots: 0.11ms
[2025-12-28T19:34:58.941+0100][info][gc,phases      ] GC(189)   Evacuate Collection Set: 0.20ms
[2025-12-28T19:34:58.941+0100][info][gc,phases      ] GC(189)   Post Evacuate Collection Set: 0.69ms
[2025-12-28T19:34:58.941+0100][info][gc,phases      ] GC(189)   Other: 0.09ms
[2025-12-28T19:34:58.941+0100][info][gc,heap        ] GC(189) Eden regions: 920->0(920)
[2025-12-28T19:34:58.941+0100][info][gc,heap        ] GC(189) Survivor regions: 1->1(116)
[2025-12-28T19:34:58.941+0100][info][gc,heap        ] GC(189) Old regions: 9->9
[2025-12-28T19:34:58.941+0100][info][gc,heap        ] GC(189) Humongous regions: 0->0
[2025-12-28T19:34:58.941+0100][info][gc,metaspace   ] GC(189) Metaspace: 8406K(8640K)->8406K(8640K) NonClass: 7676K(7808K)->7676K(7808K) Class: 730K(832K)->730K(832K)
[2025-12-28T19:34:58.941+0100][info][gc             ] GC(189) Pause Young (Normal) (G1 Evacuation Pause) 3691M->11M(6144M) 1.623ms
[2025-12-28T19:34:58.941+0100][info][gc,cpu         ] GC(189) User=0.00s Sys=0.00s Real=0.01s
[2025-12-28T19:34:59.648+0100][info][gc,start       ] GC(190) Pause Young (Normal) (G1 Evacuation Pause)
[2025-12-28T19:34:59.649+0100][info][gc,task        ] GC(190) Using 8 workers of 8 for evacuation
[2025-12-28T19:34:59.653+0100][info][gc,phases      ] GC(190)   Pre Evacuate Collection Set: 1.03ms
[2025-12-28T19:34:59.653+0100][info][gc,phases      ] GC(190)   Merge Heap Roots: 0.15ms
[2025-12-28T19:34:59.653+0100][info][gc,phases      ] GC(190)   Evacuate Collection Set: 0.81ms
[2025-12-28T19:34:59.653+0100][info][gc,phases      ] GC(190)   Post Evacuate Collection Set: 1.79ms
[2025-12-28T19:34:59.653+0100][info][gc,phases      ] GC(190)   Other: 0.33ms
[2025-12-28T19:34:59.653+0100][info][gc,heap        ] GC(190) Eden regions: 920->0(920)
[2025-12-28T19:34:59.653+0100][info][gc,heap        ] GC(190) Survivor regions: 1->1(116)
[2025-12-28T19:34:59.653+0100][info][gc,heap        ] GC(190) Old regions: 9->9
[2025-12-28T19:34:59.653+0100][info][gc,heap        ] GC(190) Humongous regions: 0->0
[2025-12-28T19:34:59.653+0100][info][gc,metaspace   ] GC(190) Metaspace: 8406K(8640K)->8406K(8640K) NonClass: 7676K(7808K)->7676K(7808K) Class: 730K(832K)->730K(832K)
[2025-12-28T19:34:59.653+0100][info][gc             ] GC(190) Pause Young (Normal) (G1 Evacuation Pause) 3691M->11M(6144M) 4.354ms
[2025-12-28T19:34:59.653+0100][info][gc,cpu         ] GC(190) User=0.00s Sys=0.01s Real=0.01s
[2025-12-28T19:35:00.987+0100][info][gc,start       ] GC(191) Pause Young (Normal) (G1 Evacuation Pause)
[2025-12-28T19:35:00.987+0100][info][gc,task        ] GC(191) Using 8 workers of 8 for evacuation
[2025-12-28T19:35:00.988+0100][info][gc,phases      ] GC(191)   Pre Evacuate Collection Set: 0.20ms
[2025-12-28T19:35:00.988+0100][info][gc,phases      ] GC(191)   Merge Heap Roots: 0.19ms
[2025-12-28T19:35:00.988+0100][info][gc,phases      ] GC(191)   Evacuate Collection Set: 0.27ms
[2025-12-28T19:35:00.988+0100][info][gc,phases      ] GC(191)   Post Evacuate Collection Set: 0.64ms
[2025-12-28T19:35:00.989+0100][info][gc,phases      ] GC(191)   Other: 0.12ms
[2025-12-28T19:35:00.989+0100][info][gc,heap        ] GC(191) Eden regions: 920->0(920)
[2025-12-28T19:35:00.989+0100][info][gc,heap        ] GC(191) Survivor regions: 1->1(116)
[2025-12-28T19:35:00.989+0100][info][gc,heap        ] GC(191) Old regions: 9->9
[2025-12-28T19:35:00.989+0100][info][gc,heap        ] GC(191) Humongous regions: 0->0
[2025-12-28T19:35:00.989+0100][info][gc,metaspace   ] GC(191) Metaspace: 8406K(8640K)->8406K(8640K) NonClass: 7676K(7808K)->7676K(7808K) Class: 730K(832K)->730K(832K)
[2025-12-28T19:35:00.989+0100][info][gc             ] GC(191) Pause Young (Normal) (G1 Evacuation Pause) 3691M->11M(6144M) 1.580ms
[2025-12-28T19:35:00.989+0100][info][gc,cpu         ] GC(191) User=0.00s Sys=0.00s Real=0.00s
[2025-12-28T19:35:01.191+0100][info][gc,start       ] GC(192) Pause Young (Normal) (G1 Evacuation Pause)
[2025-12-28T19:35:01.191+0100][info][gc,task        ] GC(192) Using 8 workers of 8 for evacuation
[2025-12-28T19:35:01.192+0100][info][gc,phases      ] GC(192)   Pre Evacuate Collection Set: 0.10ms
[2025-12-28T19:35:01.193+0100][info][gc,phases      ] GC(192)   Merge Heap Roots: 0.05ms
[2025-12-28T19:35:01.193+0100][info][gc,phases      ] GC(192)   Evacuate Collection Set: 0.22ms
[2025-12-28T19:35:01.193+0100][info][gc,phases      ] GC(192)   Post Evacuate Collection Set: 0.59ms
[2025-12-28T19:35:01.193+0100][info][gc,phases      ] GC(192)   Other: 0.08ms
[2025-12-28T19:35:01.193+0100][info][gc,heap        ] GC(192) Eden regions: 920->0(920)
[2025-12-28T19:35:01.193+0100][info][gc,heap        ] GC(192) Survivor regions: 1->1(116)
[2025-12-28T19:35:01.193+0100][info][gc,heap        ] GC(192) Old regions: 9->9
[2025-12-28T19:35:01.193+0100][info][gc,heap        ] GC(192) Humongous regions: 0->0
[2025-12-28T19:35:01.193+0100][info][gc,metaspace   ] GC(192) Metaspace: 8407K(8640K)->8407K(8640K) NonClass: 7677K(7808K)->7677K(7808K) Class: 730K(832K)->730K(832K)
[2025-12-28T19:35:01.193+0100][info][gc             ] GC(192) Pause Young (Normal) (G1 Evacuation Pause) 3691M->11M(6144M) 1.187ms
[2025-12-28T19:35:01.193+0100][info][gc,cpu         ] GC(192) User=0.00s Sys=0.00s Real=0.00s
[2025-12-28T19:35:01.367+0100][info][gc,start       ] GC(193) Pause Young (Normal) (G1 Evacuation Pause)
[2025-12-28T19:35:01.367+0100][info][gc,task        ] GC(193) Using 8 workers of 8 for evacuation
[2025-12-28T19:35:01.368+0100][info][gc,phases      ] GC(193)   Pre Evacuate Collection Set: 0.10ms
[2025-12-28T19:35:01.368+0100][info][gc,phases      ] GC(193)   Merge Heap Roots: 0.05ms
[2025-12-28T19:35:01.368+0100][info][gc,phases      ] GC(193)   Evacuate Collection Set: 0.14ms
[2025-12-28T19:35:01.368+0100][info][gc,phases      ] GC(193)   Post Evacuate Collection Set: 0.53ms
[2025-12-28T19:35:01.368+0100][info][gc,phases      ] GC(193)   Other: 0.08ms
[2025-12-28T19:35:01.368+0100][info][gc,heap        ] GC(193) Eden regions: 920->0(920)
[2025-12-28T19:35:01.368+0100][info][gc,heap        ] GC(193) Survivor regions: 1->1(116)
[2025-12-28T19:35:01.368+0100][info][gc,heap        ] GC(193) Old regions: 9->9
[2025-12-28T19:35:01.368+0100][info][gc,heap        ] GC(193) Humongous regions: 0->0
[2025-12-28T19:35:01.368+0100][info][gc,metaspace   ] GC(193) Metaspace: 8407K(8640K)->8407K(8640K) NonClass: 7677K(7808K)->7677K(7808K) Class: 730K(832K)->730K(832K)
[2025-12-28T19:35:01.368+0100][info][gc             ] GC(193) Pause Young (Normal) (G1 Evacuation Pause) 3691M->11M(6144M) 1.030ms
[2025-12-28T19:35:01.368+0100][info][gc,cpu         ] GC(193) User=0.00s Sys=0.00s Real=0.00s
[2025-12-28T19:35:01.543+0100][info][gc,start       ] GC(194) Pause Young (Normal) (G1 Evacuation Pause)
[2025-12-28T19:35:01.543+0100][info][gc,task        ] GC(194) Using 8 workers of 8 for evacuation
[2025-12-28T19:35:01.544+0100][info][gc,phases      ] GC(194)   Pre Evacuate Collection Set: 0.12ms
[2025-12-28T19:35:01.544+0100][info][gc,phases      ] GC(194)   Merge Heap Roots: 0.07ms
[2025-12-28T19:35:01.544+0100][info][gc,phases      ] GC(194)   Evacuate Collection Set: 0.14ms
[2025-12-28T19:35:01.544+0100][info][gc,phases      ] GC(194)   Post Evacuate Collection Set: 0.65ms
[2025-12-28T19:35:01.544+0100][info][gc,phases      ] GC(194)   Other: 0.08ms
[2025-12-28T19:35:01.544+0100][info][gc,heap        ] GC(194) Eden regions: 920->0(920)
[2025-12-28T19:35:01.544+0100][info][gc,heap        ] GC(194) Survivor regions: 1->1(116)
[2025-12-28T19:35:01.544+0100][info][gc,heap        ] GC(194) Old regions: 9->9
[2025-12-28T19:35:01.544+0100][info][gc,heap        ] GC(194) Humongous regions: 0->0
[2025-12-28T19:35:01.544+0100][info][gc,metaspace   ] GC(194) Metaspace: 8407K(8640K)->8407K(8640K) NonClass: 7677K(7808K)->7677K(7808K) Class: 730K(832K)->730K(832K)
[2025-12-28T19:35:01.544+0100][info][gc             ] GC(194) Pause Young (Normal) (G1 Evacuation Pause) 3691M->11M(6144M) 1.185ms
[2025-12-28T19:35:01.544+0100][info][gc,cpu         ] GC(194) User=0.00s Sys=0.00s Real=0.00s
[2025-12-28T19:35:01.709+0100][info][gc,start       ] GC(195) Pause Young (Normal) (G1 Evacuation Pause)
[2025-12-28T19:35:01.709+0100][info][gc,task        ] GC(195) Using 8 workers of 8 for evacuation
[2025-12-28T19:35:01.710+0100][info][gc,phases      ] GC(195)   Pre Evacuate Collection Set: 0.10ms
[2025-12-28T19:35:01.710+0100][info][gc,phases      ] GC(195)   Merge Heap Roots: 0.11ms
[2025-12-28T19:35:01.710+0100][info][gc,phases      ] GC(195)   Evacuate Collection Set: 0.16ms
[2025-12-28T19:35:01.710+0100][info][gc,phases      ] GC(195)   Post Evacuate Collection Set: 0.49ms
[2025-12-28T19:35:01.710+0100][info][gc,phases      ] GC(195)   Other: 0.07ms
[2025-12-28T19:35:01.710+0100][info][gc,heap        ] GC(195) Eden regions: 920->0(920)
[2025-12-28T19:35:01.710+0100][info][gc,heap        ] GC(195) Survivor regions: 1->1(116)
[2025-12-28T19:35:01.710+0100][info][gc,heap        ] GC(195) Old regions: 9->9
[2025-12-28T19:35:01.710+0100][info][gc,heap        ] GC(195) Humongous regions: 0->0
[2025-12-28T19:35:01.710+0100][info][gc,metaspace   ] GC(195) Metaspace: 8407K(8640K)->8407K(8640K) NonClass: 7677K(7808K)->7677K(7808K) Class: 730K(832K)->730K(832K)
[2025-12-28T19:35:01.710+0100][info][gc             ] GC(195) Pause Young (Normal) (G1 Evacuation Pause) 3691M->11M(6144M) 1.082ms
[2025-12-28T19:35:01.710+0100][info][gc,cpu         ] GC(195) User=0.00s Sys=0.00s Real=0.01s
[2025-12-28T19:35:01.834+0100][info][gc,start       ] GC(196) Pause Full (System.gc())
[2025-12-28T19:35:01.834+0100][info][gc,task        ] GC(196) Using 8 workers of 8 for full compaction
[2025-12-28T19:35:01.834+0100][info][gc,phases,start] GC(196) Phase 1: Mark live objects
[2025-12-28T19:35:01.844+0100][info][gc,phases      ] GC(196) Phase 1: Mark live objects 10.066ms
[2025-12-28T19:35:01.844+0100][info][gc,phases,start] GC(196) Phase 2: Prepare compaction
[2025-12-28T19:35:01.856+0100][info][gc,phases      ] GC(196) Phase 2: Prepare compaction 11.910ms
[2025-12-28T19:35:01.856+0100][info][gc,phases,start] GC(196) Phase 3: Adjust pointers
[2025-12-28T19:35:01.859+0100][info][gc,phases      ] GC(196) Phase 3: Adjust pointers 2.464ms
[2025-12-28T19:35:01.859+0100][info][gc,phases,start] GC(196) Phase 4: Compact heap
[2025-12-28T19:35:01.860+0100][info][gc,phases      ] GC(196) Phase 4: Compact heap 0.949ms
[2025-12-28T19:35:01.860+0100][info][gc,phases,start] GC(196) Phase 5: Reset Metadata
[2025-12-28T19:35:01.861+0100][info][gc,phases      ] GC(196) Phase 5: Reset Metadata 1.086ms
[2025-12-28T19:35:01.895+0100][info][gc,heap        ] GC(196) Eden regions: 500->0(921)
[2025-12-28T19:35:01.895+0100][info][gc,heap        ] GC(196) Survivor regions: 1->0(116)
[2025-12-28T19:35:01.895+0100][info][gc,heap        ] GC(196) Old regions: 9->8
[2025-12-28T19:35:01.895+0100][info][gc,heap        ] GC(196) Humongous regions: 0->0
[2025-12-28T19:35:01.895+0100][info][gc,metaspace   ] GC(196) Metaspace: 8411K(8640K)->8411K(8640K) NonClass: 7681K(7808K)->7681K(7808K) Class: 730K(832K)->730K(832K)
[2025-12-28T19:35:01.895+0100][info][gc             ] GC(196) Pause Full (System.gc()) 2007M->10M(6144M) 60.528ms
[2025-12-28T19:35:01.895+0100][info][gc,cpu         ] GC(196) User=0.03s Sys=0.14s Real=0.06s
[2025-12-28T19:35:01.895+0100][info][gc,start       ] GC(197) Pause Full (System.gc())
[2025-12-28T19:35:01.895+0100][info][gc,task        ] GC(197) Using 8 workers of 8 for full compaction
[2025-12-28T19:35:01.895+0100][info][gc,phases,start] GC(197) Phase 1: Mark live objects
[2025-12-28T19:35:01.898+0100][info][gc,phases      ] GC(197) Phase 1: Mark live objects 2.731ms
[2025-12-28T19:35:01.898+0100][info][gc,phases,start] GC(197) Phase 2: Prepare compaction
[2025-12-28T19:35:01.898+0100][info][gc,phases      ] GC(197) Phase 2: Prepare compaction 0.509ms
[2025-12-28T19:35:01.898+0100][info][gc,phases,start] GC(197) Phase 3: Adjust pointers
[2025-12-28T19:35:01.900+0100][info][gc,phases      ] GC(197) Phase 3: Adjust pointers 1.349ms
[2025-12-28T19:35:01.900+0100][info][gc,phases,start] GC(197) Phase 4: Compact heap
[2025-12-28T19:35:01.900+0100][info][gc,phases      ] GC(197) Phase 4: Compact heap 0.408ms
[2025-12-28T19:35:01.900+0100][info][gc,phases,start] GC(197) Phase 5: Reset Metadata
[2025-12-28T19:35:01.900+0100][info][gc,phases      ] GC(197) Phase 5: Reset Metadata 0.388ms
[2025-12-28T19:35:01.905+0100][info][gc,heap        ] GC(197) Eden regions: 1->0(921)
[2025-12-28T19:35:01.905+0100][info][gc,heap        ] GC(197) Survivor regions: 0->0(116)
[2025-12-28T19:35:01.905+0100][info][gc,heap        ] GC(197) Old regions: 8->8
[2025-12-28T19:35:01.905+0100][info][gc,heap        ] GC(197) Humongous regions: 0->0
[2025-12-28T19:35:01.905+0100][info][gc,metaspace   ] GC(197) Metaspace: 8411K(8640K)->8411K(8640K) NonClass: 7681K(7808K)->7681K(7808K) Class: 730K(832K)->730K(832K)
[2025-12-28T19:35:01.905+0100][info][gc             ] GC(197) Pause Full (System.gc()) 11M->10M(6144M) 9.913ms
[2025-12-28T19:35:01.905+0100][info][gc,cpu         ] GC(197) User=0.03s Sys=0.00s Real=0.01s
[2025-12-28T19:35:02.729+0100][info][gc,start       ] GC(198) Pause Young (Normal) (G1 Evacuation Pause)
[2025-12-28T19:35:02.729+0100][info][gc,task        ] GC(198) Using 8 workers of 8 for evacuation
[2025-12-28T19:35:02.730+0100][info][gc,phases      ] GC(198)   Pre Evacuate Collection Set: 0.12ms
[2025-12-28T19:35:02.730+0100][info][gc,phases      ] GC(198)   Merge Heap Roots: 0.05ms
[2025-12-28T19:35:02.730+0100][info][gc,phases      ] GC(198)   Evacuate Collection Set: 0.16ms
[2025-12-28T19:35:02.730+0100][info][gc,phases      ] GC(198)   Post Evacuate Collection Set: 0.55ms
[2025-12-28T19:35:02.730+0100][info][gc,phases      ] GC(198)   Other: 0.08ms
[2025-12-28T19:35:02.730+0100][info][gc,heap        ] GC(198) Eden regions: 921->0(920)
[2025-12-28T19:35:02.730+0100][info][gc,heap        ] GC(198) Survivor regions: 0->1(116)
[2025-12-28T19:35:02.731+0100][info][gc,heap        ] GC(198) Old regions: 8->8
[2025-12-28T19:35:02.731+0100][info][gc,heap        ] GC(198) Humongous regions: 0->0
[2025-12-28T19:35:02.731+0100][info][gc,metaspace   ] GC(198) Metaspace: 8417K(8640K)->8417K(8640K) NonClass: 7687K(7808K)->7687K(7808K) Class: 730K(832K)->730K(832K)
[2025-12-28T19:35:02.731+0100][info][gc             ] GC(198) Pause Young (Normal) (G1 Evacuation Pause) 3694M->11M(6144M) 1.123ms
[2025-12-28T19:35:02.731+0100][info][gc,cpu         ] GC(198) User=0.01s Sys=0.00s Real=0.01s
[2025-12-28T19:35:02.895+0100][info][gc,start       ] GC(199) Pause Young (Normal) (G1 Evacuation Pause)
[2025-12-28T19:35:02.895+0100][info][gc,task        ] GC(199) Using 8 workers of 8 for evacuation
[2025-12-28T19:35:02.896+0100][info][gc,phases      ] GC(199)   Pre Evacuate Collection Set: 0.08ms
[2025-12-28T19:35:02.896+0100][info][gc,phases      ] GC(199)   Merge Heap Roots: 0.05ms
[2025-12-28T19:35:02.896+0100][info][gc,phases      ] GC(199)   Evacuate Collection Set: 0.14ms
[2025-12-28T19:35:02.896+0100][info][gc,phases      ] GC(199)   Post Evacuate Collection Set: 0.57ms
[2025-12-28T19:35:02.896+0100][info][gc,phases      ] GC(199)   Other: 0.07ms
[2025-12-28T19:35:02.896+0100][info][gc,heap        ] GC(199) Eden regions: 920->0(920)
[2025-12-28T19:35:02.896+0100][info][gc,heap        ] GC(199) Survivor regions: 1->1(116)
[2025-12-28T19:35:02.896+0100][info][gc,heap        ] GC(199) Old regions: 8->8
[2025-12-28T19:35:02.896+0100][info][gc,heap        ] GC(199) Humongous regions: 0->0
[2025-12-28T19:35:02.896+0100][info][gc,metaspace   ] GC(199) Metaspace: 8417K(8640K)->8417K(8640K) NonClass: 7687K(7808K)->7687K(7808K) Class: 730K(832K)->730K(832K)
[2025-12-28T19:35:02.896+0100][info][gc             ] GC(199) Pause Young (Normal) (G1 Evacuation Pause) 3691M->11M(6144M) 1.058ms
[2025-12-28T19:35:02.896+0100][info][gc,cpu         ] GC(199) User=0.01s Sys=0.00s Real=0.00s
[2025-12-28T19:35:03.073+0100][info][gc,start       ] GC(200) Pause Young (Normal) (G1 Evacuation Pause)
[2025-12-28T19:35:03.073+0100][info][gc,task        ] GC(200) Using 8 workers of 8 for evacuation
[2025-12-28T19:35:03.074+0100][info][gc,phases      ] GC(200)   Pre Evacuate Collection Set: 0.11ms
[2025-12-28T19:35:03.074+0100][info][gc,phases      ] GC(200)   Merge Heap Roots: 0.11ms
[2025-12-28T19:35:03.074+0100][info][gc,phases      ] GC(200)   Evacuate Collection Set: 0.16ms
[2025-12-28T19:35:03.074+0100][info][gc,phases      ] GC(200)   Post Evacuate Collection Set: 0.55ms
[2025-12-28T19:35:03.074+0100][info][gc,phases      ] GC(200)   Other: 0.07ms
[2025-12-28T19:35:03.074+0100][info][gc,heap        ] GC(200) Eden regions: 920->0(920)
[2025-12-28T19:35:03.074+0100][info][gc,heap        ] GC(200) Survivor regions: 1->1(116)
[2025-12-28T19:35:03.074+0100][info][gc,heap        ] GC(200) Old regions: 8->8
[2025-12-28T19:35:03.074+0100][info][gc,heap        ] GC(200) Humongous regions: 0->0
[2025-12-28T19:35:03.074+0100][info][gc,metaspace   ] GC(200) Metaspace: 8417K(8640K)->8417K(8640K) NonClass: 7687K(7808K)->7687K(7808K) Class: 730K(832K)->730K(832K)
[2025-12-28T19:35:03.074+0100][info][gc             ] GC(200) Pause Young (Normal) (G1 Evacuation Pause) 3691M->11M(6144M) 1.139ms
[2025-12-28T19:35:03.074+0100][info][gc,cpu         ] GC(200) User=0.00s Sys=0.00s Real=0.00s
[2025-12-28T19:35:03.286+0100][info][gc,start       ] GC(201) Pause Young (Normal) (G1 Evacuation Pause)
[2025-12-28T19:35:03.286+0100][info][gc,task        ] GC(201) Using 8 workers of 8 for evacuation
[2025-12-28T19:35:03.287+0100][info][gc,phases      ] GC(201)   Pre Evacuate Collection Set: 0.17ms
[2025-12-28T19:35:03.287+0100][info][gc,phases      ] GC(201)   Merge Heap Roots: 0.13ms
[2025-12-28T19:35:03.287+0100][info][gc,phases      ] GC(201)   Evacuate Collection Set: 0.15ms
[2025-12-28T19:35:03.287+0100][info][gc,phases      ] GC(201)   Post Evacuate Collection Set: 0.60ms
[2025-12-28T19:35:03.287+0100][info][gc,phases      ] GC(201)   Other: 0.08ms
[2025-12-28T19:35:03.287+0100][info][gc,heap        ] GC(201) Eden regions: 920->0(920)
[2025-12-28T19:35:03.287+0100][info][gc,heap        ] GC(201) Survivor regions: 1->1(116)
[2025-12-28T19:35:03.287+0100][info][gc,heap        ] GC(201) Old regions: 8->8
[2025-12-28T19:35:03.287+0100][info][gc,heap        ] GC(201) Humongous regions: 0->0
[2025-12-28T19:35:03.287+0100][info][gc,metaspace   ] GC(201) Metaspace: 8417K(8640K)->8417K(8640K) NonClass: 7687K(7808K)->7687K(7808K) Class: 730K(832K)->730K(832K)
[2025-12-28T19:35:03.287+0100][info][gc             ] GC(201) Pause Young (Normal) (G1 Evacuation Pause) 3691M->11M(6144M) 1.295ms
[2025-12-28T19:35:03.287+0100][info][gc,cpu         ] GC(201) User=0.01s Sys=0.00s Real=0.00s
[2025-12-28T19:35:03.471+0100][info][gc,start       ] GC(202) Pause Young (Normal) (G1 Evacuation Pause)
[2025-12-28T19:35:03.471+0100][info][gc,task        ] GC(202) Using 8 workers of 8 for evacuation
[2025-12-28T19:35:03.472+0100][info][gc,phases      ] GC(202)   Pre Evacuate Collection Set: 0.10ms
[2025-12-28T19:35:03.472+0100][info][gc,phases      ] GC(202)   Merge Heap Roots: 0.13ms
[2025-12-28T19:35:03.472+0100][info][gc,phases      ] GC(202)   Evacuate Collection Set: 0.17ms
[2025-12-28T19:35:03.472+0100][info][gc,phases      ] GC(202)   Post Evacuate Collection Set: 0.85ms
[2025-12-28T19:35:03.472+0100][info][gc,phases      ] GC(202)   Other: 0.08ms
[2025-12-28T19:35:03.472+0100][info][gc,heap        ] GC(202) Eden regions: 920->0(920)
[2025-12-28T19:35:03.472+0100][info][gc,heap        ] GC(202) Survivor regions: 1->1(116)
[2025-12-28T19:35:03.472+0100][info][gc,heap        ] GC(202) Old regions: 8->8
[2025-12-28T19:35:03.472+0100][info][gc,heap        ] GC(202) Humongous regions: 0->0
[2025-12-28T19:35:03.472+0100][info][gc,metaspace   ] GC(202) Metaspace: 8417K(8640K)->8417K(8640K) NonClass: 7687K(7808K)->7687K(7808K) Class: 730K(832K)->730K(832K)
[2025-12-28T19:35:03.472+0100][info][gc             ] GC(202) Pause Young (Normal) (G1 Evacuation Pause) 3691M->11M(6144M) 1.486ms
[2025-12-28T19:35:03.472+0100][info][gc,cpu         ] GC(202) User=0.00s Sys=0.00s Real=0.00s
[2025-12-28T19:35:03.674+0100][info][gc,start       ] GC(203) Pause Young (Normal) (G1 Evacuation Pause)
[2025-12-28T19:35:03.674+0100][info][gc,task        ] GC(203) Using 8 workers of 8 for evacuation
[2025-12-28T19:35:03.675+0100][info][gc,phases      ] GC(203)   Pre Evacuate Collection Set: 0.16ms
[2025-12-28T19:35:03.675+0100][info][gc,phases      ] GC(203)   Merge Heap Roots: 0.13ms
[2025-12-28T19:35:03.675+0100][info][gc,phases      ] GC(203)   Evacuate Collection Set: 0.16ms
[2025-12-28T19:35:03.675+0100][info][gc,phases      ] GC(203)   Post Evacuate Collection Set: 0.54ms
[2025-12-28T19:35:03.675+0100][info][gc,phases      ] GC(203)   Other: 0.07ms
[2025-12-28T19:35:03.675+0100][info][gc,heap        ] GC(203) Eden regions: 920->0(920)
[2025-12-28T19:35:03.675+0100][info][gc,heap        ] GC(203) Survivor regions: 1->1(116)
[2025-12-28T19:35:03.675+0100][info][gc,heap        ] GC(203) Old regions: 8->8
[2025-12-28T19:35:03.675+0100][info][gc,heap        ] GC(203) Humongous regions: 0->0
[2025-12-28T19:35:03.675+0100][info][gc,metaspace   ] GC(203) Metaspace: 8417K(8640K)->8417K(8640K) NonClass: 7687K(7808K)->7687K(7808K) Class: 730K(832K)->730K(832K)
[2025-12-28T19:35:03.675+0100][info][gc             ] GC(203) Pause Young (Normal) (G1 Evacuation Pause) 3691M->11M(6144M) 1.222ms
[2025-12-28T19:35:03.675+0100][info][gc,cpu         ] GC(203) User=0.01s Sys=0.00s Real=0.00s
[2025-12-28T19:35:03.892+0100][info][gc,start       ] GC(204) Pause Young (Normal) (G1 Evacuation Pause)
[2025-12-28T19:35:03.892+0100][info][gc,task        ] GC(204) Using 8 workers of 8 for evacuation
[2025-12-28T19:35:03.893+0100][info][gc,phases      ] GC(204)   Pre Evacuate Collection Set: 0.17ms
[2025-12-28T19:35:03.893+0100][info][gc,phases      ] GC(204)   Merge Heap Roots: 0.13ms
[2025-12-28T19:35:03.893+0100][info][gc,phases      ] GC(204)   Evacuate Collection Set: 0.20ms
[2025-12-28T19:35:03.893+0100][info][gc,phases      ] GC(204)   Post Evacuate Collection Set: 0.61ms
[2025-12-28T19:35:03.893+0100][info][gc,phases      ] GC(204)   Other: 0.09ms
[2025-12-28T19:35:03.893+0100][info][gc,heap        ] GC(204) Eden regions: 920->0(920)
[2025-12-28T19:35:03.893+0100][info][gc,heap        ] GC(204) Survivor regions: 1->1(116)
[2025-12-28T19:35:03.893+0100][info][gc,heap        ] GC(204) Old regions: 8->8
[2025-12-28T19:35:03.893+0100][info][gc,heap        ] GC(204) Humongous regions: 0->0
[2025-12-28T19:35:03.893+0100][info][gc,metaspace   ] GC(204) Metaspace: 8417K(8640K)->8417K(8640K) NonClass: 7687K(7808K)->7687K(7808K) Class: 730K(832K)->730K(832K)
[2025-12-28T19:35:03.893+0100][info][gc             ] GC(204) Pause Young (Normal) (G1 Evacuation Pause) 3691M->11M(6144M) 1.364ms
[2025-12-28T19:35:03.893+0100][info][gc,cpu         ] GC(204) User=0.00s Sys=0.00s Real=0.00s
[2025-12-28T19:35:04.063+0100][info][gc,start       ] GC(205) Pause Young (Normal) (G1 Evacuation Pause)
[2025-12-28T19:35:04.063+0100][info][gc,task        ] GC(205) Using 8 workers of 8 for evacuation
[2025-12-28T19:35:04.064+0100][info][gc,phases      ] GC(205)   Pre Evacuate Collection Set: 0.11ms
[2025-12-28T19:35:04.064+0100][info][gc,phases      ] GC(205)   Merge Heap Roots: 0.06ms
[2025-12-28T19:35:04.064+0100][info][gc,phases      ] GC(205)   Evacuate Collection Set: 0.14ms
[2025-12-28T19:35:04.064+0100][info][gc,phases      ] GC(205)   Post Evacuate Collection Set: 0.56ms
[2025-12-28T19:35:04.064+0100][info][gc,phases      ] GC(205)   Other: 0.08ms
[2025-12-28T19:35:04.064+0100][info][gc,heap        ] GC(205) Eden regions: 920->0(920)
[2025-12-28T19:35:04.064+0100][info][gc,heap        ] GC(205) Survivor regions: 1->1(116)
[2025-12-28T19:35:04.064+0100][info][gc,heap        ] GC(205) Old regions: 8->8
[2025-12-28T19:35:04.064+0100][info][gc,heap        ] GC(205) Humongous regions: 0->0
[2025-12-28T19:35:04.064+0100][info][gc,metaspace   ] GC(205) Metaspace: 8417K(8640K)->8417K(8640K) NonClass: 7687K(7808K)->7687K(7808K) Class: 730K(832K)->730K(832K)
[2025-12-28T19:35:04.064+0100][info][gc             ] GC(205) Pause Young (Normal) (G1 Evacuation Pause) 3691M->11M(6144M) 1.101ms
[2025-12-28T19:35:04.064+0100][info][gc,cpu         ] GC(205) User=0.00s Sys=0.00s Real=0.00s
[2025-12-28T19:35:04.257+0100][info][gc,start       ] GC(206) Pause Young (Normal) (G1 Evacuation Pause)
[2025-12-28T19:35:04.258+0100][info][gc,task        ] GC(206) Using 8 workers of 8 for evacuation
[2025-12-28T19:35:04.259+0100][info][gc,phases      ] GC(206)   Pre Evacuate Collection Set: 0.20ms
[2025-12-28T19:35:04.259+0100][info][gc,phases      ] GC(206)   Merge Heap Roots: 0.12ms
[2025-12-28T19:35:04.259+0100][info][gc,phases      ] GC(206)   Evacuate Collection Set: 0.20ms
[2025-12-28T19:35:04.259+0100][info][gc,phases      ] GC(206)   Post Evacuate Collection Set: 0.62ms
[2025-12-28T19:35:04.259+0100][info][gc,phases      ] GC(206)   Other: 0.09ms
[2025-12-28T19:35:04.259+0100][info][gc,heap        ] GC(206) Eden regions: 920->0(920)
[2025-12-28T19:35:04.259+0100][info][gc,heap        ] GC(206) Survivor regions: 1->1(116)
[2025-12-28T19:35:04.259+0100][info][gc,heap        ] GC(206) Old regions: 8->8
[2025-12-28T19:35:04.259+0100][info][gc,heap        ] GC(206) Humongous regions: 0->0
[2025-12-28T19:35:04.259+0100][info][gc,metaspace   ] GC(206) Metaspace: 8417K(8640K)->8417K(8640K) NonClass: 7687K(7808K)->7687K(7808K) Class: 730K(832K)->730K(832K)
[2025-12-28T19:35:04.259+0100][info][gc             ] GC(206) Pause Young (Normal) (G1 Evacuation Pause) 3691M->11M(6144M) 1.448ms
[2025-12-28T19:35:04.259+0100][info][gc,cpu         ] GC(206) User=0.00s Sys=0.00s Real=0.00s
[2025-12-28T19:35:04.472+0100][info][gc,start       ] GC(207) Pause Young (Normal) (G1 Evacuation Pause)
[2025-12-28T19:35:04.472+0100][info][gc,task        ] GC(207) Using 8 workers of 8 for evacuation
[2025-12-28T19:35:04.473+0100][info][gc,phases      ] GC(207)   Pre Evacuate Collection Set: 0.10ms
[2025-12-28T19:35:04.473+0100][info][gc,phases      ] GC(207)   Merge Heap Roots: 0.10ms
[2025-12-28T19:35:04.473+0100][info][gc,phases      ] GC(207)   Evacuate Collection Set: 0.17ms
[2025-12-28T19:35:04.473+0100][info][gc,phases      ] GC(207)   Post Evacuate Collection Set: 0.55ms
[2025-12-28T19:35:04.473+0100][info][gc,phases      ] GC(207)   Other: 0.08ms
[2025-12-28T19:35:04.473+0100][info][gc,heap        ] GC(207) Eden regions: 920->0(920)
[2025-12-28T19:35:04.473+0100][info][gc,heap        ] GC(207) Survivor regions: 1->1(116)
[2025-12-28T19:35:04.473+0100][info][gc,heap        ] GC(207) Old regions: 8->8
[2025-12-28T19:35:04.473+0100][info][gc,heap        ] GC(207) Humongous regions: 0->0
[2025-12-28T19:35:04.473+0100][info][gc,metaspace   ] GC(207) Metaspace: 8417K(8640K)->8417K(8640K) NonClass: 7687K(7808K)->7687K(7808K) Class: 730K(832K)->730K(832K)
[2025-12-28T19:35:04.473+0100][info][gc             ] GC(207) Pause Young (Normal) (G1 Evacuation Pause) 3691M->11M(6144M) 1.155ms
[2025-12-28T19:35:04.473+0100][info][gc,cpu         ] GC(207) User=0.00s Sys=0.00s Real=0.00s
[2025-12-28T19:35:04.670+0100][info][gc,start       ] GC(208) Pause Young (Normal) (G1 Evacuation Pause)
[2025-12-28T19:35:04.670+0100][info][gc,task        ] GC(208) Using 8 workers of 8 for evacuation
[2025-12-28T19:35:04.671+0100][info][gc,phases      ] GC(208)   Pre Evacuate Collection Set: 0.08ms
[2025-12-28T19:35:04.671+0100][info][gc,phases      ] GC(208)   Merge Heap Roots: 0.06ms
[2025-12-28T19:35:04.671+0100][info][gc,phases      ] GC(208)   Evacuate Collection Set: 0.16ms
[2025-12-28T19:35:04.671+0100][info][gc,phases      ] GC(208)   Post Evacuate Collection Set: 0.60ms
[2025-12-28T19:35:04.671+0100][info][gc,phases      ] GC(208)   Other: 0.07ms
[2025-12-28T19:35:04.671+0100][info][gc,heap        ] GC(208) Eden regions: 920->0(920)
[2025-12-28T19:35:04.671+0100][info][gc,heap        ] GC(208) Survivor regions: 1->1(116)
[2025-12-28T19:35:04.671+0100][info][gc,heap        ] GC(208) Old regions: 8->8
[2025-12-28T19:35:04.671+0100][info][gc,heap        ] GC(208) Humongous regions: 0->0
[2025-12-28T19:35:04.671+0100][info][gc,metaspace   ] GC(208) Metaspace: 8417K(8640K)->8417K(8640K) NonClass: 7687K(7808K)->7687K(7808K) Class: 730K(832K)->730K(832K)
[2025-12-28T19:35:04.671+0100][info][gc             ] GC(208) Pause Young (Normal) (G1 Evacuation Pause) 3691M->11M(6144M) 1.122ms
[2025-12-28T19:35:04.671+0100][info][gc,cpu         ] GC(208) User=0.01s Sys=0.00s Real=0.00s
[2025-12-28T19:35:04.842+0100][info][gc,start       ] GC(209) Pause Young (Normal) (G1 Evacuation Pause)
[2025-12-28T19:35:04.842+0100][info][gc,task        ] GC(209) Using 8 workers of 8 for evacuation
[2025-12-28T19:35:04.843+0100][info][gc,phases      ] GC(209)   Pre Evacuate Collection Set: 0.20ms
[2025-12-28T19:35:04.843+0100][info][gc,phases      ] GC(209)   Merge Heap Roots: 0.07ms
[2025-12-28T19:35:04.843+0100][info][gc,phases      ] GC(209)   Evacuate Collection Set: 0.17ms
[2025-12-28T19:35:04.843+0100][info][gc,phases      ] GC(209)   Post Evacuate Collection Set: 0.60ms
[2025-12-28T19:35:04.843+0100][info][gc,phases      ] GC(209)   Other: 0.08ms
[2025-12-28T19:35:04.843+0100][info][gc,heap        ] GC(209) Eden regions: 920->0(920)
[2025-12-28T19:35:04.843+0100][info][gc,heap        ] GC(209) Survivor regions: 1->1(116)
[2025-12-28T19:35:04.843+0100][info][gc,heap        ] GC(209) Old regions: 8->8
[2025-12-28T19:35:04.843+0100][info][gc,heap        ] GC(209) Humongous regions: 0->0
[2025-12-28T19:35:04.843+0100][info][gc,metaspace   ] GC(209) Metaspace: 8417K(8640K)->8417K(8640K) NonClass: 7687K(7808K)->7687K(7808K) Class: 730K(832K)->730K(832K)
[2025-12-28T19:35:04.843+0100][info][gc             ] GC(209) Pause Young (Normal) (G1 Evacuation Pause) 3691M->11M(6144M) 1.285ms
[2025-12-28T19:35:04.843+0100][info][gc,cpu         ] GC(209) User=0.01s Sys=0.01s Real=0.00s
[2025-12-28T19:35:05.059+0100][info][gc,start       ] GC(210) Pause Young (Normal) (G1 Evacuation Pause)
[2025-12-28T19:35:05.059+0100][info][gc,task        ] GC(210) Using 8 workers of 8 for evacuation
[2025-12-28T19:35:05.060+0100][info][gc,phases      ] GC(210)   Pre Evacuate Collection Set: 0.10ms
[2025-12-28T19:35:05.060+0100][info][gc,phases      ] GC(210)   Merge Heap Roots: 0.11ms
[2025-12-28T19:35:05.060+0100][info][gc,phases      ] GC(210)   Evacuate Collection Set: 0.18ms
[2025-12-28T19:35:05.060+0100][info][gc,phases      ] GC(210)   Post Evacuate Collection Set: 0.54ms
[2025-12-28T19:35:05.060+0100][info][gc,phases      ] GC(210)   Other: 0.08ms
[2025-12-28T19:35:05.060+0100][info][gc,heap        ] GC(210) Eden regions: 920->0(920)
[2025-12-28T19:35:05.060+0100][info][gc,heap        ] GC(210) Survivor regions: 1->1(116)
[2025-12-28T19:35:05.060+0100][info][gc,heap        ] GC(210) Old regions: 8->8
[2025-12-28T19:35:05.060+0100][info][gc,heap        ] GC(210) Humongous regions: 0->0
[2025-12-28T19:35:05.060+0100][info][gc,metaspace   ] GC(210) Metaspace: 8417K(8640K)->8417K(8640K) NonClass: 7687K(7808K)->7687K(7808K) Class: 730K(832K)->730K(832K)
[2025-12-28T19:35:05.060+0100][info][gc             ] GC(210) Pause Young (Normal) (G1 Evacuation Pause) 3691M->11M(6144M) 1.174ms
[2025-12-28T19:35:05.060+0100][info][gc,cpu         ] GC(210) User=0.00s Sys=0.00s Real=0.01s
[2025-12-28T19:35:05.224+0100][info][gc,start       ] GC(211) Pause Young (Normal) (G1 Evacuation Pause)
[2025-12-28T19:35:05.225+0100][info][gc,task        ] GC(211) Using 8 workers of 8 for evacuation
[2025-12-28T19:35:05.226+0100][info][gc,phases      ] GC(211)   Pre Evacuate Collection Set: 0.15ms
[2025-12-28T19:35:05.226+0100][info][gc,phases      ] GC(211)   Merge Heap Roots: 0.11ms
[2025-12-28T19:35:05.226+0100][info][gc,phases      ] GC(211)   Evacuate Collection Set: 0.17ms
[2025-12-28T19:35:05.226+0100][info][gc,phases      ] GC(211)   Post Evacuate Collection Set: 0.55ms
[2025-12-28T19:35:05.226+0100][info][gc,phases      ] GC(211)   Other: 0.08ms
[2025-12-28T19:35:05.226+0100][info][gc,heap        ] GC(211) Eden regions: 920->0(920)
[2025-12-28T19:35:05.226+0100][info][gc,heap        ] GC(211) Survivor regions: 1->1(116)
[2025-12-28T19:35:05.226+0100][info][gc,heap        ] GC(211) Old regions: 8->8
[2025-12-28T19:35:05.226+0100][info][gc,heap        ] GC(211) Humongous regions: 0->0
[2025-12-28T19:35:05.226+0100][info][gc,metaspace   ] GC(211) Metaspace: 8440K(8640K)->8440K(8640K) NonClass: 7710K(7808K)->7710K(7808K) Class: 730K(832K)->730K(832K)
[2025-12-28T19:35:05.226+0100][info][gc             ] GC(211) Pause Young (Normal) (G1 Evacuation Pause) 3691M->11M(6144M) 1.208ms
[2025-12-28T19:35:05.226+0100][info][gc,cpu         ] GC(211) User=0.00s Sys=0.00s Real=0.00s
[2025-12-28T19:35:05.380+0100][info][gc,start       ] GC(212) Pause Young (Normal) (G1 Evacuation Pause)
[2025-12-28T19:35:05.380+0100][info][gc,task        ] GC(212) Using 8 workers of 8 for evacuation
[2025-12-28T19:35:05.381+0100][info][gc,phases      ] GC(212)   Pre Evacuate Collection Set: 0.14ms
[2025-12-28T19:35:05.381+0100][info][gc,phases      ] GC(212)   Merge Heap Roots: 0.09ms
[2025-12-28T19:35:05.381+0100][info][gc,phases      ] GC(212)   Evacuate Collection Set: 0.13ms
[2025-12-28T19:35:05.381+0100][info][gc,phases      ] GC(212)   Post Evacuate Collection Set: 0.50ms
[2025-12-28T19:35:05.381+0100][info][gc,phases      ] GC(212)   Other: 0.07ms
[2025-12-28T19:35:05.381+0100][info][gc,heap        ] GC(212) Eden regions: 920->0(920)
[2025-12-28T19:35:05.381+0100][info][gc,heap        ] GC(212) Survivor regions: 1->1(116)
[2025-12-28T19:35:05.381+0100][info][gc,heap        ] GC(212) Old regions: 8->8
[2025-12-28T19:35:05.381+0100][info][gc,heap        ] GC(212) Humongous regions: 0->0
[2025-12-28T19:35:05.381+0100][info][gc,metaspace   ] GC(212) Metaspace: 8440K(8640K)->8440K(8640K) NonClass: 7710K(7808K)->7710K(7808K) Class: 730K(832K)->730K(832K)
[2025-12-28T19:35:05.381+0100][info][gc             ] GC(212) Pause Young (Normal) (G1 Evacuation Pause) 3691M->11M(6144M) 1.071ms
[2025-12-28T19:35:05.381+0100][info][gc,cpu         ] GC(212) User=0.00s Sys=0.00s Real=0.00s
[2025-12-28T19:35:05.543+0100][info][gc,start       ] GC(213) Pause Young (Normal) (G1 Evacuation Pause)
[2025-12-28T19:35:05.543+0100][info][gc,task        ] GC(213) Using 8 workers of 8 for evacuation
[2025-12-28T19:35:05.544+0100][info][gc,phases      ] GC(213)   Pre Evacuate Collection Set: 0.12ms
[2025-12-28T19:35:05.544+0100][info][gc,phases      ] GC(213)   Merge Heap Roots: 0.09ms
[2025-12-28T19:35:05.544+0100][info][gc,phases      ] GC(213)   Evacuate Collection Set: 0.13ms
[2025-12-28T19:35:05.544+0100][info][gc,phases      ] GC(213)   Post Evacuate Collection Set: 0.46ms
[2025-12-28T19:35:05.544+0100][info][gc,phases      ] GC(213)   Other: 0.07ms
[2025-12-28T19:35:05.544+0100][info][gc,heap        ] GC(213) Eden regions: 920->0(920)
[2025-12-28T19:35:05.544+0100][info][gc,heap        ] GC(213) Survivor regions: 1->1(116)
[2025-12-28T19:35:05.544+0100][info][gc,heap        ] GC(213) Old regions: 8->9
[2025-12-28T19:35:05.544+0100][info][gc,heap        ] GC(213) Humongous regions: 0->0
[2025-12-28T19:35:05.544+0100][info][gc,metaspace   ] GC(213) Metaspace: 8440K(8640K)->8440K(8640K) NonClass: 7710K(7808K)->7710K(7808K) Class: 730K(832K)->730K(832K)
[2025-12-28T19:35:05.544+0100][info][gc             ] GC(213) Pause Young (Normal) (G1 Evacuation Pause) 3691M->11M(6144M) 1.006ms
[2025-12-28T19:35:05.544+0100][info][gc,cpu         ] GC(213) User=0.00s Sys=0.00s Real=0.00s
[2025-12-28T19:35:05.710+0100][info][gc,start       ] GC(214) Pause Young (Normal) (G1 Evacuation Pause)
[2025-12-28T19:35:05.710+0100][info][gc,task        ] GC(214) Using 8 workers of 8 for evacuation
[2025-12-28T19:35:05.711+0100][info][gc,phases      ] GC(214)   Pre Evacuate Collection Set: 0.16ms
[2025-12-28T19:35:05.711+0100][info][gc,phases      ] GC(214)   Merge Heap Roots: 0.13ms
[2025-12-28T19:35:05.711+0100][info][gc,phases      ] GC(214)   Evacuate Collection Set: 0.14ms
[2025-12-28T19:35:05.711+0100][info][gc,phases      ] GC(214)   Post Evacuate Collection Set: 0.55ms
[2025-12-28T19:35:05.711+0100][info][gc,phases      ] GC(214)   Other: 0.08ms
[2025-12-28T19:35:05.711+0100][info][gc,heap        ] GC(214) Eden regions: 920->0(920)
[2025-12-28T19:35:05.711+0100][info][gc,heap        ] GC(214) Survivor regions: 1->1(116)
[2025-12-28T19:35:05.711+0100][info][gc,heap        ] GC(214) Old regions: 9->9
[2025-12-28T19:35:05.711+0100][info][gc,heap        ] GC(214) Humongous regions: 0->0
[2025-12-28T19:35:05.711+0100][info][gc,metaspace   ] GC(214) Metaspace: 8440K(8640K)->8440K(8640K) NonClass: 7710K(7808K)->7710K(7808K) Class: 730K(832K)->730K(832K)
[2025-12-28T19:35:05.711+0100][info][gc             ] GC(214) Pause Young (Normal) (G1 Evacuation Pause) 3691M->11M(6144M) 1.220ms
[2025-12-28T19:35:05.711+0100][info][gc,cpu         ] GC(214) User=0.01s Sys=0.00s Real=0.00s
[2025-12-28T19:35:05.887+0100][info][gc,start       ] GC(215) Pause Young (Normal) (G1 Evacuation Pause)
[2025-12-28T19:35:05.887+0100][info][gc,task        ] GC(215) Using 8 workers of 8 for evacuation
[2025-12-28T19:35:05.888+0100][info][gc,phases      ] GC(215)   Pre Evacuate Collection Set: 0.14ms
[2025-12-28T19:35:05.888+0100][info][gc,phases      ] GC(215)   Merge Heap Roots: 0.05ms
[2025-12-28T19:35:05.888+0100][info][gc,phases      ] GC(215)   Evacuate Collection Set: 0.17ms
[2025-12-28T19:35:05.888+0100][info][gc,phases      ] GC(215)   Post Evacuate Collection Set: 0.52ms
[2025-12-28T19:35:05.888+0100][info][gc,phases      ] GC(215)   Other: 0.07ms
[2025-12-28T19:35:05.888+0100][info][gc,heap        ] GC(215) Eden regions: 920->0(920)
[2025-12-28T19:35:05.888+0100][info][gc,heap        ] GC(215) Survivor regions: 1->1(116)
[2025-12-28T19:35:05.888+0100][info][gc,heap        ] GC(215) Old regions: 9->9
[2025-12-28T19:35:05.888+0100][info][gc,heap        ] GC(215) Humongous regions: 0->0
[2025-12-28T19:35:05.888+0100][info][gc,metaspace   ] GC(215) Metaspace: 8440K(8640K)->8440K(8640K) NonClass: 7710K(7808K)->7710K(7808K) Class: 730K(832K)->730K(832K)
[2025-12-28T19:35:05.888+0100][info][gc             ] GC(215) Pause Young (Normal) (G1 Evacuation Pause) 3691M->11M(6144M) 1.078ms
[2025-12-28T19:35:05.888+0100][info][gc,cpu         ] GC(215) User=0.01s Sys=0.00s Real=0.00s
[2025-12-28T19:35:06.074+0100][info][gc,start       ] GC(216) Pause Young (Normal) (G1 Evacuation Pause)
[2025-12-28T19:35:06.074+0100][info][gc,task        ] GC(216) Using 8 workers of 8 for evacuation
[2025-12-28T19:35:06.075+0100][info][gc,phases      ] GC(216)   Pre Evacuate Collection Set: 0.13ms
[2025-12-28T19:35:06.075+0100][info][gc,phases      ] GC(216)   Merge Heap Roots: 0.08ms
[2025-12-28T19:35:06.075+0100][info][gc,phases      ] GC(216)   Evacuate Collection Set: 0.15ms
[2025-12-28T19:35:06.075+0100][info][gc,phases      ] GC(216)   Post Evacuate Collection Set: 0.51ms
[2025-12-28T19:35:06.075+0100][info][gc,phases      ] GC(216)   Other: 0.07ms
[2025-12-28T19:35:06.075+0100][info][gc,heap        ] GC(216) Eden regions: 920->0(920)
[2025-12-28T19:35:06.075+0100][info][gc,heap        ] GC(216) Survivor regions: 1->1(116)
[2025-12-28T19:35:06.075+0100][info][gc,heap        ] GC(216) Old regions: 9->9
[2025-12-28T19:35:06.075+0100][info][gc,heap        ] GC(216) Humongous regions: 0->0
[2025-12-28T19:35:06.075+0100][info][gc,metaspace   ] GC(216) Metaspace: 8440K(8640K)->8440K(8640K) NonClass: 7710K(7808K)->7710K(7808K) Class: 730K(832K)->730K(832K)
[2025-12-28T19:35:06.075+0100][info][gc             ] GC(216) Pause Young (Normal) (G1 Evacuation Pause) 3691M->11M(6144M) 1.087ms
[2025-12-28T19:35:06.075+0100][info][gc,cpu         ] GC(216) User=0.00s Sys=0.00s Real=0.00s
[2025-12-28T19:35:06.245+0100][info][gc,start       ] GC(217) Pause Young (Normal) (G1 Evacuation Pause)
[2025-12-28T19:35:06.245+0100][info][gc,task        ] GC(217) Using 8 workers of 8 for evacuation
[2025-12-28T19:35:06.246+0100][info][gc,phases      ] GC(217)   Pre Evacuate Collection Set: 0.13ms
[2025-12-28T19:35:06.246+0100][info][gc,phases      ] GC(217)   Merge Heap Roots: 0.11ms
[2025-12-28T19:35:06.246+0100][info][gc,phases      ] GC(217)   Evacuate Collection Set: 0.15ms
[2025-12-28T19:35:06.246+0100][info][gc,phases      ] GC(217)   Post Evacuate Collection Set: 0.50ms
[2025-12-28T19:35:06.246+0100][info][gc,phases      ] GC(217)   Other: 0.07ms
[2025-12-28T19:35:06.246+0100][info][gc,heap        ] GC(217) Eden regions: 920->0(920)
[2025-12-28T19:35:06.246+0100][info][gc,heap        ] GC(217) Survivor regions: 1->1(116)
[2025-12-28T19:35:06.246+0100][info][gc,heap        ] GC(217) Old regions: 9->9
[2025-12-28T19:35:06.246+0100][info][gc,heap        ] GC(217) Humongous regions: 0->0
[2025-12-28T19:35:06.246+0100][info][gc,metaspace   ] GC(217) Metaspace: 8440K(8640K)->8440K(8640K) NonClass: 7710K(7808K)->7710K(7808K) Class: 730K(832K)->730K(832K)
[2025-12-28T19:35:06.246+0100][info][gc             ] GC(217) Pause Young (Normal) (G1 Evacuation Pause) 3691M->11M(6144M) 1.103ms
[2025-12-28T19:35:06.246+0100][info][gc,cpu         ] GC(217) User=0.00s Sys=0.00s Real=0.00s
[2025-12-28T19:35:06.430+0100][info][gc,start       ] GC(218) Pause Young (Normal) (G1 Evacuation Pause)
[2025-12-28T19:35:06.430+0100][info][gc,task        ] GC(218) Using 8 workers of 8 for evacuation
[2025-12-28T19:35:06.431+0100][info][gc,phases      ] GC(218)   Pre Evacuate Collection Set: 0.17ms
[2025-12-28T19:35:06.431+0100][info][gc,phases      ] GC(218)   Merge Heap Roots: 0.14ms
[2025-12-28T19:35:06.431+0100][info][gc,phases      ] GC(218)   Evacuate Collection Set: 0.19ms
[2025-12-28T19:35:06.431+0100][info][gc,phases      ] GC(218)   Post Evacuate Collection Set: 0.51ms
[2025-12-28T19:35:06.431+0100][info][gc,phases      ] GC(218)   Other: 0.08ms
[2025-12-28T19:35:06.431+0100][info][gc,heap        ] GC(218) Eden regions: 920->0(920)
[2025-12-28T19:35:06.431+0100][info][gc,heap        ] GC(218) Survivor regions: 1->1(116)
[2025-12-28T19:35:06.431+0100][info][gc,heap        ] GC(218) Old regions: 9->9
[2025-12-28T19:35:06.431+0100][info][gc,heap        ] GC(218) Humongous regions: 0->0
[2025-12-28T19:35:06.431+0100][info][gc,metaspace   ] GC(218) Metaspace: 8440K(8640K)->8440K(8640K) NonClass: 7710K(7808K)->7710K(7808K) Class: 730K(832K)->730K(832K)
[2025-12-28T19:35:06.431+0100][info][gc             ] GC(218) Pause Young (Normal) (G1 Evacuation Pause) 3691M->11M(6144M) 1.235ms
[2025-12-28T19:35:06.431+0100][info][gc,cpu         ] GC(218) User=0.00s Sys=0.00s Real=0.00s
[2025-12-28T19:35:06.606+0100][info][gc,start       ] GC(219) Pause Young (Normal) (G1 Evacuation Pause)
[2025-12-28T19:35:06.606+0100][info][gc,task        ] GC(219) Using 8 workers of 8 for evacuation
[2025-12-28T19:35:06.607+0100][info][gc,phases      ] GC(219)   Pre Evacuate Collection Set: 0.19ms
[2025-12-28T19:35:06.607+0100][info][gc,phases      ] GC(219)   Merge Heap Roots: 0.12ms
[2025-12-28T19:35:06.607+0100][info][gc,phases      ] GC(219)   Evacuate Collection Set: 0.14ms
[2025-12-28T19:35:06.607+0100][info][gc,phases      ] GC(219)   Post Evacuate Collection Set: 0.55ms
[2025-12-28T19:35:06.607+0100][info][gc,phases      ] GC(219)   Other: 0.08ms
[2025-12-28T19:35:06.607+0100][info][gc,heap        ] GC(219) Eden regions: 920->0(920)
[2025-12-28T19:35:06.607+0100][info][gc,heap        ] GC(219) Survivor regions: 1->1(116)
[2025-12-28T19:35:06.607+0100][info][gc,heap        ] GC(219) Old regions: 9->9
[2025-12-28T19:35:06.607+0100][info][gc,heap        ] GC(219) Humongous regions: 0->0
[2025-12-28T19:35:06.607+0100][info][gc,metaspace   ] GC(219) Metaspace: 8440K(8640K)->8440K(8640K) NonClass: 7710K(7808K)->7710K(7808K) Class: 730K(832K)->730K(832K)
[2025-12-28T19:35:06.607+0100][info][gc             ] GC(219) Pause Young (Normal) (G1 Evacuation Pause) 3691M->11M(6144M) 1.228ms
[2025-12-28T19:35:06.607+0100][info][gc,cpu         ] GC(219) User=0.00s Sys=0.00s Real=0.00s
[2025-12-28T19:35:06.770+0100][info][gc,start       ] GC(220) Pause Young (Normal) (G1 Evacuation Pause)
[2025-12-28T19:35:06.770+0100][info][gc,task        ] GC(220) Using 8 workers of 8 for evacuation
[2025-12-28T19:35:06.771+0100][info][gc,phases      ] GC(220)   Pre Evacuate Collection Set: 0.16ms
[2025-12-28T19:35:06.771+0100][info][gc,phases      ] GC(220)   Merge Heap Roots: 0.04ms
[2025-12-28T19:35:06.771+0100][info][gc,phases      ] GC(220)   Evacuate Collection Set: 0.16ms
[2025-12-28T19:35:06.771+0100][info][gc,phases      ] GC(220)   Post Evacuate Collection Set: 0.53ms
[2025-12-28T19:35:06.771+0100][info][gc,phases      ] GC(220)   Other: 0.08ms
[2025-12-28T19:35:06.771+0100][info][gc,heap        ] GC(220) Eden regions: 920->0(920)
[2025-12-28T19:35:06.771+0100][info][gc,heap        ] GC(220) Survivor regions: 1->1(116)
[2025-12-28T19:35:06.771+0100][info][gc,heap        ] GC(220) Old regions: 9->9
[2025-12-28T19:35:06.771+0100][info][gc,heap        ] GC(220) Humongous regions: 0->0
[2025-12-28T19:35:06.771+0100][info][gc,metaspace   ] GC(220) Metaspace: 8440K(8640K)->8440K(8640K) NonClass: 7710K(7808K)->7710K(7808K) Class: 730K(832K)->730K(832K)
[2025-12-28T19:35:06.772+0100][info][gc             ] GC(220) Pause Young (Normal) (G1 Evacuation Pause) 3691M->11M(6144M) 1.147ms
[2025-12-28T19:35:06.772+0100][info][gc,cpu         ] GC(220) User=0.00s Sys=0.00s Real=0.00s
[2025-12-28T19:35:06.938+0100][info][gc,start       ] GC(221) Pause Young (Normal) (G1 Evacuation Pause)
[2025-12-28T19:35:06.938+0100][info][gc,task        ] GC(221) Using 8 workers of 8 for evacuation
[2025-12-28T19:35:06.939+0100][info][gc,phases      ] GC(221)   Pre Evacuate Collection Set: 0.22ms
[2025-12-28T19:35:06.939+0100][info][gc,phases      ] GC(221)   Merge Heap Roots: 0.08ms
[2025-12-28T19:35:06.939+0100][info][gc,phases      ] GC(221)   Evacuate Collection Set: 0.17ms
[2025-12-28T19:35:06.939+0100][info][gc,phases      ] GC(221)   Post Evacuate Collection Set: 0.52ms
[2025-12-28T19:35:06.939+0100][info][gc,phases      ] GC(221)   Other: 0.08ms
[2025-12-28T19:35:06.939+0100][info][gc,heap        ] GC(221) Eden regions: 920->0(920)
[2025-12-28T19:35:06.939+0100][info][gc,heap        ] GC(221) Survivor regions: 1->1(116)
[2025-12-28T19:35:06.939+0100][info][gc,heap        ] GC(221) Old regions: 9->9
[2025-12-28T19:35:06.939+0100][info][gc,heap        ] GC(221) Humongous regions: 0->0
[2025-12-28T19:35:06.939+0100][info][gc,metaspace   ] GC(221) Metaspace: 8440K(8640K)->8440K(8640K) NonClass: 7710K(7808K)->7710K(7808K) Class: 730K(832K)->730K(832K)
[2025-12-28T19:35:06.939+0100][info][gc             ] GC(221) Pause Young (Normal) (G1 Evacuation Pause) 3691M->11M(6144M) 1.213ms
[2025-12-28T19:35:06.939+0100][info][gc,cpu         ] GC(221) User=0.00s Sys=0.00s Real=0.00s
[2025-12-28T19:35:07.098+0100][info][gc,start       ] GC(222) Pause Young (Normal) (G1 Evacuation Pause)
[2025-12-28T19:35:07.098+0100][info][gc,task        ] GC(222) Using 8 workers of 8 for evacuation
[2025-12-28T19:35:07.099+0100][info][gc,phases      ] GC(222)   Pre Evacuate Collection Set: 0.12ms
[2025-12-28T19:35:07.099+0100][info][gc,phases      ] GC(222)   Merge Heap Roots: 0.13ms
[2025-12-28T19:35:07.099+0100][info][gc,phases      ] GC(222)   Evacuate Collection Set: 0.15ms
[2025-12-28T19:35:07.099+0100][info][gc,phases      ] GC(222)   Post Evacuate Collection Set: 0.56ms
[2025-12-28T19:35:07.099+0100][info][gc,phases      ] GC(222)   Other: 0.08ms
[2025-12-28T19:35:07.099+0100][info][gc,heap        ] GC(222) Eden regions: 920->0(920)
[2025-12-28T19:35:07.099+0100][info][gc,heap        ] GC(222) Survivor regions: 1->1(116)
[2025-12-28T19:35:07.099+0100][info][gc,heap        ] GC(222) Old regions: 9->9
[2025-12-28T19:35:07.099+0100][info][gc,heap        ] GC(222) Humongous regions: 0->0
[2025-12-28T19:35:07.099+0100][info][gc,metaspace   ] GC(222) Metaspace: 8440K(8640K)->8440K(8640K) NonClass: 7710K(7808K)->7710K(7808K) Class: 730K(832K)->730K(832K)
[2025-12-28T19:35:07.099+0100][info][gc             ] GC(222) Pause Young (Normal) (G1 Evacuation Pause) 3691M->11M(6144M) 1.183ms
[2025-12-28T19:35:07.099+0100][info][gc,cpu         ] GC(222) User=0.01s Sys=0.01s Real=0.00s
[2025-12-28T19:35:07.262+0100][info][gc,start       ] GC(223) Pause Young (Normal) (G1 Evacuation Pause)
[2025-12-28T19:35:07.262+0100][info][gc,task        ] GC(223) Using 8 workers of 8 for evacuation
[2025-12-28T19:35:07.263+0100][info][gc,phases      ] GC(223)   Pre Evacuate Collection Set: 0.11ms
[2025-12-28T19:35:07.263+0100][info][gc,phases      ] GC(223)   Merge Heap Roots: 0.11ms
[2025-12-28T19:35:07.263+0100][info][gc,phases      ] GC(223)   Evacuate Collection Set: 0.18ms
[2025-12-28T19:35:07.263+0100][info][gc,phases      ] GC(223)   Post Evacuate Collection Set: 0.57ms
[2025-12-28T19:35:07.263+0100][info][gc,phases      ] GC(223)   Other: 0.08ms
[2025-12-28T19:35:07.263+0100][info][gc,heap        ] GC(223) Eden regions: 920->0(920)
[2025-12-28T19:35:07.263+0100][info][gc,heap        ] GC(223) Survivor regions: 1->1(116)
[2025-12-28T19:35:07.263+0100][info][gc,heap        ] GC(223) Old regions: 9->9
[2025-12-28T19:35:07.263+0100][info][gc,heap        ] GC(223) Humongous regions: 0->0
[2025-12-28T19:35:07.263+0100][info][gc,metaspace   ] GC(223) Metaspace: 8446K(8640K)->8446K(8640K) NonClass: 7716K(7808K)->7716K(7808K) Class: 730K(832K)->730K(832K)
[2025-12-28T19:35:07.263+0100][info][gc             ] GC(223) Pause Young (Normal) (G1 Evacuation Pause) 3691M->11M(6144M) 1.207ms
[2025-12-28T19:35:07.263+0100][info][gc,cpu         ] GC(223) User=0.01s Sys=0.00s Real=0.00s
[2025-12-28T19:35:07.419+0100][info][gc,start       ] GC(224) Pause Young (Normal) (G1 Evacuation Pause)
[2025-12-28T19:35:07.419+0100][info][gc,task        ] GC(224) Using 8 workers of 8 for evacuation
[2025-12-28T19:35:07.420+0100][info][gc,phases      ] GC(224)   Pre Evacuate Collection Set: 0.13ms
[2025-12-28T19:35:07.420+0100][info][gc,phases      ] GC(224)   Merge Heap Roots: 0.11ms
[2025-12-28T19:35:07.420+0100][info][gc,phases      ] GC(224)   Evacuate Collection Set: 0.14ms
[2025-12-28T19:35:07.420+0100][info][gc,phases      ] GC(224)   Post Evacuate Collection Set: 0.58ms
[2025-12-28T19:35:07.420+0100][info][gc,phases      ] GC(224)   Other: 0.08ms
[2025-12-28T19:35:07.420+0100][info][gc,heap        ] GC(224) Eden regions: 920->0(920)
[2025-12-28T19:35:07.420+0100][info][gc,heap        ] GC(224) Survivor regions: 1->1(116)
[2025-12-28T19:35:07.420+0100][info][gc,heap        ] GC(224) Old regions: 9->9
[2025-12-28T19:35:07.420+0100][info][gc,heap        ] GC(224) Humongous regions: 0->0
[2025-12-28T19:35:07.420+0100][info][gc,metaspace   ] GC(224) Metaspace: 8446K(8640K)->8446K(8640K) NonClass: 7716K(7808K)->7716K(7808K) Class: 730K(832K)->730K(832K)
[2025-12-28T19:35:07.420+0100][info][gc             ] GC(224) Pause Young (Normal) (G1 Evacuation Pause) 3691M->11M(6144M) 1.174ms
[2025-12-28T19:35:07.420+0100][info][gc,cpu         ] GC(224) User=0.01s Sys=0.00s Real=0.01s
[2025-12-28T19:35:07.580+0100][info][gc,start       ] GC(225) Pause Young (Normal) (G1 Evacuation Pause)
[2025-12-28T19:35:07.580+0100][info][gc,task        ] GC(225) Using 8 workers of 8 for evacuation
[2025-12-28T19:35:07.581+0100][info][gc,phases      ] GC(225)   Pre Evacuate Collection Set: 0.12ms
[2025-12-28T19:35:07.581+0100][info][gc,phases      ] GC(225)   Merge Heap Roots: 0.09ms
[2025-12-28T19:35:07.581+0100][info][gc,phases      ] GC(225)   Evacuate Collection Set: 0.14ms
[2025-12-28T19:35:07.581+0100][info][gc,phases      ] GC(225)   Post Evacuate Collection Set: 0.55ms
[2025-12-28T19:35:07.581+0100][info][gc,phases      ] GC(225)   Other: 0.09ms
[2025-12-28T19:35:07.581+0100][info][gc,heap        ] GC(225) Eden regions: 920->0(920)
[2025-12-28T19:35:07.581+0100][info][gc,heap        ] GC(225) Survivor regions: 1->1(116)
[2025-12-28T19:35:07.581+0100][info][gc,heap        ] GC(225) Old regions: 9->9
[2025-12-28T19:35:07.581+0100][info][gc,heap        ] GC(225) Humongous regions: 0->0
[2025-12-28T19:35:07.581+0100][info][gc,metaspace   ] GC(225) Metaspace: 8447K(8640K)->8447K(8640K) NonClass: 7717K(7808K)->7717K(7808K) Class: 730K(832K)->730K(832K)
[2025-12-28T19:35:07.581+0100][info][gc             ] GC(225) Pause Young (Normal) (G1 Evacuation Pause) 3691M->11M(6144M) 1.136ms
[2025-12-28T19:35:07.581+0100][info][gc,cpu         ] GC(225) User=0.00s Sys=0.00s Real=0.00s
[2025-12-28T19:35:07.751+0100][info][gc,start       ] GC(226) Pause Young (Normal) (G1 Evacuation Pause)
[2025-12-28T19:35:07.751+0100][info][gc,task        ] GC(226) Using 8 workers of 8 for evacuation
[2025-12-28T19:35:07.752+0100][info][gc,phases      ] GC(226)   Pre Evacuate Collection Set: 0.17ms
[2025-12-28T19:35:07.752+0100][info][gc,phases      ] GC(226)   Merge Heap Roots: 0.10ms
[2025-12-28T19:35:07.752+0100][info][gc,phases      ] GC(226)   Evacuate Collection Set: 0.16ms
[2025-12-28T19:35:07.752+0100][info][gc,phases      ] GC(226)   Post Evacuate Collection Set: 0.54ms
[2025-12-28T19:35:07.752+0100][info][gc,phases      ] GC(226)   Other: 0.08ms
[2025-12-28T19:35:07.752+0100][info][gc,heap        ] GC(226) Eden regions: 920->0(920)
[2025-12-28T19:35:07.752+0100][info][gc,heap        ] GC(226) Survivor regions: 1->1(116)
[2025-12-28T19:35:07.752+0100][info][gc,heap        ] GC(226) Old regions: 9->9
[2025-12-28T19:35:07.752+0100][info][gc,heap        ] GC(226) Humongous regions: 0->0
[2025-12-28T19:35:07.752+0100][info][gc,metaspace   ] GC(226) Metaspace: 8447K(8640K)->8447K(8640K) NonClass: 7717K(7808K)->7717K(7808K) Class: 730K(832K)->730K(832K)
[2025-12-28T19:35:07.752+0100][info][gc             ] GC(226) Pause Young (Normal) (G1 Evacuation Pause) 3691M->11M(6144M) 1.188ms
[2025-12-28T19:35:07.752+0100][info][gc,cpu         ] GC(226) User=0.01s Sys=0.00s Real=0.00s
[2025-12-28T19:35:07.927+0100][info][gc,start       ] GC(227) Pause Young (Normal) (G1 Evacuation Pause)
[2025-12-28T19:35:07.928+0100][info][gc,task        ] GC(227) Using 8 workers of 8 for evacuation
[2025-12-28T19:35:07.929+0100][info][gc,phases      ] GC(227)   Pre Evacuate Collection Set: 0.19ms
[2025-12-28T19:35:07.929+0100][info][gc,phases      ] GC(227)   Merge Heap Roots: 0.15ms
[2025-12-28T19:35:07.929+0100][info][gc,phases      ] GC(227)   Evacuate Collection Set: 0.15ms
[2025-12-28T19:35:07.929+0100][info][gc,phases      ] GC(227)   Post Evacuate Collection Set: 0.60ms
[2025-12-28T19:35:07.929+0100][info][gc,phases      ] GC(227)   Other: 0.08ms
[2025-12-28T19:35:07.929+0100][info][gc,heap        ] GC(227) Eden regions: 920->0(920)
[2025-12-28T19:35:07.929+0100][info][gc,heap        ] GC(227) Survivor regions: 1->1(116)
[2025-12-28T19:35:07.929+0100][info][gc,heap        ] GC(227) Old regions: 9->9
[2025-12-28T19:35:07.929+0100][info][gc,heap        ] GC(227) Humongous regions: 0->0
[2025-12-28T19:35:07.929+0100][info][gc,metaspace   ] GC(227) Metaspace: 8447K(8640K)->8447K(8640K) NonClass: 7717K(7808K)->7717K(7808K) Class: 730K(832K)->730K(832K)
[2025-12-28T19:35:07.929+0100][info][gc             ] GC(227) Pause Young (Normal) (G1 Evacuation Pause) 3691M->11M(6144M) 1.331ms
[2025-12-28T19:35:07.929+0100][info][gc,cpu         ] GC(227) User=0.01s Sys=0.00s Real=0.00s
[2025-12-28T19:35:08.116+0100][info][gc,start       ] GC(228) Pause Young (Normal) (G1 Evacuation Pause)
[2025-12-28T19:35:08.116+0100][info][gc,task        ] GC(228) Using 8 workers of 8 for evacuation
[2025-12-28T19:35:08.117+0100][info][gc,phases      ] GC(228)   Pre Evacuate Collection Set: 0.12ms
[2025-12-28T19:35:08.117+0100][info][gc,phases      ] GC(228)   Merge Heap Roots: 0.06ms
[2025-12-28T19:35:08.117+0100][info][gc,phases      ] GC(228)   Evacuate Collection Set: 0.16ms
[2025-12-28T19:35:08.117+0100][info][gc,phases      ] GC(228)   Post Evacuate Collection Set: 0.52ms
[2025-12-28T19:35:08.117+0100][info][gc,phases      ] GC(228)   Other: 0.08ms
[2025-12-28T19:35:08.117+0100][info][gc,heap        ] GC(228) Eden regions: 920->0(920)
[2025-12-28T19:35:08.117+0100][info][gc,heap        ] GC(228) Survivor regions: 1->1(116)
[2025-12-28T19:35:08.117+0100][info][gc,heap        ] GC(228) Old regions: 9->9
[2025-12-28T19:35:08.117+0100][info][gc,heap        ] GC(228) Humongous regions: 0->0
[2025-12-28T19:35:08.117+0100][info][gc,metaspace   ] GC(228) Metaspace: 8447K(8640K)->8447K(8640K) NonClass: 7717K(7808K)->7717K(7808K) Class: 730K(832K)->730K(832K)
[2025-12-28T19:35:08.117+0100][info][gc             ] GC(228) Pause Young (Normal) (G1 Evacuation Pause) 3691M->11M(6144M) 1.090ms
[2025-12-28T19:35:08.117+0100][info][gc,cpu         ] GC(228) User=0.01s Sys=0.01s Real=0.00s
[2025-12-28T19:35:08.297+0100][info][gc,start       ] GC(229) Pause Young (Normal) (G1 Evacuation Pause)
[2025-12-28T19:35:08.297+0100][info][gc,task        ] GC(229) Using 8 workers of 8 for evacuation
[2025-12-28T19:35:08.298+0100][info][gc,phases      ] GC(229)   Pre Evacuate Collection Set: 0.12ms
[2025-12-28T19:35:08.298+0100][info][gc,phases      ] GC(229)   Merge Heap Roots: 0.09ms
[2025-12-28T19:35:08.298+0100][info][gc,phases      ] GC(229)   Evacuate Collection Set: 0.14ms
[2025-12-28T19:35:08.298+0100][info][gc,phases      ] GC(229)   Post Evacuate Collection Set: 0.55ms
[2025-12-28T19:35:08.298+0100][info][gc,phases      ] GC(229)   Other: 0.08ms
[2025-12-28T19:35:08.298+0100][info][gc,heap        ] GC(229) Eden regions: 920->0(920)
[2025-12-28T19:35:08.298+0100][info][gc,heap        ] GC(229) Survivor regions: 1->1(116)
[2025-12-28T19:35:08.298+0100][info][gc,heap        ] GC(229) Old regions: 9->9
[2025-12-28T19:35:08.298+0100][info][gc,heap        ] GC(229) Humongous regions: 0->0
[2025-12-28T19:35:08.298+0100][info][gc,metaspace   ] GC(229) Metaspace: 8447K(8640K)->8447K(8640K) NonClass: 7717K(7808K)->7717K(7808K) Class: 730K(832K)->730K(832K)
[2025-12-28T19:35:08.298+0100][info][gc             ] GC(229) Pause Young (Normal) (G1 Evacuation Pause) 3691M->11M(6144M) 1.134ms
[2025-12-28T19:35:08.298+0100][info][gc,cpu         ] GC(229) User=0.01s Sys=0.00s Real=0.00s
[2025-12-28T19:35:08.472+0100][info][gc,start       ] GC(230) Pause Young (Normal) (G1 Evacuation Pause)
[2025-12-28T19:35:08.472+0100][info][gc,task        ] GC(230) Using 8 workers of 8 for evacuation
[2025-12-28T19:35:08.473+0100][info][gc,phases      ] GC(230)   Pre Evacuate Collection Set: 0.17ms
[2025-12-28T19:35:08.473+0100][info][gc,phases      ] GC(230)   Merge Heap Roots: 0.16ms
[2025-12-28T19:35:08.473+0100][info][gc,phases      ] GC(230)   Evacuate Collection Set: 0.17ms
[2025-12-28T19:35:08.473+0100][info][gc,phases      ] GC(230)   Post Evacuate Collection Set: 0.58ms
[2025-12-28T19:35:08.473+0100][info][gc,phases      ] GC(230)   Other: 0.10ms
[2025-12-28T19:35:08.473+0100][info][gc,heap        ] GC(230) Eden regions: 920->0(920)
[2025-12-28T19:35:08.473+0100][info][gc,heap        ] GC(230) Survivor regions: 1->1(116)
[2025-12-28T19:35:08.473+0100][info][gc,heap        ] GC(230) Old regions: 9->9
[2025-12-28T19:35:08.473+0100][info][gc,heap        ] GC(230) Humongous regions: 0->0
[2025-12-28T19:35:08.473+0100][info][gc,metaspace   ] GC(230) Metaspace: 8447K(8640K)->8447K(8640K) NonClass: 7717K(7808K)->7717K(7808K) Class: 730K(832K)->730K(832K)
[2025-12-28T19:35:08.473+0100][info][gc             ] GC(230) Pause Young (Normal) (G1 Evacuation Pause) 3691M->11M(6144M) 1.461ms
[2025-12-28T19:35:08.473+0100][info][gc,cpu         ] GC(230) User=0.00s Sys=0.00s Real=0.00s
[2025-12-28T19:35:08.791+0100][info][gc,start       ] GC(231) Pause Young (Normal) (G1 Evacuation Pause)
[2025-12-28T19:35:08.792+0100][info][gc,task        ] GC(231) Using 8 workers of 8 for evacuation
[2025-12-28T19:35:08.798+0100][info][gc,phases      ] GC(231)   Pre Evacuate Collection Set: 4.03ms
[2025-12-28T19:35:08.798+0100][info][gc,phases      ] GC(231)   Merge Heap Roots: 0.25ms
[2025-12-28T19:35:08.798+0100][info][gc,phases      ] GC(231)   Evacuate Collection Set: 0.80ms
[2025-12-28T19:35:08.798+0100][info][gc,phases      ] GC(231)   Post Evacuate Collection Set: 1.68ms
[2025-12-28T19:35:08.798+0100][info][gc,phases      ] GC(231)   Other: 0.14ms
[2025-12-28T19:35:08.799+0100][info][gc,heap        ] GC(231) Eden regions: 920->0(920)
[2025-12-28T19:35:08.799+0100][info][gc,heap        ] GC(231) Survivor regions: 1->1(116)
[2025-12-28T19:35:08.799+0100][info][gc,heap        ] GC(231) Old regions: 9->9
[2025-12-28T19:35:08.799+0100][info][gc,heap        ] GC(231) Humongous regions: 0->0
[2025-12-28T19:35:08.799+0100][info][gc,metaspace   ] GC(231) Metaspace: 8447K(8640K)->8447K(8640K) NonClass: 7717K(7808K)->7717K(7808K) Class: 730K(832K)->730K(832K)
[2025-12-28T19:35:08.799+0100][info][gc             ] GC(231) Pause Young (Normal) (G1 Evacuation Pause) 3691M->11M(6144M) 7.137ms
[2025-12-28T19:35:08.799+0100][info][gc,cpu         ] GC(231) User=0.01s Sys=0.00s Real=0.00s
[2025-12-28T19:35:09.812+0100][info][gc,start       ] GC(232) Pause Young (Normal) (G1 Evacuation Pause)
[2025-12-28T19:35:09.812+0100][info][gc,task        ] GC(232) Using 8 workers of 8 for evacuation
[2025-12-28T19:35:09.814+0100][info][gc,phases      ] GC(232)   Pre Evacuate Collection Set: 0.16ms
[2025-12-28T19:35:09.814+0100][info][gc,phases      ] GC(232)   Merge Heap Roots: 0.13ms
[2025-12-28T19:35:09.814+0100][info][gc,phases      ] GC(232)   Evacuate Collection Set: 0.20ms
[2025-12-28T19:35:09.814+0100][info][gc,phases      ] GC(232)   Post Evacuate Collection Set: 0.90ms
[2025-12-28T19:35:09.814+0100][info][gc,phases      ] GC(232)   Other: 0.09ms
[2025-12-28T19:35:09.814+0100][info][gc,heap        ] GC(232) Eden regions: 920->0(920)
[2025-12-28T19:35:09.814+0100][info][gc,heap        ] GC(232) Survivor regions: 1->1(116)
[2025-12-28T19:35:09.814+0100][info][gc,heap        ] GC(232) Old regions: 9->9
[2025-12-28T19:35:09.814+0100][info][gc,heap        ] GC(232) Humongous regions: 0->0
[2025-12-28T19:35:09.814+0100][info][gc,metaspace   ] GC(232) Metaspace: 8447K(8640K)->8447K(8640K) NonClass: 7717K(7808K)->7717K(7808K) Class: 730K(832K)->730K(832K)
[2025-12-28T19:35:09.814+0100][info][gc             ] GC(232) Pause Young (Normal) (G1 Evacuation Pause) 3691M->11M(6144M) 1.671ms
[2025-12-28T19:35:09.814+0100][info][gc,cpu         ] GC(232) User=0.00s Sys=0.01s Real=0.00s
[2025-12-28T19:35:12.090+0100][info][gc,start       ] GC(233) Pause Young (Normal) (G1 Evacuation Pause)
[2025-12-28T19:35:12.090+0100][info][gc,task        ] GC(233) Using 8 workers of 8 for evacuation
[2025-12-28T19:35:12.092+0100][info][gc,phases      ] GC(233)   Pre Evacuate Collection Set: 0.44ms
[2025-12-28T19:35:12.092+0100][info][gc,phases      ] GC(233)   Merge Heap Roots: 0.17ms
[2025-12-28T19:35:12.092+0100][info][gc,phases      ] GC(233)   Evacuate Collection Set: 0.37ms
[2025-12-28T19:35:12.092+0100][info][gc,phases      ] GC(233)   Post Evacuate Collection Set: 1.08ms
[2025-12-28T19:35:12.092+0100][info][gc,phases      ] GC(233)   Other: 0.16ms
[2025-12-28T19:35:12.092+0100][info][gc,heap        ] GC(233) Eden regions: 920->0(920)
[2025-12-28T19:35:12.092+0100][info][gc,heap        ] GC(233) Survivor regions: 1->1(116)
[2025-12-28T19:35:12.092+0100][info][gc,heap        ] GC(233) Old regions: 9->9
[2025-12-28T19:35:12.092+0100][info][gc,heap        ] GC(233) Humongous regions: 0->0
[2025-12-28T19:35:12.092+0100][info][gc,metaspace   ] GC(233) Metaspace: 8447K(8640K)->8447K(8640K) NonClass: 7717K(7808K)->7717K(7808K) Class: 730K(832K)->730K(832K)
[2025-12-28T19:35:12.092+0100][info][gc             ] GC(233) Pause Young (Normal) (G1 Evacuation Pause) 3691M->11M(6144M) 2.418ms
[2025-12-28T19:35:12.092+0100][info][gc,cpu         ] GC(233) User=0.00s Sys=0.00s Real=0.00s
[2025-12-28T19:35:13.676+0100][info][gc,start       ] GC(234) Pause Young (Normal) (G1 Evacuation Pause)
[2025-12-28T19:35:13.677+0100][info][gc,task        ] GC(234) Using 8 workers of 8 for evacuation
[2025-12-28T19:35:13.679+0100][info][gc,phases      ] GC(234)   Pre Evacuate Collection Set: 0.80ms
[2025-12-28T19:35:13.679+0100][info][gc,phases      ] GC(234)   Merge Heap Roots: 0.18ms
[2025-12-28T19:35:13.679+0100][info][gc,phases      ] GC(234)   Evacuate Collection Set: 0.57ms
[2025-12-28T19:35:13.679+0100][info][gc,phases      ] GC(234)   Post Evacuate Collection Set: 0.89ms
[2025-12-28T19:35:13.679+0100][info][gc,phases      ] GC(234)   Other: 0.55ms
[2025-12-28T19:35:13.680+0100][info][gc,heap        ] GC(234) Eden regions: 920->0(920)
[2025-12-28T19:35:13.680+0100][info][gc,heap        ] GC(234) Survivor regions: 1->1(116)
[2025-12-28T19:35:13.680+0100][info][gc,heap        ] GC(234) Old regions: 9->9
[2025-12-28T19:35:13.680+0100][info][gc,heap        ] GC(234) Humongous regions: 0->0
[2025-12-28T19:35:13.680+0100][info][gc,metaspace   ] GC(234) Metaspace: 8447K(8640K)->8447K(8640K) NonClass: 7717K(7808K)->7717K(7808K) Class: 730K(832K)->730K(832K)
[2025-12-28T19:35:13.680+0100][info][gc             ] GC(234) Pause Young (Normal) (G1 Evacuation Pause) 3691M->11M(6144M) 3.853ms
[2025-12-28T19:35:13.680+0100][info][gc,cpu         ] GC(234) User=0.00s Sys=0.01s Real=0.01s
[2025-12-28T19:35:14.671+0100][info][gc,start       ] GC(235) Pause Full (System.gc())
[2025-12-28T19:35:14.671+0100][info][gc,task        ] GC(235) Using 8 workers of 8 for full compaction
[2025-12-28T19:35:14.671+0100][info][gc,phases,start] GC(235) Phase 1: Mark live objects
[2025-12-28T19:35:14.678+0100][info][gc,phases      ] GC(235) Phase 1: Mark live objects 6.855ms
[2025-12-28T19:35:14.678+0100][info][gc,phases,start] GC(235) Phase 2: Prepare compaction
[2025-12-28T19:35:14.693+0100][info][gc,phases      ] GC(235) Phase 2: Prepare compaction 14.921ms
[2025-12-28T19:35:14.693+0100][info][gc,phases,start] GC(235) Phase 3: Adjust pointers
[2025-12-28T19:35:14.696+0100][info][gc,phases      ] GC(235) Phase 3: Adjust pointers 2.470ms
[2025-12-28T19:35:14.696+0100][info][gc,phases,start] GC(235) Phase 4: Compact heap
[2025-12-28T19:35:14.697+0100][info][gc,phases      ] GC(235) Phase 4: Compact heap 1.361ms
[2025-12-28T19:35:14.697+0100][info][gc,phases,start] GC(235) Phase 5: Reset Metadata
[2025-12-28T19:35:14.698+0100][info][gc,phases      ] GC(235) Phase 5: Reset Metadata 0.622ms
[2025-12-28T19:35:14.723+0100][info][gc,heap        ] GC(235) Eden regions: 496->0(921)
[2025-12-28T19:35:14.723+0100][info][gc,heap        ] GC(235) Survivor regions: 1->0(116)
[2025-12-28T19:35:14.723+0100][info][gc,heap        ] GC(235) Old regions: 9->8
[2025-12-28T19:35:14.723+0100][info][gc,heap        ] GC(235) Humongous regions: 0->0
[2025-12-28T19:35:14.723+0100][info][gc,metaspace   ] GC(235) Metaspace: 8459K(8640K)->8459K(8640K) NonClass: 7729K(7808K)->7729K(7808K) Class: 730K(832K)->730K(832K)
[2025-12-28T19:35:14.723+0100][info][gc             ] GC(235) Pause Full (System.gc()) 1993M->10M(6144M) 51.688ms
[2025-12-28T19:35:14.723+0100][info][gc,cpu         ] GC(235) User=0.04s Sys=0.10s Real=0.05s
[2025-12-28T19:35:14.723+0100][info][gc,start       ] GC(236) Pause Full (System.gc())
[2025-12-28T19:35:14.723+0100][info][gc,task        ] GC(236) Using 8 workers of 8 for full compaction
[2025-12-28T19:35:14.723+0100][info][gc,phases,start] GC(236) Phase 1: Mark live objects
[2025-12-28T19:35:14.727+0100][info][gc,phases      ] GC(236) Phase 1: Mark live objects 3.990ms
[2025-12-28T19:35:14.727+0100][info][gc,phases,start] GC(236) Phase 2: Prepare compaction
[2025-12-28T19:35:14.728+0100][info][gc,phases      ] GC(236) Phase 2: Prepare compaction 0.598ms
[2025-12-28T19:35:14.728+0100][info][gc,phases,start] GC(236) Phase 3: Adjust pointers
[2025-12-28T19:35:14.730+0100][info][gc,phases      ] GC(236) Phase 3: Adjust pointers 1.949ms
[2025-12-28T19:35:14.730+0100][info][gc,phases,start] GC(236) Phase 4: Compact heap
[2025-12-28T19:35:14.730+0100][info][gc,phases      ] GC(236) Phase 4: Compact heap 0.445ms
[2025-12-28T19:35:14.730+0100][info][gc,phases,start] GC(236) Phase 5: Reset Metadata
[2025-12-28T19:35:14.731+0100][info][gc,phases      ] GC(236) Phase 5: Reset Metadata 0.471ms
[2025-12-28T19:35:14.735+0100][info][gc,heap        ] GC(236) Eden regions: 1->0(921)
[2025-12-28T19:35:14.735+0100][info][gc,heap        ] GC(236) Survivor regions: 0->0(116)
[2025-12-28T19:35:14.735+0100][info][gc,heap        ] GC(236) Old regions: 8->8
[2025-12-28T19:35:14.735+0100][info][gc,heap        ] GC(236) Humongous regions: 0->0
[2025-12-28T19:35:14.735+0100][info][gc,metaspace   ] GC(236) Metaspace: 8459K(8640K)->8459K(8640K) NonClass: 7729K(7808K)->7729K(7808K) Class: 730K(832K)->730K(832K)
[2025-12-28T19:35:14.735+0100][info][gc             ] GC(236) Pause Full (System.gc()) 11M->10M(6144M) 12.152ms
[2025-12-28T19:35:14.735+0100][info][gc,cpu         ] GC(236) User=0.04s Sys=0.00s Real=0.01s
[2025-12-28T19:35:15.920+0100][info][gc,start       ] GC(237) Pause Young (Normal) (G1 Evacuation Pause)
[2025-12-28T19:35:15.920+0100][info][gc,task        ] GC(237) Using 8 workers of 8 for evacuation
[2025-12-28T19:35:15.922+0100][info][gc,phases      ] GC(237)   Pre Evacuate Collection Set: 0.14ms
[2025-12-28T19:35:15.922+0100][info][gc,phases      ] GC(237)   Merge Heap Roots: 0.14ms
[2025-12-28T19:35:15.922+0100][info][gc,phases      ] GC(237)   Evacuate Collection Set: 0.19ms
[2025-12-28T19:35:15.922+0100][info][gc,phases      ] GC(237)   Post Evacuate Collection Set: 0.71ms
[2025-12-28T19:35:15.922+0100][info][gc,phases      ] GC(237)   Other: 0.09ms
[2025-12-28T19:35:15.922+0100][info][gc,heap        ] GC(237) Eden regions: 921->0(920)
[2025-12-28T19:35:15.922+0100][info][gc,heap        ] GC(237) Survivor regions: 0->1(116)
[2025-12-28T19:35:15.922+0100][info][gc,heap        ] GC(237) Old regions: 8->8
[2025-12-28T19:35:15.922+0100][info][gc,heap        ] GC(237) Humongous regions: 0->0
[2025-12-28T19:35:15.922+0100][info][gc,metaspace   ] GC(237) Metaspace: 8472K(8704K)->8472K(8704K) NonClass: 7742K(7872K)->7742K(7872K) Class: 730K(832K)->730K(832K)
[2025-12-28T19:35:15.922+0100][info][gc             ] GC(237) Pause Young (Normal) (G1 Evacuation Pause) 3694M->11M(6144M) 1.460ms
[2025-12-28T19:35:15.922+0100][info][gc,cpu         ] GC(237) User=0.01s Sys=0.00s Real=0.00s
[2025-12-28T19:35:16.113+0100][info][gc,start       ] GC(238) Pause Young (Normal) (G1 Evacuation Pause)
[2025-12-28T19:35:16.113+0100][info][gc,task        ] GC(238) Using 8 workers of 8 for evacuation
[2025-12-28T19:35:16.114+0100][info][gc,phases      ] GC(238)   Pre Evacuate Collection Set: 0.13ms
[2025-12-28T19:35:16.114+0100][info][gc,phases      ] GC(238)   Merge Heap Roots: 0.12ms
[2025-12-28T19:35:16.114+0100][info][gc,phases      ] GC(238)   Evacuate Collection Set: 0.19ms
[2025-12-28T19:35:16.114+0100][info][gc,phases      ] GC(238)   Post Evacuate Collection Set: 0.53ms
[2025-12-28T19:35:16.114+0100][info][gc,phases      ] GC(238)   Other: 0.09ms
[2025-12-28T19:35:16.114+0100][info][gc,heap        ] GC(238) Eden regions: 920->0(920)
[2025-12-28T19:35:16.114+0100][info][gc,heap        ] GC(238) Survivor regions: 1->1(116)
[2025-12-28T19:35:16.114+0100][info][gc,heap        ] GC(238) Old regions: 8->8
[2025-12-28T19:35:16.114+0100][info][gc,heap        ] GC(238) Humongous regions: 0->0
[2025-12-28T19:35:16.114+0100][info][gc,metaspace   ] GC(238) Metaspace: 8472K(8704K)->8472K(8704K) NonClass: 7742K(7872K)->7742K(7872K) Class: 730K(832K)->730K(832K)
[2025-12-28T19:35:16.114+0100][info][gc             ] GC(238) Pause Young (Normal) (G1 Evacuation Pause) 3691M->11M(6144M) 1.236ms
[2025-12-28T19:35:16.114+0100][info][gc,cpu         ] GC(238) User=0.00s Sys=0.00s Real=0.00s
[2025-12-28T19:35:16.326+0100][info][gc,start       ] GC(239) Pause Young (Normal) (G1 Evacuation Pause)
[2025-12-28T19:35:16.326+0100][info][gc,task        ] GC(239) Using 8 workers of 8 for evacuation
[2025-12-28T19:35:16.327+0100][info][gc,phases      ] GC(239)   Pre Evacuate Collection Set: 0.18ms
[2025-12-28T19:35:16.327+0100][info][gc,phases      ] GC(239)   Merge Heap Roots: 0.07ms
[2025-12-28T19:35:16.327+0100][info][gc,phases      ] GC(239)   Evacuate Collection Set: 0.25ms
[2025-12-28T19:35:16.327+0100][info][gc,phases      ] GC(239)   Post Evacuate Collection Set: 0.57ms
[2025-12-28T19:35:16.327+0100][info][gc,phases      ] GC(239)   Other: 0.09ms
[2025-12-28T19:35:16.327+0100][info][gc,heap        ] GC(239) Eden regions: 920->0(920)
[2025-12-28T19:35:16.327+0100][info][gc,heap        ] GC(239) Survivor regions: 1->1(116)
[2025-12-28T19:35:16.327+0100][info][gc,heap        ] GC(239) Old regions: 8->8
[2025-12-28T19:35:16.327+0100][info][gc,heap        ] GC(239) Humongous regions: 0->0
[2025-12-28T19:35:16.327+0100][info][gc,metaspace   ] GC(239) Metaspace: 8472K(8704K)->8472K(8704K) NonClass: 7742K(7872K)->7742K(7872K) Class: 730K(832K)->730K(832K)
[2025-12-28T19:35:16.327+0100][info][gc             ] GC(239) Pause Young (Normal) (G1 Evacuation Pause) 3691M->11M(6144M) 1.366ms
[2025-12-28T19:35:16.327+0100][info][gc,cpu         ] GC(239) User=0.01s Sys=0.00s Real=0.00s
[2025-12-28T19:35:16.544+0100][info][gc,start       ] GC(240) Pause Young (Normal) (G1 Evacuation Pause)
[2025-12-28T19:35:16.544+0100][info][gc,task        ] GC(240) Using 8 workers of 8 for evacuation
[2025-12-28T19:35:16.545+0100][info][gc,phases      ] GC(240)   Pre Evacuate Collection Set: 0.09ms
[2025-12-28T19:35:16.545+0100][info][gc,phases      ] GC(240)   Merge Heap Roots: 0.13ms
[2025-12-28T19:35:16.545+0100][info][gc,phases      ] GC(240)   Evacuate Collection Set: 0.19ms
[2025-12-28T19:35:16.545+0100][info][gc,phases      ] GC(240)   Post Evacuate Collection Set: 0.56ms
[2025-12-28T19:35:16.545+0100][info][gc,phases      ] GC(240)   Other: 0.08ms
[2025-12-28T19:35:16.545+0100][info][gc,heap        ] GC(240) Eden regions: 920->0(920)
[2025-12-28T19:35:16.545+0100][info][gc,heap        ] GC(240) Survivor regions: 1->1(116)
[2025-12-28T19:35:16.545+0100][info][gc,heap        ] GC(240) Old regions: 8->8
[2025-12-28T19:35:16.545+0100][info][gc,heap        ] GC(240) Humongous regions: 0->0
[2025-12-28T19:35:16.545+0100][info][gc,metaspace   ] GC(240) Metaspace: 8472K(8704K)->8472K(8704K) NonClass: 7742K(7872K)->7742K(7872K) Class: 730K(832K)->730K(832K)
[2025-12-28T19:35:16.545+0100][info][gc             ] GC(240) Pause Young (Normal) (G1 Evacuation Pause) 3691M->11M(6144M) 1.223ms
[2025-12-28T19:35:16.545+0100][info][gc,cpu         ] GC(240) User=0.00s Sys=0.00s Real=0.00s
[2025-12-28T19:35:16.798+0100][info][gc,start       ] GC(241) Pause Young (Normal) (G1 Evacuation Pause)
[2025-12-28T19:35:16.798+0100][info][gc,task        ] GC(241) Using 8 workers of 8 for evacuation
[2025-12-28T19:35:16.799+0100][info][gc,phases      ] GC(241)   Pre Evacuate Collection Set: 0.18ms
[2025-12-28T19:35:16.799+0100][info][gc,phases      ] GC(241)   Merge Heap Roots: 0.11ms
[2025-12-28T19:35:16.799+0100][info][gc,phases      ] GC(241)   Evacuate Collection Set: 0.16ms
[2025-12-28T19:35:16.799+0100][info][gc,phases      ] GC(241)   Post Evacuate Collection Set: 0.56ms
[2025-12-28T19:35:16.799+0100][info][gc,phases      ] GC(241)   Other: 0.07ms
[2025-12-28T19:35:16.799+0100][info][gc,heap        ] GC(241) Eden regions: 920->0(920)
[2025-12-28T19:35:16.799+0100][info][gc,heap        ] GC(241) Survivor regions: 1->1(116)
[2025-12-28T19:35:16.799+0100][info][gc,heap        ] GC(241) Old regions: 8->8
[2025-12-28T19:35:16.799+0100][info][gc,heap        ] GC(241) Humongous regions: 0->0
[2025-12-28T19:35:16.799+0100][info][gc,metaspace   ] GC(241) Metaspace: 8472K(8704K)->8472K(8704K) NonClass: 7742K(7872K)->7742K(7872K) Class: 730K(832K)->730K(832K)
[2025-12-28T19:35:16.799+0100][info][gc             ] GC(241) Pause Young (Normal) (G1 Evacuation Pause) 3691M->11M(6144M) 1.255ms
[2025-12-28T19:35:16.799+0100][info][gc,cpu         ] GC(241) User=0.00s Sys=0.00s Real=0.00s
[2025-12-28T19:35:17.067+0100][info][gc,start       ] GC(242) Pause Young (Normal) (G1 Evacuation Pause)
[2025-12-28T19:35:17.067+0100][info][gc,task        ] GC(242) Using 8 workers of 8 for evacuation
[2025-12-28T19:35:17.068+0100][info][gc,phases      ] GC(242)   Pre Evacuate Collection Set: 0.11ms
[2025-12-28T19:35:17.068+0100][info][gc,phases      ] GC(242)   Merge Heap Roots: 0.05ms
[2025-12-28T19:35:17.068+0100][info][gc,phases      ] GC(242)   Evacuate Collection Set: 0.14ms
[2025-12-28T19:35:17.068+0100][info][gc,phases      ] GC(242)   Post Evacuate Collection Set: 0.72ms
[2025-12-28T19:35:17.068+0100][info][gc,phases      ] GC(242)   Other: 0.07ms
[2025-12-28T19:35:17.068+0100][info][gc,heap        ] GC(242) Eden regions: 920->0(920)
[2025-12-28T19:35:17.068+0100][info][gc,heap        ] GC(242) Survivor regions: 1->1(116)
[2025-12-28T19:35:17.068+0100][info][gc,heap        ] GC(242) Old regions: 8->8
[2025-12-28T19:35:17.068+0100][info][gc,heap        ] GC(242) Humongous regions: 0->0
[2025-12-28T19:35:17.069+0100][info][gc,metaspace   ] GC(242) Metaspace: 8472K(8704K)->8472K(8704K) NonClass: 7742K(7872K)->7742K(7872K) Class: 730K(832K)->730K(832K)
[2025-12-28T19:35:17.069+0100][info][gc             ] GC(242) Pause Young (Normal) (G1 Evacuation Pause) 3691M->11M(6144M) 1.255ms
[2025-12-28T19:35:17.069+0100][info][gc,cpu         ] GC(242) User=0.00s Sys=0.00s Real=0.00s
[2025-12-28T19:35:17.331+0100][info][gc,start       ] GC(243) Pause Young (Normal) (G1 Evacuation Pause)
[2025-12-28T19:35:17.331+0100][info][gc,task        ] GC(243) Using 8 workers of 8 for evacuation
[2025-12-28T19:35:17.332+0100][info][gc,phases      ] GC(243)   Pre Evacuate Collection Set: 0.18ms
[2025-12-28T19:35:17.332+0100][info][gc,phases      ] GC(243)   Merge Heap Roots: 0.15ms
[2025-12-28T19:35:17.332+0100][info][gc,phases      ] GC(243)   Evacuate Collection Set: 0.22ms
[2025-12-28T19:35:17.332+0100][info][gc,phases      ] GC(243)   Post Evacuate Collection Set: 0.55ms
[2025-12-28T19:35:17.332+0100][info][gc,phases      ] GC(243)   Other: 0.07ms
[2025-12-28T19:35:17.332+0100][info][gc,heap        ] GC(243) Eden regions: 920->0(920)
[2025-12-28T19:35:17.332+0100][info][gc,heap        ] GC(243) Survivor regions: 1->1(116)
[2025-12-28T19:35:17.332+0100][info][gc,heap        ] GC(243) Old regions: 8->8
[2025-12-28T19:35:17.332+0100][info][gc,heap        ] GC(243) Humongous regions: 0->0
[2025-12-28T19:35:17.332+0100][info][gc,metaspace   ] GC(243) Metaspace: 8472K(8704K)->8472K(8704K) NonClass: 7742K(7872K)->7742K(7872K) Class: 730K(832K)->730K(832K)
[2025-12-28T19:35:17.332+0100][info][gc             ] GC(243) Pause Young (Normal) (G1 Evacuation Pause) 3691M->11M(6144M) 1.343ms
[2025-12-28T19:35:17.332+0100][info][gc,cpu         ] GC(243) User=0.00s Sys=0.00s Real=0.00s
[2025-12-28T19:35:17.690+0100][info][gc,start       ] GC(244) Pause Young (Normal) (G1 Evacuation Pause)
[2025-12-28T19:35:17.690+0100][info][gc,task        ] GC(244) Using 8 workers of 8 for evacuation
[2025-12-28T19:35:17.692+0100][info][gc,phases      ] GC(244)   Pre Evacuate Collection Set: 0.18ms
[2025-12-28T19:35:17.692+0100][info][gc,phases      ] GC(244)   Merge Heap Roots: 0.06ms
[2025-12-28T19:35:17.692+0100][info][gc,phases      ] GC(244)   Evacuate Collection Set: 0.71ms
[2025-12-28T19:35:17.692+0100][info][gc,phases      ] GC(244)   Post Evacuate Collection Set: 1.16ms
[2025-12-28T19:35:17.692+0100][info][gc,phases      ] GC(244)   Other: 0.09ms
[2025-12-28T19:35:17.692+0100][info][gc,heap        ] GC(244) Eden regions: 920->0(920)
[2025-12-28T19:35:17.692+0100][info][gc,heap        ] GC(244) Survivor regions: 1->1(116)
[2025-12-28T19:35:17.692+0100][info][gc,heap        ] GC(244) Old regions: 8->8
[2025-12-28T19:35:17.692+0100][info][gc,heap        ] GC(244) Humongous regions: 0->0
[2025-12-28T19:35:17.692+0100][info][gc,metaspace   ] GC(244) Metaspace: 8472K(8704K)->8472K(8704K) NonClass: 7742K(7872K)->7742K(7872K) Class: 730K(832K)->730K(832K)
[2025-12-28T19:35:17.692+0100][info][gc             ] GC(244) Pause Young (Normal) (G1 Evacuation Pause) 3691M->11M(6144M) 2.430ms
[2025-12-28T19:35:17.692+0100][info][gc,cpu         ] GC(244) User=0.00s Sys=0.00s Real=0.00s
[2025-12-28T19:35:18.849+0100][info][gc,start       ] GC(245) Pause Young (Normal) (G1 Evacuation Pause)
[2025-12-28T19:35:18.849+0100][info][gc,task        ] GC(245) Using 8 workers of 8 for evacuation
[2025-12-28T19:35:18.851+0100][info][gc,phases      ] GC(245)   Pre Evacuate Collection Set: 0.34ms
[2025-12-28T19:35:18.851+0100][info][gc,phases      ] GC(245)   Merge Heap Roots: 0.16ms
[2025-12-28T19:35:18.851+0100][info][gc,phases      ] GC(245)   Evacuate Collection Set: 0.59ms
[2025-12-28T19:35:18.851+0100][info][gc,phases      ] GC(245)   Post Evacuate Collection Set: 1.09ms
[2025-12-28T19:35:18.852+0100][info][gc,phases      ] GC(245)   Other: 0.12ms
[2025-12-28T19:35:18.852+0100][info][gc,heap        ] GC(245) Eden regions: 920->0(920)
[2025-12-28T19:35:18.852+0100][info][gc,heap        ] GC(245) Survivor regions: 1->1(116)
[2025-12-28T19:35:18.852+0100][info][gc,heap        ] GC(245) Old regions: 8->8
[2025-12-28T19:35:18.852+0100][info][gc,heap        ] GC(245) Humongous regions: 0->0
[2025-12-28T19:35:18.852+0100][info][gc,metaspace   ] GC(245) Metaspace: 8472K(8704K)->8472K(8704K) NonClass: 7742K(7872K)->7742K(7872K) Class: 730K(832K)->730K(832K)
[2025-12-28T19:35:18.852+0100][info][gc             ] GC(245) Pause Young (Normal) (G1 Evacuation Pause) 3691M->11M(6144M) 2.528ms
[2025-12-28T19:35:18.852+0100][info][gc,cpu         ] GC(245) User=0.00s Sys=0.01s Real=0.01s
[2025-12-28T19:35:19.781+0100][info][gc,start       ] GC(246) Pause Young (Normal) (G1 Evacuation Pause)
[2025-12-28T19:35:19.781+0100][info][gc,task        ] GC(246) Using 8 workers of 8 for evacuation
[2025-12-28T19:35:19.782+0100][info][gc,phases      ] GC(246)   Pre Evacuate Collection Set: 0.13ms
[2025-12-28T19:35:19.782+0100][info][gc,phases      ] GC(246)   Merge Heap Roots: 0.17ms
[2025-12-28T19:35:19.782+0100][info][gc,phases      ] GC(246)   Evacuate Collection Set: 0.22ms
[2025-12-28T19:35:19.782+0100][info][gc,phases      ] GC(246)   Post Evacuate Collection Set: 0.68ms
[2025-12-28T19:35:19.782+0100][info][gc,phases      ] GC(246)   Other: 0.09ms
[2025-12-28T19:35:19.782+0100][info][gc,heap        ] GC(246) Eden regions: 920->0(920)
[2025-12-28T19:35:19.782+0100][info][gc,heap        ] GC(246) Survivor regions: 1->1(116)
[2025-12-28T19:35:19.782+0100][info][gc,heap        ] GC(246) Old regions: 8->8
[2025-12-28T19:35:19.782+0100][info][gc,heap        ] GC(246) Humongous regions: 0->0
[2025-12-28T19:35:19.782+0100][info][gc,metaspace   ] GC(246) Metaspace: 8472K(8704K)->8472K(8704K) NonClass: 7742K(7872K)->7742K(7872K) Class: 730K(832K)->730K(832K)
[2025-12-28T19:35:19.782+0100][info][gc             ] GC(246) Pause Young (Normal) (G1 Evacuation Pause) 3691M->11M(6144M) 1.570ms
[2025-12-28T19:35:19.782+0100][info][gc,cpu         ] GC(246) User=0.00s Sys=0.00s Real=0.00s
[2025-12-28T19:35:20.650+0100][info][gc,start       ] GC(247) Pause Young (Normal) (G1 Evacuation Pause)
[2025-12-28T19:35:20.650+0100][info][gc,task        ] GC(247) Using 8 workers of 8 for evacuation
[2025-12-28T19:35:20.653+0100][info][gc,phases      ] GC(247)   Pre Evacuate Collection Set: 0.54ms
[2025-12-28T19:35:20.653+0100][info][gc,phases      ] GC(247)   Merge Heap Roots: 0.35ms
[2025-12-28T19:35:20.653+0100][info][gc,phases      ] GC(247)   Evacuate Collection Set: 0.46ms
[2025-12-28T19:35:20.653+0100][info][gc,phases      ] GC(247)   Post Evacuate Collection Set: 0.89ms
[2025-12-28T19:35:20.653+0100][info][gc,phases      ] GC(247)   Other: 0.20ms
[2025-12-28T19:35:20.653+0100][info][gc,heap        ] GC(247) Eden regions: 920->0(920)
[2025-12-28T19:35:20.653+0100][info][gc,heap        ] GC(247) Survivor regions: 1->1(116)
[2025-12-28T19:35:20.653+0100][info][gc,heap        ] GC(247) Old regions: 8->8
[2025-12-28T19:35:20.653+0100][info][gc,heap        ] GC(247) Humongous regions: 0->0
[2025-12-28T19:35:20.653+0100][info][gc,metaspace   ] GC(247) Metaspace: 8472K(8704K)->8472K(8704K) NonClass: 7742K(7872K)->7742K(7872K) Class: 730K(832K)->730K(832K)
[2025-12-28T19:35:20.653+0100][info][gc             ] GC(247) Pause Young (Normal) (G1 Evacuation Pause) 3691M->11M(6144M) 2.746ms
[2025-12-28T19:35:20.653+0100][info][gc,cpu         ] GC(247) User=0.00s Sys=0.00s Real=0.00s
[2025-12-28T19:35:20.908+0100][info][gc,start       ] GC(248) Pause Young (Normal) (G1 Evacuation Pause)
[2025-12-28T19:35:20.909+0100][info][gc,task        ] GC(248) Using 8 workers of 8 for evacuation
[2025-12-28T19:35:20.910+0100][info][gc,phases      ] GC(248)   Pre Evacuate Collection Set: 0.14ms
[2025-12-28T19:35:20.910+0100][info][gc,phases      ] GC(248)   Merge Heap Roots: 0.14ms
[2025-12-28T19:35:20.910+0100][info][gc,phases      ] GC(248)   Evacuate Collection Set: 0.21ms
[2025-12-28T19:35:20.910+0100][info][gc,phases      ] GC(248)   Post Evacuate Collection Set: 0.63ms
[2025-12-28T19:35:20.910+0100][info][gc,phases      ] GC(248)   Other: 0.09ms
[2025-12-28T19:35:20.910+0100][info][gc,heap        ] GC(248) Eden regions: 920->0(920)
[2025-12-28T19:35:20.910+0100][info][gc,heap        ] GC(248) Survivor regions: 1->1(116)
[2025-12-28T19:35:20.910+0100][info][gc,heap        ] GC(248) Old regions: 8->8
[2025-12-28T19:35:20.910+0100][info][gc,heap        ] GC(248) Humongous regions: 0->0
[2025-12-28T19:35:20.910+0100][info][gc,metaspace   ] GC(248) Metaspace: 8472K(8704K)->8472K(8704K) NonClass: 7742K(7872K)->7742K(7872K) Class: 730K(832K)->730K(832K)
[2025-12-28T19:35:20.910+0100][info][gc             ] GC(248) Pause Young (Normal) (G1 Evacuation Pause) 3691M->11M(6144M) 1.371ms
[2025-12-28T19:35:20.910+0100][info][gc,cpu         ] GC(248) User=0.01s Sys=0.00s Real=0.01s
[2025-12-28T19:35:21.134+0100][info][gc,start       ] GC(249) Pause Young (Normal) (G1 Evacuation Pause)
[2025-12-28T19:35:21.135+0100][info][gc,task        ] GC(249) Using 8 workers of 8 for evacuation
[2025-12-28T19:35:21.136+0100][info][gc,phases      ] GC(249)   Pre Evacuate Collection Set: 0.14ms
[2025-12-28T19:35:21.136+0100][info][gc,phases      ] GC(249)   Merge Heap Roots: 0.09ms
[2025-12-28T19:35:21.136+0100][info][gc,phases      ] GC(249)   Evacuate Collection Set: 0.17ms
[2025-12-28T19:35:21.136+0100][info][gc,phases      ] GC(249)   Post Evacuate Collection Set: 0.56ms
[2025-12-28T19:35:21.136+0100][info][gc,phases      ] GC(249)   Other: 0.08ms
[2025-12-28T19:35:21.136+0100][info][gc,heap        ] GC(249) Eden regions: 920->0(920)
[2025-12-28T19:35:21.136+0100][info][gc,heap        ] GC(249) Survivor regions: 1->1(116)
[2025-12-28T19:35:21.136+0100][info][gc,heap        ] GC(249) Old regions: 8->8
[2025-12-28T19:35:21.136+0100][info][gc,heap        ] GC(249) Humongous regions: 0->0
[2025-12-28T19:35:21.136+0100][info][gc,metaspace   ] GC(249) Metaspace: 8473K(8704K)->8473K(8704K) NonClass: 7743K(7872K)->7743K(7872K) Class: 730K(832K)->730K(832K)
[2025-12-28T19:35:21.136+0100][info][gc             ] GC(249) Pause Young (Normal) (G1 Evacuation Pause) 3691M->11M(6144M) 1.237ms
[2025-12-28T19:35:21.136+0100][info][gc,cpu         ] GC(249) User=0.00s Sys=0.00s Real=0.00s
[2025-12-28T19:35:21.375+0100][info][gc,start       ] GC(250) Pause Young (Normal) (G1 Evacuation Pause)
[2025-12-28T19:35:21.375+0100][info][gc,task        ] GC(250) Using 8 workers of 8 for evacuation
[2025-12-28T19:35:21.376+0100][info][gc,phases      ] GC(250)   Pre Evacuate Collection Set: 0.22ms
[2025-12-28T19:35:21.376+0100][info][gc,phases      ] GC(250)   Merge Heap Roots: 0.08ms
[2025-12-28T19:35:21.376+0100][info][gc,phases      ] GC(250)   Evacuate Collection Set: 0.21ms
[2025-12-28T19:35:21.376+0100][info][gc,phases      ] GC(250)   Post Evacuate Collection Set: 0.64ms
[2025-12-28T19:35:21.376+0100][info][gc,phases      ] GC(250)   Other: 0.08ms
[2025-12-28T19:35:21.376+0100][info][gc,heap        ] GC(250) Eden regions: 920->0(920)
[2025-12-28T19:35:21.376+0100][info][gc,heap        ] GC(250) Survivor regions: 1->1(116)
[2025-12-28T19:35:21.376+0100][info][gc,heap        ] GC(250) Old regions: 8->8
[2025-12-28T19:35:21.376+0100][info][gc,heap        ] GC(250) Humongous regions: 0->0
[2025-12-28T19:35:21.376+0100][info][gc,metaspace   ] GC(250) Metaspace: 8473K(8704K)->8473K(8704K) NonClass: 7743K(7872K)->7743K(7872K) Class: 730K(832K)->730K(832K)
[2025-12-28T19:35:21.376+0100][info][gc             ] GC(250) Pause Young (Normal) (G1 Evacuation Pause) 3691M->11M(6144M) 1.397ms
[2025-12-28T19:35:21.376+0100][info][gc,cpu         ] GC(250) User=0.00s Sys=0.01s Real=0.00s
[2025-12-28T19:35:21.577+0100][info][gc,start       ] GC(251) Pause Young (Normal) (G1 Evacuation Pause)
[2025-12-28T19:35:21.577+0100][info][gc,task        ] GC(251) Using 8 workers of 8 for evacuation
[2025-12-28T19:35:21.578+0100][info][gc,phases      ] GC(251)   Pre Evacuate Collection Set: 0.16ms
[2025-12-28T19:35:21.578+0100][info][gc,phases      ] GC(251)   Merge Heap Roots: 0.11ms
[2025-12-28T19:35:21.578+0100][info][gc,phases      ] GC(251)   Evacuate Collection Set: 0.16ms
[2025-12-28T19:35:21.578+0100][info][gc,phases      ] GC(251)   Post Evacuate Collection Set: 0.55ms
[2025-12-28T19:35:21.578+0100][info][gc,phases      ] GC(251)   Other: 0.08ms
[2025-12-28T19:35:21.578+0100][info][gc,heap        ] GC(251) Eden regions: 920->0(920)
[2025-12-28T19:35:21.578+0100][info][gc,heap        ] GC(251) Survivor regions: 1->1(116)
[2025-12-28T19:35:21.578+0100][info][gc,heap        ] GC(251) Old regions: 8->8
[2025-12-28T19:35:21.578+0100][info][gc,heap        ] GC(251) Humongous regions: 0->0
[2025-12-28T19:35:21.578+0100][info][gc,metaspace   ] GC(251) Metaspace: 8473K(8704K)->8473K(8704K) NonClass: 7743K(7872K)->7743K(7872K) Class: 730K(832K)->730K(832K)
[2025-12-28T19:35:21.578+0100][info][gc             ] GC(251) Pause Young (Normal) (G1 Evacuation Pause) 3691M->11M(6144M) 1.255ms
[2025-12-28T19:35:21.578+0100][info][gc,cpu         ] GC(251) User=0.01s Sys=0.00s Real=0.00s
[2025-12-28T19:35:21.948+0100][info][gc,start       ] GC(252) Pause Young (Normal) (G1 Evacuation Pause)
[2025-12-28T19:35:21.948+0100][info][gc,task        ] GC(252) Using 8 workers of 8 for evacuation
[2025-12-28T19:35:21.950+0100][info][gc,phases      ] GC(252)   Pre Evacuate Collection Set: 0.24ms
[2025-12-28T19:35:21.950+0100][info][gc,phases      ] GC(252)   Merge Heap Roots: 0.18ms
[2025-12-28T19:35:21.950+0100][info][gc,phases      ] GC(252)   Evacuate Collection Set: 0.34ms
[2025-12-28T19:35:21.950+0100][info][gc,phases      ] GC(252)   Post Evacuate Collection Set: 0.69ms
[2025-12-28T19:35:21.950+0100][info][gc,phases      ] GC(252)   Other: 0.14ms
[2025-12-28T19:35:21.950+0100][info][gc,heap        ] GC(252) Eden regions: 920->0(920)
[2025-12-28T19:35:21.950+0100][info][gc,heap        ] GC(252) Survivor regions: 1->1(116)
[2025-12-28T19:35:21.950+0100][info][gc,heap        ] GC(252) Old regions: 8->9
[2025-12-28T19:35:21.950+0100][info][gc,heap        ] GC(252) Humongous regions: 0->0
[2025-12-28T19:35:21.950+0100][info][gc,metaspace   ] GC(252) Metaspace: 8473K(8704K)->8473K(8704K) NonClass: 7743K(7872K)->7743K(7872K) Class: 730K(832K)->730K(832K)
[2025-12-28T19:35:21.950+0100][info][gc             ] GC(252) Pause Young (Normal) (G1 Evacuation Pause) 3691M->11M(6144M) 1.996ms
[2025-12-28T19:35:21.950+0100][info][gc,cpu         ] GC(252) User=0.01s Sys=0.01s Real=0.01s
[2025-12-28T19:35:22.307+0100][info][gc,start       ] GC(253) Pause Young (Normal) (G1 Evacuation Pause)
[2025-12-28T19:35:22.307+0100][info][gc,task        ] GC(253) Using 8 workers of 8 for evacuation
[2025-12-28T19:35:22.309+0100][info][gc,phases      ] GC(253)   Pre Evacuate Collection Set: 0.23ms
[2025-12-28T19:35:22.309+0100][info][gc,phases      ] GC(253)   Merge Heap Roots: 0.10ms
[2025-12-28T19:35:22.309+0100][info][gc,phases      ] GC(253)   Evacuate Collection Set: 0.31ms
[2025-12-28T19:35:22.309+0100][info][gc,phases      ] GC(253)   Post Evacuate Collection Set: 1.01ms
[2025-12-28T19:35:22.309+0100][info][gc,phases      ] GC(253)   Other: 0.11ms
[2025-12-28T19:35:22.309+0100][info][gc,heap        ] GC(253) Eden regions: 920->0(920)
[2025-12-28T19:35:22.309+0100][info][gc,heap        ] GC(253) Survivor regions: 1->1(116)
[2025-12-28T19:35:22.309+0100][info][gc,heap        ] GC(253) Old regions: 9->9
[2025-12-28T19:35:22.309+0100][info][gc,heap        ] GC(253) Humongous regions: 0->0
[2025-12-28T19:35:22.309+0100][info][gc,metaspace   ] GC(253) Metaspace: 8473K(8704K)->8473K(8704K) NonClass: 7743K(7872K)->7743K(7872K) Class: 730K(832K)->730K(832K)
[2025-12-28T19:35:22.309+0100][info][gc             ] GC(253) Pause Young (Normal) (G1 Evacuation Pause) 3691M->11M(6144M) 1.982ms
[2025-12-28T19:35:22.309+0100][info][gc,cpu         ] GC(253) User=0.00s Sys=0.00s Real=0.00s
[2025-12-28T19:35:22.570+0100][info][gc,start       ] GC(254) Pause Young (Normal) (G1 Evacuation Pause)
[2025-12-28T19:35:22.570+0100][info][gc,task        ] GC(254) Using 8 workers of 8 for evacuation
[2025-12-28T19:35:22.571+0100][info][gc,phases      ] GC(254)   Pre Evacuate Collection Set: 0.13ms
[2025-12-28T19:35:22.571+0100][info][gc,phases      ] GC(254)   Merge Heap Roots: 0.12ms
[2025-12-28T19:35:22.571+0100][info][gc,phases      ] GC(254)   Evacuate Collection Set: 0.15ms
[2025-12-28T19:35:22.571+0100][info][gc,phases      ] GC(254)   Post Evacuate Collection Set: 0.57ms
[2025-12-28T19:35:22.571+0100][info][gc,phases      ] GC(254)   Other: 0.08ms
[2025-12-28T19:35:22.571+0100][info][gc,heap        ] GC(254) Eden regions: 920->0(920)
[2025-12-28T19:35:22.571+0100][info][gc,heap        ] GC(254) Survivor regions: 1->1(116)
[2025-12-28T19:35:22.571+0100][info][gc,heap        ] GC(254) Old regions: 9->9
[2025-12-28T19:35:22.571+0100][info][gc,heap        ] GC(254) Humongous regions: 0->0
[2025-12-28T19:35:22.571+0100][info][gc,metaspace   ] GC(254) Metaspace: 8473K(8704K)->8473K(8704K) NonClass: 7743K(7872K)->7743K(7872K) Class: 730K(832K)->730K(832K)
[2025-12-28T19:35:22.571+0100][info][gc             ] GC(254) Pause Young (Normal) (G1 Evacuation Pause) 3691M->11M(6144M) 1.223ms
[2025-12-28T19:35:22.571+0100][info][gc,cpu         ] GC(254) User=0.00s Sys=0.00s Real=0.00s
[2025-12-28T19:35:22.858+0100][info][gc,start       ] GC(255) Pause Young (Normal) (G1 Evacuation Pause)
[2025-12-28T19:35:22.858+0100][info][gc,task        ] GC(255) Using 8 workers of 8 for evacuation
[2025-12-28T19:35:22.859+0100][info][gc,phases      ] GC(255)   Pre Evacuate Collection Set: 0.28ms
[2025-12-28T19:35:22.860+0100][info][gc,phases      ] GC(255)   Merge Heap Roots: 0.15ms
[2025-12-28T19:35:22.860+0100][info][gc,phases      ] GC(255)   Evacuate Collection Set: 0.26ms
[2025-12-28T19:35:22.860+0100][info][gc,phases      ] GC(255)   Post Evacuate Collection Set: 0.85ms
[2025-12-28T19:35:22.860+0100][info][gc,phases      ] GC(255)   Other: 0.17ms
[2025-12-28T19:35:22.860+0100][info][gc,heap        ] GC(255) Eden regions: 920->0(920)
[2025-12-28T19:35:22.860+0100][info][gc,heap        ] GC(255) Survivor regions: 1->1(116)
[2025-12-28T19:35:22.860+0100][info][gc,heap        ] GC(255) Old regions: 9->9
[2025-12-28T19:35:22.860+0100][info][gc,heap        ] GC(255) Humongous regions: 0->0
[2025-12-28T19:35:22.860+0100][info][gc,metaspace   ] GC(255) Metaspace: 8473K(8704K)->8473K(8704K) NonClass: 7743K(7872K)->7743K(7872K) Class: 730K(832K)->730K(832K)
[2025-12-28T19:35:22.860+0100][info][gc             ] GC(255) Pause Young (Normal) (G1 Evacuation Pause) 3691M->11M(6144M) 1.936ms
[2025-12-28T19:35:22.860+0100][info][gc,cpu         ] GC(255) User=0.01s Sys=0.00s Real=0.01s
[2025-12-28T19:35:23.279+0100][info][gc,start       ] GC(256) Pause Young (Normal) (G1 Evacuation Pause)
[2025-12-28T19:35:23.279+0100][info][gc,task        ] GC(256) Using 8 workers of 8 for evacuation
[2025-12-28T19:35:23.281+0100][info][gc,phases      ] GC(256)   Pre Evacuate Collection Set: 0.33ms
[2025-12-28T19:35:23.281+0100][info][gc,phases      ] GC(256)   Merge Heap Roots: 0.21ms
[2025-12-28T19:35:23.281+0100][info][gc,phases      ] GC(256)   Evacuate Collection Set: 0.58ms
[2025-12-28T19:35:23.281+0100][info][gc,phases      ] GC(256)   Post Evacuate Collection Set: 1.01ms
[2025-12-28T19:35:23.281+0100][info][gc,phases      ] GC(256)   Other: 0.14ms
[2025-12-28T19:35:23.281+0100][info][gc,heap        ] GC(256) Eden regions: 920->0(920)
[2025-12-28T19:35:23.281+0100][info][gc,heap        ] GC(256) Survivor regions: 1->1(116)
[2025-12-28T19:35:23.281+0100][info][gc,heap        ] GC(256) Old regions: 9->9
[2025-12-28T19:35:23.281+0100][info][gc,heap        ] GC(256) Humongous regions: 0->0
[2025-12-28T19:35:23.281+0100][info][gc,metaspace   ] GC(256) Metaspace: 8473K(8704K)->8473K(8704K) NonClass: 7743K(7872K)->7743K(7872K) Class: 730K(832K)->730K(832K)
[2025-12-28T19:35:23.281+0100][info][gc             ] GC(256) Pause Young (Normal) (G1 Evacuation Pause) 3691M->11M(6144M) 2.508ms
[2025-12-28T19:35:23.281+0100][info][gc,cpu         ] GC(256) User=0.01s Sys=0.00s Real=0.01s
[2025-12-28T19:35:24.865+0100][info][gc,start       ] GC(257) Pause Young (Normal) (G1 Evacuation Pause)
[2025-12-28T19:35:24.877+0100][info][gc,task        ] GC(257) Using 8 workers of 8 for evacuation
[2025-12-28T19:35:24.889+0100][info][gc,phases      ] GC(257)   Pre Evacuate Collection Set: 0.59ms
[2025-12-28T19:35:24.890+0100][info][gc,phases      ] GC(257)   Merge Heap Roots: 0.31ms
[2025-12-28T19:35:24.890+0100][info][gc,phases      ] GC(257)   Evacuate Collection Set: 9.56ms
[2025-12-28T19:35:24.890+0100][info][gc,phases      ] GC(257)   Post Evacuate Collection Set: 1.04ms
[2025-12-28T19:35:24.890+0100][info][gc,phases      ] GC(257)   Other: 0.34ms
[2025-12-28T19:35:24.890+0100][info][gc,heap        ] GC(257) Eden regions: 920->0(920)
[2025-12-28T19:35:24.890+0100][info][gc,heap        ] GC(257) Survivor regions: 1->1(116)
[2025-12-28T19:35:24.890+0100][info][gc,heap        ] GC(257) Old regions: 9->9
[2025-12-28T19:35:24.890+0100][info][gc,heap        ] GC(257) Humongous regions: 0->0
[2025-12-28T19:35:24.890+0100][info][gc,metaspace   ] GC(257) Metaspace: 8473K(8704K)->8473K(8704K) NonClass: 7743K(7872K)->7743K(7872K) Class: 730K(832K)->730K(832K)
[2025-12-28T19:35:24.891+0100][info][gc             ] GC(257) Pause Young (Normal) (G1 Evacuation Pause) 3691M->11M(6144M) 25.694ms
[2025-12-28T19:35:24.891+0100][info][gc,cpu         ] GC(257) User=0.00s Sys=0.00s Real=0.03s
[2025-12-28T19:35:27.483+0100][info][gc,start       ] GC(258) Pause Young (Normal) (G1 Evacuation Pause)
[2025-12-28T19:35:27.483+0100][info][gc,task        ] GC(258) Using 8 workers of 8 for evacuation
[2025-12-28T19:35:27.486+0100][info][gc,phases      ] GC(258)   Pre Evacuate Collection Set: 0.32ms
[2025-12-28T19:35:27.486+0100][info][gc,phases      ] GC(258)   Merge Heap Roots: 0.21ms
[2025-12-28T19:35:27.486+0100][info][gc,phases      ] GC(258)   Evacuate Collection Set: 0.39ms
[2025-12-28T19:35:27.486+0100][info][gc,phases      ] GC(258)   Post Evacuate Collection Set: 1.18ms
[2025-12-28T19:35:27.486+0100][info][gc,phases      ] GC(258)   Other: 0.15ms
[2025-12-28T19:35:27.486+0100][info][gc,heap        ] GC(258) Eden regions: 920->0(920)
[2025-12-28T19:35:27.486+0100][info][gc,heap        ] GC(258) Survivor regions: 1->1(116)
[2025-12-28T19:35:27.486+0100][info][gc,heap        ] GC(258) Old regions: 9->9
[2025-12-28T19:35:27.486+0100][info][gc,heap        ] GC(258) Humongous regions: 0->0
[2025-12-28T19:35:27.486+0100][info][gc,metaspace   ] GC(258) Metaspace: 8473K(8704K)->8473K(8704K) NonClass: 7743K(7872K)->7743K(7872K) Class: 730K(832K)->730K(832K)
[2025-12-28T19:35:27.486+0100][info][gc             ] GC(258) Pause Young (Normal) (G1 Evacuation Pause) 3691M->11M(6144M) 2.454ms
[2025-12-28T19:35:27.486+0100][info][gc,cpu         ] GC(258) User=0.00s Sys=0.00s Real=0.00s
[2025-12-28T19:35:29.168+0100][info][gc,start       ] GC(259) Pause Young (Normal) (G1 Evacuation Pause)
[2025-12-28T19:35:29.168+0100][info][gc,task        ] GC(259) Using 8 workers of 8 for evacuation
[2025-12-28T19:35:29.171+0100][info][gc,phases      ] GC(259)   Pre Evacuate Collection Set: 0.33ms
[2025-12-28T19:35:29.171+0100][info][gc,phases      ] GC(259)   Merge Heap Roots: 0.14ms
[2025-12-28T19:35:29.171+0100][info][gc,phases      ] GC(259)   Evacuate Collection Set: 0.34ms
[2025-12-28T19:35:29.171+0100][info][gc,phases      ] GC(259)   Post Evacuate Collection Set: 2.38ms
[2025-12-28T19:35:29.171+0100][info][gc,phases      ] GC(259)   Other: 0.12ms
[2025-12-28T19:35:29.171+0100][info][gc,heap        ] GC(259) Eden regions: 920->0(920)
[2025-12-28T19:35:29.171+0100][info][gc,heap        ] GC(259) Survivor regions: 1->1(116)
[2025-12-28T19:35:29.171+0100][info][gc,heap        ] GC(259) Old regions: 9->9
[2025-12-28T19:35:29.171+0100][info][gc,heap        ] GC(259) Humongous regions: 0->0
[2025-12-28T19:35:29.171+0100][info][gc,metaspace   ] GC(259) Metaspace: 8478K(8704K)->8478K(8704K) NonClass: 7748K(7872K)->7748K(7872K) Class: 730K(832K)->730K(832K)
[2025-12-28T19:35:29.171+0100][info][gc             ] GC(259) Pause Young (Normal) (G1 Evacuation Pause) 3691M->11M(6144M) 3.506ms
[2025-12-28T19:35:29.171+0100][info][gc,cpu         ] GC(259) User=0.00s Sys=0.00s Real=0.01s
[2025-12-28T19:35:30.886+0100][info][gc,start       ] GC(260) Pause Young (Normal) (G1 Evacuation Pause)
[2025-12-28T19:35:30.886+0100][info][gc,task        ] GC(260) Using 8 workers of 8 for evacuation
[2025-12-28T19:35:30.891+0100][info][gc,phases      ] GC(260)   Pre Evacuate Collection Set: 1.03ms
[2025-12-28T19:35:30.891+0100][info][gc,phases      ] GC(260)   Merge Heap Roots: 0.63ms
[2025-12-28T19:35:30.891+0100][info][gc,phases      ] GC(260)   Evacuate Collection Set: 0.64ms
[2025-12-28T19:35:30.891+0100][info][gc,phases      ] GC(260)   Post Evacuate Collection Set: 1.22ms
[2025-12-28T19:35:30.891+0100][info][gc,phases      ] GC(260)   Other: 0.61ms
[2025-12-28T19:35:30.891+0100][info][gc,heap        ] GC(260) Eden regions: 920->0(920)
[2025-12-28T19:35:30.891+0100][info][gc,heap        ] GC(260) Survivor regions: 1->1(116)
[2025-12-28T19:35:30.891+0100][info][gc,heap        ] GC(260) Old regions: 9->9
[2025-12-28T19:35:30.891+0100][info][gc,heap        ] GC(260) Humongous regions: 0->0
[2025-12-28T19:35:30.891+0100][info][gc,metaspace   ] GC(260) Metaspace: 8478K(8704K)->8478K(8704K) NonClass: 7748K(7872K)->7748K(7872K) Class: 730K(832K)->730K(832K)
[2025-12-28T19:35:30.891+0100][info][gc             ] GC(260) Pause Young (Normal) (G1 Evacuation Pause) 3691M->11M(6144M) 4.790ms
[2025-12-28T19:35:30.891+0100][info][gc,cpu         ] GC(260) User=0.00s Sys=0.01s Real=0.01s
[2025-12-28T19:35:33.150+0100][info][gc,start       ] GC(261) Pause Young (Normal) (G1 Evacuation Pause)
[2025-12-28T19:35:33.150+0100][info][gc,task        ] GC(261) Using 8 workers of 8 for evacuation
[2025-12-28T19:35:33.154+0100][info][gc,phases      ] GC(261)   Pre Evacuate Collection Set: 1.32ms
[2025-12-28T19:35:33.154+0100][info][gc,phases      ] GC(261)   Merge Heap Roots: 0.34ms
[2025-12-28T19:35:33.154+0100][info][gc,phases      ] GC(261)   Evacuate Collection Set: 0.55ms
[2025-12-28T19:35:33.154+0100][info][gc,phases      ] GC(261)   Post Evacuate Collection Set: 1.39ms
[2025-12-28T19:35:33.154+0100][info][gc,phases      ] GC(261)   Other: 0.42ms
[2025-12-28T19:35:33.154+0100][info][gc,heap        ] GC(261) Eden regions: 920->0(920)
[2025-12-28T19:35:33.154+0100][info][gc,heap        ] GC(261) Survivor regions: 1->1(116)
[2025-12-28T19:35:33.154+0100][info][gc,heap        ] GC(261) Old regions: 9->9
[2025-12-28T19:35:33.154+0100][info][gc,heap        ] GC(261) Humongous regions: 0->0
[2025-12-28T19:35:33.154+0100][info][gc,metaspace   ] GC(261) Metaspace: 8478K(8704K)->8478K(8704K) NonClass: 7748K(7872K)->7748K(7872K) Class: 730K(832K)->730K(832K)
[2025-12-28T19:35:33.154+0100][info][gc             ] GC(261) Pause Young (Normal) (G1 Evacuation Pause) 3691M->11M(6144M) 4.295ms
[2025-12-28T19:35:33.154+0100][info][gc,cpu         ] GC(261) User=0.01s Sys=0.01s Real=0.00s
[2025-12-28T19:35:34.400+0100][info][gc,start       ] GC(262) Pause Young (Normal) (G1 Evacuation Pause)
[2025-12-28T19:35:34.400+0100][info][gc,task        ] GC(262) Using 8 workers of 8 for evacuation
[2025-12-28T19:35:34.402+0100][info][gc,phases      ] GC(262)   Pre Evacuate Collection Set: 0.28ms
[2025-12-28T19:35:34.402+0100][info][gc,phases      ] GC(262)   Merge Heap Roots: 0.18ms
[2025-12-28T19:35:34.402+0100][info][gc,phases      ] GC(262)   Evacuate Collection Set: 0.30ms
[2025-12-28T19:35:34.402+0100][info][gc,phases      ] GC(262)   Post Evacuate Collection Set: 0.87ms
[2025-12-28T19:35:34.402+0100][info][gc,phases      ] GC(262)   Other: 0.12ms
[2025-12-28T19:35:34.402+0100][info][gc,heap        ] GC(262) Eden regions: 920->0(920)
[2025-12-28T19:35:34.402+0100][info][gc,heap        ] GC(262) Survivor regions: 1->1(116)
[2025-12-28T19:35:34.402+0100][info][gc,heap        ] GC(262) Old regions: 9->9
[2025-12-28T19:35:34.402+0100][info][gc,heap        ] GC(262) Humongous regions: 0->0
[2025-12-28T19:35:34.402+0100][info][gc,metaspace   ] GC(262) Metaspace: 8478K(8704K)->8478K(8704K) NonClass: 7748K(7872K)->7748K(7872K) Class: 730K(832K)->730K(832K)
[2025-12-28T19:35:34.402+0100][info][gc             ] GC(262) Pause Young (Normal) (G1 Evacuation Pause) 3691M->11M(6144M) 1.947ms
[2025-12-28T19:35:34.402+0100][info][gc,cpu         ] GC(262) User=0.00s Sys=0.00s Real=0.00s
[2025-12-28T19:35:34.688+0100][info][gc,start       ] GC(263) Pause Young (Normal) (G1 Evacuation Pause)
[2025-12-28T19:35:34.688+0100][info][gc,task        ] GC(263) Using 8 workers of 8 for evacuation
[2025-12-28T19:35:34.689+0100][info][gc,phases      ] GC(263)   Pre Evacuate Collection Set: 0.17ms
[2025-12-28T19:35:34.689+0100][info][gc,phases      ] GC(263)   Merge Heap Roots: 0.07ms
[2025-12-28T19:35:34.689+0100][info][gc,phases      ] GC(263)   Evacuate Collection Set: 0.20ms
[2025-12-28T19:35:34.690+0100][info][gc,phases      ] GC(263)   Post Evacuate Collection Set: 0.58ms
[2025-12-28T19:35:34.690+0100][info][gc,phases      ] GC(263)   Other: 0.09ms
[2025-12-28T19:35:34.690+0100][info][gc,heap        ] GC(263) Eden regions: 920->0(920)
[2025-12-28T19:35:34.690+0100][info][gc,heap        ] GC(263) Survivor regions: 1->1(116)
[2025-12-28T19:35:34.690+0100][info][gc,heap        ] GC(263) Old regions: 9->9
[2025-12-28T19:35:34.690+0100][info][gc,heap        ] GC(263) Humongous regions: 0->0
[2025-12-28T19:35:34.690+0100][info][gc,metaspace   ] GC(263) Metaspace: 8479K(8704K)->8479K(8704K) NonClass: 7749K(7872K)->7749K(7872K) Class: 730K(832K)->730K(832K)
[2025-12-28T19:35:34.690+0100][info][gc             ] GC(263) Pause Young (Normal) (G1 Evacuation Pause) 3691M->11M(6144M) 1.259ms
[2025-12-28T19:35:34.690+0100][info][gc,cpu         ] GC(263) User=0.01s Sys=0.00s Real=0.01s
[2025-12-28T19:35:34.912+0100][info][gc,start       ] GC(264) Pause Young (Normal) (G1 Evacuation Pause)
[2025-12-28T19:35:34.913+0100][info][gc,task        ] GC(264) Using 8 workers of 8 for evacuation
[2025-12-28T19:35:34.914+0100][info][gc,phases      ] GC(264)   Pre Evacuate Collection Set: 0.11ms
[2025-12-28T19:35:34.914+0100][info][gc,phases      ] GC(264)   Merge Heap Roots: 0.19ms
[2025-12-28T19:35:34.914+0100][info][gc,phases      ] GC(264)   Evacuate Collection Set: 0.34ms
[2025-12-28T19:35:34.914+0100][info][gc,phases      ] GC(264)   Post Evacuate Collection Set: 0.87ms
[2025-12-28T19:35:34.914+0100][info][gc,phases      ] GC(264)   Other: 0.08ms
[2025-12-28T19:35:34.914+0100][info][gc,heap        ] GC(264) Eden regions: 920->0(920)
[2025-12-28T19:35:34.914+0100][info][gc,heap        ] GC(264) Survivor regions: 1->1(116)
[2025-12-28T19:35:34.914+0100][info][gc,heap        ] GC(264) Old regions: 9->9
[2025-12-28T19:35:34.914+0100][info][gc,heap        ] GC(264) Humongous regions: 0->0
[2025-12-28T19:35:34.914+0100][info][gc,metaspace   ] GC(264) Metaspace: 8479K(8704K)->8479K(8704K) NonClass: 7749K(7872K)->7749K(7872K) Class: 730K(832K)->730K(832K)
[2025-12-28T19:35:34.914+0100][info][gc             ] GC(264) Pause Young (Normal) (G1 Evacuation Pause) 3691M->11M(6144M) 1.725ms
[2025-12-28T19:35:34.914+0100][info][gc,cpu         ] GC(264) User=0.00s Sys=0.00s Real=0.00s
[2025-12-28T19:35:35.220+0100][info][gc,start       ] GC(265) Pause Young (Normal) (G1 Evacuation Pause)
[2025-12-28T19:35:35.220+0100][info][gc,task        ] GC(265) Using 8 workers of 8 for evacuation
[2025-12-28T19:35:35.221+0100][info][gc,phases      ] GC(265)   Pre Evacuate Collection Set: 0.09ms
[2025-12-28T19:35:35.221+0100][info][gc,phases      ] GC(265)   Merge Heap Roots: 0.11ms
[2025-12-28T19:35:35.221+0100][info][gc,phases      ] GC(265)   Evacuate Collection Set: 0.16ms
[2025-12-28T19:35:35.221+0100][info][gc,phases      ] GC(265)   Post Evacuate Collection Set: 0.58ms
[2025-12-28T19:35:35.221+0100][info][gc,phases      ] GC(265)   Other: 0.08ms
[2025-12-28T19:35:35.221+0100][info][gc,heap        ] GC(265) Eden regions: 920->0(920)
[2025-12-28T19:35:35.221+0100][info][gc,heap        ] GC(265) Survivor regions: 1->1(116)
[2025-12-28T19:35:35.221+0100][info][gc,heap        ] GC(265) Old regions: 9->9
[2025-12-28T19:35:35.221+0100][info][gc,heap        ] GC(265) Humongous regions: 0->0
[2025-12-28T19:35:35.222+0100][info][gc,metaspace   ] GC(265) Metaspace: 8479K(8704K)->8479K(8704K) NonClass: 7749K(7872K)->7749K(7872K) Class: 730K(832K)->730K(832K)
[2025-12-28T19:35:35.222+0100][info][gc             ] GC(265) Pause Young (Normal) (G1 Evacuation Pause) 3691M->11M(6144M) 1.193ms
[2025-12-28T19:35:35.222+0100][info][gc,cpu         ] GC(265) User=0.00s Sys=0.00s Real=0.00s
[2025-12-28T19:35:35.432+0100][info][gc,start       ] GC(266) Pause Young (Normal) (G1 Evacuation Pause)
[2025-12-28T19:35:35.432+0100][info][gc,task        ] GC(266) Using 8 workers of 8 for evacuation
[2025-12-28T19:35:35.433+0100][info][gc,phases      ] GC(266)   Pre Evacuate Collection Set: 0.17ms
[2025-12-28T19:35:35.433+0100][info][gc,phases      ] GC(266)   Merge Heap Roots: 0.12ms
[2025-12-28T19:35:35.433+0100][info][gc,phases      ] GC(266)   Evacuate Collection Set: 0.15ms
[2025-12-28T19:35:35.433+0100][info][gc,phases      ] GC(266)   Post Evacuate Collection Set: 0.51ms
[2025-12-28T19:35:35.433+0100][info][gc,phases      ] GC(266)   Other: 0.08ms
[2025-12-28T19:35:35.433+0100][info][gc,heap        ] GC(266) Eden regions: 920->0(920)
[2025-12-28T19:35:35.433+0100][info][gc,heap        ] GC(266) Survivor regions: 1->1(116)
[2025-12-28T19:35:35.433+0100][info][gc,heap        ] GC(266) Old regions: 9->9
[2025-12-28T19:35:35.433+0100][info][gc,heap        ] GC(266) Humongous regions: 0->0
[2025-12-28T19:35:35.433+0100][info][gc,metaspace   ] GC(266) Metaspace: 8479K(8704K)->8479K(8704K) NonClass: 7749K(7872K)->7749K(7872K) Class: 730K(832K)->730K(832K)
[2025-12-28T19:35:35.433+0100][info][gc             ] GC(266) Pause Young (Normal) (G1 Evacuation Pause) 3691M->11M(6144M) 1.179ms
[2025-12-28T19:35:35.433+0100][info][gc,cpu         ] GC(266) User=0.00s Sys=0.00s Real=0.00s
[2025-12-28T19:35:35.673+0100][info][gc,start       ] GC(267) Pause Young (Normal) (G1 Evacuation Pause)
[2025-12-28T19:35:35.673+0100][info][gc,task        ] GC(267) Using 8 workers of 8 for evacuation
[2025-12-28T19:35:35.674+0100][info][gc,phases      ] GC(267)   Pre Evacuate Collection Set: 0.16ms
[2025-12-28T19:35:35.674+0100][info][gc,phases      ] GC(267)   Merge Heap Roots: 0.11ms
[2025-12-28T19:35:35.674+0100][info][gc,phases      ] GC(267)   Evacuate Collection Set: 0.15ms
[2025-12-28T19:35:35.674+0100][info][gc,phases      ] GC(267)   Post Evacuate Collection Set: 0.59ms
[2025-12-28T19:35:35.674+0100][info][gc,phases      ] GC(267)   Other: 0.09ms
[2025-12-28T19:35:35.674+0100][info][gc,heap        ] GC(267) Eden regions: 920->0(920)
[2025-12-28T19:35:35.674+0100][info][gc,heap        ] GC(267) Survivor regions: 1->1(116)
[2025-12-28T19:35:35.674+0100][info][gc,heap        ] GC(267) Old regions: 9->9
[2025-12-28T19:35:35.674+0100][info][gc,heap        ] GC(267) Humongous regions: 0->0
[2025-12-28T19:35:35.674+0100][info][gc,metaspace   ] GC(267) Metaspace: 8479K(8704K)->8479K(8704K) NonClass: 7749K(7872K)->7749K(7872K) Class: 730K(832K)->730K(832K)
[2025-12-28T19:35:35.674+0100][info][gc             ] GC(267) Pause Young (Normal) (G1 Evacuation Pause) 3691M->11M(6144M) 1.265ms
[2025-12-28T19:35:35.674+0100][info][gc,cpu         ] GC(267) User=0.00s Sys=0.00s Real=0.00s
[2025-12-28T19:35:35.913+0100][info][gc,start       ] GC(268) Pause Young (Normal) (G1 Evacuation Pause)
[2025-12-28T19:35:35.913+0100][info][gc,task        ] GC(268) Using 8 workers of 8 for evacuation
[2025-12-28T19:35:35.914+0100][info][gc,phases      ] GC(268)   Pre Evacuate Collection Set: 0.16ms
[2025-12-28T19:35:35.914+0100][info][gc,phases      ] GC(268)   Merge Heap Roots: 0.12ms
[2025-12-28T19:35:35.914+0100][info][gc,phases      ] GC(268)   Evacuate Collection Set: 0.20ms
[2025-12-28T19:35:35.914+0100][info][gc,phases      ] GC(268)   Post Evacuate Collection Set: 0.55ms
[2025-12-28T19:35:35.914+0100][info][gc,phases      ] GC(268)   Other: 0.09ms
[2025-12-28T19:35:35.914+0100][info][gc,heap        ] GC(268) Eden regions: 920->0(920)
[2025-12-28T19:35:35.914+0100][info][gc,heap        ] GC(268) Survivor regions: 1->1(116)
[2025-12-28T19:35:35.914+0100][info][gc,heap        ] GC(268) Old regions: 9->9
[2025-12-28T19:35:35.914+0100][info][gc,heap        ] GC(268) Humongous regions: 0->0
[2025-12-28T19:35:35.914+0100][info][gc,metaspace   ] GC(268) Metaspace: 8479K(8704K)->8479K(8704K) NonClass: 7749K(7872K)->7749K(7872K) Class: 730K(832K)->730K(832K)
[2025-12-28T19:35:35.914+0100][info][gc             ] GC(268) Pause Young (Normal) (G1 Evacuation Pause) 3691M->11M(6144M) 1.260ms
[2025-12-28T19:35:35.914+0100][info][gc,cpu         ] GC(268) User=0.00s Sys=0.00s Real=0.00s
[2025-12-28T19:35:36.169+0100][info][gc,start       ] GC(269) Pause Young (Normal) (G1 Evacuation Pause)
[2025-12-28T19:35:36.169+0100][info][gc,task        ] GC(269) Using 8 workers of 8 for evacuation
[2025-12-28T19:35:36.170+0100][info][gc,phases      ] GC(269)   Pre Evacuate Collection Set: 0.13ms
[2025-12-28T19:35:36.170+0100][info][gc,phases      ] GC(269)   Merge Heap Roots: 0.13ms
[2025-12-28T19:35:36.170+0100][info][gc,phases      ] GC(269)   Evacuate Collection Set: 0.23ms
[2025-12-28T19:35:36.170+0100][info][gc,phases      ] GC(269)   Post Evacuate Collection Set: 0.56ms
[2025-12-28T19:35:36.170+0100][info][gc,phases      ] GC(269)   Other: 0.07ms
[2025-12-28T19:35:36.170+0100][info][gc,heap        ] GC(269) Eden regions: 920->0(920)
[2025-12-28T19:35:36.170+0100][info][gc,heap        ] GC(269) Survivor regions: 1->1(116)
[2025-12-28T19:35:36.170+0100][info][gc,heap        ] GC(269) Old regions: 9->9
[2025-12-28T19:35:36.170+0100][info][gc,heap        ] GC(269) Humongous regions: 0->0
[2025-12-28T19:35:36.170+0100][info][gc,metaspace   ] GC(269) Metaspace: 8479K(8704K)->8479K(8704K) NonClass: 7749K(7872K)->7749K(7872K) Class: 730K(832K)->730K(832K)
[2025-12-28T19:35:36.170+0100][info][gc             ] GC(269) Pause Young (Normal) (G1 Evacuation Pause) 3691M->11M(6144M) 1.297ms
[2025-12-28T19:35:36.170+0100][info][gc,cpu         ] GC(269) User=0.00s Sys=0.00s Real=0.01s
[2025-12-28T19:35:36.435+0100][info][gc,start       ] GC(270) Pause Young (Normal) (G1 Evacuation Pause)
[2025-12-28T19:35:36.436+0100][info][gc,task        ] GC(270) Using 8 workers of 8 for evacuation
[2025-12-28T19:35:36.437+0100][info][gc,phases      ] GC(270)   Pre Evacuate Collection Set: 0.08ms
[2025-12-28T19:35:36.437+0100][info][gc,phases      ] GC(270)   Merge Heap Roots: 0.10ms
[2025-12-28T19:35:36.437+0100][info][gc,phases      ] GC(270)   Evacuate Collection Set: 0.16ms
[2025-12-28T19:35:36.437+0100][info][gc,phases      ] GC(270)   Post Evacuate Collection Set: 0.54ms
[2025-12-28T19:35:36.437+0100][info][gc,phases      ] GC(270)   Other: 0.08ms
[2025-12-28T19:35:36.437+0100][info][gc,heap        ] GC(270) Eden regions: 920->0(920)
[2025-12-28T19:35:36.437+0100][info][gc,heap        ] GC(270) Survivor regions: 1->1(116)
[2025-12-28T19:35:36.437+0100][info][gc,heap        ] GC(270) Old regions: 9->9
[2025-12-28T19:35:36.437+0100][info][gc,heap        ] GC(270) Humongous regions: 0->0
[2025-12-28T19:35:36.437+0100][info][gc,metaspace   ] GC(270) Metaspace: 8479K(8704K)->8479K(8704K) NonClass: 7749K(7872K)->7749K(7872K) Class: 730K(832K)->730K(832K)
[2025-12-28T19:35:36.437+0100][info][gc             ] GC(270) Pause Young (Normal) (G1 Evacuation Pause) 3691M->11M(6144M) 1.190ms
[2025-12-28T19:35:36.437+0100][info][gc,cpu         ] GC(270) User=0.00s Sys=0.00s Real=0.00s
[2025-12-28T19:35:36.685+0100][info][gc,start       ] GC(271) Pause Young (Normal) (G1 Evacuation Pause)
[2025-12-28T19:35:36.685+0100][info][gc,task        ] GC(271) Using 8 workers of 8 for evacuation
[2025-12-28T19:35:36.686+0100][info][gc,phases      ] GC(271)   Pre Evacuate Collection Set: 0.16ms
[2025-12-28T19:35:36.686+0100][info][gc,phases      ] GC(271)   Merge Heap Roots: 0.14ms
[2025-12-28T19:35:36.686+0100][info][gc,phases      ] GC(271)   Evacuate Collection Set: 0.19ms
[2025-12-28T19:35:36.686+0100][info][gc,phases      ] GC(271)   Post Evacuate Collection Set: 0.52ms
[2025-12-28T19:35:36.686+0100][info][gc,phases      ] GC(271)   Other: 0.09ms
[2025-12-28T19:35:36.686+0100][info][gc,heap        ] GC(271) Eden regions: 920->0(920)
[2025-12-28T19:35:36.686+0100][info][gc,heap        ] GC(271) Survivor regions: 1->1(116)
[2025-12-28T19:35:36.686+0100][info][gc,heap        ] GC(271) Old regions: 9->9
[2025-12-28T19:35:36.686+0100][info][gc,heap        ] GC(271) Humongous regions: 0->0
[2025-12-28T19:35:36.686+0100][info][gc,metaspace   ] GC(271) Metaspace: 8479K(8704K)->8479K(8704K) NonClass: 7749K(7872K)->7749K(7872K) Class: 730K(832K)->730K(832K)
[2025-12-28T19:35:36.686+0100][info][gc             ] GC(271) Pause Young (Normal) (G1 Evacuation Pause) 3691M->11M(6144M) 1.244ms
[2025-12-28T19:35:36.686+0100][info][gc,cpu         ] GC(271) User=0.01s Sys=0.00s Real=0.00s
[2025-12-28T19:35:36.907+0100][info][gc,start       ] GC(272) Pause Young (Normal) (G1 Evacuation Pause)
[2025-12-28T19:35:36.907+0100][info][gc,task        ] GC(272) Using 8 workers of 8 for evacuation
[2025-12-28T19:35:36.908+0100][info][gc,phases      ] GC(272)   Pre Evacuate Collection Set: 0.17ms
[2025-12-28T19:35:36.908+0100][info][gc,phases      ] GC(272)   Merge Heap Roots: 0.13ms
[2025-12-28T19:35:36.908+0100][info][gc,phases      ] GC(272)   Evacuate Collection Set: 0.20ms
[2025-12-28T19:35:36.908+0100][info][gc,phases      ] GC(272)   Post Evacuate Collection Set: 0.66ms
[2025-12-28T19:35:36.908+0100][info][gc,phases      ] GC(272)   Other: 0.08ms
[2025-12-28T19:35:36.908+0100][info][gc,heap        ] GC(272) Eden regions: 920->0(920)
[2025-12-28T19:35:36.908+0100][info][gc,heap        ] GC(272) Survivor regions: 1->1(116)
[2025-12-28T19:35:36.908+0100][info][gc,heap        ] GC(272) Old regions: 9->9
[2025-12-28T19:35:36.908+0100][info][gc,heap        ] GC(272) Humongous regions: 0->0
[2025-12-28T19:35:36.908+0100][info][gc,metaspace   ] GC(272) Metaspace: 8479K(8704K)->8479K(8704K) NonClass: 7749K(7872K)->7749K(7872K) Class: 730K(832K)->730K(832K)
[2025-12-28T19:35:36.908+0100][info][gc             ] GC(272) Pause Young (Normal) (G1 Evacuation Pause) 3691M->11M(6144M) 1.467ms
[2025-12-28T19:35:36.908+0100][info][gc,cpu         ] GC(272) User=0.01s Sys=0.00s Real=0.00s
[2025-12-28T19:35:37.108+0100][info][gc,start       ] GC(273) Pause Young (Normal) (G1 Evacuation Pause)
[2025-12-28T19:35:37.109+0100][info][gc,task        ] GC(273) Using 8 workers of 8 for evacuation
[2025-12-28T19:35:37.110+0100][info][gc,phases      ] GC(273)   Pre Evacuate Collection Set: 0.24ms
[2025-12-28T19:35:37.110+0100][info][gc,phases      ] GC(273)   Merge Heap Roots: 0.13ms
[2025-12-28T19:35:37.110+0100][info][gc,phases      ] GC(273)   Evacuate Collection Set: 0.16ms
[2025-12-28T19:35:37.110+0100][info][gc,phases      ] GC(273)   Post Evacuate Collection Set: 0.55ms
[2025-12-28T19:35:37.110+0100][info][gc,phases      ] GC(273)   Other: 0.08ms
[2025-12-28T19:35:37.110+0100][info][gc,heap        ] GC(273) Eden regions: 920->0(920)
[2025-12-28T19:35:37.110+0100][info][gc,heap        ] GC(273) Survivor regions: 1->1(116)
[2025-12-28T19:35:37.110+0100][info][gc,heap        ] GC(273) Old regions: 9->9
[2025-12-28T19:35:37.110+0100][info][gc,heap        ] GC(273) Humongous regions: 0->0
[2025-12-28T19:35:37.110+0100][info][gc,metaspace   ] GC(273) Metaspace: 8479K(8704K)->8479K(8704K) NonClass: 7749K(7872K)->7749K(7872K) Class: 730K(832K)->730K(832K)
[2025-12-28T19:35:37.110+0100][info][gc             ] GC(273) Pause Young (Normal) (G1 Evacuation Pause) 3691M->11M(6144M) 1.358ms
[2025-12-28T19:35:37.110+0100][info][gc,cpu         ] GC(273) User=0.01s Sys=0.00s Real=0.01s
[2025-12-28T19:35:37.247+0100][info][gc,start       ] GC(274) Pause Full (System.gc())
[2025-12-28T19:35:37.247+0100][info][gc,task        ] GC(274) Using 8 workers of 8 for full compaction
[2025-12-28T19:35:37.248+0100][info][gc,phases,start] GC(274) Phase 1: Mark live objects
[2025-12-28T19:35:37.255+0100][info][gc,phases      ] GC(274) Phase 1: Mark live objects 7.016ms
[2025-12-28T19:35:37.255+0100][info][gc,phases,start] GC(274) Phase 2: Prepare compaction
[2025-12-28T19:35:37.268+0100][info][gc,phases      ] GC(274) Phase 2: Prepare compaction 13.362ms
[2025-12-28T19:35:37.268+0100][info][gc,phases,start] GC(274) Phase 3: Adjust pointers
[2025-12-28T19:35:37.270+0100][info][gc,phases      ] GC(274) Phase 3: Adjust pointers 2.020ms
[2025-12-28T19:35:37.270+0100][info][gc,phases,start] GC(274) Phase 4: Compact heap
[2025-12-28T19:35:37.271+0100][info][gc,phases      ] GC(274) Phase 4: Compact heap 1.196ms
[2025-12-28T19:35:37.271+0100][info][gc,phases,start] GC(274) Phase 5: Reset Metadata
[2025-12-28T19:35:37.272+0100][info][gc,phases      ] GC(274) Phase 5: Reset Metadata 1.085ms
[2025-12-28T19:35:37.306+0100][info][gc,heap        ] GC(274) Eden regions: 498->0(921)
[2025-12-28T19:35:37.306+0100][info][gc,heap        ] GC(274) Survivor regions: 1->0(116)
[2025-12-28T19:35:37.306+0100][info][gc,heap        ] GC(274) Old regions: 9->8
[2025-12-28T19:35:37.306+0100][info][gc,heap        ] GC(274) Humongous regions: 0->0
[2025-12-28T19:35:37.306+0100][info][gc,metaspace   ] GC(274) Metaspace: 8480K(8704K)->8480K(8704K) NonClass: 7749K(7872K)->7749K(7872K) Class: 730K(832K)->730K(832K)
[2025-12-28T19:35:37.306+0100][info][gc             ] GC(274) Pause Full (System.gc()) 1999M->10M(6144M) 58.468ms
[2025-12-28T19:35:37.306+0100][info][gc,cpu         ] GC(274) User=0.03s Sys=0.10s Real=0.06s
[2025-12-28T19:35:37.306+0100][info][gc,start       ] GC(275) Pause Full (System.gc())
[2025-12-28T19:35:37.306+0100][info][gc,task        ] GC(275) Using 8 workers of 8 for full compaction
[2025-12-28T19:35:37.307+0100][info][gc,phases,start] GC(275) Phase 1: Mark live objects
[2025-12-28T19:35:37.310+0100][info][gc,phases      ] GC(275) Phase 1: Mark live objects 2.887ms
[2025-12-28T19:35:37.310+0100][info][gc,phases,start] GC(275) Phase 2: Prepare compaction
[2025-12-28T19:35:37.311+0100][info][gc,phases      ] GC(275) Phase 2: Prepare compaction 0.590ms
[2025-12-28T19:35:37.311+0100][info][gc,phases,start] GC(275) Phase 3: Adjust pointers
[2025-12-28T19:35:37.313+0100][info][gc,phases      ] GC(275) Phase 3: Adjust pointers 2.094ms
[2025-12-28T19:35:37.313+0100][info][gc,phases,start] GC(275) Phase 4: Compact heap
[2025-12-28T19:35:37.314+0100][info][gc,phases      ] GC(275) Phase 4: Compact heap 0.820ms
[2025-12-28T19:35:37.314+0100][info][gc,phases,start] GC(275) Phase 5: Reset Metadata
[2025-12-28T19:35:37.315+0100][info][gc,phases      ] GC(275) Phase 5: Reset Metadata 0.991ms
[2025-12-28T19:35:37.320+0100][info][gc,heap        ] GC(275) Eden regions: 1->0(921)
[2025-12-28T19:35:37.320+0100][info][gc,heap        ] GC(275) Survivor regions: 0->0(116)
[2025-12-28T19:35:37.320+0100][info][gc,heap        ] GC(275) Old regions: 8->8
[2025-12-28T19:35:37.320+0100][info][gc,heap        ] GC(275) Humongous regions: 0->0
[2025-12-28T19:35:37.320+0100][info][gc,metaspace   ] GC(275) Metaspace: 8480K(8704K)->8480K(8704K) NonClass: 7749K(7872K)->7749K(7872K) Class: 730K(832K)->730K(832K)
[2025-12-28T19:35:37.321+0100][info][gc             ] GC(275) Pause Full (System.gc()) 11M->10M(6144M) 14.306ms
[2025-12-28T19:35:37.321+0100][info][gc,cpu         ] GC(275) User=0.03s Sys=0.01s Real=0.02s
[2025-12-28T19:35:37.994+0100][info][gc,exit        ] Heap
[2025-12-28T19:35:37.994+0100][info][gc,exit        ]  garbage-first heap   total reserved 6291456K, committed 6291456K, used 35838K [0x0000000680000000, 0x0000000800000000)
[2025-12-28T19:35:37.994+0100][info][gc,exit        ]   region size 4096K, 6 young (24576K), 0 survivors (0K)
[2025-12-28T19:35:37.994+0100][info][gc,exit        ]  Metaspace       used 8676K, committed 8832K, reserved 1114112K
[2025-12-28T19:35:37.994+0100][info][gc,exit        ]   class space    used 738K, committed 832K, reserved 1048576K
