[2025-12-28T16:01:13.773+0100][info][gc,init] CardTable entry size: 512
[2025-12-28T16:01:13.773+0100][info][gc     ] Using G1
[2025-12-28T16:01:13.775+0100][info][gc,init] Version: 25.0.1+8-jvmci-b01 (release)
[2025-12-28T16:01:13.775+0100][info][gc,init] CPUs: 8 total, 8 available
[2025-12-28T16:01:13.775+0100][info][gc,init] Memory: 16384M
[2025-12-28T16:01:13.775+0100][info][gc,init] Large Page Support: Disabled
[2025-12-28T16:01:13.775+0100][info][gc,init] NUMA Support: Disabled
[2025-12-28T16:01:13.775+0100][info][gc,init] Compressed Oops: Enabled (Zero based)
[2025-12-28T16:01:13.775+0100][info][gc,init] Heap Region Size: 4M
[2025-12-28T16:01:13.775+0100][info][gc,init] Heap Min Capacity: 6G
[2025-12-28T16:01:13.775+0100][info][gc,init] Heap Initial Capacity: 6G
[2025-12-28T16:01:13.775+0100][info][gc,init] Heap Max Capacity: 6G
[2025-12-28T16:01:13.775+0100][info][gc,init] Pre-touch: Disabled
[2025-12-28T16:01:13.775+0100][info][gc,init] Parallel Workers: 8
[2025-12-28T16:01:13.775+0100][info][gc,init] Concurrent Workers: 2
[2025-12-28T16:01:13.775+0100][info][gc,init] Concurrent Refinement Workers: 8
[2025-12-28T16:01:13.775+0100][info][gc,init] Periodic GC: Disabled
[2025-12-28T16:01:13.777+0100][info][gc,metaspace] CDS archive(s) mapped at: [0x0000080000000000-0x0000080000da0000-0x0000080000da0000), size 14286848, SharedBaseAddress: 0x0000080000000000, ArchiveRelocationMode: 1.
[2025-12-28T16:01:13.777+0100][info][gc,metaspace] Compressed class space mapped at: 0x0000080001000000-0x0000080041000000, reserved size: 1073741824
[2025-12-28T16:01:13.777+0100][info][gc,metaspace] UseCompressedClassPointers 1, UseCompactObjectHeaders 0
[2025-12-28T16:01:13.777+0100][info][gc,metaspace] Narrow klass pointer bits 32, Max shift 3
[2025-12-28T16:01:13.777+0100][info][gc,metaspace] Narrow klass base: 0x0000080000000000, Narrow klass shift: 0
[2025-12-28T16:01:13.777+0100][info][gc,metaspace] Encoding Range: [0x0000080000000000 - 0x0000080100000000), (4294967296 bytes)
[2025-12-28T16:01:13.777+0100][info][gc,metaspace] Klass Range:    [0x0000080000004000 - 0x0000080041000000), (1090502656 bytes)
[2025-12-28T16:01:13.777+0100][info][gc,metaspace] Klass ID Range:  [16384 - 1090519033) (1090502649)
[2025-12-28T16:01:13.777+0100][info][gc,metaspace] Protection zone: [0x0000080000000000 - 0x0000080000004000), (16384 bytes)
[2025-12-28T16:01:13.935+0100][info][gc,start    ] GC(0) Pause Full (System.gc())
[2025-12-28T16:01:13.935+0100][info][gc,task     ] GC(0) Using 7 workers of 8 for full compaction
[2025-12-28T16:01:13.936+0100][info][gc,phases,start] GC(0) Phase 1: Mark live objects
[2025-12-28T16:01:13.937+0100][info][gc,phases      ] GC(0) Phase 1: Mark live objects 1.076ms
[2025-12-28T16:01:13.937+0100][info][gc,phases,start] GC(0) Phase 2: Prepare compaction
[2025-12-28T16:01:13.937+0100][info][gc,phases      ] GC(0) Phase 2: Prepare compaction 0.305ms
[2025-12-28T16:01:13.937+0100][info][gc,phases,start] GC(0) Phase 3: Adjust pointers
[2025-12-28T16:01:13.938+0100][info][gc,phases      ] GC(0) Phase 3: Adjust pointers 0.635ms
[2025-12-28T16:01:13.938+0100][info][gc,phases,start] GC(0) Phase 4: Compact heap
[2025-12-28T16:01:13.938+0100][info][gc,phases      ] GC(0) Phase 4: Compact heap 0.738ms
[2025-12-28T16:01:13.938+0100][info][gc,phases,start] GC(0) Phase 5: Reset Metadata
[2025-12-28T16:01:13.939+0100][info][gc,phases      ] GC(0) Phase 5: Reset Metadata 0.447ms
[2025-12-28T16:01:13.947+0100][info][gc,heap        ] GC(0) Eden regions: 6->0(76)
[2025-12-28T16:01:13.947+0100][info][gc,heap        ] GC(0) Survivor regions: 0->0(0)
[2025-12-28T16:01:13.947+0100][info][gc,heap        ] GC(0) Old regions: 1->7
[2025-12-28T16:01:13.947+0100][info][gc,heap        ] GC(0) Humongous regions: 0->0
[2025-12-28T16:01:13.948+0100][info][gc,metaspace   ] GC(0) Metaspace: 3412K(3520K)->3412K(3520K) NonClass: 3142K(3200K)->3142K(3200K) Class: 269K(320K)->269K(320K)
[2025-12-28T16:01:13.948+0100][info][gc             ] GC(0) Pause Full (System.gc()) 23M->7M(6144M) 12.381ms
[2025-12-28T16:01:13.948+0100][info][gc,cpu         ] GC(0) User=0.01s Sys=0.03s Real=0.01s
[2025-12-28T16:01:13.948+0100][info][gc,start       ] GC(1) Pause Full (System.gc())
[2025-12-28T16:01:13.948+0100][info][gc,task        ] GC(1) Using 8 workers of 8 for full compaction
[2025-12-28T16:01:13.948+0100][info][gc,phases,start] GC(1) Phase 1: Mark live objects
[2025-12-28T16:01:13.950+0100][info][gc,phases      ] GC(1) Phase 1: Mark live objects 2.118ms
[2025-12-28T16:01:13.950+0100][info][gc,phases,start] GC(1) Phase 2: Prepare compaction
[2025-12-28T16:01:13.951+0100][info][gc,phases      ] GC(1) Phase 2: Prepare compaction 0.380ms
[2025-12-28T16:01:13.951+0100][info][gc,phases,start] GC(1) Phase 3: Adjust pointers
[2025-12-28T16:01:13.951+0100][info][gc,phases      ] GC(1) Phase 3: Adjust pointers 0.514ms
[2025-12-28T16:01:13.951+0100][info][gc,phases,start] GC(1) Phase 4: Compact heap
[2025-12-28T16:01:13.951+0100][info][gc,phases      ] GC(1) Phase 4: Compact heap 0.202ms
[2025-12-28T16:01:13.951+0100][info][gc,phases,start] GC(1) Phase 5: Reset Metadata
[2025-12-28T16:01:13.952+0100][info][gc,phases      ] GC(1) Phase 5: Reset Metadata 0.336ms
[2025-12-28T16:01:13.955+0100][info][gc,heap        ] GC(1) Eden regions: 1->0(76)
[2025-12-28T16:01:13.955+0100][info][gc,heap        ] GC(1) Survivor regions: 0->0(0)
[2025-12-28T16:01:13.955+0100][info][gc,heap        ] GC(1) Old regions: 7->7
[2025-12-28T16:01:13.955+0100][info][gc,heap        ] GC(1) Humongous regions: 0->0
[2025-12-28T16:01:13.955+0100][info][gc,metaspace   ] GC(1) Metaspace: 3412K(3520K)->3412K(3520K) NonClass: 3142K(3200K)->3142K(3200K) Class: 269K(320K)->269K(320K)
[2025-12-28T16:01:13.955+0100][info][gc             ] GC(1) Pause Full (System.gc()) 9M->7M(6144M) 6.817ms
[2025-12-28T16:01:13.955+0100][info][gc,cpu         ] GC(1) User=0.03s Sys=0.00s Real=0.01s
[2025-12-28T16:01:14.809+0100][info][gc,start       ] GC(2) Pause Young (Normal) (G1 Evacuation Pause)
[2025-12-28T16:01:14.809+0100][info][gc,task        ] GC(2) Using 8 workers of 8 for evacuation
[2025-12-28T16:01:14.810+0100][info][gc,phases      ] GC(2)   Pre Evacuate Collection Set: 0.17ms
[2025-12-28T16:01:14.810+0100][info][gc,phases      ] GC(2)   Merge Heap Roots: 0.06ms
[2025-12-28T16:01:14.810+0100][info][gc,phases      ] GC(2)   Evacuate Collection Set: 0.61ms
[2025-12-28T16:01:14.810+0100][info][gc,phases      ] GC(2)   Post Evacuate Collection Set: 0.19ms
[2025-12-28T16:01:14.810+0100][info][gc,phases      ] GC(2)   Other: 0.09ms
[2025-12-28T16:01:14.810+0100][info][gc,heap        ] GC(2) Eden regions: 76->0(195)
[2025-12-28T16:01:14.810+0100][info][gc,heap        ] GC(2) Survivor regions: 0->1(10)
[2025-12-28T16:01:14.810+0100][info][gc,heap        ] GC(2) Old regions: 7->7
[2025-12-28T16:01:14.810+0100][info][gc,heap        ] GC(2) Humongous regions: 0->0
[2025-12-28T16:01:14.810+0100][info][gc,metaspace   ] GC(2) Metaspace: 4496K(4672K)->4496K(4672K) NonClass: 4122K(4224K)->4122K(4224K) Class: 374K(448K)->374K(448K)
[2025-12-28T16:01:14.810+0100][info][gc             ] GC(2) Pause Young (Normal) (G1 Evacuation Pause) 311M->8M(6144M) 1.288ms
[2025-12-28T16:01:14.810+0100][info][gc,cpu         ] GC(2) User=0.00s Sys=0.00s Real=0.01s
[2025-12-28T16:01:14.893+0100][info][gc,start       ] GC(3) Pause Young (Normal) (G1 Evacuation Pause)
[2025-12-28T16:01:14.893+0100][info][gc,task        ] GC(3) Using 8 workers of 8 for evacuation
[2025-12-28T16:01:14.894+0100][info][gc,phases      ] GC(3)   Pre Evacuate Collection Set: 0.18ms
[2025-12-28T16:01:14.894+0100][info][gc,phases      ] GC(3)   Merge Heap Roots: 0.04ms
[2025-12-28T16:01:14.894+0100][info][gc,phases      ] GC(3)   Evacuate Collection Set: 0.31ms
[2025-12-28T16:01:14.894+0100][info][gc,phases      ] GC(3)   Post Evacuate Collection Set: 0.17ms
[2025-12-28T16:01:14.894+0100][info][gc,phases      ] GC(3)   Other: 0.07ms
[2025-12-28T16:01:14.894+0100][info][gc,heap        ] GC(3) Eden regions: 195->0(920)
[2025-12-28T16:01:14.894+0100][info][gc,heap        ] GC(3) Survivor regions: 1->1(25)
[2025-12-28T16:01:14.894+0100][info][gc,heap        ] GC(3) Old regions: 7->7
[2025-12-28T16:01:14.894+0100][info][gc,heap        ] GC(3) Humongous regions: 0->0
[2025-12-28T16:01:14.894+0100][info][gc,metaspace   ] GC(3) Metaspace: 4496K(4672K)->4496K(4672K) NonClass: 4122K(4224K)->4122K(4224K) Class: 374K(448K)->374K(448K)
[2025-12-28T16:01:14.894+0100][info][gc             ] GC(3) Pause Young (Normal) (G1 Evacuation Pause) 788M->8M(6144M) 0.906ms
[2025-12-28T16:01:14.894+0100][info][gc,cpu         ] GC(3) User=0.01s Sys=0.00s Real=0.00s
[2025-12-28T16:01:15.339+0100][info][gc,start       ] GC(4) Pause Young (Normal) (G1 Evacuation Pause)
[2025-12-28T16:01:15.339+0100][info][gc,task        ] GC(4) Using 8 workers of 8 for evacuation
[2025-12-28T16:01:15.341+0100][info][gc,phases      ] GC(4)   Pre Evacuate Collection Set: 0.22ms
[2025-12-28T16:01:15.341+0100][info][gc,phases      ] GC(4)   Merge Heap Roots: 0.10ms
[2025-12-28T16:01:15.341+0100][info][gc,phases      ] GC(4)   Evacuate Collection Set: 0.75ms
[2025-12-28T16:01:15.341+0100][info][gc,phases      ] GC(4)   Post Evacuate Collection Set: 0.51ms
[2025-12-28T16:01:15.341+0100][info][gc,phases      ] GC(4)   Other: 0.13ms
[2025-12-28T16:01:15.341+0100][info][gc,heap        ] GC(4) Eden regions: 920->0(920)
[2025-12-28T16:01:15.341+0100][info][gc,heap        ] GC(4) Survivor regions: 1->1(116)
[2025-12-28T16:01:15.341+0100][info][gc,heap        ] GC(4) Old regions: 7->7
[2025-12-28T16:01:15.341+0100][info][gc,heap        ] GC(4) Humongous regions: 0->0
[2025-12-28T16:01:15.341+0100][info][gc,metaspace   ] GC(4) Metaspace: 4496K(4672K)->4496K(4672K) NonClass: 4122K(4224K)->4122K(4224K) Class: 374K(448K)->374K(448K)
[2025-12-28T16:01:15.341+0100][info][gc             ] GC(4) Pause Young (Normal) (G1 Evacuation Pause) 3688M->8M(6144M) 1.869ms
[2025-12-28T16:01:15.341+0100][info][gc,cpu         ] GC(4) User=0.00s Sys=0.00s Real=0.01s
[2025-12-28T16:01:15.834+0100][info][gc,start       ] GC(5) Pause Young (Normal) (G1 Evacuation Pause)
[2025-12-28T16:01:15.834+0100][info][gc,task        ] GC(5) Using 8 workers of 8 for evacuation
[2025-12-28T16:01:15.835+0100][info][gc,phases      ] GC(5)   Pre Evacuate Collection Set: 0.12ms
[2025-12-28T16:01:15.835+0100][info][gc,phases      ] GC(5)   Merge Heap Roots: 0.10ms
[2025-12-28T16:01:15.835+0100][info][gc,phases      ] GC(5)   Evacuate Collection Set: 0.32ms
[2025-12-28T16:01:15.835+0100][info][gc,phases      ] GC(5)   Post Evacuate Collection Set: 0.47ms
[2025-12-28T16:01:15.835+0100][info][gc,phases      ] GC(5)   Other: 0.07ms
[2025-12-28T16:01:15.835+0100][info][gc,heap        ] GC(5) Eden regions: 920->0(920)
[2025-12-28T16:01:15.835+0100][info][gc,heap        ] GC(5) Survivor regions: 1->1(116)
[2025-12-28T16:01:15.835+0100][info][gc,heap        ] GC(5) Old regions: 7->7
[2025-12-28T16:01:15.835+0100][info][gc,heap        ] GC(5) Humongous regions: 0->0
[2025-12-28T16:01:15.835+0100][info][gc,metaspace   ] GC(5) Metaspace: 4496K(4672K)->4496K(4672K) NonClass: 4122K(4224K)->4122K(4224K) Class: 374K(448K)->374K(448K)
[2025-12-28T16:01:15.835+0100][info][gc             ] GC(5) Pause Young (Normal) (G1 Evacuation Pause) 3688M->8M(6144M) 1.227ms
[2025-12-28T16:01:15.835+0100][info][gc,cpu         ] GC(5) User=0.00s Sys=0.00s Real=0.00s
[2025-12-28T16:01:16.181+0100][info][gc,start       ] GC(6) Pause Young (Normal) (G1 Evacuation Pause)
[2025-12-28T16:01:16.181+0100][info][gc,task        ] GC(6) Using 8 workers of 8 for evacuation
[2025-12-28T16:01:16.182+0100][info][gc,phases      ] GC(6)   Pre Evacuate Collection Set: 0.15ms
[2025-12-28T16:01:16.182+0100][info][gc,phases      ] GC(6)   Merge Heap Roots: 0.13ms
[2025-12-28T16:01:16.182+0100][info][gc,phases      ] GC(6)   Evacuate Collection Set: 0.33ms
[2025-12-28T16:01:16.182+0100][info][gc,phases      ] GC(6)   Post Evacuate Collection Set: 0.48ms
[2025-12-28T16:01:16.182+0100][info][gc,phases      ] GC(6)   Other: 0.09ms
[2025-12-28T16:01:16.182+0100][info][gc,heap        ] GC(6) Eden regions: 920->0(920)
[2025-12-28T16:01:16.182+0100][info][gc,heap        ] GC(6) Survivor regions: 1->1(116)
[2025-12-28T16:01:16.182+0100][info][gc,heap        ] GC(6) Old regions: 7->7
[2025-12-28T16:01:16.182+0100][info][gc,heap        ] GC(6) Humongous regions: 0->0
[2025-12-28T16:01:16.182+0100][info][gc,metaspace   ] GC(6) Metaspace: 4496K(4672K)->4496K(4672K) NonClass: 4122K(4224K)->4122K(4224K) Class: 374K(448K)->374K(448K)
[2025-12-28T16:01:16.182+0100][info][gc             ] GC(6) Pause Young (Normal) (G1 Evacuation Pause) 3688M->8M(6144M) 1.310ms
[2025-12-28T16:01:16.182+0100][info][gc,cpu         ] GC(6) User=0.00s Sys=0.00s Real=0.00s
[2025-12-28T16:01:16.521+0100][info][gc,start       ] GC(7) Pause Young (Normal) (G1 Evacuation Pause)
[2025-12-28T16:01:16.521+0100][info][gc,task        ] GC(7) Using 8 workers of 8 for evacuation
[2025-12-28T16:01:16.523+0100][info][gc,phases      ] GC(7)   Pre Evacuate Collection Set: 0.15ms
[2025-12-28T16:01:16.523+0100][info][gc,phases      ] GC(7)   Merge Heap Roots: 0.15ms
[2025-12-28T16:01:16.523+0100][info][gc,phases      ] GC(7)   Evacuate Collection Set: 0.40ms
[2025-12-28T16:01:16.523+0100][info][gc,phases      ] GC(7)   Post Evacuate Collection Set: 0.53ms
[2025-12-28T16:01:16.523+0100][info][gc,phases      ] GC(7)   Other: 0.08ms
[2025-12-28T16:01:16.523+0100][info][gc,heap        ] GC(7) Eden regions: 920->0(920)
[2025-12-28T16:01:16.523+0100][info][gc,heap        ] GC(7) Survivor regions: 1->1(116)
[2025-12-28T16:01:16.523+0100][info][gc,heap        ] GC(7) Old regions: 7->7
[2025-12-28T16:01:16.523+0100][info][gc,heap        ] GC(7) Humongous regions: 0->0
[2025-12-28T16:01:16.523+0100][info][gc,metaspace   ] GC(7) Metaspace: 4496K(4672K)->4496K(4672K) NonClass: 4122K(4224K)->4122K(4224K) Class: 374K(448K)->374K(448K)
[2025-12-28T16:01:16.523+0100][info][gc             ] GC(7) Pause Young (Normal) (G1 Evacuation Pause) 3688M->8M(6144M) 1.479ms
[2025-12-28T16:01:16.523+0100][info][gc,cpu         ] GC(7) User=0.00s Sys=0.00s Real=0.00s
[2025-12-28T16:01:16.937+0100][info][gc,start       ] GC(8) Pause Young (Normal) (G1 Evacuation Pause)
[2025-12-28T16:01:16.937+0100][info][gc,task        ] GC(8) Using 8 workers of 8 for evacuation
[2025-12-28T16:01:16.939+0100][info][gc,phases      ] GC(8)   Pre Evacuate Collection Set: 0.27ms
[2025-12-28T16:01:16.939+0100][info][gc,phases      ] GC(8)   Merge Heap Roots: 0.15ms
[2025-12-28T16:01:16.939+0100][info][gc,phases      ] GC(8)   Evacuate Collection Set: 0.37ms
[2025-12-28T16:01:16.939+0100][info][gc,phases      ] GC(8)   Post Evacuate Collection Set: 0.47ms
[2025-12-28T16:01:16.939+0100][info][gc,phases      ] GC(8)   Other: 0.10ms
[2025-12-28T16:01:16.939+0100][info][gc,heap        ] GC(8) Eden regions: 920->0(920)
[2025-12-28T16:01:16.939+0100][info][gc,heap        ] GC(8) Survivor regions: 1->1(116)
[2025-12-28T16:01:16.939+0100][info][gc,heap        ] GC(8) Old regions: 7->7
[2025-12-28T16:01:16.939+0100][info][gc,heap        ] GC(8) Humongous regions: 0->0
[2025-12-28T16:01:16.939+0100][info][gc,metaspace   ] GC(8) Metaspace: 4496K(4672K)->4496K(4672K) NonClass: 4122K(4224K)->4122K(4224K) Class: 374K(448K)->374K(448K)
[2025-12-28T16:01:16.939+0100][info][gc             ] GC(8) Pause Young (Normal) (G1 Evacuation Pause) 3688M->8M(6144M) 1.548ms
[2025-12-28T16:01:16.939+0100][info][gc,cpu         ] GC(8) User=0.01s Sys=0.00s Real=0.00s
[2025-12-28T16:01:17.292+0100][info][gc,start       ] GC(9) Pause Young (Normal) (G1 Evacuation Pause)
[2025-12-28T16:01:17.292+0100][info][gc,task        ] GC(9) Using 8 workers of 8 for evacuation
[2025-12-28T16:01:17.293+0100][info][gc,phases      ] GC(9)   Pre Evacuate Collection Set: 0.25ms
[2025-12-28T16:01:17.293+0100][info][gc,phases      ] GC(9)   Merge Heap Roots: 0.12ms
[2025-12-28T16:01:17.293+0100][info][gc,phases      ] GC(9)   Evacuate Collection Set: 0.38ms
[2025-12-28T16:01:17.293+0100][info][gc,phases      ] GC(9)   Post Evacuate Collection Set: 0.47ms
[2025-12-28T16:01:17.293+0100][info][gc,phases      ] GC(9)   Other: 0.10ms
[2025-12-28T16:01:17.293+0100][info][gc,heap        ] GC(9) Eden regions: 920->0(920)
[2025-12-28T16:01:17.293+0100][info][gc,heap        ] GC(9) Survivor regions: 1->1(116)
[2025-12-28T16:01:17.293+0100][info][gc,heap        ] GC(9) Old regions: 7->7
[2025-12-28T16:01:17.293+0100][info][gc,heap        ] GC(9) Humongous regions: 0->0
[2025-12-28T16:01:17.293+0100][info][gc,metaspace   ] GC(9) Metaspace: 4496K(4672K)->4496K(4672K) NonClass: 4122K(4224K)->4122K(4224K) Class: 374K(448K)->374K(448K)
[2025-12-28T16:01:17.293+0100][info][gc             ] GC(9) Pause Young (Normal) (G1 Evacuation Pause) 3688M->8M(6144M) 1.537ms
[2025-12-28T16:01:17.293+0100][info][gc,cpu         ] GC(9) User=0.00s Sys=0.00s Real=0.00s
[2025-12-28T16:01:17.655+0100][info][gc,start       ] GC(10) Pause Young (Normal) (G1 Evacuation Pause)
[2025-12-28T16:01:17.656+0100][info][gc,task        ] GC(10) Using 8 workers of 8 for evacuation
[2025-12-28T16:01:17.657+0100][info][gc,phases      ] GC(10)   Pre Evacuate Collection Set: 0.20ms
[2025-12-28T16:01:17.657+0100][info][gc,phases      ] GC(10)   Merge Heap Roots: 0.11ms
[2025-12-28T16:01:17.657+0100][info][gc,phases      ] GC(10)   Evacuate Collection Set: 0.39ms
[2025-12-28T16:01:17.657+0100][info][gc,phases      ] GC(10)   Post Evacuate Collection Set: 0.44ms
[2025-12-28T16:01:17.657+0100][info][gc,phases      ] GC(10)   Other: 0.09ms
[2025-12-28T16:01:17.657+0100][info][gc,heap        ] GC(10) Eden regions: 920->0(920)
[2025-12-28T16:01:17.657+0100][info][gc,heap        ] GC(10) Survivor regions: 1->1(116)
[2025-12-28T16:01:17.657+0100][info][gc,heap        ] GC(10) Old regions: 7->7
[2025-12-28T16:01:17.657+0100][info][gc,heap        ] GC(10) Humongous regions: 0->0
[2025-12-28T16:01:17.657+0100][info][gc,metaspace   ] GC(10) Metaspace: 4496K(4672K)->4496K(4672K) NonClass: 4122K(4224K)->4122K(4224K) Class: 374K(448K)->374K(448K)
[2025-12-28T16:01:17.657+0100][info][gc             ] GC(10) Pause Young (Normal) (G1 Evacuation Pause) 3688M->8M(6144M) 1.402ms
[2025-12-28T16:01:17.657+0100][info][gc,cpu         ] GC(10) User=0.01s Sys=0.00s Real=0.00s
[2025-12-28T16:01:17.997+0100][info][gc,start       ] GC(11) Pause Young (Normal) (G1 Evacuation Pause)
[2025-12-28T16:01:17.997+0100][info][gc,task        ] GC(11) Using 8 workers of 8 for evacuation
[2025-12-28T16:01:17.998+0100][info][gc,phases      ] GC(11)   Pre Evacuate Collection Set: 0.16ms
[2025-12-28T16:01:17.998+0100][info][gc,phases      ] GC(11)   Merge Heap Roots: 0.15ms
[2025-12-28T16:01:17.998+0100][info][gc,phases      ] GC(11)   Evacuate Collection Set: 0.45ms
[2025-12-28T16:01:17.998+0100][info][gc,phases      ] GC(11)   Post Evacuate Collection Set: 0.50ms
[2025-12-28T16:01:17.998+0100][info][gc,phases      ] GC(11)   Other: 0.09ms
[2025-12-28T16:01:17.998+0100][info][gc,heap        ] GC(11) Eden regions: 920->0(920)
[2025-12-28T16:01:17.998+0100][info][gc,heap        ] GC(11) Survivor regions: 1->1(116)
[2025-12-28T16:01:17.999+0100][info][gc,heap        ] GC(11) Old regions: 7->7
[2025-12-28T16:01:17.999+0100][info][gc,heap        ] GC(11) Humongous regions: 0->0
[2025-12-28T16:01:17.999+0100][info][gc,metaspace   ] GC(11) Metaspace: 4496K(4672K)->4496K(4672K) NonClass: 4122K(4224K)->4122K(4224K) Class: 374K(448K)->374K(448K)
[2025-12-28T16:01:17.999+0100][info][gc             ] GC(11) Pause Young (Normal) (G1 Evacuation Pause) 3688M->8M(6144M) 1.521ms
[2025-12-28T16:01:17.999+0100][info][gc,cpu         ] GC(11) User=0.01s Sys=0.00s Real=0.00s
[2025-12-28T16:01:18.353+0100][info][gc,start       ] GC(12) Pause Young (Normal) (G1 Evacuation Pause)
[2025-12-28T16:01:18.353+0100][info][gc,task        ] GC(12) Using 8 workers of 8 for evacuation
[2025-12-28T16:01:18.354+0100][info][gc,phases      ] GC(12)   Pre Evacuate Collection Set: 0.27ms
[2025-12-28T16:01:18.354+0100][info][gc,phases      ] GC(12)   Merge Heap Roots: 0.12ms
[2025-12-28T16:01:18.354+0100][info][gc,phases      ] GC(12)   Evacuate Collection Set: 0.35ms
[2025-12-28T16:01:18.354+0100][info][gc,phases      ] GC(12)   Post Evacuate Collection Set: 0.51ms
[2025-12-28T16:01:18.354+0100][info][gc,phases      ] GC(12)   Other: 0.10ms
[2025-12-28T16:01:18.354+0100][info][gc,heap        ] GC(12) Eden regions: 920->0(920)
[2025-12-28T16:01:18.354+0100][info][gc,heap        ] GC(12) Survivor regions: 1->1(116)
[2025-12-28T16:01:18.354+0100][info][gc,heap        ] GC(12) Old regions: 7->7
[2025-12-28T16:01:18.354+0100][info][gc,heap        ] GC(12) Humongous regions: 0->0
[2025-12-28T16:01:18.354+0100][info][gc,metaspace   ] GC(12) Metaspace: 4496K(4672K)->4496K(4672K) NonClass: 4122K(4224K)->4122K(4224K) Class: 374K(448K)->374K(448K)
[2025-12-28T16:01:18.354+0100][info][gc             ] GC(12) Pause Young (Normal) (G1 Evacuation Pause) 3688M->8M(6144M) 1.533ms
[2025-12-28T16:01:18.354+0100][info][gc,cpu         ] GC(12) User=0.01s Sys=0.00s Real=0.00s
[2025-12-28T16:01:18.721+0100][info][gc,start       ] GC(13) Pause Young (Normal) (G1 Evacuation Pause)
[2025-12-28T16:01:18.721+0100][info][gc,task        ] GC(13) Using 8 workers of 8 for evacuation
[2025-12-28T16:01:18.722+0100][info][gc,phases      ] GC(13)   Pre Evacuate Collection Set: 0.22ms
[2025-12-28T16:01:18.722+0100][info][gc,phases      ] GC(13)   Merge Heap Roots: 0.15ms
[2025-12-28T16:01:18.722+0100][info][gc,phases      ] GC(13)   Evacuate Collection Set: 0.43ms
[2025-12-28T16:01:18.722+0100][info][gc,phases      ] GC(13)   Post Evacuate Collection Set: 0.50ms
[2025-12-28T16:01:18.722+0100][info][gc,phases      ] GC(13)   Other: 0.10ms
[2025-12-28T16:01:18.722+0100][info][gc,heap        ] GC(13) Eden regions: 920->0(920)
[2025-12-28T16:01:18.723+0100][info][gc,heap        ] GC(13) Survivor regions: 1->1(116)
[2025-12-28T16:01:18.723+0100][info][gc,heap        ] GC(13) Old regions: 7->7
[2025-12-28T16:01:18.723+0100][info][gc,heap        ] GC(13) Humongous regions: 0->0
[2025-12-28T16:01:18.723+0100][info][gc,metaspace   ] GC(13) Metaspace: 4496K(4672K)->4496K(4672K) NonClass: 4122K(4224K)->4122K(4224K) Class: 374K(448K)->374K(448K)
[2025-12-28T16:01:18.723+0100][info][gc             ] GC(13) Pause Young (Normal) (G1 Evacuation Pause) 3688M->8M(6144M) 1.584ms
[2025-12-28T16:01:18.723+0100][info][gc,cpu         ] GC(13) User=0.00s Sys=0.00s Real=0.00s
[2025-12-28T16:01:19.135+0100][info][gc,start       ] GC(14) Pause Young (Normal) (G1 Evacuation Pause)
[2025-12-28T16:01:19.135+0100][info][gc,task        ] GC(14) Using 8 workers of 8 for evacuation
[2025-12-28T16:01:19.137+0100][info][gc,phases      ] GC(14)   Pre Evacuate Collection Set: 0.13ms
[2025-12-28T16:01:19.137+0100][info][gc,phases      ] GC(14)   Merge Heap Roots: 0.15ms
[2025-12-28T16:01:19.137+0100][info][gc,phases      ] GC(14)   Evacuate Collection Set: 0.44ms
[2025-12-28T16:01:19.137+0100][info][gc,phases      ] GC(14)   Post Evacuate Collection Set: 0.64ms
[2025-12-28T16:01:19.137+0100][info][gc,phases      ] GC(14)   Other: 0.11ms
[2025-12-28T16:01:19.137+0100][info][gc,heap        ] GC(14) Eden regions: 920->0(920)
[2025-12-28T16:01:19.137+0100][info][gc,heap        ] GC(14) Survivor regions: 1->1(116)
[2025-12-28T16:01:19.137+0100][info][gc,heap        ] GC(14) Old regions: 7->7
[2025-12-28T16:01:19.137+0100][info][gc,heap        ] GC(14) Humongous regions: 0->0
[2025-12-28T16:01:19.137+0100][info][gc,metaspace   ] GC(14) Metaspace: 4496K(4672K)->4496K(4672K) NonClass: 4122K(4224K)->4122K(4224K) Class: 374K(448K)->374K(448K)
[2025-12-28T16:01:19.137+0100][info][gc             ] GC(14) Pause Young (Normal) (G1 Evacuation Pause) 3688M->8M(6144M) 1.681ms
[2025-12-28T16:01:19.137+0100][info][gc,cpu         ] GC(14) User=0.00s Sys=0.00s Real=0.00s
[2025-12-28T16:01:19.638+0100][info][gc,start       ] GC(15) Pause Full (System.gc())
[2025-12-28T16:01:19.638+0100][info][gc,task        ] GC(15) Using 8 workers of 8 for full compaction
[2025-12-28T16:01:19.639+0100][info][gc,phases,start] GC(15) Phase 1: Mark live objects
[2025-12-28T16:01:19.642+0100][info][gc,phases      ] GC(15) Phase 1: Mark live objects 3.227ms
[2025-12-28T16:01:19.642+0100][info][gc,phases,start] GC(15) Phase 2: Prepare compaction
[2025-12-28T16:01:19.678+0100][info][gc,phases      ] GC(15) Phase 2: Prepare compaction 35.806ms
[2025-12-28T16:01:19.678+0100][info][gc,phases,start] GC(15) Phase 3: Adjust pointers
[2025-12-28T16:01:19.680+0100][info][gc,phases      ] GC(15) Phase 3: Adjust pointers 1.821ms
[2025-12-28T16:01:19.680+0100][info][gc,phases,start] GC(15) Phase 4: Compact heap
[2025-12-28T16:01:19.684+0100][info][gc,phases      ] GC(15) Phase 4: Compact heap 3.999ms
[2025-12-28T16:01:19.684+0100][info][gc,phases,start] GC(15) Phase 5: Reset Metadata
[2025-12-28T16:01:19.685+0100][info][gc,phases      ] GC(15) Phase 5: Reset Metadata 1.271ms
[2025-12-28T16:01:19.702+0100][info][gc,heap        ] GC(15) Eden regions: 826->0(921)
[2025-12-28T16:01:19.702+0100][info][gc,heap        ] GC(15) Survivor regions: 1->0(116)
[2025-12-28T16:01:19.702+0100][info][gc,heap        ] GC(15) Old regions: 7->8
[2025-12-28T16:01:19.702+0100][info][gc,heap        ] GC(15) Humongous regions: 0->0
[2025-12-28T16:01:19.702+0100][info][gc,metaspace   ] GC(15) Metaspace: 4546K(4736K)->4502K(4736K) NonClass: 4165K(4288K)->4133K(4288K) Class: 381K(448K)->368K(448K)
[2025-12-28T16:01:19.702+0100][info][gc             ] GC(15) Pause Full (System.gc()) 3312M->8M(6144M) 63.402ms
[2025-12-28T16:01:19.702+0100][info][gc,cpu         ] GC(15) User=0.04s Sys=0.11s Real=0.07s
[2025-12-28T16:01:19.702+0100][info][gc,start       ] GC(16) Pause Full (System.gc())
[2025-12-28T16:01:19.702+0100][info][gc,task        ] GC(16) Using 8 workers of 8 for full compaction
[2025-12-28T16:01:19.702+0100][info][gc,phases,start] GC(16) Phase 1: Mark live objects
[2025-12-28T16:01:19.704+0100][info][gc,phases      ] GC(16) Phase 1: Mark live objects 2.376ms
[2025-12-28T16:01:19.704+0100][info][gc,phases,start] GC(16) Phase 2: Prepare compaction
[2025-12-28T16:01:19.705+0100][info][gc,phases      ] GC(16) Phase 2: Prepare compaction 0.315ms
[2025-12-28T16:01:19.705+0100][info][gc,phases,start] GC(16) Phase 3: Adjust pointers
[2025-12-28T16:01:19.706+0100][info][gc,phases      ] GC(16) Phase 3: Adjust pointers 0.905ms
[2025-12-28T16:01:19.706+0100][info][gc,phases,start] GC(16) Phase 4: Compact heap
[2025-12-28T16:01:19.706+0100][info][gc,phases      ] GC(16) Phase 4: Compact heap 0.232ms
[2025-12-28T16:01:19.706+0100][info][gc,phases,start] GC(16) Phase 5: Reset Metadata
[2025-12-28T16:01:19.706+0100][info][gc,phases      ] GC(16) Phase 5: Reset Metadata 0.430ms
[2025-12-28T16:01:19.710+0100][info][gc,heap        ] GC(16) Eden regions: 1->0(921)
[2025-12-28T16:01:19.710+0100][info][gc,heap        ] GC(16) Survivor regions: 0->0(116)
[2025-12-28T16:01:19.710+0100][info][gc,heap        ] GC(16) Old regions: 8->8
[2025-12-28T16:01:19.710+0100][info][gc,heap        ] GC(16) Humongous regions: 0->0
[2025-12-28T16:01:19.710+0100][info][gc,metaspace   ] GC(16) Metaspace: 4502K(4736K)->4502K(4736K) NonClass: 4133K(4288K)->4133K(4288K) Class: 368K(448K)->368K(448K)
[2025-12-28T16:01:19.710+0100][info][gc             ] GC(16) Pause Full (System.gc()) 10M->8M(6144M) 7.857ms
[2025-12-28T16:01:19.710+0100][info][gc,cpu         ] GC(16) User=0.03s Sys=0.00s Real=0.01s
[2025-12-28T16:01:20.758+0100][info][gc,start       ] GC(17) Pause Full (System.gc())
[2025-12-28T16:01:20.758+0100][info][gc,task        ] GC(17) Using 8 workers of 8 for full compaction
[2025-12-28T16:01:20.758+0100][info][gc,phases,start] GC(17) Phase 1: Mark live objects
[2025-12-28T16:01:20.761+0100][info][gc,phases      ] GC(17) Phase 1: Mark live objects 2.595ms
[2025-12-28T16:01:20.761+0100][info][gc,phases,start] GC(17) Phase 2: Prepare compaction
[2025-12-28T16:01:20.761+0100][info][gc,phases      ] GC(17) Phase 2: Prepare compaction 0.489ms
[2025-12-28T16:01:20.761+0100][info][gc,phases,start] GC(17) Phase 3: Adjust pointers
[2025-12-28T16:01:20.763+0100][info][gc,phases      ] GC(17) Phase 3: Adjust pointers 1.309ms
[2025-12-28T16:01:20.763+0100][info][gc,phases,start] GC(17) Phase 4: Compact heap
[2025-12-28T16:01:20.763+0100][info][gc,phases      ] GC(17) Phase 4: Compact heap 0.619ms
[2025-12-28T16:01:20.763+0100][info][gc,phases,start] GC(17) Phase 5: Reset Metadata
[2025-12-28T16:01:20.764+0100][info][gc,phases      ] GC(17) Phase 5: Reset Metadata 0.406ms
[2025-12-28T16:01:20.767+0100][info][gc,heap        ] GC(17) Eden regions: 18->0(921)
[2025-12-28T16:01:20.767+0100][info][gc,heap        ] GC(17) Survivor regions: 0->0(116)
[2025-12-28T16:01:20.767+0100][info][gc,heap        ] GC(17) Old regions: 8->8
[2025-12-28T16:01:20.767+0100][info][gc,heap        ] GC(17) Humongous regions: 0->0
[2025-12-28T16:01:20.767+0100][info][gc,metaspace   ] GC(17) Metaspace: 7790K(8000K)->7790K(8000K) NonClass: 7132K(7232K)->7132K(7232K) Class: 658K(768K)->658K(768K)
[2025-12-28T16:01:20.767+0100][info][gc             ] GC(17) Pause Full (System.gc()) 80M->10M(6144M) 9.214ms
[2025-12-28T16:01:20.767+0100][info][gc,cpu         ] GC(17) User=0.03s Sys=0.01s Real=0.01s
[2025-12-28T16:01:20.768+0100][info][gc,start       ] GC(18) Pause Full (System.gc())
[2025-12-28T16:01:20.768+0100][info][gc,task        ] GC(18) Using 8 workers of 8 for full compaction
[2025-12-28T16:01:20.768+0100][info][gc,phases,start] GC(18) Phase 1: Mark live objects
[2025-12-28T16:01:20.770+0100][info][gc,phases      ] GC(18) Phase 1: Mark live objects 2.397ms
[2025-12-28T16:01:20.770+0100][info][gc,phases,start] GC(18) Phase 2: Prepare compaction
[2025-12-28T16:01:20.770+0100][info][gc,phases      ] GC(18) Phase 2: Prepare compaction 0.346ms
[2025-12-28T16:01:20.770+0100][info][gc,phases,start] GC(18) Phase 3: Adjust pointers
[2025-12-28T16:01:20.772+0100][info][gc,phases      ] GC(18) Phase 3: Adjust pointers 1.300ms
[2025-12-28T16:01:20.772+0100][info][gc,phases,start] GC(18) Phase 4: Compact heap
[2025-12-28T16:01:20.772+0100][info][gc,phases      ] GC(18) Phase 4: Compact heap 0.258ms
[2025-12-28T16:01:20.772+0100][info][gc,phases,start] GC(18) Phase 5: Reset Metadata
[2025-12-28T16:01:20.772+0100][info][gc,phases      ] GC(18) Phase 5: Reset Metadata 0.322ms
[2025-12-28T16:01:20.775+0100][info][gc,heap        ] GC(18) Eden regions: 1->0(921)
[2025-12-28T16:01:20.775+0100][info][gc,heap        ] GC(18) Survivor regions: 0->0(116)
[2025-12-28T16:01:20.775+0100][info][gc,heap        ] GC(18) Old regions: 8->8
[2025-12-28T16:01:20.775+0100][info][gc,heap        ] GC(18) Humongous regions: 0->0
[2025-12-28T16:01:20.775+0100][info][gc,metaspace   ] GC(18) Metaspace: 7790K(8000K)->7790K(8000K) NonClass: 7132K(7232K)->7132K(7232K) Class: 658K(768K)->658K(768K)
[2025-12-28T16:01:20.776+0100][info][gc             ] GC(18) Pause Full (System.gc()) 12M->10M(6144M) 7.935ms
[2025-12-28T16:01:20.776+0100][info][gc,cpu         ] GC(18) User=0.03s Sys=0.00s Real=0.01s
[2025-12-28T16:01:21.448+0100][info][gc,start       ] GC(19) Pause Full (System.gc())
[2025-12-28T16:01:21.450+0100][info][gc,task        ] GC(19) Using 8 workers of 8 for full compaction
[2025-12-28T16:01:21.451+0100][info][gc,phases,start] GC(19) Phase 1: Mark live objects
[2025-12-28T16:01:21.454+0100][info][gc,phases      ] GC(19) Phase 1: Mark live objects 3.669ms
[2025-12-28T16:01:21.454+0100][info][gc,phases,start] GC(19) Phase 2: Prepare compaction
[2025-12-28T16:01:21.455+0100][info][gc,phases      ] GC(19) Phase 2: Prepare compaction 0.591ms
[2025-12-28T16:01:21.455+0100][info][gc,phases,start] GC(19) Phase 3: Adjust pointers
[2025-12-28T16:01:21.457+0100][info][gc,phases      ] GC(19) Phase 3: Adjust pointers 1.990ms
[2025-12-28T16:01:21.457+0100][info][gc,phases,start] GC(19) Phase 4: Compact heap
[2025-12-28T16:01:21.458+0100][info][gc,phases      ] GC(19) Phase 4: Compact heap 0.653ms
[2025-12-28T16:01:21.458+0100][info][gc,phases,start] GC(19) Phase 5: Reset Metadata
[2025-12-28T16:01:21.458+0100][info][gc,phases      ] GC(19) Phase 5: Reset Metadata 0.346ms
[2025-12-28T16:01:21.461+0100][info][gc,heap        ] GC(19) Eden regions: 10->0(921)
[2025-12-28T16:01:21.461+0100][info][gc,heap        ] GC(19) Survivor regions: 0->0(116)
[2025-12-28T16:01:21.461+0100][info][gc,heap        ] GC(19) Old regions: 8->8
[2025-12-28T16:01:21.461+0100][info][gc,heap        ] GC(19) Humongous regions: 0->0
[2025-12-28T16:01:21.461+0100][info][gc,metaspace   ] GC(19) Metaspace: 7799K(8000K)->7799K(8000K) NonClass: 7140K(7232K)->7140K(7232K) Class: 658K(768K)->658K(768K)
[2025-12-28T16:01:21.462+0100][info][gc             ] GC(19) Pause Full (System.gc()) 48M->10M(6144M) 13.934ms
[2025-12-28T16:01:21.462+0100][info][gc,cpu         ] GC(19) User=0.04s Sys=0.01s Real=0.02s
[2025-12-28T16:01:21.462+0100][info][gc,start       ] GC(20) Pause Full (System.gc())
[2025-12-28T16:01:21.462+0100][info][gc,task        ] GC(20) Using 8 workers of 8 for full compaction
[2025-12-28T16:01:21.462+0100][info][gc,phases,start] GC(20) Phase 1: Mark live objects
[2025-12-28T16:01:21.465+0100][info][gc,phases      ] GC(20) Phase 1: Mark live objects 3.107ms
[2025-12-28T16:01:21.465+0100][info][gc,phases,start] GC(20) Phase 2: Prepare compaction
[2025-12-28T16:01:21.466+0100][info][gc,phases      ] GC(20) Phase 2: Prepare compaction 0.439ms
[2025-12-28T16:01:21.466+0100][info][gc,phases,start] GC(20) Phase 3: Adjust pointers
[2025-12-28T16:01:21.467+0100][info][gc,phases      ] GC(20) Phase 3: Adjust pointers 1.483ms
[2025-12-28T16:01:21.467+0100][info][gc,phases,start] GC(20) Phase 4: Compact heap
[2025-12-28T16:01:21.467+0100][info][gc,phases      ] GC(20) Phase 4: Compact heap 0.311ms
[2025-12-28T16:01:21.467+0100][info][gc,phases,start] GC(20) Phase 5: Reset Metadata
[2025-12-28T16:01:21.468+0100][info][gc,phases      ] GC(20) Phase 5: Reset Metadata 0.312ms
[2025-12-28T16:01:21.471+0100][info][gc,heap        ] GC(20) Eden regions: 1->0(921)
[2025-12-28T16:01:21.471+0100][info][gc,heap        ] GC(20) Survivor regions: 0->0(116)
[2025-12-28T16:01:21.471+0100][info][gc,heap        ] GC(20) Old regions: 8->8
[2025-12-28T16:01:21.471+0100][info][gc,heap        ] GC(20) Humongous regions: 0->0
[2025-12-28T16:01:21.471+0100][info][gc,metaspace   ] GC(20) Metaspace: 7799K(8000K)->7799K(8000K) NonClass: 7140K(7232K)->7140K(7232K) Class: 658K(768K)->658K(768K)
[2025-12-28T16:01:21.471+0100][info][gc             ] GC(20) Pause Full (System.gc()) 12M->10M(6144M) 9.110ms
[2025-12-28T16:01:21.471+0100][info][gc,cpu         ] GC(20) User=0.04s Sys=0.00s Real=0.01s
[2025-12-28T16:01:22.105+0100][info][gc,start       ] GC(21) Pause Full (System.gc())
[2025-12-28T16:01:22.105+0100][info][gc,task        ] GC(21) Using 8 workers of 8 for full compaction
[2025-12-28T16:01:22.106+0100][info][gc,phases,start] GC(21) Phase 1: Mark live objects
[2025-12-28T16:01:22.111+0100][info][gc,phases      ] GC(21) Phase 1: Mark live objects 4.558ms
[2025-12-28T16:01:22.111+0100][info][gc,phases,start] GC(21) Phase 2: Prepare compaction
[2025-12-28T16:01:22.111+0100][info][gc,phases      ] GC(21) Phase 2: Prepare compaction 0.748ms
[2025-12-28T16:01:22.111+0100][info][gc,phases,start] GC(21) Phase 3: Adjust pointers
[2025-12-28T16:01:22.115+0100][info][gc,phases      ] GC(21) Phase 3: Adjust pointers 3.381ms
[2025-12-28T16:01:22.115+0100][info][gc,phases,start] GC(21) Phase 4: Compact heap
[2025-12-28T16:01:22.115+0100][info][gc,phases      ] GC(21) Phase 4: Compact heap 0.674ms
[2025-12-28T16:01:22.115+0100][info][gc,phases,start] GC(21) Phase 5: Reset Metadata
[2025-12-28T16:01:22.116+0100][info][gc,phases      ] GC(21) Phase 5: Reset Metadata 0.400ms
[2025-12-28T16:01:22.120+0100][info][gc,heap        ] GC(21) Eden regions: 21->0(921)
[2025-12-28T16:01:22.120+0100][info][gc,heap        ] GC(21) Survivor regions: 0->0(116)
[2025-12-28T16:01:22.120+0100][info][gc,heap        ] GC(21) Old regions: 8->8
[2025-12-28T16:01:22.120+0100][info][gc,heap        ] GC(21) Humongous regions: 0->0
[2025-12-28T16:01:22.120+0100][info][gc,metaspace   ] GC(21) Metaspace: 7848K(8064K)->7848K(8064K) NonClass: 7190K(7296K)->7190K(7296K) Class: 658K(768K)->658K(768K)
[2025-12-28T16:01:22.120+0100][info][gc             ] GC(21) Pause Full (System.gc()) 92M->10M(6144M) 14.388ms
[2025-12-28T16:01:22.120+0100][info][gc,cpu         ] GC(21) User=0.05s Sys=0.00s Real=0.02s
[2025-12-28T16:01:22.120+0100][info][gc,start       ] GC(22) Pause Full (System.gc())
[2025-12-28T16:01:22.120+0100][info][gc,task        ] GC(22) Using 8 workers of 8 for full compaction
[2025-12-28T16:01:22.120+0100][info][gc,phases,start] GC(22) Phase 1: Mark live objects
[2025-12-28T16:01:22.124+0100][info][gc,phases      ] GC(22) Phase 1: Mark live objects 3.896ms
[2025-12-28T16:01:22.124+0100][info][gc,phases,start] GC(22) Phase 2: Prepare compaction
[2025-12-28T16:01:22.125+0100][info][gc,phases      ] GC(22) Phase 2: Prepare compaction 0.708ms
[2025-12-28T16:01:22.125+0100][info][gc,phases,start] GC(22) Phase 3: Adjust pointers
[2025-12-28T16:01:22.127+0100][info][gc,phases      ] GC(22) Phase 3: Adjust pointers 2.142ms
[2025-12-28T16:01:22.127+0100][info][gc,phases,start] GC(22) Phase 4: Compact heap
[2025-12-28T16:01:22.128+0100][info][gc,phases      ] GC(22) Phase 4: Compact heap 0.509ms
[2025-12-28T16:01:22.128+0100][info][gc,phases,start] GC(22) Phase 5: Reset Metadata
[2025-12-28T16:01:22.128+0100][info][gc,phases      ] GC(22) Phase 5: Reset Metadata 0.392ms
[2025-12-28T16:01:22.132+0100][info][gc,heap        ] GC(22) Eden regions: 1->0(921)
[2025-12-28T16:01:22.132+0100][info][gc,heap        ] GC(22) Survivor regions: 0->0(116)
[2025-12-28T16:01:22.132+0100][info][gc,heap        ] GC(22) Old regions: 8->8
[2025-12-28T16:01:22.132+0100][info][gc,heap        ] GC(22) Humongous regions: 0->0
[2025-12-28T16:01:22.133+0100][info][gc,metaspace   ] GC(22) Metaspace: 7848K(8064K)->7848K(8064K) NonClass: 7190K(7296K)->7190K(7296K) Class: 658K(768K)->658K(768K)
[2025-12-28T16:01:22.133+0100][info][gc             ] GC(22) Pause Full (System.gc()) 12M->10M(6144M) 12.455ms
[2025-12-28T16:01:22.133+0100][info][gc,cpu         ] GC(22) User=0.04s Sys=0.01s Real=0.01s
[2025-12-28T16:01:22.764+0100][info][gc,start       ] GC(23) Pause Full (System.gc())
[2025-12-28T16:01:22.764+0100][info][gc,task        ] GC(23) Using 8 workers of 8 for full compaction
[2025-12-28T16:01:22.764+0100][info][gc,phases,start] GC(23) Phase 1: Mark live objects
[2025-12-28T16:01:22.769+0100][info][gc,phases      ] GC(23) Phase 1: Mark live objects 4.614ms
[2025-12-28T16:01:22.769+0100][info][gc,phases,start] GC(23) Phase 2: Prepare compaction
[2025-12-28T16:01:22.769+0100][info][gc,phases      ] GC(23) Phase 2: Prepare compaction 0.766ms
[2025-12-28T16:01:22.769+0100][info][gc,phases,start] GC(23) Phase 3: Adjust pointers
[2025-12-28T16:01:22.772+0100][info][gc,phases      ] GC(23) Phase 3: Adjust pointers 2.602ms
[2025-12-28T16:01:22.772+0100][info][gc,phases,start] GC(23) Phase 4: Compact heap
[2025-12-28T16:01:22.773+0100][info][gc,phases      ] GC(23) Phase 4: Compact heap 0.539ms
[2025-12-28T16:01:22.773+0100][info][gc,phases,start] GC(23) Phase 5: Reset Metadata
[2025-12-28T16:01:22.773+0100][info][gc,phases      ] GC(23) Phase 5: Reset Metadata 0.401ms
[2025-12-28T16:01:22.777+0100][info][gc,heap        ] GC(23) Eden regions: 30->0(921)
[2025-12-28T16:01:22.777+0100][info][gc,heap        ] GC(23) Survivor regions: 0->0(116)
[2025-12-28T16:01:22.777+0100][info][gc,heap        ] GC(23) Old regions: 8->8
[2025-12-28T16:01:22.777+0100][info][gc,heap        ] GC(23) Humongous regions: 0->0
[2025-12-28T16:01:22.777+0100][info][gc,metaspace   ] GC(23) Metaspace: 7850K(8064K)->7850K(8064K) NonClass: 7192K(7296K)->7192K(7296K) Class: 658K(768K)->658K(768K)
[2025-12-28T16:01:22.777+0100][info][gc             ] GC(23) Pause Full (System.gc()) 130M->10M(6144M) 13.396ms
[2025-12-28T16:01:22.777+0100][info][gc,cpu         ] GC(23) User=0.05s Sys=0.00s Real=0.01s
[2025-12-28T16:01:22.777+0100][info][gc,start       ] GC(24) Pause Full (System.gc())
[2025-12-28T16:01:22.777+0100][info][gc,task        ] GC(24) Using 8 workers of 8 for full compaction
[2025-12-28T16:01:22.778+0100][info][gc,phases,start] GC(24) Phase 1: Mark live objects
[2025-12-28T16:01:22.781+0100][info][gc,phases      ] GC(24) Phase 1: Mark live objects 3.554ms
[2025-12-28T16:01:22.781+0100][info][gc,phases,start] GC(24) Phase 2: Prepare compaction
[2025-12-28T16:01:22.782+0100][info][gc,phases      ] GC(24) Phase 2: Prepare compaction 0.531ms
[2025-12-28T16:01:22.782+0100][info][gc,phases,start] GC(24) Phase 3: Adjust pointers
[2025-12-28T16:01:22.784+0100][info][gc,phases      ] GC(24) Phase 3: Adjust pointers 1.990ms
[2025-12-28T16:01:22.784+0100][info][gc,phases,start] GC(24) Phase 4: Compact heap
[2025-12-28T16:01:22.784+0100][info][gc,phases      ] GC(24) Phase 4: Compact heap 0.425ms
[2025-12-28T16:01:22.784+0100][info][gc,phases,start] GC(24) Phase 5: Reset Metadata
[2025-12-28T16:01:22.785+0100][info][gc,phases      ] GC(24) Phase 5: Reset Metadata 0.454ms
[2025-12-28T16:01:22.788+0100][info][gc,heap        ] GC(24) Eden regions: 1->0(921)
[2025-12-28T16:01:22.788+0100][info][gc,heap        ] GC(24) Survivor regions: 0->0(116)
[2025-12-28T16:01:22.788+0100][info][gc,heap        ] GC(24) Old regions: 8->8
[2025-12-28T16:01:22.788+0100][info][gc,heap        ] GC(24) Humongous regions: 0->0
[2025-12-28T16:01:22.788+0100][info][gc,metaspace   ] GC(24) Metaspace: 7852K(8064K)->7852K(8064K) NonClass: 7194K(7296K)->7194K(7296K) Class: 658K(768K)->658K(768K)
[2025-12-28T16:01:22.788+0100][info][gc             ] GC(24) Pause Full (System.gc()) 12M->10M(6144M) 10.959ms
[2025-12-28T16:01:22.788+0100][info][gc,cpu         ] GC(24) User=0.04s Sys=0.01s Real=0.01s
[2025-12-28T16:01:23.412+0100][info][gc,start       ] GC(25) Pause Full (System.gc())
[2025-12-28T16:01:23.412+0100][info][gc,task        ] GC(25) Using 8 workers of 8 for full compaction
[2025-12-28T16:01:23.412+0100][info][gc,phases,start] GC(25) Phase 1: Mark live objects
[2025-12-28T16:01:23.417+0100][info][gc,phases      ] GC(25) Phase 1: Mark live objects 5.242ms
[2025-12-28T16:01:23.417+0100][info][gc,phases,start] GC(25) Phase 2: Prepare compaction
[2025-12-28T16:01:23.418+0100][info][gc,phases      ] GC(25) Phase 2: Prepare compaction 0.959ms
[2025-12-28T16:01:23.418+0100][info][gc,phases,start] GC(25) Phase 3: Adjust pointers
[2025-12-28T16:01:23.421+0100][info][gc,phases      ] GC(25) Phase 3: Adjust pointers 2.899ms
[2025-12-28T16:01:23.421+0100][info][gc,phases,start] GC(25) Phase 4: Compact heap
[2025-12-28T16:01:23.422+0100][info][gc,phases      ] GC(25) Phase 4: Compact heap 0.685ms
[2025-12-28T16:01:23.422+0100][info][gc,phases,start] GC(25) Phase 5: Reset Metadata
[2025-12-28T16:01:23.422+0100][info][gc,phases      ] GC(25) Phase 5: Reset Metadata 0.486ms
[2025-12-28T16:01:23.427+0100][info][gc,heap        ] GC(25) Eden regions: 21->0(921)
[2025-12-28T16:01:23.427+0100][info][gc,heap        ] GC(25) Survivor regions: 0->0(116)
[2025-12-28T16:01:23.427+0100][info][gc,heap        ] GC(25) Old regions: 8->8
[2025-12-28T16:01:23.427+0100][info][gc,heap        ] GC(25) Humongous regions: 0->0
[2025-12-28T16:01:23.427+0100][info][gc,metaspace   ] GC(25) Metaspace: 7866K(8064K)->7866K(8064K) NonClass: 7208K(7296K)->7208K(7296K) Class: 658K(768K)->658K(768K)
[2025-12-28T16:01:23.427+0100][info][gc             ] GC(25) Pause Full (System.gc()) 92M->10M(6144M) 15.284ms
[2025-12-28T16:01:23.427+0100][info][gc,cpu         ] GC(25) User=0.05s Sys=0.01s Real=0.01s
[2025-12-28T16:01:23.428+0100][info][gc,start       ] GC(26) Pause Full (System.gc())
[2025-12-28T16:01:23.428+0100][info][gc,task        ] GC(26) Using 8 workers of 8 for full compaction
[2025-12-28T16:01:23.428+0100][info][gc,phases,start] GC(26) Phase 1: Mark live objects
[2025-12-28T16:01:23.432+0100][info][gc,phases      ] GC(26) Phase 1: Mark live objects 3.307ms
[2025-12-28T16:01:23.432+0100][info][gc,phases,start] GC(26) Phase 2: Prepare compaction
[2025-12-28T16:01:23.432+0100][info][gc,phases      ] GC(26) Phase 2: Prepare compaction 0.655ms
[2025-12-28T16:01:23.432+0100][info][gc,phases,start] GC(26) Phase 3: Adjust pointers
[2025-12-28T16:01:23.435+0100][info][gc,phases      ] GC(26) Phase 3: Adjust pointers 2.371ms
[2025-12-28T16:01:23.435+0100][info][gc,phases,start] GC(26) Phase 4: Compact heap
[2025-12-28T16:01:23.435+0100][info][gc,phases      ] GC(26) Phase 4: Compact heap 0.653ms
[2025-12-28T16:01:23.436+0100][info][gc,phases,start] GC(26) Phase 5: Reset Metadata
[2025-12-28T16:01:23.436+0100][info][gc,phases      ] GC(26) Phase 5: Reset Metadata 0.498ms
[2025-12-28T16:01:23.440+0100][info][gc,heap        ] GC(26) Eden regions: 1->0(921)
[2025-12-28T16:01:23.440+0100][info][gc,heap        ] GC(26) Survivor regions: 0->0(116)
[2025-12-28T16:01:23.440+0100][info][gc,heap        ] GC(26) Old regions: 8->8
[2025-12-28T16:01:23.440+0100][info][gc,heap        ] GC(26) Humongous regions: 0->0
[2025-12-28T16:01:23.440+0100][info][gc,metaspace   ] GC(26) Metaspace: 7866K(8064K)->7866K(8064K) NonClass: 7208K(7296K)->7208K(7296K) Class: 658K(768K)->658K(768K)
[2025-12-28T16:01:23.440+0100][info][gc             ] GC(26) Pause Full (System.gc()) 12M->10M(6144M) 12.198ms
[2025-12-28T16:01:23.440+0100][info][gc,cpu         ] GC(26) User=0.04s Sys=0.01s Real=0.02s
[2025-12-28T16:01:24.080+0100][info][gc,start       ] GC(27) Pause Full (System.gc())
[2025-12-28T16:01:24.080+0100][info][gc,task        ] GC(27) Using 8 workers of 8 for full compaction
[2025-12-28T16:01:24.080+0100][info][gc,phases,start] GC(27) Phase 1: Mark live objects
[2025-12-28T16:01:24.083+0100][info][gc,phases      ] GC(27) Phase 1: Mark live objects 3.482ms
[2025-12-28T16:01:24.084+0100][info][gc,phases,start] GC(27) Phase 2: Prepare compaction
[2025-12-28T16:01:24.084+0100][info][gc,phases      ] GC(27) Phase 2: Prepare compaction 0.680ms
[2025-12-28T16:01:24.084+0100][info][gc,phases,start] GC(27) Phase 3: Adjust pointers
[2025-12-28T16:01:24.087+0100][info][gc,phases      ] GC(27) Phase 3: Adjust pointers 2.591ms
[2025-12-28T16:01:24.087+0100][info][gc,phases,start] GC(27) Phase 4: Compact heap
[2025-12-28T16:01:24.087+0100][info][gc,phases      ] GC(27) Phase 4: Compact heap 0.518ms
[2025-12-28T16:01:24.087+0100][info][gc,phases,start] GC(27) Phase 5: Reset Metadata
[2025-12-28T16:01:24.088+0100][info][gc,phases      ] GC(27) Phase 5: Reset Metadata 0.389ms
[2025-12-28T16:01:24.093+0100][info][gc,heap        ] GC(27) Eden regions: 34->0(921)
[2025-12-28T16:01:24.094+0100][info][gc,heap        ] GC(27) Survivor regions: 0->0(116)
[2025-12-28T16:01:24.094+0100][info][gc,heap        ] GC(27) Old regions: 8->8
[2025-12-28T16:01:24.094+0100][info][gc,heap        ] GC(27) Humongous regions: 0->0
[2025-12-28T16:01:24.094+0100][info][gc,metaspace   ] GC(27) Metaspace: 7880K(8128K)->7880K(8128K) NonClass: 7221K(7360K)->7221K(7360K) Class: 658K(768K)->658K(768K)
[2025-12-28T16:01:24.094+0100][info][gc             ] GC(27) Pause Full (System.gc()) 144M->10M(6144M) 13.967ms
[2025-12-28T16:01:24.094+0100][info][gc,cpu         ] GC(27) User=0.05s Sys=0.01s Real=0.01s
[2025-12-28T16:01:24.094+0100][info][gc,start       ] GC(28) Pause Full (System.gc())
[2025-12-28T16:01:24.094+0100][info][gc,task        ] GC(28) Using 8 workers of 8 for full compaction
[2025-12-28T16:01:24.094+0100][info][gc,phases,start] GC(28) Phase 1: Mark live objects
[2025-12-28T16:01:24.098+0100][info][gc,phases      ] GC(28) Phase 1: Mark live objects 4.261ms
[2025-12-28T16:01:24.099+0100][info][gc,phases,start] GC(28) Phase 2: Prepare compaction
[2025-12-28T16:01:24.099+0100][info][gc,phases      ] GC(28) Phase 2: Prepare compaction 0.855ms
[2025-12-28T16:01:24.099+0100][info][gc,phases,start] GC(28) Phase 3: Adjust pointers
[2025-12-28T16:01:24.101+0100][info][gc,phases      ] GC(28) Phase 3: Adjust pointers 2.018ms
[2025-12-28T16:01:24.101+0100][info][gc,phases,start] GC(28) Phase 4: Compact heap
[2025-12-28T16:01:24.102+0100][info][gc,phases      ] GC(28) Phase 4: Compact heap 0.442ms
[2025-12-28T16:01:24.102+0100][info][gc,phases,start] GC(28) Phase 5: Reset Metadata
[2025-12-28T16:01:24.102+0100][info][gc,phases      ] GC(28) Phase 5: Reset Metadata 0.459ms
[2025-12-28T16:01:24.106+0100][info][gc,heap        ] GC(28) Eden regions: 1->0(921)
[2025-12-28T16:01:24.106+0100][info][gc,heap        ] GC(28) Survivor regions: 0->0(116)
[2025-12-28T16:01:24.106+0100][info][gc,heap        ] GC(28) Old regions: 8->8
[2025-12-28T16:01:24.106+0100][info][gc,heap        ] GC(28) Humongous regions: 0->0
[2025-12-28T16:01:24.106+0100][info][gc,metaspace   ] GC(28) Metaspace: 7880K(8128K)->7880K(8128K) NonClass: 7221K(7360K)->7221K(7360K) Class: 658K(768K)->658K(768K)
[2025-12-28T16:01:24.106+0100][info][gc             ] GC(28) Pause Full (System.gc()) 12M->10M(6144M) 12.312ms
[2025-12-28T16:01:24.106+0100][info][gc,cpu         ] GC(28) User=0.04s Sys=0.00s Real=0.01s
[2025-12-28T16:01:24.733+0100][info][gc,start       ] GC(29) Pause Full (System.gc())
[2025-12-28T16:01:24.733+0100][info][gc,task        ] GC(29) Using 8 workers of 8 for full compaction
[2025-12-28T16:01:24.733+0100][info][gc,phases,start] GC(29) Phase 1: Mark live objects
[2025-12-28T16:01:24.738+0100][info][gc,phases      ] GC(29) Phase 1: Mark live objects 4.530ms
[2025-12-28T16:01:24.738+0100][info][gc,phases,start] GC(29) Phase 2: Prepare compaction
[2025-12-28T16:01:24.738+0100][info][gc,phases      ] GC(29) Phase 2: Prepare compaction 0.874ms
[2025-12-28T16:01:24.738+0100][info][gc,phases,start] GC(29) Phase 3: Adjust pointers
[2025-12-28T16:01:24.741+0100][info][gc,phases      ] GC(29) Phase 3: Adjust pointers 2.597ms
[2025-12-28T16:01:24.741+0100][info][gc,phases,start] GC(29) Phase 4: Compact heap
[2025-12-28T16:01:24.742+0100][info][gc,phases      ] GC(29) Phase 4: Compact heap 0.590ms
[2025-12-28T16:01:24.742+0100][info][gc,phases,start] GC(29) Phase 5: Reset Metadata
[2025-12-28T16:01:24.742+0100][info][gc,phases      ] GC(29) Phase 5: Reset Metadata 0.410ms
[2025-12-28T16:01:24.746+0100][info][gc,heap        ] GC(29) Eden regions: 20->0(921)
[2025-12-28T16:01:24.746+0100][info][gc,heap        ] GC(29) Survivor regions: 0->0(116)
[2025-12-28T16:01:24.746+0100][info][gc,heap        ] GC(29) Old regions: 8->8
[2025-12-28T16:01:24.746+0100][info][gc,heap        ] GC(29) Humongous regions: 0->0
[2025-12-28T16:01:24.746+0100][info][gc,metaspace   ] GC(29) Metaspace: 7887K(8128K)->7887K(8128K) NonClass: 7229K(7360K)->7229K(7360K) Class: 658K(768K)->658K(768K)
[2025-12-28T16:01:24.746+0100][info][gc             ] GC(29) Pause Full (System.gc()) 90M->10M(6144M) 13.451ms
[2025-12-28T16:01:24.746+0100][info][gc,cpu         ] GC(29) User=0.05s Sys=0.01s Real=0.01s
[2025-12-28T16:01:24.746+0100][info][gc,start       ] GC(30) Pause Full (System.gc())
[2025-12-28T16:01:24.746+0100][info][gc,task        ] GC(30) Using 8 workers of 8 for full compaction
[2025-12-28T16:01:24.746+0100][info][gc,phases,start] GC(30) Phase 1: Mark live objects
[2025-12-28T16:01:24.750+0100][info][gc,phases      ] GC(30) Phase 1: Mark live objects 3.922ms
[2025-12-28T16:01:24.750+0100][info][gc,phases,start] GC(30) Phase 2: Prepare compaction
[2025-12-28T16:01:24.751+0100][info][gc,phases      ] GC(30) Phase 2: Prepare compaction 0.617ms
[2025-12-28T16:01:24.751+0100][info][gc,phases,start] GC(30) Phase 3: Adjust pointers
[2025-12-28T16:01:24.753+0100][info][gc,phases      ] GC(30) Phase 3: Adjust pointers 2.023ms
[2025-12-28T16:01:24.753+0100][info][gc,phases,start] GC(30) Phase 4: Compact heap
[2025-12-28T16:01:24.754+0100][info][gc,phases      ] GC(30) Phase 4: Compact heap 0.512ms
[2025-12-28T16:01:24.754+0100][info][gc,phases,start] GC(30) Phase 5: Reset Metadata
[2025-12-28T16:01:24.754+0100][info][gc,phases      ] GC(30) Phase 5: Reset Metadata 0.611ms
[2025-12-28T16:01:24.758+0100][info][gc,heap        ] GC(30) Eden regions: 1->0(921)
[2025-12-28T16:01:24.758+0100][info][gc,heap        ] GC(30) Survivor regions: 0->0(116)
[2025-12-28T16:01:24.758+0100][info][gc,heap        ] GC(30) Old regions: 8->8
[2025-12-28T16:01:24.758+0100][info][gc,heap        ] GC(30) Humongous regions: 0->0
[2025-12-28T16:01:24.758+0100][info][gc,metaspace   ] GC(30) Metaspace: 7887K(8128K)->7887K(8128K) NonClass: 7229K(7360K)->7229K(7360K) Class: 658K(768K)->658K(768K)
[2025-12-28T16:01:24.759+0100][info][gc             ] GC(30) Pause Full (System.gc()) 12M->10M(6144M) 12.191ms
[2025-12-28T16:01:24.759+0100][info][gc,cpu         ] GC(30) User=0.05s Sys=0.01s Real=0.01s
[2025-12-28T16:01:25.382+0100][info][gc,start       ] GC(31) Pause Full (System.gc())
[2025-12-28T16:01:25.382+0100][info][gc,task        ] GC(31) Using 8 workers of 8 for full compaction
[2025-12-28T16:01:25.382+0100][info][gc,phases,start] GC(31) Phase 1: Mark live objects
[2025-12-28T16:01:25.387+0100][info][gc,phases      ] GC(31) Phase 1: Mark live objects 5.271ms
[2025-12-28T16:01:25.387+0100][info][gc,phases,start] GC(31) Phase 2: Prepare compaction
[2025-12-28T16:01:25.388+0100][info][gc,phases      ] GC(31) Phase 2: Prepare compaction 0.741ms
[2025-12-28T16:01:25.388+0100][info][gc,phases,start] GC(31) Phase 3: Adjust pointers
[2025-12-28T16:01:25.391+0100][info][gc,phases      ] GC(31) Phase 3: Adjust pointers 2.994ms
[2025-12-28T16:01:25.391+0100][info][gc,phases,start] GC(31) Phase 4: Compact heap
[2025-12-28T16:01:25.392+0100][info][gc,phases      ] GC(31) Phase 4: Compact heap 0.718ms
[2025-12-28T16:01:25.392+0100][info][gc,phases,start] GC(31) Phase 5: Reset Metadata
[2025-12-28T16:01:25.392+0100][info][gc,phases      ] GC(31) Phase 5: Reset Metadata 0.492ms
[2025-12-28T16:01:25.397+0100][info][gc,heap        ] GC(31) Eden regions: 19->0(921)
[2025-12-28T16:01:25.397+0100][info][gc,heap        ] GC(31) Survivor regions: 0->0(116)
[2025-12-28T16:01:25.397+0100][info][gc,heap        ] GC(31) Old regions: 8->8
[2025-12-28T16:01:25.397+0100][info][gc,heap        ] GC(31) Humongous regions: 0->0
[2025-12-28T16:01:25.397+0100][info][gc,metaspace   ] GC(31) Metaspace: 7898K(8128K)->7898K(8128K) NonClass: 7240K(7360K)->7240K(7360K) Class: 658K(768K)->658K(768K)
[2025-12-28T16:01:25.397+0100][info][gc             ] GC(31) Pause Full (System.gc()) 84M->10M(6144M) 15.411ms
[2025-12-28T16:01:25.397+0100][info][gc,cpu         ] GC(31) User=0.05s Sys=0.01s Real=0.01s
[2025-12-28T16:01:25.398+0100][info][gc,start       ] GC(32) Pause Full (System.gc())
[2025-12-28T16:01:25.398+0100][info][gc,task        ] GC(32) Using 8 workers of 8 for full compaction
[2025-12-28T16:01:25.398+0100][info][gc,phases,start] GC(32) Phase 1: Mark live objects
[2025-12-28T16:01:25.402+0100][info][gc,phases      ] GC(32) Phase 1: Mark live objects 4.153ms
[2025-12-28T16:01:25.402+0100][info][gc,phases,start] GC(32) Phase 2: Prepare compaction
[2025-12-28T16:01:25.403+0100][info][gc,phases      ] GC(32) Phase 2: Prepare compaction 0.637ms
[2025-12-28T16:01:25.403+0100][info][gc,phases,start] GC(32) Phase 3: Adjust pointers
[2025-12-28T16:01:25.405+0100][info][gc,phases      ] GC(32) Phase 3: Adjust pointers 2.466ms
[2025-12-28T16:01:25.405+0100][info][gc,phases,start] GC(32) Phase 4: Compact heap
[2025-12-28T16:01:25.406+0100][info][gc,phases      ] GC(32) Phase 4: Compact heap 0.511ms
[2025-12-28T16:01:25.406+0100][info][gc,phases,start] GC(32) Phase 5: Reset Metadata
[2025-12-28T16:01:25.406+0100][info][gc,phases      ] GC(32) Phase 5: Reset Metadata 0.373ms
[2025-12-28T16:01:25.409+0100][info][gc,heap        ] GC(32) Eden regions: 1->0(921)
[2025-12-28T16:01:25.409+0100][info][gc,heap        ] GC(32) Survivor regions: 0->0(116)
[2025-12-28T16:01:25.409+0100][info][gc,heap        ] GC(32) Old regions: 8->8
[2025-12-28T16:01:25.409+0100][info][gc,heap        ] GC(32) Humongous regions: 0->0
[2025-12-28T16:01:25.409+0100][info][gc,metaspace   ] GC(32) Metaspace: 7898K(8128K)->7898K(8128K) NonClass: 7240K(7360K)->7240K(7360K) Class: 658K(768K)->658K(768K)
[2025-12-28T16:01:25.409+0100][info][gc             ] GC(32) Pause Full (System.gc()) 12M->10M(6144M) 11.890ms
[2025-12-28T16:01:25.409+0100][info][gc,cpu         ] GC(32) User=0.05s Sys=0.01s Real=0.01s
[2025-12-28T16:01:26.045+0100][info][gc,start       ] GC(33) Pause Full (System.gc())
[2025-12-28T16:01:26.045+0100][info][gc,task        ] GC(33) Using 8 workers of 8 for full compaction
[2025-12-28T16:01:26.046+0100][info][gc,phases,start] GC(33) Phase 1: Mark live objects
[2025-12-28T16:01:26.050+0100][info][gc,phases      ] GC(33) Phase 1: Mark live objects 4.059ms
[2025-12-28T16:01:26.050+0100][info][gc,phases,start] GC(33) Phase 2: Prepare compaction
[2025-12-28T16:01:26.051+0100][info][gc,phases      ] GC(33) Phase 2: Prepare compaction 0.914ms
[2025-12-28T16:01:26.051+0100][info][gc,phases,start] GC(33) Phase 3: Adjust pointers
[2025-12-28T16:01:26.053+0100][info][gc,phases      ] GC(33) Phase 3: Adjust pointers 2.585ms
[2025-12-28T16:01:26.053+0100][info][gc,phases,start] GC(33) Phase 4: Compact heap
[2025-12-28T16:01:26.054+0100][info][gc,phases      ] GC(33) Phase 4: Compact heap 0.503ms
[2025-12-28T16:01:26.054+0100][info][gc,phases,start] GC(33) Phase 5: Reset Metadata
[2025-12-28T16:01:26.054+0100][info][gc,phases      ] GC(33) Phase 5: Reset Metadata 0.397ms
[2025-12-28T16:01:26.058+0100][info][gc,heap        ] GC(33) Eden regions: 34->0(921)
[2025-12-28T16:01:26.058+0100][info][gc,heap        ] GC(33) Survivor regions: 0->0(116)
[2025-12-28T16:01:26.058+0100][info][gc,heap        ] GC(33) Old regions: 8->8
[2025-12-28T16:01:26.058+0100][info][gc,heap        ] GC(33) Humongous regions: 0->0
[2025-12-28T16:01:26.058+0100][info][gc,metaspace   ] GC(33) Metaspace: 7899K(8128K)->7899K(8128K) NonClass: 7240K(7360K)->7240K(7360K) Class: 658K(768K)->658K(768K)
[2025-12-28T16:01:26.058+0100][info][gc             ] GC(33) Pause Full (System.gc()) 146M->10M(6144M) 12.723ms
[2025-12-28T16:01:26.058+0100][info][gc,cpu         ] GC(33) User=0.04s Sys=0.01s Real=0.01s
[2025-12-28T16:01:26.058+0100][info][gc,start       ] GC(34) Pause Full (System.gc())
[2025-12-28T16:01:26.058+0100][info][gc,task        ] GC(34) Using 8 workers of 8 for full compaction
[2025-12-28T16:01:26.058+0100][info][gc,phases,start] GC(34) Phase 1: Mark live objects
[2025-12-28T16:01:26.063+0100][info][gc,phases      ] GC(34) Phase 1: Mark live objects 4.442ms
[2025-12-28T16:01:26.063+0100][info][gc,phases,start] GC(34) Phase 2: Prepare compaction
[2025-12-28T16:01:26.064+0100][info][gc,phases      ] GC(34) Phase 2: Prepare compaction 1.023ms
[2025-12-28T16:01:26.064+0100][info][gc,phases,start] GC(34) Phase 3: Adjust pointers
[2025-12-28T16:01:26.066+0100][info][gc,phases      ] GC(34) Phase 3: Adjust pointers 2.401ms
[2025-12-28T16:01:26.066+0100][info][gc,phases,start] GC(34) Phase 4: Compact heap
[2025-12-28T16:01:26.067+0100][info][gc,phases      ] GC(34) Phase 4: Compact heap 0.476ms
[2025-12-28T16:01:26.067+0100][info][gc,phases,start] GC(34) Phase 5: Reset Metadata
[2025-12-28T16:01:26.067+0100][info][gc,phases      ] GC(34) Phase 5: Reset Metadata 0.414ms
[2025-12-28T16:01:26.071+0100][info][gc,heap        ] GC(34) Eden regions: 1->0(921)
[2025-12-28T16:01:26.071+0100][info][gc,heap        ] GC(34) Survivor regions: 0->0(116)
[2025-12-28T16:01:26.071+0100][info][gc,heap        ] GC(34) Old regions: 8->8
[2025-12-28T16:01:26.071+0100][info][gc,heap        ] GC(34) Humongous regions: 0->0
[2025-12-28T16:01:26.071+0100][info][gc,metaspace   ] GC(34) Metaspace: 7899K(8128K)->7899K(8128K) NonClass: 7240K(7360K)->7240K(7360K) Class: 658K(768K)->658K(768K)
[2025-12-28T16:01:26.071+0100][info][gc             ] GC(34) Pause Full (System.gc()) 12M->10M(6144M) 12.531ms
[2025-12-28T16:01:26.071+0100][info][gc,cpu         ] GC(34) User=0.05s Sys=0.00s Real=0.02s
[2025-12-28T16:01:26.809+0100][info][gc,exit        ] Heap
[2025-12-28T16:01:26.809+0100][info][gc,exit        ]  garbage-first heap   total reserved 6291456K, committed 6291456K, used 207139K [0x0000000680000000, 0x0000000800000000)
[2025-12-28T16:01:26.809+0100][info][gc,exit        ]   region size 4096K, 48 young (196608K), 0 survivors (0K)
[2025-12-28T16:01:26.809+0100][info][gc,exit        ]  Metaspace       used 8314K, committed 8448K, reserved 1114112K
[2025-12-28T16:01:26.809+0100][info][gc,exit        ]   class space    used 695K, committed 768K, reserved 1048576K
