[2025-12-28T13:37:18.460+0100][info][gc,init] CardTable entry size: 512
[2025-12-28T13:37:18.460+0100][info][gc     ] Using G1
[2025-12-28T13:37:18.462+0100][info][gc,init] Version: 25.0.1+8-jvmci-b01 (release)
[2025-12-28T13:37:18.462+0100][info][gc,init] CPUs: 8 total, 8 available
[2025-12-28T13:37:18.462+0100][info][gc,init] Memory: 16384M
[2025-12-28T13:37:18.462+0100][info][gc,init] Large Page Support: Disabled
[2025-12-28T13:37:18.462+0100][info][gc,init] NUMA Support: Disabled
[2025-12-28T13:37:18.462+0100][info][gc,init] Compressed Oops: Enabled (Zero based)
[2025-12-28T13:37:18.462+0100][info][gc,init] Heap Region Size: 4M
[2025-12-28T13:37:18.462+0100][info][gc,init] Heap Min Capacity: 6G
[2025-12-28T13:37:18.462+0100][info][gc,init] Heap Initial Capacity: 6G
[2025-12-28T13:37:18.462+0100][info][gc,init] Heap Max Capacity: 6G
[2025-12-28T13:37:18.462+0100][info][gc,init] Pre-touch: Disabled
[2025-12-28T13:37:18.462+0100][info][gc,init] Parallel Workers: 8
[2025-12-28T13:37:18.462+0100][info][gc,init] Concurrent Workers: 2
[2025-12-28T13:37:18.462+0100][info][gc,init] Concurrent Refinement Workers: 8
[2025-12-28T13:37:18.462+0100][info][gc,init] Periodic GC: Disabled
[2025-12-28T13:37:18.465+0100][info][gc,metaspace] CDS archive(s) mapped at: [0x00003c0000000000-0x00003c0000da0000-0x00003c0000da0000), size 14286848, SharedBaseAddress: 0x00003c0000000000, ArchiveRelocationMode: 1.
[2025-12-28T13:37:18.465+0100][info][gc,metaspace] Compressed class space mapped at: 0x00003c0001000000-0x00003c0041000000, reserved size: 1073741824
[2025-12-28T13:37:18.465+0100][info][gc,metaspace] UseCompressedClassPointers 1, UseCompactObjectHeaders 0
[2025-12-28T13:37:18.465+0100][info][gc,metaspace] Narrow klass pointer bits 32, Max shift 3
[2025-12-28T13:37:18.465+0100][info][gc,metaspace] Narrow klass base: 0x00003c0000000000, Narrow klass shift: 0
[2025-12-28T13:37:18.465+0100][info][gc,metaspace] Encoding Range: [0x00003c0000000000 - 0x00003c0100000000), (4294967296 bytes)
[2025-12-28T13:37:18.465+0100][info][gc,metaspace] Klass Range:    [0x00003c0000004000 - 0x00003c0041000000), (1090502656 bytes)
[2025-12-28T13:37:18.465+0100][info][gc,metaspace] Klass ID Range:  [16384 - 1090519033) (1090502649)
[2025-12-28T13:37:18.465+0100][info][gc,metaspace] Protection zone: [0x00003c0000000000 - 0x00003c0000004000), (16384 bytes)
[2025-12-28T13:37:18.623+0100][info][gc,start    ] GC(0) Pause Full (System.gc())
[2025-12-28T13:37:18.623+0100][info][gc,task     ] GC(0) Using 7 workers of 8 for full compaction
[2025-12-28T13:37:18.623+0100][info][gc,phases,start] GC(0) Phase 1: Mark live objects
[2025-12-28T13:37:18.624+0100][info][gc,phases      ] GC(0) Phase 1: Mark live objects 1.133ms
[2025-12-28T13:37:18.624+0100][info][gc,phases,start] GC(0) Phase 2: Prepare compaction
[2025-12-28T13:37:18.625+0100][info][gc,phases      ] GC(0) Phase 2: Prepare compaction 0.359ms
[2025-12-28T13:37:18.625+0100][info][gc,phases,start] GC(0) Phase 3: Adjust pointers
[2025-12-28T13:37:18.625+0100][info][gc,phases      ] GC(0) Phase 3: Adjust pointers 0.457ms
[2025-12-28T13:37:18.625+0100][info][gc,phases,start] GC(0) Phase 4: Compact heap
[2025-12-28T13:37:18.626+0100][info][gc,phases      ] GC(0) Phase 4: Compact heap 0.792ms
[2025-12-28T13:37:18.626+0100][info][gc,phases,start] GC(0) Phase 5: Reset Metadata
[2025-12-28T13:37:18.626+0100][info][gc,phases      ] GC(0) Phase 5: Reset Metadata 0.428ms
[2025-12-28T13:37:18.635+0100][info][gc,heap        ] GC(0) Eden regions: 6->0(76)
[2025-12-28T13:37:18.635+0100][info][gc,heap        ] GC(0) Survivor regions: 0->0(0)
[2025-12-28T13:37:18.635+0100][info][gc,heap        ] GC(0) Old regions: 1->7
[2025-12-28T13:37:18.635+0100][info][gc,heap        ] GC(0) Humongous regions: 0->0
[2025-12-28T13:37:18.635+0100][info][gc,metaspace   ] GC(0) Metaspace: 3416K(3520K)->3416K(3520K) NonClass: 3146K(3200K)->3146K(3200K) Class: 269K(320K)->269K(320K)
[2025-12-28T13:37:18.635+0100][info][gc             ] GC(0) Pause Full (System.gc()) 23M->7M(6144M) 12.539ms
[2025-12-28T13:37:18.635+0100][info][gc,cpu         ] GC(0) User=0.01s Sys=0.04s Real=0.01s
[2025-12-28T13:37:18.635+0100][info][gc,start       ] GC(1) Pause Full (System.gc())
[2025-12-28T13:37:18.636+0100][info][gc,task        ] GC(1) Using 8 workers of 8 for full compaction
[2025-12-28T13:37:18.636+0100][info][gc,phases,start] GC(1) Phase 1: Mark live objects
[2025-12-28T13:37:18.637+0100][info][gc,phases      ] GC(1) Phase 1: Mark live objects 1.001ms
[2025-12-28T13:37:18.637+0100][info][gc,phases,start] GC(1) Phase 2: Prepare compaction
[2025-12-28T13:37:18.637+0100][info][gc,phases      ] GC(1) Phase 2: Prepare compaction 0.212ms
[2025-12-28T13:37:18.637+0100][info][gc,phases,start] GC(1) Phase 3: Adjust pointers
[2025-12-28T13:37:18.637+0100][info][gc,phases      ] GC(1) Phase 3: Adjust pointers 0.436ms
[2025-12-28T13:37:18.637+0100][info][gc,phases,start] GC(1) Phase 4: Compact heap
[2025-12-28T13:37:18.637+0100][info][gc,phases      ] GC(1) Phase 4: Compact heap 0.184ms
[2025-12-28T13:37:18.637+0100][info][gc,phases,start] GC(1) Phase 5: Reset Metadata
[2025-12-28T13:37:18.638+0100][info][gc,phases      ] GC(1) Phase 5: Reset Metadata 0.364ms
[2025-12-28T13:37:18.641+0100][info][gc,heap        ] GC(1) Eden regions: 1->0(76)
[2025-12-28T13:37:18.641+0100][info][gc,heap        ] GC(1) Survivor regions: 0->0(0)
[2025-12-28T13:37:18.641+0100][info][gc,heap        ] GC(1) Old regions: 7->7
[2025-12-28T13:37:18.641+0100][info][gc,heap        ] GC(1) Humongous regions: 0->0
[2025-12-28T13:37:18.641+0100][info][gc,metaspace   ] GC(1) Metaspace: 3416K(3520K)->3416K(3520K) NonClass: 3146K(3200K)->3146K(3200K) Class: 269K(320K)->269K(320K)
[2025-12-28T13:37:18.641+0100][info][gc             ] GC(1) Pause Full (System.gc()) 9M->7M(6144M) 5.428ms
[2025-12-28T13:37:18.641+0100][info][gc,cpu         ] GC(1) User=0.03s Sys=0.00s Real=0.01s
[2025-12-28T13:37:19.493+0100][info][gc,start       ] GC(2) Pause Young (Normal) (G1 Evacuation Pause)
[2025-12-28T13:37:19.493+0100][info][gc,task        ] GC(2) Using 8 workers of 8 for evacuation
[2025-12-28T13:37:19.494+0100][info][gc,phases      ] GC(2)   Pre Evacuate Collection Set: 0.11ms
[2025-12-28T13:37:19.494+0100][info][gc,phases      ] GC(2)   Merge Heap Roots: 0.04ms
[2025-12-28T13:37:19.494+0100][info][gc,phases      ] GC(2)   Evacuate Collection Set: 0.54ms
[2025-12-28T13:37:19.494+0100][info][gc,phases      ] GC(2)   Post Evacuate Collection Set: 0.19ms
[2025-12-28T13:37:19.494+0100][info][gc,phases      ] GC(2)   Other: 0.08ms
[2025-12-28T13:37:19.494+0100][info][gc,heap        ] GC(2) Eden regions: 76->0(206)
[2025-12-28T13:37:19.494+0100][info][gc,heap        ] GC(2) Survivor regions: 0->1(10)
[2025-12-28T13:37:19.494+0100][info][gc,heap        ] GC(2) Old regions: 7->7
[2025-12-28T13:37:19.494+0100][info][gc,heap        ] GC(2) Humongous regions: 0->0
[2025-12-28T13:37:19.494+0100][info][gc,metaspace   ] GC(2) Metaspace: 4495K(4736K)->4495K(4736K) NonClass: 4150K(4288K)->4150K(4288K) Class: 345K(448K)->345K(448K)
[2025-12-28T13:37:19.494+0100][info][gc             ] GC(2) Pause Young (Normal) (G1 Evacuation Pause) 311M->9M(6144M) 1.094ms
[2025-12-28T13:37:19.494+0100][info][gc,cpu         ] GC(2) User=0.00s Sys=0.00s Real=0.00s
[2025-12-28T13:37:19.664+0100][info][gc,start       ] GC(3) Pause Young (Normal) (G1 Evacuation Pause)
[2025-12-28T13:37:19.664+0100][info][gc,task        ] GC(3) Using 8 workers of 8 for evacuation
[2025-12-28T13:37:19.665+0100][info][gc,phases      ] GC(3)   Pre Evacuate Collection Set: 0.10ms
[2025-12-28T13:37:19.665+0100][info][gc,phases      ] GC(3)   Merge Heap Roots: 0.04ms
[2025-12-28T13:37:19.665+0100][info][gc,phases      ] GC(3)   Evacuate Collection Set: 0.54ms
[2025-12-28T13:37:19.665+0100][info][gc,phases      ] GC(3)   Post Evacuate Collection Set: 0.17ms
[2025-12-28T13:37:19.665+0100][info][gc,phases      ] GC(3)   Other: 0.07ms
[2025-12-28T13:37:19.665+0100][info][gc,heap        ] GC(3) Eden regions: 206->0(885)
[2025-12-28T13:37:19.665+0100][info][gc,heap        ] GC(3) Survivor regions: 1->1(26)
[2025-12-28T13:37:19.665+0100][info][gc,heap        ] GC(3) Old regions: 7->7
[2025-12-28T13:37:19.665+0100][info][gc,heap        ] GC(3) Humongous regions: 0->0
[2025-12-28T13:37:19.665+0100][info][gc,metaspace   ] GC(3) Metaspace: 4495K(4736K)->4495K(4736K) NonClass: 4150K(4288K)->4150K(4288K) Class: 345K(448K)->345K(448K)
[2025-12-28T13:37:19.665+0100][info][gc             ] GC(3) Pause Young (Normal) (G1 Evacuation Pause) 833M->9M(6144M) 1.052ms
[2025-12-28T13:37:19.665+0100][info][gc,cpu         ] GC(3) User=0.00s Sys=0.00s Real=0.00s
[2025-12-28T13:37:20.449+0100][info][gc,start       ] GC(4) Pause Young (Normal) (G1 Evacuation Pause)
[2025-12-28T13:37:20.449+0100][info][gc,task        ] GC(4) Using 8 workers of 8 for evacuation
[2025-12-28T13:37:20.451+0100][info][gc,phases      ] GC(4)   Pre Evacuate Collection Set: 0.12ms
[2025-12-28T13:37:20.451+0100][info][gc,phases      ] GC(4)   Merge Heap Roots: 0.11ms
[2025-12-28T13:37:20.451+0100][info][gc,phases      ] GC(4)   Evacuate Collection Set: 1.12ms
[2025-12-28T13:37:20.451+0100][info][gc,phases      ] GC(4)   Post Evacuate Collection Set: 0.46ms
[2025-12-28T13:37:20.451+0100][info][gc,phases      ] GC(4)   Other: 0.12ms
[2025-12-28T13:37:20.451+0100][info][gc,heap        ] GC(4) Eden regions: 885->0(920)
[2025-12-28T13:37:20.451+0100][info][gc,heap        ] GC(4) Survivor regions: 1->1(111)
[2025-12-28T13:37:20.451+0100][info][gc,heap        ] GC(4) Old regions: 7->7
[2025-12-28T13:37:20.451+0100][info][gc,heap        ] GC(4) Humongous regions: 0->0
[2025-12-28T13:37:20.451+0100][info][gc,metaspace   ] GC(4) Metaspace: 4495K(4736K)->4495K(4736K) NonClass: 4150K(4288K)->4150K(4288K) Class: 345K(448K)->345K(448K)
[2025-12-28T13:37:20.451+0100][info][gc             ] GC(4) Pause Young (Normal) (G1 Evacuation Pause) 3549M->8M(6144M) 2.064ms
[2025-12-28T13:37:20.451+0100][info][gc,cpu         ] GC(4) User=0.00s Sys=0.00s Real=0.01s
[2025-12-28T13:37:21.397+0100][info][gc,start       ] GC(5) Pause Young (Normal) (G1 Evacuation Pause)
[2025-12-28T13:37:21.398+0100][info][gc,task        ] GC(5) Using 8 workers of 8 for evacuation
[2025-12-28T13:37:21.400+0100][info][gc,phases      ] GC(5)   Pre Evacuate Collection Set: 0.23ms
[2025-12-28T13:37:21.400+0100][info][gc,phases      ] GC(5)   Merge Heap Roots: 0.13ms
[2025-12-28T13:37:21.400+0100][info][gc,phases      ] GC(5)   Evacuate Collection Set: 1.05ms
[2025-12-28T13:37:21.400+0100][info][gc,phases      ] GC(5)   Post Evacuate Collection Set: 0.63ms
[2025-12-28T13:37:21.400+0100][info][gc,phases      ] GC(5)   Other: 0.49ms
[2025-12-28T13:37:21.400+0100][info][gc,heap        ] GC(5) Eden regions: 920->0(920)
[2025-12-28T13:37:21.400+0100][info][gc,heap        ] GC(5) Survivor regions: 1->1(116)
[2025-12-28T13:37:21.400+0100][info][gc,heap        ] GC(5) Old regions: 7->7
[2025-12-28T13:37:21.400+0100][info][gc,heap        ] GC(5) Humongous regions: 0->0
[2025-12-28T13:37:21.400+0100][info][gc,metaspace   ] GC(5) Metaspace: 4495K(4736K)->4495K(4736K) NonClass: 4150K(4288K)->4150K(4288K) Class: 345K(448K)->345K(448K)
[2025-12-28T13:37:21.400+0100][info][gc             ] GC(5) Pause Young (Normal) (G1 Evacuation Pause) 3688M->9M(6144M) 2.741ms
[2025-12-28T13:37:21.400+0100][info][gc,cpu         ] GC(5) User=0.01s Sys=0.00s Real=0.01s
[2025-12-28T13:37:22.156+0100][info][gc,start       ] GC(6) Pause Young (Normal) (G1 Evacuation Pause)
[2025-12-28T13:37:22.156+0100][info][gc,task        ] GC(6) Using 8 workers of 8 for evacuation
[2025-12-28T13:37:22.157+0100][info][gc,phases      ] GC(6)   Pre Evacuate Collection Set: 0.11ms
[2025-12-28T13:37:22.157+0100][info][gc,phases      ] GC(6)   Merge Heap Roots: 0.12ms
[2025-12-28T13:37:22.157+0100][info][gc,phases      ] GC(6)   Evacuate Collection Set: 0.60ms
[2025-12-28T13:37:22.157+0100][info][gc,phases      ] GC(6)   Post Evacuate Collection Set: 0.45ms
[2025-12-28T13:37:22.157+0100][info][gc,phases      ] GC(6)   Other: 0.11ms
[2025-12-28T13:37:22.157+0100][info][gc,heap        ] GC(6) Eden regions: 920->0(920)
[2025-12-28T13:37:22.157+0100][info][gc,heap        ] GC(6) Survivor regions: 1->1(116)
[2025-12-28T13:37:22.157+0100][info][gc,heap        ] GC(6) Old regions: 7->7
[2025-12-28T13:37:22.157+0100][info][gc,heap        ] GC(6) Humongous regions: 0->0
[2025-12-28T13:37:22.157+0100][info][gc,metaspace   ] GC(6) Metaspace: 4495K(4736K)->4495K(4736K) NonClass: 4150K(4288K)->4150K(4288K) Class: 345K(448K)->345K(448K)
[2025-12-28T13:37:22.157+0100][info][gc             ] GC(6) Pause Young (Normal) (G1 Evacuation Pause) 3689M->9M(6144M) 1.576ms
[2025-12-28T13:37:22.157+0100][info][gc,cpu         ] GC(6) User=0.01s Sys=0.01s Real=0.00s
[2025-12-28T13:37:22.707+0100][info][gc,start       ] GC(7) Pause Young (Normal) (G1 Evacuation Pause)
[2025-12-28T13:37:22.707+0100][info][gc,task        ] GC(7) Using 8 workers of 8 for evacuation
[2025-12-28T13:37:22.708+0100][info][gc,phases      ] GC(7)   Pre Evacuate Collection Set: 0.12ms
[2025-12-28T13:37:22.708+0100][info][gc,phases      ] GC(7)   Merge Heap Roots: 0.13ms
[2025-12-28T13:37:22.708+0100][info][gc,phases      ] GC(7)   Evacuate Collection Set: 0.60ms
[2025-12-28T13:37:22.709+0100][info][gc,phases      ] GC(7)   Post Evacuate Collection Set: 0.53ms
[2025-12-28T13:37:22.709+0100][info][gc,phases      ] GC(7)   Other: 0.10ms
[2025-12-28T13:37:22.709+0100][info][gc,heap        ] GC(7) Eden regions: 920->0(920)
[2025-12-28T13:37:22.709+0100][info][gc,heap        ] GC(7) Survivor regions: 1->1(116)
[2025-12-28T13:37:22.709+0100][info][gc,heap        ] GC(7) Old regions: 7->7
[2025-12-28T13:37:22.709+0100][info][gc,heap        ] GC(7) Humongous regions: 0->0
[2025-12-28T13:37:22.709+0100][info][gc,metaspace   ] GC(7) Metaspace: 4495K(4736K)->4495K(4736K) NonClass: 4150K(4288K)->4150K(4288K) Class: 345K(448K)->345K(448K)
[2025-12-28T13:37:22.709+0100][info][gc             ] GC(7) Pause Young (Normal) (G1 Evacuation Pause) 3689M->9M(6144M) 1.644ms
[2025-12-28T13:37:22.709+0100][info][gc,cpu         ] GC(7) User=0.01s Sys=0.00s Real=0.00s
[2025-12-28T13:37:23.276+0100][info][gc,start       ] GC(8) Pause Young (Normal) (G1 Evacuation Pause)
[2025-12-28T13:37:23.276+0100][info][gc,task        ] GC(8) Using 8 workers of 8 for evacuation
[2025-12-28T13:37:23.278+0100][info][gc,phases      ] GC(8)   Pre Evacuate Collection Set: 0.15ms
[2025-12-28T13:37:23.278+0100][info][gc,phases      ] GC(8)   Merge Heap Roots: 0.20ms
[2025-12-28T13:37:23.278+0100][info][gc,phases      ] GC(8)   Evacuate Collection Set: 0.72ms
[2025-12-28T13:37:23.278+0100][info][gc,phases      ] GC(8)   Post Evacuate Collection Set: 0.49ms
[2025-12-28T13:37:23.278+0100][info][gc,phases      ] GC(8)   Other: 0.11ms
[2025-12-28T13:37:23.278+0100][info][gc,heap        ] GC(8) Eden regions: 920->0(920)
[2025-12-28T13:37:23.278+0100][info][gc,heap        ] GC(8) Survivor regions: 1->1(116)
[2025-12-28T13:37:23.278+0100][info][gc,heap        ] GC(8) Old regions: 7->7
[2025-12-28T13:37:23.278+0100][info][gc,heap        ] GC(8) Humongous regions: 0->0
[2025-12-28T13:37:23.278+0100][info][gc,metaspace   ] GC(8) Metaspace: 4495K(4736K)->4495K(4736K) NonClass: 4150K(4288K)->4150K(4288K) Class: 345K(448K)->345K(448K)
[2025-12-28T13:37:23.278+0100][info][gc             ] GC(8) Pause Young (Normal) (G1 Evacuation Pause) 3689M->9M(6144M) 1.877ms
[2025-12-28T13:37:23.278+0100][info][gc,cpu         ] GC(8) User=0.01s Sys=0.00s Real=0.00s
[2025-12-28T13:37:23.855+0100][info][gc,start       ] GC(9) Pause Young (Normal) (G1 Evacuation Pause)
[2025-12-28T13:37:23.855+0100][info][gc,task        ] GC(9) Using 8 workers of 8 for evacuation
[2025-12-28T13:37:23.857+0100][info][gc,phases      ] GC(9)   Pre Evacuate Collection Set: 0.15ms
[2025-12-28T13:37:23.857+0100][info][gc,phases      ] GC(9)   Merge Heap Roots: 0.13ms
[2025-12-28T13:37:23.857+0100][info][gc,phases      ] GC(9)   Evacuate Collection Set: 0.71ms
[2025-12-28T13:37:23.857+0100][info][gc,phases      ] GC(9)   Post Evacuate Collection Set: 0.49ms
[2025-12-28T13:37:23.857+0100][info][gc,phases      ] GC(9)   Other: 0.11ms
[2025-12-28T13:37:23.857+0100][info][gc,heap        ] GC(9) Eden regions: 920->0(920)
[2025-12-28T13:37:23.857+0100][info][gc,heap        ] GC(9) Survivor regions: 1->1(116)
[2025-12-28T13:37:23.857+0100][info][gc,heap        ] GC(9) Old regions: 7->7
[2025-12-28T13:37:23.857+0100][info][gc,heap        ] GC(9) Humongous regions: 0->0
[2025-12-28T13:37:23.857+0100][info][gc,metaspace   ] GC(9) Metaspace: 4496K(4736K)->4496K(4736K) NonClass: 4150K(4288K)->4150K(4288K) Class: 345K(448K)->345K(448K)
[2025-12-28T13:37:23.857+0100][info][gc             ] GC(9) Pause Young (Normal) (G1 Evacuation Pause) 3689M->9M(6144M) 1.823ms
[2025-12-28T13:37:23.857+0100][info][gc,cpu         ] GC(9) User=0.00s Sys=0.00s Real=0.00s
[2025-12-28T13:37:24.304+0100][info][gc,start       ] GC(10) Pause Full (System.gc())
[2025-12-28T13:37:24.304+0100][info][gc,task        ] GC(10) Using 8 workers of 8 for full compaction
[2025-12-28T13:37:24.304+0100][info][gc,phases,start] GC(10) Phase 1: Mark live objects
[2025-12-28T13:37:24.308+0100][info][gc,phases      ] GC(10) Phase 1: Mark live objects 3.423ms
[2025-12-28T13:37:24.308+0100][info][gc,phases,start] GC(10) Phase 2: Prepare compaction
[2025-12-28T13:37:24.340+0100][info][gc,phases      ] GC(10) Phase 2: Prepare compaction 32.228ms
[2025-12-28T13:37:24.340+0100][info][gc,phases,start] GC(10) Phase 3: Adjust pointers
[2025-12-28T13:37:24.342+0100][info][gc,phases      ] GC(10) Phase 3: Adjust pointers 2.156ms
[2025-12-28T13:37:24.342+0100][info][gc,phases,start] GC(10) Phase 4: Compact heap
[2025-12-28T13:37:24.346+0100][info][gc,phases      ] GC(10) Phase 4: Compact heap 3.366ms
[2025-12-28T13:37:24.346+0100][info][gc,phases,start] GC(10) Phase 5: Reset Metadata
[2025-12-28T13:37:24.347+0100][info][gc,phases      ] GC(10) Phase 5: Reset Metadata 1.528ms
[2025-12-28T13:37:24.380+0100][info][gc,heap        ] GC(10) Eden regions: 679->0(921)
[2025-12-28T13:37:24.380+0100][info][gc,heap        ] GC(10) Survivor regions: 1->0(116)
[2025-12-28T13:37:24.380+0100][info][gc,heap        ] GC(10) Old regions: 7->7
[2025-12-28T13:37:24.380+0100][info][gc,heap        ] GC(10) Humongous regions: 0->0
[2025-12-28T13:37:24.380+0100][info][gc,metaspace   ] GC(10) Metaspace: 4545K(4736K)->4512K(4736K) NonClass: 4193K(4288K)->4169K(4288K) Class: 352K(448K)->342K(448K)
[2025-12-28T13:37:24.380+0100][info][gc             ] GC(10) Pause Full (System.gc()) 2723M->7M(6144M) 76.081ms
[2025-12-28T13:37:24.380+0100][info][gc,cpu         ] GC(10) User=0.04s Sys=0.15s Real=0.08s
[2025-12-28T13:37:24.380+0100][info][gc,start       ] GC(11) Pause Full (System.gc())
[2025-12-28T13:37:24.380+0100][info][gc,task        ] GC(11) Using 8 workers of 8 for full compaction
[2025-12-28T13:37:24.381+0100][info][gc,phases,start] GC(11) Phase 1: Mark live objects
[2025-12-28T13:37:24.382+0100][info][gc,phases      ] GC(11) Phase 1: Mark live objects 1.672ms
[2025-12-28T13:37:24.382+0100][info][gc,phases,start] GC(11) Phase 2: Prepare compaction
[2025-12-28T13:37:24.383+0100][info][gc,phases      ] GC(11) Phase 2: Prepare compaction 0.307ms
[2025-12-28T13:37:24.383+0100][info][gc,phases,start] GC(11) Phase 3: Adjust pointers
[2025-12-28T13:37:24.384+0100][info][gc,phases      ] GC(11) Phase 3: Adjust pointers 0.910ms
[2025-12-28T13:37:24.384+0100][info][gc,phases,start] GC(11) Phase 4: Compact heap
[2025-12-28T13:37:24.384+0100][info][gc,phases      ] GC(11) Phase 4: Compact heap 0.269ms
[2025-12-28T13:37:24.384+0100][info][gc,phases,start] GC(11) Phase 5: Reset Metadata
[2025-12-28T13:37:24.384+0100][info][gc,phases      ] GC(11) Phase 5: Reset Metadata 0.323ms
[2025-12-28T13:37:24.387+0100][info][gc,heap        ] GC(11) Eden regions: 1->0(921)
[2025-12-28T13:37:24.387+0100][info][gc,heap        ] GC(11) Survivor regions: 0->0(116)
[2025-12-28T13:37:24.387+0100][info][gc,heap        ] GC(11) Old regions: 7->8
[2025-12-28T13:37:24.387+0100][info][gc,heap        ] GC(11) Humongous regions: 0->0
[2025-12-28T13:37:24.387+0100][info][gc,metaspace   ] GC(11) Metaspace: 4512K(4736K)->4512K(4736K) NonClass: 4169K(4288K)->4169K(4288K) Class: 342K(448K)->342K(448K)
[2025-12-28T13:37:24.387+0100][info][gc             ] GC(11) Pause Full (System.gc()) 9M->7M(6144M) 6.805ms
[2025-12-28T13:37:24.387+0100][info][gc,cpu         ] GC(11) User=0.03s Sys=0.00s Real=0.00s
[2025-12-28T13:37:25.385+0100][info][gc,start       ] GC(12) Pause Full (System.gc())
[2025-12-28T13:37:25.385+0100][info][gc,task        ] GC(12) Using 8 workers of 8 for full compaction
[2025-12-28T13:37:25.385+0100][info][gc,phases,start] GC(12) Phase 1: Mark live objects
[2025-12-28T13:37:25.388+0100][info][gc,phases      ] GC(12) Phase 1: Mark live objects 2.437ms
[2025-12-28T13:37:25.388+0100][info][gc,phases,start] GC(12) Phase 2: Prepare compaction
[2025-12-28T13:37:25.388+0100][info][gc,phases      ] GC(12) Phase 2: Prepare compaction 0.442ms
[2025-12-28T13:37:25.388+0100][info][gc,phases,start] GC(12) Phase 3: Adjust pointers
[2025-12-28T13:37:25.390+0100][info][gc,phases      ] GC(12) Phase 3: Adjust pointers 1.574ms
[2025-12-28T13:37:25.390+0100][info][gc,phases,start] GC(12) Phase 4: Compact heap
[2025-12-28T13:37:25.390+0100][info][gc,phases      ] GC(12) Phase 4: Compact heap 0.687ms
[2025-12-28T13:37:25.391+0100][info][gc,phases,start] GC(12) Phase 5: Reset Metadata
[2025-12-28T13:37:25.391+0100][info][gc,phases      ] GC(12) Phase 5: Reset Metadata 0.370ms
[2025-12-28T13:37:25.394+0100][info][gc,heap        ] GC(12) Eden regions: 16->0(921)
[2025-12-28T13:37:25.394+0100][info][gc,heap        ] GC(12) Survivor regions: 0->0(116)
[2025-12-28T13:37:25.394+0100][info][gc,heap        ] GC(12) Old regions: 8->8
[2025-12-28T13:37:25.394+0100][info][gc,heap        ] GC(12) Humongous regions: 0->0
[2025-12-28T13:37:25.394+0100][info][gc,metaspace   ] GC(12) Metaspace: 7835K(8064K)->7835K(8064K) NonClass: 7204K(7296K)->7204K(7296K) Class: 631K(768K)->631K(768K)
[2025-12-28T13:37:25.394+0100][info][gc             ] GC(12) Pause Full (System.gc()) 69M->10M(6144M) 9.071ms
[2025-12-28T13:37:25.394+0100][info][gc,cpu         ] GC(12) User=0.04s Sys=0.00s Real=0.01s
[2025-12-28T13:37:25.394+0100][info][gc,start       ] GC(13) Pause Full (System.gc())
[2025-12-28T13:37:25.394+0100][info][gc,task        ] GC(13) Using 8 workers of 8 for full compaction
[2025-12-28T13:37:25.394+0100][info][gc,phases,start] GC(13) Phase 1: Mark live objects
[2025-12-28T13:37:25.397+0100][info][gc,phases      ] GC(13) Phase 1: Mark live objects 2.843ms
[2025-12-28T13:37:25.397+0100][info][gc,phases,start] GC(13) Phase 2: Prepare compaction
[2025-12-28T13:37:25.398+0100][info][gc,phases      ] GC(13) Phase 2: Prepare compaction 0.495ms
[2025-12-28T13:37:25.398+0100][info][gc,phases,start] GC(13) Phase 3: Adjust pointers
[2025-12-28T13:37:25.399+0100][info][gc,phases      ] GC(13) Phase 3: Adjust pointers 1.302ms
[2025-12-28T13:37:25.399+0100][info][gc,phases,start] GC(13) Phase 4: Compact heap
[2025-12-28T13:37:25.400+0100][info][gc,phases      ] GC(13) Phase 4: Compact heap 0.340ms
[2025-12-28T13:37:25.400+0100][info][gc,phases,start] GC(13) Phase 5: Reset Metadata
[2025-12-28T13:37:25.400+0100][info][gc,phases      ] GC(13) Phase 5: Reset Metadata 0.310ms
[2025-12-28T13:37:25.403+0100][info][gc,heap        ] GC(13) Eden regions: 1->0(921)
[2025-12-28T13:37:25.403+0100][info][gc,heap        ] GC(13) Survivor regions: 0->0(116)
[2025-12-28T13:37:25.403+0100][info][gc,heap        ] GC(13) Old regions: 8->8
[2025-12-28T13:37:25.403+0100][info][gc,heap        ] GC(13) Humongous regions: 0->0
[2025-12-28T13:37:25.403+0100][info][gc,metaspace   ] GC(13) Metaspace: 7835K(8064K)->7835K(8064K) NonClass: 7204K(7296K)->7204K(7296K) Class: 631K(768K)->631K(768K)
[2025-12-28T13:37:25.403+0100][info][gc             ] GC(13) Pause Full (System.gc()) 12M->10M(6144M) 8.516ms
[2025-12-28T13:37:25.403+0100][info][gc,cpu         ] GC(13) User=0.03s Sys=0.00s Real=0.01s
[2025-12-28T13:37:26.032+0100][info][gc,start       ] GC(14) Pause Full (System.gc())
[2025-12-28T13:37:26.032+0100][info][gc,task        ] GC(14) Using 8 workers of 8 for full compaction
[2025-12-28T13:37:26.032+0100][info][gc,phases,start] GC(14) Phase 1: Mark live objects
[2025-12-28T13:37:26.037+0100][info][gc,phases      ] GC(14) Phase 1: Mark live objects 4.485ms
[2025-12-28T13:37:26.037+0100][info][gc,phases,start] GC(14) Phase 2: Prepare compaction
[2025-12-28T13:37:26.037+0100][info][gc,phases      ] GC(14) Phase 2: Prepare compaction 0.767ms
[2025-12-28T13:37:26.037+0100][info][gc,phases,start] GC(14) Phase 3: Adjust pointers
[2025-12-28T13:37:26.040+0100][info][gc,phases      ] GC(14) Phase 3: Adjust pointers 2.796ms
[2025-12-28T13:37:26.040+0100][info][gc,phases,start] GC(14) Phase 4: Compact heap
[2025-12-28T13:37:26.041+0100][info][gc,phases      ] GC(14) Phase 4: Compact heap 0.801ms
[2025-12-28T13:37:26.041+0100][info][gc,phases,start] GC(14) Phase 5: Reset Metadata
[2025-12-28T13:37:26.041+0100][info][gc,phases      ] GC(14) Phase 5: Reset Metadata 0.358ms
[2025-12-28T13:37:26.045+0100][info][gc,heap        ] GC(14) Eden regions: 14->0(921)
[2025-12-28T13:37:26.045+0100][info][gc,heap        ] GC(14) Survivor regions: 0->0(116)
[2025-12-28T13:37:26.045+0100][info][gc,heap        ] GC(14) Old regions: 8->8
[2025-12-28T13:37:26.045+0100][info][gc,heap        ] GC(14) Humongous regions: 0->0
[2025-12-28T13:37:26.045+0100][info][gc,metaspace   ] GC(14) Metaspace: 7851K(8128K)->7851K(8128K) NonClass: 7219K(7360K)->7219K(7360K) Class: 631K(768K)->631K(768K)
[2025-12-28T13:37:26.045+0100][info][gc             ] GC(14) Pause Full (System.gc()) 66M->10M(6144M) 13.397ms
[2025-12-28T13:37:26.045+0100][info][gc,cpu         ] GC(14) User=0.05s Sys=0.01s Real=0.01s
[2025-12-28T13:37:26.045+0100][info][gc,start       ] GC(15) Pause Full (System.gc())
[2025-12-28T13:37:26.045+0100][info][gc,task        ] GC(15) Using 8 workers of 8 for full compaction
[2025-12-28T13:37:26.046+0100][info][gc,phases,start] GC(15) Phase 1: Mark live objects
[2025-12-28T13:37:26.050+0100][info][gc,phases      ] GC(15) Phase 1: Mark live objects 4.249ms
[2025-12-28T13:37:26.050+0100][info][gc,phases,start] GC(15) Phase 2: Prepare compaction
[2025-12-28T13:37:26.050+0100][info][gc,phases      ] GC(15) Phase 2: Prepare compaction 0.626ms
[2025-12-28T13:37:26.050+0100][info][gc,phases,start] GC(15) Phase 3: Adjust pointers
[2025-12-28T13:37:26.053+0100][info][gc,phases      ] GC(15) Phase 3: Adjust pointers 2.368ms
[2025-12-28T13:37:26.053+0100][info][gc,phases,start] GC(15) Phase 4: Compact heap
[2025-12-28T13:37:26.053+0100][info][gc,phases      ] GC(15) Phase 4: Compact heap 0.438ms
[2025-12-28T13:37:26.053+0100][info][gc,phases,start] GC(15) Phase 5: Reset Metadata
[2025-12-28T13:37:26.054+0100][info][gc,phases      ] GC(15) Phase 5: Reset Metadata 0.324ms
[2025-12-28T13:37:26.057+0100][info][gc,heap        ] GC(15) Eden regions: 1->0(921)
[2025-12-28T13:37:26.057+0100][info][gc,heap        ] GC(15) Survivor regions: 0->0(116)
[2025-12-28T13:37:26.057+0100][info][gc,heap        ] GC(15) Old regions: 8->8
[2025-12-28T13:37:26.057+0100][info][gc,heap        ] GC(15) Humongous regions: 0->0
[2025-12-28T13:37:26.057+0100][info][gc,metaspace   ] GC(15) Metaspace: 7852K(8128K)->7852K(8128K) NonClass: 7220K(7360K)->7220K(7360K) Class: 631K(768K)->631K(768K)
[2025-12-28T13:37:26.057+0100][info][gc             ] GC(15) Pause Full (System.gc()) 12M->10M(6144M) 11.729ms
[2025-12-28T13:37:26.057+0100][info][gc,cpu         ] GC(15) User=0.04s Sys=0.00s Real=0.01s
[2025-12-28T13:37:26.684+0100][info][gc,start       ] GC(16) Pause Full (System.gc())
[2025-12-28T13:37:26.684+0100][info][gc,task        ] GC(16) Using 8 workers of 8 for full compaction
[2025-12-28T13:37:26.684+0100][info][gc,phases,start] GC(16) Phase 1: Mark live objects
[2025-12-28T13:37:26.689+0100][info][gc,phases      ] GC(16) Phase 1: Mark live objects 4.434ms
[2025-12-28T13:37:26.689+0100][info][gc,phases,start] GC(16) Phase 2: Prepare compaction
[2025-12-28T13:37:26.689+0100][info][gc,phases      ] GC(16) Phase 2: Prepare compaction 0.729ms
[2025-12-28T13:37:26.690+0100][info][gc,phases,start] GC(16) Phase 3: Adjust pointers
[2025-12-28T13:37:26.692+0100][info][gc,phases      ] GC(16) Phase 3: Adjust pointers 2.598ms
[2025-12-28T13:37:26.692+0100][info][gc,phases,start] GC(16) Phase 4: Compact heap
[2025-12-28T13:37:26.693+0100][info][gc,phases      ] GC(16) Phase 4: Compact heap 0.632ms
[2025-12-28T13:37:26.693+0100][info][gc,phases,start] GC(16) Phase 5: Reset Metadata
[2025-12-28T13:37:26.693+0100][info][gc,phases      ] GC(16) Phase 5: Reset Metadata 0.345ms
[2025-12-28T13:37:26.697+0100][info][gc,heap        ] GC(16) Eden regions: 11->0(921)
[2025-12-28T13:37:26.697+0100][info][gc,heap        ] GC(16) Survivor regions: 0->0(116)
[2025-12-28T13:37:26.697+0100][info][gc,heap        ] GC(16) Old regions: 8->8
[2025-12-28T13:37:26.697+0100][info][gc,heap        ] GC(16) Humongous regions: 0->0
[2025-12-28T13:37:26.697+0100][info][gc,metaspace   ] GC(16) Metaspace: 7896K(8128K)->7896K(8128K) NonClass: 7265K(7360K)->7265K(7360K) Class: 631K(768K)->631K(768K)
[2025-12-28T13:37:26.697+0100][info][gc             ] GC(16) Pause Full (System.gc()) 52M->10M(6144M) 12.950ms
[2025-12-28T13:37:26.697+0100][info][gc,cpu         ] GC(16) User=0.05s Sys=0.01s Real=0.01s
[2025-12-28T13:37:26.697+0100][info][gc,start       ] GC(17) Pause Full (System.gc())
[2025-12-28T13:37:26.697+0100][info][gc,task        ] GC(17) Using 8 workers of 8 for full compaction
[2025-12-28T13:37:26.697+0100][info][gc,phases,start] GC(17) Phase 1: Mark live objects
[2025-12-28T13:37:26.701+0100][info][gc,phases      ] GC(17) Phase 1: Mark live objects 3.534ms
[2025-12-28T13:37:26.701+0100][info][gc,phases,start] GC(17) Phase 2: Prepare compaction
[2025-12-28T13:37:26.702+0100][info][gc,phases      ] GC(17) Phase 2: Prepare compaction 0.648ms
[2025-12-28T13:37:26.702+0100][info][gc,phases,start] GC(17) Phase 3: Adjust pointers
[2025-12-28T13:37:26.704+0100][info][gc,phases      ] GC(17) Phase 3: Adjust pointers 2.177ms
[2025-12-28T13:37:26.704+0100][info][gc,phases,start] GC(17) Phase 4: Compact heap
[2025-12-28T13:37:26.704+0100][info][gc,phases      ] GC(17) Phase 4: Compact heap 0.482ms
[2025-12-28T13:37:26.704+0100][info][gc,phases,start] GC(17) Phase 5: Reset Metadata
[2025-12-28T13:37:26.705+0100][info][gc,phases      ] GC(17) Phase 5: Reset Metadata 0.337ms
[2025-12-28T13:37:26.708+0100][info][gc,heap        ] GC(17) Eden regions: 1->0(921)
[2025-12-28T13:37:26.708+0100][info][gc,heap        ] GC(17) Survivor regions: 0->0(116)
[2025-12-28T13:37:26.708+0100][info][gc,heap        ] GC(17) Old regions: 8->8
[2025-12-28T13:37:26.708+0100][info][gc,heap        ] GC(17) Humongous regions: 0->0
[2025-12-28T13:37:26.708+0100][info][gc,metaspace   ] GC(17) Metaspace: 7896K(8128K)->7896K(8128K) NonClass: 7265K(7360K)->7265K(7360K) Class: 631K(768K)->631K(768K)
[2025-12-28T13:37:26.708+0100][info][gc             ] GC(17) Pause Full (System.gc()) 12M->10M(6144M) 10.992ms
[2025-12-28T13:37:26.708+0100][info][gc,cpu         ] GC(17) User=0.04s Sys=0.01s Real=0.01s
[2025-12-28T13:37:27.327+0100][info][gc,start       ] GC(18) Pause Full (System.gc())
[2025-12-28T13:37:27.327+0100][info][gc,task        ] GC(18) Using 8 workers of 8 for full compaction
[2025-12-28T13:37:27.327+0100][info][gc,phases,start] GC(18) Phase 1: Mark live objects
[2025-12-28T13:37:27.332+0100][info][gc,phases      ] GC(18) Phase 1: Mark live objects 5.158ms
[2025-12-28T13:37:27.333+0100][info][gc,phases,start] GC(18) Phase 2: Prepare compaction
[2025-12-28T13:37:27.333+0100][info][gc,phases      ] GC(18) Phase 2: Prepare compaction 0.728ms
[2025-12-28T13:37:27.333+0100][info][gc,phases,start] GC(18) Phase 3: Adjust pointers
[2025-12-28T13:37:27.336+0100][info][gc,phases      ] GC(18) Phase 3: Adjust pointers 2.598ms
[2025-12-28T13:37:27.336+0100][info][gc,phases,start] GC(18) Phase 4: Compact heap
[2025-12-28T13:37:27.336+0100][info][gc,phases      ] GC(18) Phase 4: Compact heap 0.585ms
[2025-12-28T13:37:27.337+0100][info][gc,phases,start] GC(18) Phase 5: Reset Metadata
[2025-12-28T13:37:27.337+0100][info][gc,phases      ] GC(18) Phase 5: Reset Metadata 0.401ms
[2025-12-28T13:37:27.340+0100][info][gc,heap        ] GC(18) Eden regions: 6->0(921)
[2025-12-28T13:37:27.340+0100][info][gc,heap        ] GC(18) Survivor regions: 0->0(116)
[2025-12-28T13:37:27.340+0100][info][gc,heap        ] GC(18) Old regions: 8->8
[2025-12-28T13:37:27.340+0100][info][gc,heap        ] GC(18) Humongous regions: 0->0
[2025-12-28T13:37:27.340+0100][info][gc,metaspace   ] GC(18) Metaspace: 7898K(8128K)->7898K(8128K) NonClass: 7266K(7360K)->7266K(7360K) Class: 631K(768K)->631K(768K)
[2025-12-28T13:37:27.341+0100][info][gc             ] GC(18) Pause Full (System.gc()) 34M->10M(6144M) 13.625ms
[2025-12-28T13:37:27.341+0100][info][gc,cpu         ] GC(18) User=0.05s Sys=0.01s Real=0.02s
[2025-12-28T13:37:27.341+0100][info][gc,start       ] GC(19) Pause Full (System.gc())
[2025-12-28T13:37:27.341+0100][info][gc,task        ] GC(19) Using 8 workers of 8 for full compaction
[2025-12-28T13:37:27.341+0100][info][gc,phases,start] GC(19) Phase 1: Mark live objects
[2025-12-28T13:37:27.345+0100][info][gc,phases      ] GC(19) Phase 1: Mark live objects 4.001ms
[2025-12-28T13:37:27.345+0100][info][gc,phases,start] GC(19) Phase 2: Prepare compaction
[2025-12-28T13:37:27.346+0100][info][gc,phases      ] GC(19) Phase 2: Prepare compaction 0.732ms
[2025-12-28T13:37:27.346+0100][info][gc,phases,start] GC(19) Phase 3: Adjust pointers
[2025-12-28T13:37:27.349+0100][info][gc,phases      ] GC(19) Phase 3: Adjust pointers 2.741ms
[2025-12-28T13:37:27.349+0100][info][gc,phases,start] GC(19) Phase 4: Compact heap
[2025-12-28T13:37:27.349+0100][info][gc,phases      ] GC(19) Phase 4: Compact heap 0.503ms
[2025-12-28T13:37:27.349+0100][info][gc,phases,start] GC(19) Phase 5: Reset Metadata
[2025-12-28T13:37:27.350+0100][info][gc,phases      ] GC(19) Phase 5: Reset Metadata 0.334ms
[2025-12-28T13:37:27.353+0100][info][gc,heap        ] GC(19) Eden regions: 1->0(921)
[2025-12-28T13:37:27.353+0100][info][gc,heap        ] GC(19) Survivor regions: 0->0(116)
[2025-12-28T13:37:27.353+0100][info][gc,heap        ] GC(19) Old regions: 8->8
[2025-12-28T13:37:27.353+0100][info][gc,heap        ] GC(19) Humongous regions: 0->0
[2025-12-28T13:37:27.353+0100][info][gc,metaspace   ] GC(19) Metaspace: 7900K(8128K)->7900K(8128K) NonClass: 7268K(7360K)->7268K(7360K) Class: 631K(768K)->631K(768K)
[2025-12-28T13:37:27.353+0100][info][gc             ] GC(19) Pause Full (System.gc()) 12M->10M(6144M) 11.902ms
[2025-12-28T13:37:27.353+0100][info][gc,cpu         ] GC(19) User=0.05s Sys=0.01s Real=0.01s
[2025-12-28T13:37:27.983+0100][info][gc,start       ] GC(20) Pause Full (System.gc())
[2025-12-28T13:37:27.983+0100][info][gc,task        ] GC(20) Using 8 workers of 8 for full compaction
[2025-12-28T13:37:27.984+0100][info][gc,phases,start] GC(20) Phase 1: Mark live objects
[2025-12-28T13:37:27.988+0100][info][gc,phases      ] GC(20) Phase 1: Mark live objects 4.652ms
[2025-12-28T13:37:27.988+0100][info][gc,phases,start] GC(20) Phase 2: Prepare compaction
[2025-12-28T13:37:27.989+0100][info][gc,phases      ] GC(20) Phase 2: Prepare compaction 0.736ms
[2025-12-28T13:37:27.989+0100][info][gc,phases,start] GC(20) Phase 3: Adjust pointers
[2025-12-28T13:37:27.992+0100][info][gc,phases      ] GC(20) Phase 3: Adjust pointers 2.776ms
[2025-12-28T13:37:27.992+0100][info][gc,phases,start] GC(20) Phase 4: Compact heap
[2025-12-28T13:37:27.993+0100][info][gc,phases      ] GC(20) Phase 4: Compact heap 0.669ms
[2025-12-28T13:37:27.993+0100][info][gc,phases,start] GC(20) Phase 5: Reset Metadata
[2025-12-28T13:37:27.993+0100][info][gc,phases      ] GC(20) Phase 5: Reset Metadata 0.459ms
[2025-12-28T13:37:27.997+0100][info][gc,heap        ] GC(20) Eden regions: 13->0(921)
[2025-12-28T13:37:27.997+0100][info][gc,heap        ] GC(20) Survivor regions: 0->0(116)
[2025-12-28T13:37:27.997+0100][info][gc,heap        ] GC(20) Old regions: 8->8
[2025-12-28T13:37:27.997+0100][info][gc,heap        ] GC(20) Humongous regions: 0->0
[2025-12-28T13:37:27.997+0100][info][gc,metaspace   ] GC(20) Metaspace: 7913K(8192K)->7913K(8192K) NonClass: 7282K(7424K)->7282K(7424K) Class: 631K(768K)->631K(768K)
[2025-12-28T13:37:27.997+0100][info][gc             ] GC(20) Pause Full (System.gc()) 62M->10M(6144M) 13.716ms
[2025-12-28T13:37:27.997+0100][info][gc,cpu         ] GC(20) User=0.05s Sys=0.00s Real=0.01s
[2025-12-28T13:37:27.997+0100][info][gc,start       ] GC(21) Pause Full (System.gc())
[2025-12-28T13:37:27.997+0100][info][gc,task        ] GC(21) Using 8 workers of 8 for full compaction
[2025-12-28T13:37:27.998+0100][info][gc,phases,start] GC(21) Phase 1: Mark live objects
[2025-12-28T13:37:28.002+0100][info][gc,phases      ] GC(21) Phase 1: Mark live objects 4.047ms
[2025-12-28T13:37:28.002+0100][info][gc,phases,start] GC(21) Phase 2: Prepare compaction
[2025-12-28T13:37:28.002+0100][info][gc,phases      ] GC(21) Phase 2: Prepare compaction 0.651ms
[2025-12-28T13:37:28.002+0100][info][gc,phases,start] GC(21) Phase 3: Adjust pointers
[2025-12-28T13:37:28.005+0100][info][gc,phases      ] GC(21) Phase 3: Adjust pointers 2.125ms
[2025-12-28T13:37:28.005+0100][info][gc,phases,start] GC(21) Phase 4: Compact heap
[2025-12-28T13:37:28.005+0100][info][gc,phases      ] GC(21) Phase 4: Compact heap 0.464ms
[2025-12-28T13:37:28.005+0100][info][gc,phases,start] GC(21) Phase 5: Reset Metadata
[2025-12-28T13:37:28.005+0100][info][gc,phases      ] GC(21) Phase 5: Reset Metadata 0.387ms
[2025-12-28T13:37:28.009+0100][info][gc,heap        ] GC(21) Eden regions: 1->0(921)
[2025-12-28T13:37:28.009+0100][info][gc,heap        ] GC(21) Survivor regions: 0->0(116)
[2025-12-28T13:37:28.009+0100][info][gc,heap        ] GC(21) Old regions: 8->8
[2025-12-28T13:37:28.009+0100][info][gc,heap        ] GC(21) Humongous regions: 0->0
[2025-12-28T13:37:28.009+0100][info][gc,metaspace   ] GC(21) Metaspace: 7913K(8192K)->7913K(8192K) NonClass: 7282K(7424K)->7282K(7424K) Class: 631K(768K)->631K(768K)
[2025-12-28T13:37:28.009+0100][info][gc             ] GC(21) Pause Full (System.gc()) 12M->10M(6144M) 11.407ms
[2025-12-28T13:37:28.009+0100][info][gc,cpu         ] GC(21) User=0.04s Sys=0.01s Real=0.01s
[2025-12-28T13:37:28.632+0100][info][gc,start       ] GC(22) Pause Full (System.gc())
[2025-12-28T13:37:28.632+0100][info][gc,task        ] GC(22) Using 8 workers of 8 for full compaction
[2025-12-28T13:37:28.632+0100][info][gc,phases,start] GC(22) Phase 1: Mark live objects
[2025-12-28T13:37:28.638+0100][info][gc,phases      ] GC(22) Phase 1: Mark live objects 5.231ms
[2025-12-28T13:37:28.638+0100][info][gc,phases,start] GC(22) Phase 2: Prepare compaction
[2025-12-28T13:37:28.638+0100][info][gc,phases      ] GC(22) Phase 2: Prepare compaction 0.738ms
[2025-12-28T13:37:28.638+0100][info][gc,phases,start] GC(22) Phase 3: Adjust pointers
[2025-12-28T13:37:28.641+0100][info][gc,phases      ] GC(22) Phase 3: Adjust pointers 2.737ms
[2025-12-28T13:37:28.641+0100][info][gc,phases,start] GC(22) Phase 4: Compact heap
[2025-12-28T13:37:28.642+0100][info][gc,phases      ] GC(22) Phase 4: Compact heap 0.715ms
[2025-12-28T13:37:28.642+0100][info][gc,phases,start] GC(22) Phase 5: Reset Metadata
[2025-12-28T13:37:28.642+0100][info][gc,phases      ] GC(22) Phase 5: Reset Metadata 0.338ms
[2025-12-28T13:37:28.646+0100][info][gc,heap        ] GC(22) Eden regions: 10->0(921)
[2025-12-28T13:37:28.646+0100][info][gc,heap        ] GC(22) Survivor regions: 0->0(116)
[2025-12-28T13:37:28.646+0100][info][gc,heap        ] GC(22) Old regions: 8->8
[2025-12-28T13:37:28.646+0100][info][gc,heap        ] GC(22) Humongous regions: 0->0
[2025-12-28T13:37:28.646+0100][info][gc,metaspace   ] GC(22) Metaspace: 7925K(8192K)->7925K(8192K) NonClass: 7294K(7424K)->7294K(7424K) Class: 631K(768K)->631K(768K)
[2025-12-28T13:37:28.646+0100][info][gc             ] GC(22) Pause Full (System.gc()) 48M->10M(6144M) 14.225ms
[2025-12-28T13:37:28.646+0100][info][gc,cpu         ] GC(22) User=0.05s Sys=0.01s Real=0.01s
[2025-12-28T13:37:28.647+0100][info][gc,start       ] GC(23) Pause Full (System.gc())
[2025-12-28T13:37:28.647+0100][info][gc,task        ] GC(23) Using 8 workers of 8 for full compaction
[2025-12-28T13:37:28.647+0100][info][gc,phases,start] GC(23) Phase 1: Mark live objects
[2025-12-28T13:37:28.651+0100][info][gc,phases      ] GC(23) Phase 1: Mark live objects 3.721ms
[2025-12-28T13:37:28.651+0100][info][gc,phases,start] GC(23) Phase 2: Prepare compaction
[2025-12-28T13:37:28.651+0100][info][gc,phases      ] GC(23) Phase 2: Prepare compaction 0.638ms
[2025-12-28T13:37:28.651+0100][info][gc,phases,start] GC(23) Phase 3: Adjust pointers
[2025-12-28T13:37:28.654+0100][info][gc,phases      ] GC(23) Phase 3: Adjust pointers 2.313ms
[2025-12-28T13:37:28.654+0100][info][gc,phases,start] GC(23) Phase 4: Compact heap
[2025-12-28T13:37:28.654+0100][info][gc,phases      ] GC(23) Phase 4: Compact heap 0.499ms
[2025-12-28T13:37:28.654+0100][info][gc,phases,start] GC(23) Phase 5: Reset Metadata
[2025-12-28T13:37:28.654+0100][info][gc,phases      ] GC(23) Phase 5: Reset Metadata 0.335ms
[2025-12-28T13:37:28.658+0100][info][gc,heap        ] GC(23) Eden regions: 1->0(921)
[2025-12-28T13:37:28.658+0100][info][gc,heap        ] GC(23) Survivor regions: 0->0(116)
[2025-12-28T13:37:28.658+0100][info][gc,heap        ] GC(23) Old regions: 8->8
[2025-12-28T13:37:28.658+0100][info][gc,heap        ] GC(23) Humongous regions: 0->0
[2025-12-28T13:37:28.658+0100][info][gc,metaspace   ] GC(23) Metaspace: 7925K(8192K)->7925K(8192K) NonClass: 7294K(7424K)->7294K(7424K) Class: 631K(768K)->631K(768K)
[2025-12-28T13:37:28.658+0100][info][gc             ] GC(23) Pause Full (System.gc()) 12M->10M(6144M) 11.466ms
[2025-12-28T13:37:28.658+0100][info][gc,cpu         ] GC(23) User=0.04s Sys=0.00s Real=0.01s
[2025-12-28T13:37:29.282+0100][info][gc,start       ] GC(24) Pause Full (System.gc())
[2025-12-28T13:37:29.282+0100][info][gc,task        ] GC(24) Using 8 workers of 8 for full compaction
[2025-12-28T13:37:29.282+0100][info][gc,phases,start] GC(24) Phase 1: Mark live objects
[2025-12-28T13:37:29.287+0100][info][gc,phases      ] GC(24) Phase 1: Mark live objects 4.468ms
[2025-12-28T13:37:29.287+0100][info][gc,phases,start] GC(24) Phase 2: Prepare compaction
[2025-12-28T13:37:29.288+0100][info][gc,phases      ] GC(24) Phase 2: Prepare compaction 0.790ms
[2025-12-28T13:37:29.288+0100][info][gc,phases,start] GC(24) Phase 3: Adjust pointers
[2025-12-28T13:37:29.290+0100][info][gc,phases      ] GC(24) Phase 3: Adjust pointers 2.575ms
[2025-12-28T13:37:29.290+0100][info][gc,phases,start] GC(24) Phase 4: Compact heap
[2025-12-28T13:37:29.291+0100][info][gc,phases      ] GC(24) Phase 4: Compact heap 0.588ms
[2025-12-28T13:37:29.291+0100][info][gc,phases,start] GC(24) Phase 5: Reset Metadata
[2025-12-28T13:37:29.291+0100][info][gc,phases      ] GC(24) Phase 5: Reset Metadata 0.321ms
[2025-12-28T13:37:29.294+0100][info][gc,heap        ] GC(24) Eden regions: 9->0(921)
[2025-12-28T13:37:29.294+0100][info][gc,heap        ] GC(24) Survivor regions: 0->0(116)
[2025-12-28T13:37:29.294+0100][info][gc,heap        ] GC(24) Old regions: 8->8
[2025-12-28T13:37:29.294+0100][info][gc,heap        ] GC(24) Humongous regions: 0->0
[2025-12-28T13:37:29.294+0100][info][gc,metaspace   ] GC(24) Metaspace: 7934K(8192K)->7934K(8192K) NonClass: 7302K(7424K)->7302K(7424K) Class: 631K(768K)->631K(768K)
[2025-12-28T13:37:29.294+0100][info][gc             ] GC(24) Pause Full (System.gc()) 44M->10M(6144M) 12.661ms
[2025-12-28T13:37:29.295+0100][info][gc,cpu         ] GC(24) User=0.05s Sys=0.01s Real=0.01s
[2025-12-28T13:37:29.295+0100][info][gc,start       ] GC(25) Pause Full (System.gc())
[2025-12-28T13:37:29.295+0100][info][gc,task        ] GC(25) Using 8 workers of 8 for full compaction
[2025-12-28T13:37:29.295+0100][info][gc,phases,start] GC(25) Phase 1: Mark live objects
[2025-12-28T13:37:29.299+0100][info][gc,phases      ] GC(25) Phase 1: Mark live objects 3.903ms
[2025-12-28T13:37:29.299+0100][info][gc,phases,start] GC(25) Phase 2: Prepare compaction
[2025-12-28T13:37:29.299+0100][info][gc,phases      ] GC(25) Phase 2: Prepare compaction 0.554ms
[2025-12-28T13:37:29.299+0100][info][gc,phases,start] GC(25) Phase 3: Adjust pointers
[2025-12-28T13:37:29.301+0100][info][gc,phases      ] GC(25) Phase 3: Adjust pointers 2.011ms
[2025-12-28T13:37:29.301+0100][info][gc,phases,start] GC(25) Phase 4: Compact heap
[2025-12-28T13:37:29.302+0100][info][gc,phases      ] GC(25) Phase 4: Compact heap 0.443ms
[2025-12-28T13:37:29.302+0100][info][gc,phases,start] GC(25) Phase 5: Reset Metadata
[2025-12-28T13:37:29.302+0100][info][gc,phases      ] GC(25) Phase 5: Reset Metadata 0.337ms
[2025-12-28T13:37:29.306+0100][info][gc,heap        ] GC(25) Eden regions: 1->0(921)
[2025-12-28T13:37:29.306+0100][info][gc,heap        ] GC(25) Survivor regions: 0->0(116)
[2025-12-28T13:37:29.306+0100][info][gc,heap        ] GC(25) Old regions: 8->8
[2025-12-28T13:37:29.306+0100][info][gc,heap        ] GC(25) Humongous regions: 0->0
[2025-12-28T13:37:29.306+0100][info][gc,metaspace   ] GC(25) Metaspace: 7934K(8192K)->7934K(8192K) NonClass: 7302K(7424K)->7302K(7424K) Class: 631K(768K)->631K(768K)
[2025-12-28T13:37:29.306+0100][info][gc             ] GC(25) Pause Full (System.gc()) 12M->10M(6144M) 10.795ms
[2025-12-28T13:37:29.306+0100][info][gc,cpu         ] GC(25) User=0.04s Sys=0.00s Real=0.01s
[2025-12-28T13:37:29.931+0100][info][gc,start       ] GC(26) Pause Full (System.gc())
[2025-12-28T13:37:29.931+0100][info][gc,task        ] GC(26) Using 8 workers of 8 for full compaction
[2025-12-28T13:37:29.931+0100][info][gc,phases,start] GC(26) Phase 1: Mark live objects
[2025-12-28T13:37:29.937+0100][info][gc,phases      ] GC(26) Phase 1: Mark live objects 5.428ms
[2025-12-28T13:37:29.937+0100][info][gc,phases,start] GC(26) Phase 2: Prepare compaction
[2025-12-28T13:37:29.938+0100][info][gc,phases      ] GC(26) Phase 2: Prepare compaction 0.882ms
[2025-12-28T13:37:29.938+0100][info][gc,phases,start] GC(26) Phase 3: Adjust pointers
[2025-12-28T13:37:29.940+0100][info][gc,phases      ] GC(26) Phase 3: Adjust pointers 2.844ms
[2025-12-28T13:37:29.940+0100][info][gc,phases,start] GC(26) Phase 4: Compact heap
[2025-12-28T13:37:29.941+0100][info][gc,phases      ] GC(26) Phase 4: Compact heap 0.675ms
[2025-12-28T13:37:29.941+0100][info][gc,phases,start] GC(26) Phase 5: Reset Metadata
[2025-12-28T13:37:29.942+0100][info][gc,phases      ] GC(26) Phase 5: Reset Metadata 0.393ms
[2025-12-28T13:37:29.945+0100][info][gc,heap        ] GC(26) Eden regions: 9->0(921)
[2025-12-28T13:37:29.945+0100][info][gc,heap        ] GC(26) Survivor regions: 0->0(116)
[2025-12-28T13:37:29.945+0100][info][gc,heap        ] GC(26) Old regions: 8->8
[2025-12-28T13:37:29.945+0100][info][gc,heap        ] GC(26) Humongous regions: 0->0
[2025-12-28T13:37:29.945+0100][info][gc,metaspace   ] GC(26) Metaspace: 7945K(8192K)->7945K(8192K) NonClass: 7313K(7424K)->7313K(7424K) Class: 631K(768K)->631K(768K)
[2025-12-28T13:37:29.945+0100][info][gc             ] GC(26) Pause Full (System.gc()) 46M->10M(6144M) 14.520ms
[2025-12-28T13:37:29.945+0100][info][gc,cpu         ] GC(26) User=0.05s Sys=0.01s Real=0.01s
[2025-12-28T13:37:29.946+0100][info][gc,start       ] GC(27) Pause Full (System.gc())
[2025-12-28T13:37:29.946+0100][info][gc,task        ] GC(27) Using 8 workers of 8 for full compaction
[2025-12-28T13:37:29.946+0100][info][gc,phases,start] GC(27) Phase 1: Mark live objects
[2025-12-28T13:37:29.950+0100][info][gc,phases      ] GC(27) Phase 1: Mark live objects 4.366ms
[2025-12-28T13:37:29.950+0100][info][gc,phases,start] GC(27) Phase 2: Prepare compaction
[2025-12-28T13:37:29.951+0100][info][gc,phases      ] GC(27) Phase 2: Prepare compaction 0.647ms
[2025-12-28T13:37:29.951+0100][info][gc,phases,start] GC(27) Phase 3: Adjust pointers
[2025-12-28T13:37:29.954+0100][info][gc,phases      ] GC(27) Phase 3: Adjust pointers 2.794ms
[2025-12-28T13:37:29.954+0100][info][gc,phases,start] GC(27) Phase 4: Compact heap
[2025-12-28T13:37:29.954+0100][info][gc,phases      ] GC(27) Phase 4: Compact heap 0.514ms
[2025-12-28T13:37:29.954+0100][info][gc,phases,start] GC(27) Phase 5: Reset Metadata
[2025-12-28T13:37:29.955+0100][info][gc,phases      ] GC(27) Phase 5: Reset Metadata 0.375ms
[2025-12-28T13:37:29.958+0100][info][gc,heap        ] GC(27) Eden regions: 1->0(921)
[2025-12-28T13:37:29.958+0100][info][gc,heap        ] GC(27) Survivor regions: 0->0(116)
[2025-12-28T13:37:29.958+0100][info][gc,heap        ] GC(27) Old regions: 8->8
[2025-12-28T13:37:29.958+0100][info][gc,heap        ] GC(27) Humongous regions: 0->0
[2025-12-28T13:37:29.958+0100][info][gc,metaspace   ] GC(27) Metaspace: 7945K(8192K)->7945K(8192K) NonClass: 7314K(7424K)->7314K(7424K) Class: 631K(768K)->631K(768K)
[2025-12-28T13:37:29.958+0100][info][gc             ] GC(27) Pause Full (System.gc()) 12M->10M(6144M) 12.732ms
[2025-12-28T13:37:29.958+0100][info][gc,cpu         ] GC(27) User=0.05s Sys=0.01s Real=0.01s
[2025-12-28T13:37:30.570+0100][info][gc,start       ] GC(28) Pause Full (System.gc())
[2025-12-28T13:37:30.571+0100][info][gc,task        ] GC(28) Using 8 workers of 8 for full compaction
[2025-12-28T13:37:30.571+0100][info][gc,phases,start] GC(28) Phase 1: Mark live objects
[2025-12-28T13:37:30.574+0100][info][gc,phases      ] GC(28) Phase 1: Mark live objects 2.697ms
[2025-12-28T13:37:30.574+0100][info][gc,phases,start] GC(28) Phase 2: Prepare compaction
[2025-12-28T13:37:30.574+0100][info][gc,phases      ] GC(28) Phase 2: Prepare compaction 0.406ms
[2025-12-28T13:37:30.574+0100][info][gc,phases,start] GC(28) Phase 3: Adjust pointers
[2025-12-28T13:37:30.575+0100][info][gc,phases      ] GC(28) Phase 3: Adjust pointers 1.501ms
[2025-12-28T13:37:30.576+0100][info][gc,phases,start] GC(28) Phase 4: Compact heap
[2025-12-28T13:37:30.576+0100][info][gc,phases      ] GC(28) Phase 4: Compact heap 0.316ms
[2025-12-28T13:37:30.576+0100][info][gc,phases,start] GC(28) Phase 5: Reset Metadata
[2025-12-28T13:37:30.576+0100][info][gc,phases      ] GC(28) Phase 5: Reset Metadata 0.305ms
[2025-12-28T13:37:30.579+0100][info][gc,heap        ] GC(28) Eden regions: 8->0(921)
[2025-12-28T13:37:30.579+0100][info][gc,heap        ] GC(28) Survivor regions: 0->0(116)
[2025-12-28T13:37:30.579+0100][info][gc,heap        ] GC(28) Old regions: 8->8
[2025-12-28T13:37:30.579+0100][info][gc,heap        ] GC(28) Humongous regions: 0->0
[2025-12-28T13:37:30.579+0100][info][gc,metaspace   ] GC(28) Metaspace: 7946K(8192K)->7946K(8192K) NonClass: 7314K(7424K)->7314K(7424K) Class: 631K(768K)->631K(768K)
[2025-12-28T13:37:30.579+0100][info][gc             ] GC(28) Pause Full (System.gc()) 40M->10M(6144M) 9.099ms
[2025-12-28T13:37:30.579+0100][info][gc,cpu         ] GC(28) User=0.04s Sys=0.00s Real=0.00s
[2025-12-28T13:37:30.580+0100][info][gc,start       ] GC(29) Pause Full (System.gc())
[2025-12-28T13:37:30.580+0100][info][gc,task        ] GC(29) Using 8 workers of 8 for full compaction
[2025-12-28T13:37:30.580+0100][info][gc,phases,start] GC(29) Phase 1: Mark live objects
[2025-12-28T13:37:30.582+0100][info][gc,phases      ] GC(29) Phase 1: Mark live objects 2.678ms
[2025-12-28T13:37:30.582+0100][info][gc,phases,start] GC(29) Phase 2: Prepare compaction
[2025-12-28T13:37:30.583+0100][info][gc,phases      ] GC(29) Phase 2: Prepare compaction 0.379ms
[2025-12-28T13:37:30.583+0100][info][gc,phases,start] GC(29) Phase 3: Adjust pointers
[2025-12-28T13:37:30.584+0100][info][gc,phases      ] GC(29) Phase 3: Adjust pointers 1.413ms
[2025-12-28T13:37:30.584+0100][info][gc,phases,start] GC(29) Phase 4: Compact heap
[2025-12-28T13:37:30.585+0100][info][gc,phases      ] GC(29) Phase 4: Compact heap 0.265ms
[2025-12-28T13:37:30.585+0100][info][gc,phases,start] GC(29) Phase 5: Reset Metadata
[2025-12-28T13:37:30.585+0100][info][gc,phases      ] GC(29) Phase 5: Reset Metadata 0.308ms
[2025-12-28T13:37:30.588+0100][info][gc,heap        ] GC(29) Eden regions: 1->0(921)
[2025-12-28T13:37:30.588+0100][info][gc,heap        ] GC(29) Survivor regions: 0->0(116)
[2025-12-28T13:37:30.588+0100][info][gc,heap        ] GC(29) Old regions: 8->8
[2025-12-28T13:37:30.588+0100][info][gc,heap        ] GC(29) Humongous regions: 0->0
[2025-12-28T13:37:30.588+0100][info][gc,metaspace   ] GC(29) Metaspace: 7946K(8192K)->7946K(8192K) NonClass: 7314K(7424K)->7314K(7424K) Class: 631K(768K)->631K(768K)
[2025-12-28T13:37:30.588+0100][info][gc             ] GC(29) Pause Full (System.gc()) 12M->10M(6144M) 8.425ms
[2025-12-28T13:37:30.588+0100][info][gc,cpu         ] GC(29) User=0.03s Sys=0.01s Real=0.00s
[2025-12-28T13:37:31.339+0100][info][gc,exit        ] Heap
[2025-12-28T13:37:31.339+0100][info][gc,exit        ]  garbage-first heap   total reserved 6291456K, committed 6291456K, used 47234K [0x0000000680000000, 0x0000000800000000)
[2025-12-28T13:37:31.339+0100][info][gc,exit        ]   region size 4096K, 9 young (36864K), 0 survivors (0K)
[2025-12-28T13:37:31.339+0100][info][gc,exit        ]  Metaspace       used 8337K, committed 8512K, reserved 1114112K
[2025-12-28T13:37:31.339+0100][info][gc,exit        ]   class space    used 668K, committed 768K, reserved 1048576K
