[2025-12-28T17:00:11.393+0100][info][gc,init] CardTable entry size: 512
[2025-12-28T17:00:11.393+0100][info][gc     ] Using G1
[2025-12-28T17:00:11.396+0100][info][gc,init] Version: 25.0.1+8-jvmci-b01 (release)
[2025-12-28T17:00:11.396+0100][info][gc,init] CPUs: 8 total, 8 available
[2025-12-28T17:00:11.396+0100][info][gc,init] Memory: 16384M
[2025-12-28T17:00:11.396+0100][info][gc,init] Large Page Support: Disabled
[2025-12-28T17:00:11.396+0100][info][gc,init] NUMA Support: Disabled
[2025-12-28T17:00:11.396+0100][info][gc,init] Compressed Oops: Enabled (Zero based)
[2025-12-28T17:00:11.396+0100][info][gc,init] Heap Region Size: 4M
[2025-12-28T17:00:11.396+0100][info][gc,init] Heap Min Capacity: 6G
[2025-12-28T17:00:11.396+0100][info][gc,init] Heap Initial Capacity: 6G
[2025-12-28T17:00:11.396+0100][info][gc,init] Heap Max Capacity: 6G
[2025-12-28T17:00:11.396+0100][info][gc,init] Pre-touch: Disabled
[2025-12-28T17:00:11.396+0100][info][gc,init] Parallel Workers: 8
[2025-12-28T17:00:11.396+0100][info][gc,init] Concurrent Workers: 2
[2025-12-28T17:00:11.396+0100][info][gc,init] Concurrent Refinement Workers: 8
[2025-12-28T17:00:11.396+0100][info][gc,init] Periodic GC: Disabled
[2025-12-28T17:00:11.397+0100][info][gc,metaspace] CDS archive(s) mapped at: [0x000007ff00000000-0x000007ff00da0000-0x000007ff00da0000), size 14286848, SharedBaseAddress: 0x000007ff00000000, ArchiveRelocationMode: 1.
[2025-12-28T17:00:11.397+0100][info][gc,metaspace] Compressed class space mapped at: 0x000007ff01000000-0x000007ff41000000, reserved size: 1073741824
[2025-12-28T17:00:11.397+0100][info][gc,metaspace] UseCompressedClassPointers 1, UseCompactObjectHeaders 0
[2025-12-28T17:00:11.397+0100][info][gc,metaspace] Narrow klass pointer bits 32, Max shift 3
[2025-12-28T17:00:11.398+0100][info][gc,metaspace] Narrow klass base: 0x000007ff00000000, Narrow klass shift: 0
[2025-12-28T17:00:11.398+0100][info][gc,metaspace] Encoding Range: [0x000007ff00000000 - 0x0000080000000000), (4294967296 bytes)
[2025-12-28T17:00:11.398+0100][info][gc,metaspace] Klass Range:    [0x000007ff00004000 - 0x000007ff41000000), (1090502656 bytes)
[2025-12-28T17:00:11.398+0100][info][gc,metaspace] Klass ID Range:  [16384 - 1090519033) (1090502649)
[2025-12-28T17:00:11.398+0100][info][gc,metaspace] Protection zone: [0x000007ff00000000 - 0x000007ff00004000), (16384 bytes)
[2025-12-28T17:00:11.557+0100][info][gc,start    ] GC(0) Pause Full (System.gc())
[2025-12-28T17:00:11.557+0100][info][gc,task     ] GC(0) Using 7 workers of 8 for full compaction
[2025-12-28T17:00:11.557+0100][info][gc,phases,start] GC(0) Phase 1: Mark live objects
[2025-12-28T17:00:11.558+0100][info][gc,phases      ] GC(0) Phase 1: Mark live objects 1.437ms
[2025-12-28T17:00:11.559+0100][info][gc,phases,start] GC(0) Phase 2: Prepare compaction
[2025-12-28T17:00:11.559+0100][info][gc,phases      ] GC(0) Phase 2: Prepare compaction 0.390ms
[2025-12-28T17:00:11.559+0100][info][gc,phases,start] GC(0) Phase 3: Adjust pointers
[2025-12-28T17:00:11.559+0100][info][gc,phases      ] GC(0) Phase 3: Adjust pointers 0.487ms
[2025-12-28T17:00:11.559+0100][info][gc,phases,start] GC(0) Phase 4: Compact heap
[2025-12-28T17:00:11.560+0100][info][gc,phases      ] GC(0) Phase 4: Compact heap 0.920ms
[2025-12-28T17:00:11.560+0100][info][gc,phases,start] GC(0) Phase 5: Reset Metadata
[2025-12-28T17:00:11.561+0100][info][gc,phases      ] GC(0) Phase 5: Reset Metadata 0.402ms
[2025-12-28T17:00:11.569+0100][info][gc,heap        ] GC(0) Eden regions: 6->0(76)
[2025-12-28T17:00:11.570+0100][info][gc,heap        ] GC(0) Survivor regions: 0->0(0)
[2025-12-28T17:00:11.570+0100][info][gc,heap        ] GC(0) Old regions: 1->7
[2025-12-28T17:00:11.570+0100][info][gc,heap        ] GC(0) Humongous regions: 0->0
[2025-12-28T17:00:11.570+0100][info][gc,metaspace   ] GC(0) Metaspace: 3414K(3520K)->3414K(3520K) NonClass: 3145K(3200K)->3145K(3200K) Class: 269K(320K)->269K(320K)
[2025-12-28T17:00:11.570+0100][info][gc             ] GC(0) Pause Full (System.gc()) 23M->7M(6144M) 12.868ms
[2025-12-28T17:00:11.570+0100][info][gc,cpu         ] GC(0) User=0.02s Sys=0.04s Real=0.02s
[2025-12-28T17:00:11.570+0100][info][gc,start       ] GC(1) Pause Full (System.gc())
[2025-12-28T17:00:11.570+0100][info][gc,task        ] GC(1) Using 8 workers of 8 for full compaction
[2025-12-28T17:00:11.570+0100][info][gc,phases,start] GC(1) Phase 1: Mark live objects
[2025-12-28T17:00:11.571+0100][info][gc,phases      ] GC(1) Phase 1: Mark live objects 0.983ms
[2025-12-28T17:00:11.571+0100][info][gc,phases,start] GC(1) Phase 2: Prepare compaction
[2025-12-28T17:00:11.571+0100][info][gc,phases      ] GC(1) Phase 2: Prepare compaction 0.246ms
[2025-12-28T17:00:11.571+0100][info][gc,phases,start] GC(1) Phase 3: Adjust pointers
[2025-12-28T17:00:11.572+0100][info][gc,phases      ] GC(1) Phase 3: Adjust pointers 0.449ms
[2025-12-28T17:00:11.572+0100][info][gc,phases,start] GC(1) Phase 4: Compact heap
[2025-12-28T17:00:11.572+0100][info][gc,phases      ] GC(1) Phase 4: Compact heap 0.203ms
[2025-12-28T17:00:11.572+0100][info][gc,phases,start] GC(1) Phase 5: Reset Metadata
[2025-12-28T17:00:11.572+0100][info][gc,phases      ] GC(1) Phase 5: Reset Metadata 0.348ms
[2025-12-28T17:00:11.576+0100][info][gc,heap        ] GC(1) Eden regions: 1->0(76)
[2025-12-28T17:00:11.576+0100][info][gc,heap        ] GC(1) Survivor regions: 0->0(0)
[2025-12-28T17:00:11.576+0100][info][gc,heap        ] GC(1) Old regions: 7->7
[2025-12-28T17:00:11.576+0100][info][gc,heap        ] GC(1) Humongous regions: 0->0
[2025-12-28T17:00:11.576+0100][info][gc,metaspace   ] GC(1) Metaspace: 3414K(3520K)->3414K(3520K) NonClass: 3145K(3200K)->3145K(3200K) Class: 269K(320K)->269K(320K)
[2025-12-28T17:00:11.576+0100][info][gc             ] GC(1) Pause Full (System.gc()) 9M->7M(6144M) 5.812ms
[2025-12-28T17:00:11.576+0100][info][gc,cpu         ] GC(1) User=0.02s Sys=0.00s Real=0.00s
[2025-12-28T17:00:12.346+0100][info][gc,start       ] GC(2) Pause Young (Normal) (G1 Evacuation Pause)
[2025-12-28T17:00:12.346+0100][info][gc,task        ] GC(2) Using 8 workers of 8 for evacuation
[2025-12-28T17:00:12.347+0100][info][gc,phases      ] GC(2)   Pre Evacuate Collection Set: 0.13ms
[2025-12-28T17:00:12.347+0100][info][gc,phases      ] GC(2)   Merge Heap Roots: 0.05ms
[2025-12-28T17:00:12.347+0100][info][gc,phases      ] GC(2)   Evacuate Collection Set: 0.90ms
[2025-12-28T17:00:12.347+0100][info][gc,phases      ] GC(2)   Post Evacuate Collection Set: 0.16ms
[2025-12-28T17:00:12.347+0100][info][gc,phases      ] GC(2)   Other: 0.07ms
[2025-12-28T17:00:12.347+0100][info][gc,heap        ] GC(2) Eden regions: 76->0(183)
[2025-12-28T17:00:12.347+0100][info][gc,heap        ] GC(2) Survivor regions: 0->1(10)
[2025-12-28T17:00:12.347+0100][info][gc,heap        ] GC(2) Old regions: 7->7
[2025-12-28T17:00:12.347+0100][info][gc,heap        ] GC(2) Humongous regions: 0->0
[2025-12-28T17:00:12.347+0100][info][gc,metaspace   ] GC(2) Metaspace: 4956K(5184K)->4956K(5184K) NonClass: 4548K(4672K)->4548K(4672K) Class: 407K(512K)->407K(512K)
[2025-12-28T17:00:12.347+0100][info][gc             ] GC(2) Pause Young (Normal) (G1 Evacuation Pause) 311M->10M(6144M) 1.457ms
[2025-12-28T17:00:12.347+0100][info][gc,cpu         ] GC(2) User=0.01s Sys=0.00s Real=0.00s
[2025-12-28T17:00:12.464+0100][info][gc,start       ] GC(3) Pause Young (Normal) (G1 Evacuation Pause)
[2025-12-28T17:00:12.464+0100][info][gc,task        ] GC(3) Using 8 workers of 8 for evacuation
[2025-12-28T17:00:12.465+0100][info][gc,phases      ] GC(3)   Pre Evacuate Collection Set: 0.11ms
[2025-12-28T17:00:12.465+0100][info][gc,phases      ] GC(3)   Merge Heap Roots: 0.05ms
[2025-12-28T17:00:12.465+0100][info][gc,phases      ] GC(3)   Evacuate Collection Set: 0.66ms
[2025-12-28T17:00:12.465+0100][info][gc,phases      ] GC(3)   Post Evacuate Collection Set: 0.22ms
[2025-12-28T17:00:12.465+0100][info][gc,phases      ] GC(3)   Other: 0.08ms
[2025-12-28T17:00:12.465+0100][info][gc,heap        ] GC(3) Eden regions: 183->0(822)
[2025-12-28T17:00:12.465+0100][info][gc,heap        ] GC(3) Survivor regions: 1->1(23)
[2025-12-28T17:00:12.465+0100][info][gc,heap        ] GC(3) Old regions: 7->7
[2025-12-28T17:00:12.465+0100][info][gc,heap        ] GC(3) Humongous regions: 0->0
[2025-12-28T17:00:12.465+0100][info][gc,metaspace   ] GC(3) Metaspace: 4956K(5184K)->4956K(5184K) NonClass: 4548K(4672K)->4548K(4672K) Class: 407K(512K)->407K(512K)
[2025-12-28T17:00:12.465+0100][info][gc             ] GC(3) Pause Young (Normal) (G1 Evacuation Pause) 742M->10M(6144M) 1.260ms
[2025-12-28T17:00:12.465+0100][info][gc,cpu         ] GC(3) User=0.01s Sys=0.00s Real=0.00s
[2025-12-28T17:00:13.049+0100][info][gc,start       ] GC(4) Pause Young (Normal) (G1 Evacuation Pause)
[2025-12-28T17:00:13.049+0100][info][gc,task        ] GC(4) Using 8 workers of 8 for evacuation
[2025-12-28T17:00:13.051+0100][info][gc,phases      ] GC(4)   Pre Evacuate Collection Set: 0.14ms
[2025-12-28T17:00:13.051+0100][info][gc,phases      ] GC(4)   Merge Heap Roots: 0.14ms
[2025-12-28T17:00:13.051+0100][info][gc,phases      ] GC(4)   Evacuate Collection Set: 1.66ms
[2025-12-28T17:00:13.051+0100][info][gc,phases      ] GC(4)   Post Evacuate Collection Set: 0.37ms
[2025-12-28T17:00:13.051+0100][info][gc,phases      ] GC(4)   Other: 0.13ms
[2025-12-28T17:00:13.051+0100][info][gc,heap        ] GC(4) Eden regions: 822->0(920)
[2025-12-28T17:00:13.051+0100][info][gc,heap        ] GC(4) Survivor regions: 1->1(103)
[2025-12-28T17:00:13.051+0100][info][gc,heap        ] GC(4) Old regions: 7->7
[2025-12-28T17:00:13.051+0100][info][gc,heap        ] GC(4) Humongous regions: 0->0
[2025-12-28T17:00:13.051+0100][info][gc,metaspace   ] GC(4) Metaspace: 4956K(5184K)->4956K(5184K) NonClass: 4548K(4672K)->4548K(4672K) Class: 407K(512K)->407K(512K)
[2025-12-28T17:00:13.051+0100][info][gc             ] GC(4) Pause Young (Normal) (G1 Evacuation Pause) 3298M->10M(6144M) 2.609ms
[2025-12-28T17:00:13.051+0100][info][gc,cpu         ] GC(4) User=0.00s Sys=0.00s Real=0.01s
[2025-12-28T17:00:13.923+0100][info][gc,start       ] GC(5) Pause Young (Normal) (G1 Evacuation Pause)
[2025-12-28T17:00:13.924+0100][info][gc,task        ] GC(5) Using 8 workers of 8 for evacuation
[2025-12-28T17:00:13.934+0100][info][gc,phases      ] GC(5)   Pre Evacuate Collection Set: 0.32ms
[2025-12-28T17:00:13.934+0100][info][gc,phases      ] GC(5)   Merge Heap Roots: 0.18ms
[2025-12-28T17:00:13.934+0100][info][gc,phases      ] GC(5)   Evacuate Collection Set: 3.85ms
[2025-12-28T17:00:13.934+0100][info][gc,phases      ] GC(5)   Post Evacuate Collection Set: 6.21ms
[2025-12-28T17:00:13.934+0100][info][gc,phases      ] GC(5)   Other: 0.16ms
[2025-12-28T17:00:13.934+0100][info][gc,heap        ] GC(5) Eden regions: 920->0(920)
[2025-12-28T17:00:13.934+0100][info][gc,heap        ] GC(5) Survivor regions: 1->1(116)
[2025-12-28T17:00:13.934+0100][info][gc,heap        ] GC(5) Old regions: 7->7
[2025-12-28T17:00:13.934+0100][info][gc,heap        ] GC(5) Humongous regions: 0->0
[2025-12-28T17:00:13.934+0100][info][gc,metaspace   ] GC(5) Metaspace: 4956K(5184K)->4956K(5184K) NonClass: 4548K(4672K)->4548K(4672K) Class: 407K(512K)->407K(512K)
[2025-12-28T17:00:13.934+0100][info][gc             ] GC(5) Pause Young (Normal) (G1 Evacuation Pause) 3690M->10M(6144M) 10.996ms
[2025-12-28T17:00:13.934+0100][info][gc,cpu         ] GC(5) User=0.01s Sys=0.00s Real=0.01s
[2025-12-28T17:00:14.390+0100][info][gc,start       ] GC(6) Pause Young (Normal) (G1 Evacuation Pause)
[2025-12-28T17:00:14.390+0100][info][gc,task        ] GC(6) Using 8 workers of 8 for evacuation
[2025-12-28T17:00:14.392+0100][info][gc,phases      ] GC(6)   Pre Evacuate Collection Set: 0.12ms
[2025-12-28T17:00:14.392+0100][info][gc,phases      ] GC(6)   Merge Heap Roots: 0.11ms
[2025-12-28T17:00:14.392+0100][info][gc,phases      ] GC(6)   Evacuate Collection Set: 1.09ms
[2025-12-28T17:00:14.392+0100][info][gc,phases      ] GC(6)   Post Evacuate Collection Set: 0.64ms
[2025-12-28T17:00:14.392+0100][info][gc,phases      ] GC(6)   Other: 0.08ms
[2025-12-28T17:00:14.392+0100][info][gc,heap        ] GC(6) Eden regions: 920->0(920)
[2025-12-28T17:00:14.392+0100][info][gc,heap        ] GC(6) Survivor regions: 1->1(116)
[2025-12-28T17:00:14.392+0100][info][gc,heap        ] GC(6) Old regions: 7->7
[2025-12-28T17:00:14.392+0100][info][gc,heap        ] GC(6) Humongous regions: 0->0
[2025-12-28T17:00:14.392+0100][info][gc,metaspace   ] GC(6) Metaspace: 4956K(5184K)->4956K(5184K) NonClass: 4548K(4672K)->4548K(4672K) Class: 407K(512K)->407K(512K)
[2025-12-28T17:00:14.392+0100][info][gc             ] GC(6) Pause Young (Normal) (G1 Evacuation Pause) 3690M->10M(6144M) 2.213ms
[2025-12-28T17:00:14.392+0100][info][gc,cpu         ] GC(6) User=0.01s Sys=0.00s Real=0.00s
[2025-12-28T17:00:14.736+0100][info][gc,start       ] GC(7) Pause Young (Normal) (G1 Evacuation Pause)
[2025-12-28T17:00:14.736+0100][info][gc,task        ] GC(7) Using 8 workers of 8 for evacuation
[2025-12-28T17:00:14.737+0100][info][gc,phases      ] GC(7)   Pre Evacuate Collection Set: 0.16ms
[2025-12-28T17:00:14.737+0100][info][gc,phases      ] GC(7)   Merge Heap Roots: 0.13ms
[2025-12-28T17:00:14.737+0100][info][gc,phases      ] GC(7)   Evacuate Collection Set: 0.74ms
[2025-12-28T17:00:14.737+0100][info][gc,phases      ] GC(7)   Post Evacuate Collection Set: 0.52ms
[2025-12-28T17:00:14.737+0100][info][gc,phases      ] GC(7)   Other: 0.09ms
[2025-12-28T17:00:14.737+0100][info][gc,heap        ] GC(7) Eden regions: 920->0(920)
[2025-12-28T17:00:14.737+0100][info][gc,heap        ] GC(7) Survivor regions: 1->1(116)
[2025-12-28T17:00:14.737+0100][info][gc,heap        ] GC(7) Old regions: 7->7
[2025-12-28T17:00:14.737+0100][info][gc,heap        ] GC(7) Humongous regions: 0->0
[2025-12-28T17:00:14.737+0100][info][gc,metaspace   ] GC(7) Metaspace: 4956K(5184K)->4956K(5184K) NonClass: 4548K(4672K)->4548K(4672K) Class: 407K(512K)->407K(512K)
[2025-12-28T17:00:14.737+0100][info][gc             ] GC(7) Pause Young (Normal) (G1 Evacuation Pause) 3690M->10M(6144M) 1.793ms
[2025-12-28T17:00:14.737+0100][info][gc,cpu         ] GC(7) User=0.01s Sys=0.00s Real=0.00s
[2025-12-28T17:00:15.153+0100][info][gc,start       ] GC(8) Pause Young (Normal) (G1 Evacuation Pause)
[2025-12-28T17:00:15.153+0100][info][gc,task        ] GC(8) Using 8 workers of 8 for evacuation
[2025-12-28T17:00:15.154+0100][info][gc,phases      ] GC(8)   Pre Evacuate Collection Set: 0.15ms
[2025-12-28T17:00:15.154+0100][info][gc,phases      ] GC(8)   Merge Heap Roots: 0.14ms
[2025-12-28T17:00:15.154+0100][info][gc,phases      ] GC(8)   Evacuate Collection Set: 0.74ms
[2025-12-28T17:00:15.154+0100][info][gc,phases      ] GC(8)   Post Evacuate Collection Set: 0.54ms
[2025-12-28T17:00:15.154+0100][info][gc,phases      ] GC(8)   Other: 0.10ms
[2025-12-28T17:00:15.154+0100][info][gc,heap        ] GC(8) Eden regions: 920->0(920)
[2025-12-28T17:00:15.154+0100][info][gc,heap        ] GC(8) Survivor regions: 1->1(116)
[2025-12-28T17:00:15.154+0100][info][gc,heap        ] GC(8) Old regions: 7->7
[2025-12-28T17:00:15.155+0100][info][gc,heap        ] GC(8) Humongous regions: 0->0
[2025-12-28T17:00:15.155+0100][info][gc,metaspace   ] GC(8) Metaspace: 4956K(5184K)->4956K(5184K) NonClass: 4548K(4672K)->4548K(4672K) Class: 407K(512K)->407K(512K)
[2025-12-28T17:00:15.155+0100][info][gc             ] GC(8) Pause Young (Normal) (G1 Evacuation Pause) 3690M->10M(6144M) 1.850ms
[2025-12-28T17:00:15.155+0100][info][gc,cpu         ] GC(8) User=0.01s Sys=0.00s Real=0.00s
[2025-12-28T17:00:15.540+0100][info][gc,start       ] GC(9) Pause Young (Normal) (G1 Evacuation Pause)
[2025-12-28T17:00:15.540+0100][info][gc,task        ] GC(9) Using 8 workers of 8 for evacuation
[2025-12-28T17:00:15.542+0100][info][gc,phases      ] GC(9)   Pre Evacuate Collection Set: 0.23ms
[2025-12-28T17:00:15.542+0100][info][gc,phases      ] GC(9)   Merge Heap Roots: 0.12ms
[2025-12-28T17:00:15.542+0100][info][gc,phases      ] GC(9)   Evacuate Collection Set: 1.08ms
[2025-12-28T17:00:15.542+0100][info][gc,phases      ] GC(9)   Post Evacuate Collection Set: 0.60ms
[2025-12-28T17:00:15.542+0100][info][gc,phases      ] GC(9)   Other: 0.10ms
[2025-12-28T17:00:15.542+0100][info][gc,heap        ] GC(9) Eden regions: 920->0(920)
[2025-12-28T17:00:15.542+0100][info][gc,heap        ] GC(9) Survivor regions: 1->1(116)
[2025-12-28T17:00:15.542+0100][info][gc,heap        ] GC(9) Old regions: 7->7
[2025-12-28T17:00:15.542+0100][info][gc,heap        ] GC(9) Humongous regions: 0->0
[2025-12-28T17:00:15.542+0100][info][gc,metaspace   ] GC(9) Metaspace: 4956K(5184K)->4956K(5184K) NonClass: 4548K(4672K)->4548K(4672K) Class: 407K(512K)->407K(512K)
[2025-12-28T17:00:15.542+0100][info][gc             ] GC(9) Pause Young (Normal) (G1 Evacuation Pause) 3690M->10M(6144M) 2.336ms
[2025-12-28T17:00:15.542+0100][info][gc,cpu         ] GC(9) User=0.01s Sys=0.00s Real=0.00s
[2025-12-28T17:00:15.915+0100][info][gc,start       ] GC(10) Pause Young (Normal) (G1 Evacuation Pause)
[2025-12-28T17:00:15.915+0100][info][gc,task        ] GC(10) Using 8 workers of 8 for evacuation
[2025-12-28T17:00:15.917+0100][info][gc,phases      ] GC(10)   Pre Evacuate Collection Set: 0.11ms
[2025-12-28T17:00:15.917+0100][info][gc,phases      ] GC(10)   Merge Heap Roots: 0.17ms
[2025-12-28T17:00:15.917+0100][info][gc,phases      ] GC(10)   Evacuate Collection Set: 0.86ms
[2025-12-28T17:00:15.917+0100][info][gc,phases      ] GC(10)   Post Evacuate Collection Set: 0.44ms
[2025-12-28T17:00:15.917+0100][info][gc,phases      ] GC(10)   Other: 0.09ms
[2025-12-28T17:00:15.917+0100][info][gc,heap        ] GC(10) Eden regions: 920->0(920)
[2025-12-28T17:00:15.917+0100][info][gc,heap        ] GC(10) Survivor regions: 1->1(116)
[2025-12-28T17:00:15.917+0100][info][gc,heap        ] GC(10) Old regions: 7->7
[2025-12-28T17:00:15.917+0100][info][gc,heap        ] GC(10) Humongous regions: 0->0
[2025-12-28T17:00:15.917+0100][info][gc,metaspace   ] GC(10) Metaspace: 4956K(5184K)->4956K(5184K) NonClass: 4548K(4672K)->4548K(4672K) Class: 407K(512K)->407K(512K)
[2025-12-28T17:00:15.917+0100][info][gc             ] GC(10) Pause Young (Normal) (G1 Evacuation Pause) 3690M->10M(6144M) 1.834ms
[2025-12-28T17:00:15.917+0100][info][gc,cpu         ] GC(10) User=0.01s Sys=0.00s Real=0.00s
[2025-12-28T17:00:16.298+0100][info][gc,start       ] GC(11) Pause Young (Normal) (G1 Evacuation Pause)
[2025-12-28T17:00:16.298+0100][info][gc,task        ] GC(11) Using 8 workers of 8 for evacuation
[2025-12-28T17:00:16.300+0100][info][gc,phases      ] GC(11)   Pre Evacuate Collection Set: 0.21ms
[2025-12-28T17:00:16.300+0100][info][gc,phases      ] GC(11)   Merge Heap Roots: 0.13ms
[2025-12-28T17:00:16.300+0100][info][gc,phases      ] GC(11)   Evacuate Collection Set: 0.77ms
[2025-12-28T17:00:16.300+0100][info][gc,phases      ] GC(11)   Post Evacuate Collection Set: 0.49ms
[2025-12-28T17:00:16.300+0100][info][gc,phases      ] GC(11)   Other: 0.11ms
[2025-12-28T17:00:16.300+0100][info][gc,heap        ] GC(11) Eden regions: 920->0(920)
[2025-12-28T17:00:16.300+0100][info][gc,heap        ] GC(11) Survivor regions: 1->1(116)
[2025-12-28T17:00:16.300+0100][info][gc,heap        ] GC(11) Old regions: 7->7
[2025-12-28T17:00:16.300+0100][info][gc,heap        ] GC(11) Humongous regions: 0->0
[2025-12-28T17:00:16.300+0100][info][gc,metaspace   ] GC(11) Metaspace: 4956K(5184K)->4956K(5184K) NonClass: 4548K(4672K)->4548K(4672K) Class: 407K(512K)->407K(512K)
[2025-12-28T17:00:16.300+0100][info][gc             ] GC(11) Pause Young (Normal) (G1 Evacuation Pause) 3690M->10M(6144M) 1.892ms
[2025-12-28T17:00:16.300+0100][info][gc,cpu         ] GC(11) User=0.00s Sys=0.00s Real=0.01s
[2025-12-28T17:00:16.707+0100][info][gc,start       ] GC(12) Pause Young (Normal) (G1 Evacuation Pause)
[2025-12-28T17:00:16.707+0100][info][gc,task        ] GC(12) Using 8 workers of 8 for evacuation
[2025-12-28T17:00:16.709+0100][info][gc,phases      ] GC(12)   Pre Evacuate Collection Set: 0.21ms
[2025-12-28T17:00:16.709+0100][info][gc,phases      ] GC(12)   Merge Heap Roots: 0.20ms
[2025-12-28T17:00:16.709+0100][info][gc,phases      ] GC(12)   Evacuate Collection Set: 1.23ms
[2025-12-28T17:00:16.709+0100][info][gc,phases      ] GC(12)   Post Evacuate Collection Set: 0.71ms
[2025-12-28T17:00:16.709+0100][info][gc,phases      ] GC(12)   Other: 0.11ms
[2025-12-28T17:00:16.709+0100][info][gc,heap        ] GC(12) Eden regions: 920->0(920)
[2025-12-28T17:00:16.709+0100][info][gc,heap        ] GC(12) Survivor regions: 1->1(116)
[2025-12-28T17:00:16.709+0100][info][gc,heap        ] GC(12) Old regions: 7->7
[2025-12-28T17:00:16.709+0100][info][gc,heap        ] GC(12) Humongous regions: 0->0
[2025-12-28T17:00:16.709+0100][info][gc,metaspace   ] GC(12) Metaspace: 4956K(5184K)->4956K(5184K) NonClass: 4548K(4672K)->4548K(4672K) Class: 407K(512K)->407K(512K)
[2025-12-28T17:00:16.710+0100][info][gc             ] GC(12) Pause Young (Normal) (G1 Evacuation Pause) 3690M->10M(6144M) 2.660ms
[2025-12-28T17:00:16.710+0100][info][gc,cpu         ] GC(12) User=0.01s Sys=0.01s Real=0.01s
[2025-12-28T17:00:17.108+0100][info][gc,start       ] GC(13) Pause Young (Normal) (G1 Evacuation Pause)
[2025-12-28T17:00:17.108+0100][info][gc,task        ] GC(13) Using 8 workers of 8 for evacuation
[2025-12-28T17:00:17.109+0100][info][gc,phases      ] GC(13)   Pre Evacuate Collection Set: 0.13ms
[2025-12-28T17:00:17.110+0100][info][gc,phases      ] GC(13)   Merge Heap Roots: 0.18ms
[2025-12-28T17:00:17.110+0100][info][gc,phases      ] GC(13)   Evacuate Collection Set: 0.83ms
[2025-12-28T17:00:17.110+0100][info][gc,phases      ] GC(13)   Post Evacuate Collection Set: 0.54ms
[2025-12-28T17:00:17.110+0100][info][gc,phases      ] GC(13)   Other: 0.15ms
[2025-12-28T17:00:17.110+0100][info][gc,heap        ] GC(13) Eden regions: 920->0(920)
[2025-12-28T17:00:17.110+0100][info][gc,heap        ] GC(13) Survivor regions: 1->1(116)
[2025-12-28T17:00:17.110+0100][info][gc,heap        ] GC(13) Old regions: 7->7
[2025-12-28T17:00:17.110+0100][info][gc,heap        ] GC(13) Humongous regions: 0->0
[2025-12-28T17:00:17.110+0100][info][gc,metaspace   ] GC(13) Metaspace: 4956K(5184K)->4956K(5184K) NonClass: 4548K(4672K)->4548K(4672K) Class: 407K(512K)->407K(512K)
[2025-12-28T17:00:17.110+0100][info][gc             ] GC(13) Pause Young (Normal) (G1 Evacuation Pause) 3690M->9M(6144M) 2.049ms
[2025-12-28T17:00:17.110+0100][info][gc,cpu         ] GC(13) User=0.01s Sys=0.00s Real=0.01s
[2025-12-28T17:00:17.216+0100][info][gc,start       ] GC(14) Pause Full (System.gc())
[2025-12-28T17:00:17.216+0100][info][gc,task        ] GC(14) Using 8 workers of 8 for full compaction
[2025-12-28T17:00:17.217+0100][info][gc,phases,start] GC(14) Phase 1: Mark live objects
[2025-12-28T17:00:17.220+0100][info][gc,phases      ] GC(14) Phase 1: Mark live objects 3.450ms
[2025-12-28T17:00:17.220+0100][info][gc,phases,start] GC(14) Phase 2: Prepare compaction
[2025-12-28T17:00:17.222+0100][info][gc,phases      ] GC(14) Phase 2: Prepare compaction 2.063ms
[2025-12-28T17:00:17.222+0100][info][gc,phases,start] GC(14) Phase 3: Adjust pointers
[2025-12-28T17:00:17.224+0100][info][gc,phases      ] GC(14) Phase 3: Adjust pointers 1.626ms
[2025-12-28T17:00:17.224+0100][info][gc,phases,start] GC(14) Phase 4: Compact heap
[2025-12-28T17:00:17.225+0100][info][gc,phases      ] GC(14) Phase 4: Compact heap 1.354ms
[2025-12-28T17:00:17.225+0100][info][gc,phases,start] GC(14) Phase 5: Reset Metadata
[2025-12-28T17:00:17.226+0100][info][gc,phases      ] GC(14) Phase 5: Reset Metadata 0.666ms
[2025-12-28T17:00:17.262+0100][info][gc,heap        ] GC(14) Eden regions: 220->0(921)
[2025-12-28T17:00:17.262+0100][info][gc,heap        ] GC(14) Survivor regions: 1->0(116)
[2025-12-28T17:00:17.262+0100][info][gc,heap        ] GC(14) Old regions: 7->8
[2025-12-28T17:00:17.262+0100][info][gc,heap        ] GC(14) Humongous regions: 0->0
[2025-12-28T17:00:17.262+0100][info][gc,metaspace   ] GC(14) Metaspace: 5006K(5248K)->4845K(5248K) NonClass: 4592K(4736K)->4476K(4736K) Class: 414K(512K)->369K(512K)
[2025-12-28T17:00:17.262+0100][info][gc             ] GC(14) Pause Full (System.gc()) 887M->8M(6144M) 45.484ms
[2025-12-28T17:00:17.262+0100][info][gc,cpu         ] GC(14) User=0.03s Sys=0.10s Real=0.05s
[2025-12-28T17:00:17.262+0100][info][gc,start       ] GC(15) Pause Full (System.gc())
[2025-12-28T17:00:17.262+0100][info][gc,task        ] GC(15) Using 8 workers of 8 for full compaction
[2025-12-28T17:00:17.262+0100][info][gc,phases,start] GC(15) Phase 1: Mark live objects
[2025-12-28T17:00:17.264+0100][info][gc,phases      ] GC(15) Phase 1: Mark live objects 2.184ms
[2025-12-28T17:00:17.264+0100][info][gc,phases,start] GC(15) Phase 2: Prepare compaction
[2025-12-28T17:00:17.265+0100][info][gc,phases      ] GC(15) Phase 2: Prepare compaction 0.403ms
[2025-12-28T17:00:17.265+0100][info][gc,phases,start] GC(15) Phase 3: Adjust pointers
[2025-12-28T17:00:17.266+0100][info][gc,phases      ] GC(15) Phase 3: Adjust pointers 0.963ms
[2025-12-28T17:00:17.266+0100][info][gc,phases,start] GC(15) Phase 4: Compact heap
[2025-12-28T17:00:17.266+0100][info][gc,phases      ] GC(15) Phase 4: Compact heap 0.279ms
[2025-12-28T17:00:17.266+0100][info][gc,phases,start] GC(15) Phase 5: Reset Metadata
[2025-12-28T17:00:17.267+0100][info][gc,phases      ] GC(15) Phase 5: Reset Metadata 0.509ms
[2025-12-28T17:00:17.270+0100][info][gc,heap        ] GC(15) Eden regions: 1->0(921)
[2025-12-28T17:00:17.270+0100][info][gc,heap        ] GC(15) Survivor regions: 0->0(116)
[2025-12-28T17:00:17.270+0100][info][gc,heap        ] GC(15) Old regions: 8->8
[2025-12-28T17:00:17.270+0100][info][gc,heap        ] GC(15) Humongous regions: 0->0
[2025-12-28T17:00:17.270+0100][info][gc,metaspace   ] GC(15) Metaspace: 4845K(5248K)->4845K(5248K) NonClass: 4476K(4736K)->4476K(4736K) Class: 369K(512K)->369K(512K)
[2025-12-28T17:00:17.270+0100][info][gc             ] GC(15) Pause Full (System.gc()) 10M->8M(6144M) 8.345ms
[2025-12-28T17:00:17.270+0100][info][gc,cpu         ] GC(15) User=0.03s Sys=0.00s Real=0.01s
[2025-12-28T17:00:18.246+0100][info][gc,start       ] GC(16) Pause Full (System.gc())
[2025-12-28T17:00:18.246+0100][info][gc,task        ] GC(16) Using 8 workers of 8 for full compaction
[2025-12-28T17:00:18.246+0100][info][gc,phases,start] GC(16) Phase 1: Mark live objects
[2025-12-28T17:00:18.249+0100][info][gc,phases      ] GC(16) Phase 1: Mark live objects 2.813ms
[2025-12-28T17:00:18.249+0100][info][gc,phases,start] GC(16) Phase 2: Prepare compaction
[2025-12-28T17:00:18.250+0100][info][gc,phases      ] GC(16) Phase 2: Prepare compaction 0.546ms
[2025-12-28T17:00:18.250+0100][info][gc,phases,start] GC(16) Phase 3: Adjust pointers
[2025-12-28T17:00:18.251+0100][info][gc,phases      ] GC(16) Phase 3: Adjust pointers 1.598ms
[2025-12-28T17:00:18.251+0100][info][gc,phases,start] GC(16) Phase 4: Compact heap
[2025-12-28T17:00:18.252+0100][info][gc,phases      ] GC(16) Phase 4: Compact heap 0.581ms
[2025-12-28T17:00:18.252+0100][info][gc,phases,start] GC(16) Phase 5: Reset Metadata
[2025-12-28T17:00:18.252+0100][info][gc,phases      ] GC(16) Phase 5: Reset Metadata 0.372ms
[2025-12-28T17:00:18.255+0100][info][gc,heap        ] GC(16) Eden regions: 18->0(921)
[2025-12-28T17:00:18.256+0100][info][gc,heap        ] GC(16) Survivor regions: 0->0(116)
[2025-12-28T17:00:18.256+0100][info][gc,heap        ] GC(16) Old regions: 8->8
[2025-12-28T17:00:18.256+0100][info][gc,heap        ] GC(16) Humongous regions: 0->0
[2025-12-28T17:00:18.256+0100][info][gc,metaspace   ] GC(16) Metaspace: 8115K(8320K)->8115K(8320K) NonClass: 7450K(7552K)->7450K(7552K) Class: 665K(768K)->665K(768K)
[2025-12-28T17:00:18.256+0100][info][gc             ] GC(16) Pause Full (System.gc()) 78M->10M(6144M) 9.650ms
[2025-12-28T17:00:18.256+0100][info][gc,cpu         ] GC(16) User=0.04s Sys=0.01s Real=0.01s
[2025-12-28T17:00:18.256+0100][info][gc,start       ] GC(17) Pause Full (System.gc())
[2025-12-28T17:00:18.256+0100][info][gc,task        ] GC(17) Using 8 workers of 8 for full compaction
[2025-12-28T17:00:18.256+0100][info][gc,phases,start] GC(17) Phase 1: Mark live objects
[2025-12-28T17:00:18.259+0100][info][gc,phases      ] GC(17) Phase 1: Mark live objects 2.700ms
[2025-12-28T17:00:18.259+0100][info][gc,phases,start] GC(17) Phase 2: Prepare compaction
[2025-12-28T17:00:18.259+0100][info][gc,phases      ] GC(17) Phase 2: Prepare compaction 0.476ms
[2025-12-28T17:00:18.259+0100][info][gc,phases,start] GC(17) Phase 3: Adjust pointers
[2025-12-28T17:00:18.261+0100][info][gc,phases      ] GC(17) Phase 3: Adjust pointers 1.637ms
[2025-12-28T17:00:18.261+0100][info][gc,phases,start] GC(17) Phase 4: Compact heap
[2025-12-28T17:00:18.261+0100][info][gc,phases      ] GC(17) Phase 4: Compact heap 0.272ms
[2025-12-28T17:00:18.261+0100][info][gc,phases,start] GC(17) Phase 5: Reset Metadata
[2025-12-28T17:00:18.261+0100][info][gc,phases      ] GC(17) Phase 5: Reset Metadata 0.321ms
[2025-12-28T17:00:18.265+0100][info][gc,heap        ] GC(17) Eden regions: 1->0(921)
[2025-12-28T17:00:18.265+0100][info][gc,heap        ] GC(17) Survivor regions: 0->0(116)
[2025-12-28T17:00:18.265+0100][info][gc,heap        ] GC(17) Old regions: 8->8
[2025-12-28T17:00:18.265+0100][info][gc,heap        ] GC(17) Humongous regions: 0->0
[2025-12-28T17:00:18.265+0100][info][gc,metaspace   ] GC(17) Metaspace: 8116K(8320K)->8116K(8320K) NonClass: 7450K(7552K)->7450K(7552K) Class: 665K(768K)->665K(768K)
[2025-12-28T17:00:18.265+0100][info][gc             ] GC(17) Pause Full (System.gc()) 12M->10M(6144M) 9.022ms
[2025-12-28T17:00:18.265+0100][info][gc,cpu         ] GC(17) User=0.04s Sys=0.00s Real=0.01s
[2025-12-28T17:00:18.891+0100][info][gc,start       ] GC(18) Pause Full (System.gc())
[2025-12-28T17:00:18.891+0100][info][gc,task        ] GC(18) Using 8 workers of 8 for full compaction
[2025-12-28T17:00:18.892+0100][info][gc,phases,start] GC(18) Phase 1: Mark live objects
[2025-12-28T17:00:18.896+0100][info][gc,phases      ] GC(18) Phase 1: Mark live objects 4.712ms
[2025-12-28T17:00:18.896+0100][info][gc,phases,start] GC(18) Phase 2: Prepare compaction
[2025-12-28T17:00:18.897+0100][info][gc,phases      ] GC(18) Phase 2: Prepare compaction 0.740ms
[2025-12-28T17:00:18.897+0100][info][gc,phases,start] GC(18) Phase 3: Adjust pointers
[2025-12-28T17:00:18.900+0100][info][gc,phases      ] GC(18) Phase 3: Adjust pointers 2.559ms
[2025-12-28T17:00:18.900+0100][info][gc,phases,start] GC(18) Phase 4: Compact heap
[2025-12-28T17:00:18.900+0100][info][gc,phases      ] GC(18) Phase 4: Compact heap 0.706ms
[2025-12-28T17:00:18.900+0100][info][gc,phases,start] GC(18) Phase 5: Reset Metadata
[2025-12-28T17:00:18.901+0100][info][gc,phases      ] GC(18) Phase 5: Reset Metadata 0.551ms
[2025-12-28T17:00:18.905+0100][info][gc,heap        ] GC(18) Eden regions: 14->0(921)
[2025-12-28T17:00:18.905+0100][info][gc,heap        ] GC(18) Survivor regions: 0->0(116)
[2025-12-28T17:00:18.905+0100][info][gc,heap        ] GC(18) Old regions: 8->8
[2025-12-28T17:00:18.905+0100][info][gc,heap        ] GC(18) Humongous regions: 0->0
[2025-12-28T17:00:18.905+0100][info][gc,metaspace   ] GC(18) Metaspace: 8133K(8320K)->8133K(8320K) NonClass: 7467K(7552K)->7467K(7552K) Class: 665K(768K)->665K(768K)
[2025-12-28T17:00:18.905+0100][info][gc             ] GC(18) Pause Full (System.gc()) 64M->10M(6144M) 13.575ms
[2025-12-28T17:00:18.905+0100][info][gc,cpu         ] GC(18) User=0.05s Sys=0.01s Real=0.01s
[2025-12-28T17:00:18.905+0100][info][gc,start       ] GC(19) Pause Full (System.gc())
[2025-12-28T17:00:18.905+0100][info][gc,task        ] GC(19) Using 8 workers of 8 for full compaction
[2025-12-28T17:00:18.905+0100][info][gc,phases,start] GC(19) Phase 1: Mark live objects
[2025-12-28T17:00:18.909+0100][info][gc,phases      ] GC(19) Phase 1: Mark live objects 4.395ms
[2025-12-28T17:00:18.910+0100][info][gc,phases,start] GC(19) Phase 2: Prepare compaction
[2025-12-28T17:00:18.910+0100][info][gc,phases      ] GC(19) Phase 2: Prepare compaction 0.617ms
[2025-12-28T17:00:18.910+0100][info][gc,phases,start] GC(19) Phase 3: Adjust pointers
[2025-12-28T17:00:18.912+0100][info][gc,phases      ] GC(19) Phase 3: Adjust pointers 2.053ms
[2025-12-28T17:00:18.912+0100][info][gc,phases,start] GC(19) Phase 4: Compact heap
[2025-12-28T17:00:18.913+0100][info][gc,phases      ] GC(19) Phase 4: Compact heap 0.423ms
[2025-12-28T17:00:18.913+0100][info][gc,phases,start] GC(19) Phase 5: Reset Metadata
[2025-12-28T17:00:18.913+0100][info][gc,phases      ] GC(19) Phase 5: Reset Metadata 0.339ms
[2025-12-28T17:00:18.916+0100][info][gc,heap        ] GC(19) Eden regions: 1->0(921)
[2025-12-28T17:00:18.916+0100][info][gc,heap        ] GC(19) Survivor regions: 0->0(116)
[2025-12-28T17:00:18.916+0100][info][gc,heap        ] GC(19) Old regions: 8->8
[2025-12-28T17:00:18.916+0100][info][gc,heap        ] GC(19) Humongous regions: 0->0
[2025-12-28T17:00:18.916+0100][info][gc,metaspace   ] GC(19) Metaspace: 8134K(8320K)->8134K(8320K) NonClass: 7468K(7552K)->7468K(7552K) Class: 665K(768K)->665K(768K)
[2025-12-28T17:00:18.916+0100][info][gc             ] GC(19) Pause Full (System.gc()) 12M->10M(6144M) 11.452ms
[2025-12-28T17:00:18.916+0100][info][gc,cpu         ] GC(19) User=0.05s Sys=0.01s Real=0.01s
[2025-12-28T17:00:19.541+0100][info][gc,start       ] GC(20) Pause Full (System.gc())
[2025-12-28T17:00:19.541+0100][info][gc,task        ] GC(20) Using 8 workers of 8 for full compaction
[2025-12-28T17:00:19.542+0100][info][gc,phases,start] GC(20) Phase 1: Mark live objects
[2025-12-28T17:00:19.546+0100][info][gc,phases      ] GC(20) Phase 1: Mark live objects 4.376ms
[2025-12-28T17:00:19.546+0100][info][gc,phases,start] GC(20) Phase 2: Prepare compaction
[2025-12-28T17:00:19.547+0100][info][gc,phases      ] GC(20) Phase 2: Prepare compaction 0.732ms
[2025-12-28T17:00:19.547+0100][info][gc,phases,start] GC(20) Phase 3: Adjust pointers
[2025-12-28T17:00:19.549+0100][info][gc,phases      ] GC(20) Phase 3: Adjust pointers 2.504ms
[2025-12-28T17:00:19.549+0100][info][gc,phases,start] GC(20) Phase 4: Compact heap
[2025-12-28T17:00:19.550+0100][info][gc,phases      ] GC(20) Phase 4: Compact heap 0.492ms
[2025-12-28T17:00:19.550+0100][info][gc,phases,start] GC(20) Phase 5: Reset Metadata
[2025-12-28T17:00:19.550+0100][info][gc,phases      ] GC(20) Phase 5: Reset Metadata 0.333ms
[2025-12-28T17:00:19.554+0100][info][gc,heap        ] GC(20) Eden regions: 14->0(921)
[2025-12-28T17:00:19.554+0100][info][gc,heap        ] GC(20) Survivor regions: 0->0(116)
[2025-12-28T17:00:19.554+0100][info][gc,heap        ] GC(20) Old regions: 8->8
[2025-12-28T17:00:19.554+0100][info][gc,heap        ] GC(20) Humongous regions: 0->0
[2025-12-28T17:00:19.554+0100][info][gc,metaspace   ] GC(20) Metaspace: 8179K(8384K)->8179K(8384K) NonClass: 7514K(7616K)->7514K(7616K) Class: 665K(768K)->665K(768K)
[2025-12-28T17:00:19.554+0100][info][gc             ] GC(20) Pause Full (System.gc()) 64M->10M(6144M) 12.610ms
[2025-12-28T17:00:19.554+0100][info][gc,cpu         ] GC(20) User=0.05s Sys=0.01s Real=0.01s
[2025-12-28T17:00:19.554+0100][info][gc,start       ] GC(21) Pause Full (System.gc())
[2025-12-28T17:00:19.554+0100][info][gc,task        ] GC(21) Using 8 workers of 8 for full compaction
[2025-12-28T17:00:19.554+0100][info][gc,phases,start] GC(21) Phase 1: Mark live objects
[2025-12-28T17:00:19.558+0100][info][gc,phases      ] GC(21) Phase 1: Mark live objects 4.163ms
[2025-12-28T17:00:19.559+0100][info][gc,phases,start] GC(21) Phase 2: Prepare compaction
[2025-12-28T17:00:19.559+0100][info][gc,phases      ] GC(21) Phase 2: Prepare compaction 0.635ms
[2025-12-28T17:00:19.559+0100][info][gc,phases,start] GC(21) Phase 3: Adjust pointers
[2025-12-28T17:00:19.562+0100][info][gc,phases      ] GC(21) Phase 3: Adjust pointers 2.364ms
[2025-12-28T17:00:19.562+0100][info][gc,phases,start] GC(21) Phase 4: Compact heap
[2025-12-28T17:00:19.562+0100][info][gc,phases      ] GC(21) Phase 4: Compact heap 0.437ms
[2025-12-28T17:00:19.562+0100][info][gc,phases,start] GC(21) Phase 5: Reset Metadata
[2025-12-28T17:00:19.562+0100][info][gc,phases      ] GC(21) Phase 5: Reset Metadata 0.320ms
[2025-12-28T17:00:19.566+0100][info][gc,heap        ] GC(21) Eden regions: 1->0(921)
[2025-12-28T17:00:19.566+0100][info][gc,heap        ] GC(21) Survivor regions: 0->0(116)
[2025-12-28T17:00:19.566+0100][info][gc,heap        ] GC(21) Old regions: 8->8
[2025-12-28T17:00:19.566+0100][info][gc,heap        ] GC(21) Humongous regions: 0->0
[2025-12-28T17:00:19.566+0100][info][gc,metaspace   ] GC(21) Metaspace: 8179K(8384K)->8179K(8384K) NonClass: 7514K(7616K)->7514K(7616K) Class: 665K(768K)->665K(768K)
[2025-12-28T17:00:19.566+0100][info][gc             ] GC(21) Pause Full (System.gc()) 12M->10M(6144M) 11.532ms
[2025-12-28T17:00:19.566+0100][info][gc,cpu         ] GC(21) User=0.05s Sys=0.01s Real=0.01s
[2025-12-28T17:00:20.187+0100][info][gc,start       ] GC(22) Pause Full (System.gc())
[2025-12-28T17:00:20.187+0100][info][gc,task        ] GC(22) Using 8 workers of 8 for full compaction
[2025-12-28T17:00:20.187+0100][info][gc,phases,start] GC(22) Phase 1: Mark live objects
[2025-12-28T17:00:20.190+0100][info][gc,phases      ] GC(22) Phase 1: Mark live objects 3.122ms
[2025-12-28T17:00:20.190+0100][info][gc,phases,start] GC(22) Phase 2: Prepare compaction
[2025-12-28T17:00:20.191+0100][info][gc,phases      ] GC(22) Phase 2: Prepare compaction 0.737ms
[2025-12-28T17:00:20.191+0100][info][gc,phases,start] GC(22) Phase 3: Adjust pointers
[2025-12-28T17:00:20.193+0100][info][gc,phases      ] GC(22) Phase 3: Adjust pointers 2.202ms
[2025-12-28T17:00:20.193+0100][info][gc,phases,start] GC(22) Phase 4: Compact heap
[2025-12-28T17:00:20.194+0100][info][gc,phases      ] GC(22) Phase 4: Compact heap 0.443ms
[2025-12-28T17:00:20.194+0100][info][gc,phases,start] GC(22) Phase 5: Reset Metadata
[2025-12-28T17:00:20.194+0100][info][gc,phases      ] GC(22) Phase 5: Reset Metadata 0.351ms
[2025-12-28T17:00:20.197+0100][info][gc,heap        ] GC(22) Eden regions: 23->0(921)
[2025-12-28T17:00:20.197+0100][info][gc,heap        ] GC(22) Survivor regions: 0->0(116)
[2025-12-28T17:00:20.197+0100][info][gc,heap        ] GC(22) Old regions: 8->8
[2025-12-28T17:00:20.197+0100][info][gc,heap        ] GC(22) Humongous regions: 0->0
[2025-12-28T17:00:20.197+0100][info][gc,metaspace   ] GC(22) Metaspace: 8180K(8384K)->8180K(8384K) NonClass: 7515K(7616K)->7515K(7616K) Class: 665K(768K)->665K(768K)
[2025-12-28T17:00:20.197+0100][info][gc             ] GC(22) Pause Full (System.gc()) 102M->10M(6144M) 10.704ms
[2025-12-28T17:00:20.197+0100][info][gc,cpu         ] GC(22) User=0.04s Sys=0.01s Real=0.01s
[2025-12-28T17:00:20.198+0100][info][gc,start       ] GC(23) Pause Full (System.gc())
[2025-12-28T17:00:20.198+0100][info][gc,task        ] GC(23) Using 8 workers of 8 for full compaction
[2025-12-28T17:00:20.198+0100][info][gc,phases,start] GC(23) Phase 1: Mark live objects
[2025-12-28T17:00:20.200+0100][info][gc,phases      ] GC(23) Phase 1: Mark live objects 2.477ms
[2025-12-28T17:00:20.200+0100][info][gc,phases,start] GC(23) Phase 2: Prepare compaction
[2025-12-28T17:00:20.201+0100][info][gc,phases      ] GC(23) Phase 2: Prepare compaction 0.403ms
[2025-12-28T17:00:20.201+0100][info][gc,phases,start] GC(23) Phase 3: Adjust pointers
[2025-12-28T17:00:20.202+0100][info][gc,phases      ] GC(23) Phase 3: Adjust pointers 1.387ms
[2025-12-28T17:00:20.202+0100][info][gc,phases,start] GC(23) Phase 4: Compact heap
[2025-12-28T17:00:20.202+0100][info][gc,phases      ] GC(23) Phase 4: Compact heap 0.282ms
[2025-12-28T17:00:20.202+0100][info][gc,phases,start] GC(23) Phase 5: Reset Metadata
[2025-12-28T17:00:20.203+0100][info][gc,phases      ] GC(23) Phase 5: Reset Metadata 0.313ms
[2025-12-28T17:00:20.206+0100][info][gc,heap        ] GC(23) Eden regions: 1->0(921)
[2025-12-28T17:00:20.206+0100][info][gc,heap        ] GC(23) Survivor regions: 0->0(116)
[2025-12-28T17:00:20.206+0100][info][gc,heap        ] GC(23) Old regions: 8->8
[2025-12-28T17:00:20.206+0100][info][gc,heap        ] GC(23) Humongous regions: 0->0
[2025-12-28T17:00:20.206+0100][info][gc,metaspace   ] GC(23) Metaspace: 8180K(8384K)->8180K(8384K) NonClass: 7515K(7616K)->7515K(7616K) Class: 665K(768K)->665K(768K)
[2025-12-28T17:00:20.206+0100][info][gc             ] GC(23) Pause Full (System.gc()) 12M->10M(6144M) 8.294ms
[2025-12-28T17:00:20.206+0100][info][gc,cpu         ] GC(23) User=0.04s Sys=0.00s Real=0.01s
[2025-12-28T17:00:20.834+0100][info][gc,start       ] GC(24) Pause Full (System.gc())
[2025-12-28T17:00:20.834+0100][info][gc,task        ] GC(24) Using 8 workers of 8 for full compaction
[2025-12-28T17:00:20.834+0100][info][gc,phases,start] GC(24) Phase 1: Mark live objects
[2025-12-28T17:00:20.840+0100][info][gc,phases      ] GC(24) Phase 1: Mark live objects 5.132ms
[2025-12-28T17:00:20.840+0100][info][gc,phases,start] GC(24) Phase 2: Prepare compaction
[2025-12-28T17:00:20.840+0100][info][gc,phases      ] GC(24) Phase 2: Prepare compaction 0.742ms
[2025-12-28T17:00:20.840+0100][info][gc,phases,start] GC(24) Phase 3: Adjust pointers
[2025-12-28T17:00:20.843+0100][info][gc,phases      ] GC(24) Phase 3: Adjust pointers 2.847ms
[2025-12-28T17:00:20.843+0100][info][gc,phases,start] GC(24) Phase 4: Compact heap
[2025-12-28T17:00:20.844+0100][info][gc,phases      ] GC(24) Phase 4: Compact heap 0.585ms
[2025-12-28T17:00:20.844+0100][info][gc,phases,start] GC(24) Phase 5: Reset Metadata
[2025-12-28T17:00:20.844+0100][info][gc,phases      ] GC(24) Phase 5: Reset Metadata 0.349ms
[2025-12-28T17:00:20.848+0100][info][gc,heap        ] GC(24) Eden regions: 15->0(921)
[2025-12-28T17:00:20.848+0100][info][gc,heap        ] GC(24) Survivor regions: 0->0(116)
[2025-12-28T17:00:20.848+0100][info][gc,heap        ] GC(24) Old regions: 8->8
[2025-12-28T17:00:20.848+0100][info][gc,heap        ] GC(24) Humongous regions: 0->0
[2025-12-28T17:00:20.848+0100][info][gc,metaspace   ] GC(24) Metaspace: 8196K(8384K)->8196K(8384K) NonClass: 7530K(7616K)->7530K(7616K) Class: 665K(768K)->665K(768K)
[2025-12-28T17:00:20.848+0100][info][gc             ] GC(24) Pause Full (System.gc()) 68M->10M(6144M) 13.807ms
[2025-12-28T17:00:20.848+0100][info][gc,cpu         ] GC(24) User=0.05s Sys=0.01s Real=0.01s
[2025-12-28T17:00:20.848+0100][info][gc,start       ] GC(25) Pause Full (System.gc())
[2025-12-28T17:00:20.848+0100][info][gc,task        ] GC(25) Using 8 workers of 8 for full compaction
[2025-12-28T17:00:20.848+0100][info][gc,phases,start] GC(25) Phase 1: Mark live objects
[2025-12-28T17:00:20.852+0100][info][gc,phases      ] GC(25) Phase 1: Mark live objects 3.833ms
[2025-12-28T17:00:20.852+0100][info][gc,phases,start] GC(25) Phase 2: Prepare compaction
[2025-12-28T17:00:20.853+0100][info][gc,phases      ] GC(25) Phase 2: Prepare compaction 0.602ms
[2025-12-28T17:00:20.853+0100][info][gc,phases,start] GC(25) Phase 3: Adjust pointers
[2025-12-28T17:00:20.855+0100][info][gc,phases      ] GC(25) Phase 3: Adjust pointers 2.421ms
[2025-12-28T17:00:20.855+0100][info][gc,phases,start] GC(25) Phase 4: Compact heap
[2025-12-28T17:00:20.856+0100][info][gc,phases      ] GC(25) Phase 4: Compact heap 0.541ms
[2025-12-28T17:00:20.856+0100][info][gc,phases,start] GC(25) Phase 5: Reset Metadata
[2025-12-28T17:00:20.856+0100][info][gc,phases      ] GC(25) Phase 5: Reset Metadata 0.354ms
[2025-12-28T17:00:20.860+0100][info][gc,heap        ] GC(25) Eden regions: 1->0(921)
[2025-12-28T17:00:20.860+0100][info][gc,heap        ] GC(25) Survivor regions: 0->0(116)
[2025-12-28T17:00:20.860+0100][info][gc,heap        ] GC(25) Old regions: 8->8
[2025-12-28T17:00:20.860+0100][info][gc,heap        ] GC(25) Humongous regions: 0->0
[2025-12-28T17:00:20.860+0100][info][gc,metaspace   ] GC(25) Metaspace: 8196K(8384K)->8196K(8384K) NonClass: 7531K(7616K)->7531K(7616K) Class: 665K(768K)->665K(768K)
[2025-12-28T17:00:20.860+0100][info][gc             ] GC(25) Pause Full (System.gc()) 12M->10M(6144M) 11.997ms
[2025-12-28T17:00:20.860+0100][info][gc,cpu         ] GC(25) User=0.04s Sys=0.01s Real=0.02s
[2025-12-28T17:00:21.483+0100][info][gc,start       ] GC(26) Pause Full (System.gc())
[2025-12-28T17:00:21.483+0100][info][gc,task        ] GC(26) Using 8 workers of 8 for full compaction
[2025-12-28T17:00:21.483+0100][info][gc,phases,start] GC(26) Phase 1: Mark live objects
[2025-12-28T17:00:21.488+0100][info][gc,phases      ] GC(26) Phase 1: Mark live objects 4.491ms
[2025-12-28T17:00:21.488+0100][info][gc,phases,start] GC(26) Phase 2: Prepare compaction
[2025-12-28T17:00:21.489+0100][info][gc,phases      ] GC(26) Phase 2: Prepare compaction 0.950ms
[2025-12-28T17:00:21.489+0100][info][gc,phases,start] GC(26) Phase 3: Adjust pointers
[2025-12-28T17:00:21.492+0100][info][gc,phases      ] GC(26) Phase 3: Adjust pointers 2.883ms
[2025-12-28T17:00:21.492+0100][info][gc,phases,start] GC(26) Phase 4: Compact heap
[2025-12-28T17:00:21.492+0100][info][gc,phases      ] GC(26) Phase 4: Compact heap 0.694ms
[2025-12-28T17:00:21.492+0100][info][gc,phases,start] GC(26) Phase 5: Reset Metadata
[2025-12-28T17:00:21.493+0100][info][gc,phases      ] GC(26) Phase 5: Reset Metadata 0.359ms
[2025-12-28T17:00:21.496+0100][info][gc,heap        ] GC(26) Eden regions: 16->0(921)
[2025-12-28T17:00:21.496+0100][info][gc,heap        ] GC(26) Survivor regions: 0->0(116)
[2025-12-28T17:00:21.496+0100][info][gc,heap        ] GC(26) Old regions: 8->8
[2025-12-28T17:00:21.496+0100][info][gc,heap        ] GC(26) Humongous regions: 0->0
[2025-12-28T17:00:21.496+0100][info][gc,metaspace   ] GC(26) Metaspace: 8197K(8384K)->8197K(8384K) NonClass: 7532K(7616K)->7532K(7616K) Class: 665K(768K)->665K(768K)
[2025-12-28T17:00:21.497+0100][info][gc             ] GC(26) Pause Full (System.gc()) 72M->10M(6144M) 13.663ms
[2025-12-28T17:00:21.497+0100][info][gc,cpu         ] GC(26) User=0.05s Sys=0.00s Real=0.01s
[2025-12-28T17:00:21.497+0100][info][gc,start       ] GC(27) Pause Full (System.gc())
[2025-12-28T17:00:21.497+0100][info][gc,task        ] GC(27) Using 8 workers of 8 for full compaction
[2025-12-28T17:00:21.497+0100][info][gc,phases,start] GC(27) Phase 1: Mark live objects
[2025-12-28T17:00:21.501+0100][info][gc,phases      ] GC(27) Phase 1: Mark live objects 3.684ms
[2025-12-28T17:00:21.501+0100][info][gc,phases,start] GC(27) Phase 2: Prepare compaction
[2025-12-28T17:00:21.501+0100][info][gc,phases      ] GC(27) Phase 2: Prepare compaction 0.625ms
[2025-12-28T17:00:21.501+0100][info][gc,phases,start] GC(27) Phase 3: Adjust pointers
[2025-12-28T17:00:21.504+0100][info][gc,phases      ] GC(27) Phase 3: Adjust pointers 2.405ms
[2025-12-28T17:00:21.504+0100][info][gc,phases,start] GC(27) Phase 4: Compact heap
[2025-12-28T17:00:21.504+0100][info][gc,phases      ] GC(27) Phase 4: Compact heap 0.487ms
[2025-12-28T17:00:21.504+0100][info][gc,phases,start] GC(27) Phase 5: Reset Metadata
[2025-12-28T17:00:21.505+0100][info][gc,phases      ] GC(27) Phase 5: Reset Metadata 0.319ms
[2025-12-28T17:00:21.508+0100][info][gc,heap        ] GC(27) Eden regions: 1->0(921)
[2025-12-28T17:00:21.508+0100][info][gc,heap        ] GC(27) Survivor regions: 0->0(116)
[2025-12-28T17:00:21.508+0100][info][gc,heap        ] GC(27) Old regions: 8->8
[2025-12-28T17:00:21.508+0100][info][gc,heap        ] GC(27) Humongous regions: 0->0
[2025-12-28T17:00:21.508+0100][info][gc,metaspace   ] GC(27) Metaspace: 8197K(8384K)->8197K(8384K) NonClass: 7532K(7616K)->7532K(7616K) Class: 665K(768K)->665K(768K)
[2025-12-28T17:00:21.508+0100][info][gc             ] GC(27) Pause Full (System.gc()) 12M->10M(6144M) 11.136ms
[2025-12-28T17:00:21.508+0100][info][gc,cpu         ] GC(27) User=0.05s Sys=0.01s Real=0.01s
[2025-12-28T17:00:22.140+0100][info][gc,start       ] GC(28) Pause Full (System.gc())
[2025-12-28T17:00:22.140+0100][info][gc,task        ] GC(28) Using 8 workers of 8 for full compaction
[2025-12-28T17:00:22.141+0100][info][gc,phases,start] GC(28) Phase 1: Mark live objects
[2025-12-28T17:00:22.146+0100][info][gc,phases      ] GC(28) Phase 1: Mark live objects 5.007ms
[2025-12-28T17:00:22.146+0100][info][gc,phases,start] GC(28) Phase 2: Prepare compaction
[2025-12-28T17:00:22.146+0100][info][gc,phases      ] GC(28) Phase 2: Prepare compaction 0.721ms
[2025-12-28T17:00:22.146+0100][info][gc,phases,start] GC(28) Phase 3: Adjust pointers
[2025-12-28T17:00:22.149+0100][info][gc,phases      ] GC(28) Phase 3: Adjust pointers 2.560ms
[2025-12-28T17:00:22.149+0100][info][gc,phases,start] GC(28) Phase 4: Compact heap
[2025-12-28T17:00:22.150+0100][info][gc,phases      ] GC(28) Phase 4: Compact heap 0.601ms
[2025-12-28T17:00:22.150+0100][info][gc,phases,start] GC(28) Phase 5: Reset Metadata
[2025-12-28T17:00:22.150+0100][info][gc,phases      ] GC(28) Phase 5: Reset Metadata 0.347ms
[2025-12-28T17:00:22.154+0100][info][gc,heap        ] GC(28) Eden regions: 14->0(921)
[2025-12-28T17:00:22.154+0100][info][gc,heap        ] GC(28) Survivor regions: 0->0(116)
[2025-12-28T17:00:22.154+0100][info][gc,heap        ] GC(28) Old regions: 8->8
[2025-12-28T17:00:22.154+0100][info][gc,heap        ] GC(28) Humongous regions: 0->0
[2025-12-28T17:00:22.154+0100][info][gc,metaspace   ] GC(28) Metaspace: 8215K(8448K)->8215K(8448K) NonClass: 7549K(7680K)->7549K(7680K) Class: 665K(768K)->665K(768K)
[2025-12-28T17:00:22.154+0100][info][gc             ] GC(28) Pause Full (System.gc()) 64M->10M(6144M) 13.763ms
[2025-12-28T17:00:22.154+0100][info][gc,cpu         ] GC(28) User=0.05s Sys=0.00s Real=0.01s
[2025-12-28T17:00:22.154+0100][info][gc,start       ] GC(29) Pause Full (System.gc())
[2025-12-28T17:00:22.154+0100][info][gc,task        ] GC(29) Using 8 workers of 8 for full compaction
[2025-12-28T17:00:22.154+0100][info][gc,phases,start] GC(29) Phase 1: Mark live objects
[2025-12-28T17:00:22.158+0100][info][gc,phases      ] GC(29) Phase 1: Mark live objects 3.854ms
[2025-12-28T17:00:22.158+0100][info][gc,phases,start] GC(29) Phase 2: Prepare compaction
[2025-12-28T17:00:22.159+0100][info][gc,phases      ] GC(29) Phase 2: Prepare compaction 0.700ms
[2025-12-28T17:00:22.159+0100][info][gc,phases,start] GC(29) Phase 3: Adjust pointers
[2025-12-28T17:00:22.161+0100][info][gc,phases      ] GC(29) Phase 3: Adjust pointers 2.249ms
[2025-12-28T17:00:22.161+0100][info][gc,phases,start] GC(29) Phase 4: Compact heap
[2025-12-28T17:00:22.162+0100][info][gc,phases      ] GC(29) Phase 4: Compact heap 0.492ms
[2025-12-28T17:00:22.162+0100][info][gc,phases,start] GC(29) Phase 5: Reset Metadata
[2025-12-28T17:00:22.162+0100][info][gc,phases      ] GC(29) Phase 5: Reset Metadata 0.329ms
[2025-12-28T17:00:22.165+0100][info][gc,heap        ] GC(29) Eden regions: 1->0(921)
[2025-12-28T17:00:22.165+0100][info][gc,heap        ] GC(29) Survivor regions: 0->0(116)
[2025-12-28T17:00:22.165+0100][info][gc,heap        ] GC(29) Old regions: 8->8
[2025-12-28T17:00:22.165+0100][info][gc,heap        ] GC(29) Humongous regions: 0->0
[2025-12-28T17:00:22.165+0100][info][gc,metaspace   ] GC(29) Metaspace: 8217K(8448K)->8217K(8448K) NonClass: 7551K(7680K)->7551K(7680K) Class: 665K(768K)->665K(768K)
[2025-12-28T17:00:22.165+0100][info][gc             ] GC(29) Pause Full (System.gc()) 12M->10M(6144M) 11.133ms
[2025-12-28T17:00:22.165+0100][info][gc,cpu         ] GC(29) User=0.05s Sys=0.01s Real=0.01s
[2025-12-28T17:00:22.786+0100][info][gc,start       ] GC(30) Pause Full (System.gc())
[2025-12-28T17:00:22.786+0100][info][gc,task        ] GC(30) Using 8 workers of 8 for full compaction
[2025-12-28T17:00:22.786+0100][info][gc,phases,start] GC(30) Phase 1: Mark live objects
[2025-12-28T17:00:22.791+0100][info][gc,phases      ] GC(30) Phase 1: Mark live objects 4.682ms
[2025-12-28T17:00:22.791+0100][info][gc,phases,start] GC(30) Phase 2: Prepare compaction
[2025-12-28T17:00:22.792+0100][info][gc,phases      ] GC(30) Phase 2: Prepare compaction 1.195ms
[2025-12-28T17:00:22.792+0100][info][gc,phases,start] GC(30) Phase 3: Adjust pointers
[2025-12-28T17:00:22.795+0100][info][gc,phases      ] GC(30) Phase 3: Adjust pointers 3.008ms
[2025-12-28T17:00:22.795+0100][info][gc,phases,start] GC(30) Phase 4: Compact heap
[2025-12-28T17:00:22.796+0100][info][gc,phases      ] GC(30) Phase 4: Compact heap 0.573ms
[2025-12-28T17:00:22.796+0100][info][gc,phases,start] GC(30) Phase 5: Reset Metadata
[2025-12-28T17:00:22.796+0100][info][gc,phases      ] GC(30) Phase 5: Reset Metadata 0.366ms
[2025-12-28T17:00:22.800+0100][info][gc,heap        ] GC(30) Eden regions: 15->0(921)
[2025-12-28T17:00:22.800+0100][info][gc,heap        ] GC(30) Survivor regions: 0->0(116)
[2025-12-28T17:00:22.800+0100][info][gc,heap        ] GC(30) Old regions: 8->8
[2025-12-28T17:00:22.800+0100][info][gc,heap        ] GC(30) Humongous regions: 0->0
[2025-12-28T17:00:22.800+0100][info][gc,metaspace   ] GC(30) Metaspace: 8229K(8448K)->8229K(8448K) NonClass: 7563K(7680K)->7563K(7680K) Class: 665K(768K)->665K(768K)
[2025-12-28T17:00:22.800+0100][info][gc             ] GC(30) Pause Full (System.gc()) 68M->10M(6144M) 14.374ms
[2025-12-28T17:00:22.800+0100][info][gc,cpu         ] GC(30) User=0.05s Sys=0.00s Real=0.02s
[2025-12-28T17:00:22.801+0100][info][gc,start       ] GC(31) Pause Full (System.gc())
[2025-12-28T17:00:22.801+0100][info][gc,task        ] GC(31) Using 8 workers of 8 for full compaction
[2025-12-28T17:00:22.801+0100][info][gc,phases,start] GC(31) Phase 1: Mark live objects
[2025-12-28T17:00:22.805+0100][info][gc,phases      ] GC(31) Phase 1: Mark live objects 4.311ms
[2025-12-28T17:00:22.805+0100][info][gc,phases,start] GC(31) Phase 2: Prepare compaction
[2025-12-28T17:00:22.806+0100][info][gc,phases      ] GC(31) Phase 2: Prepare compaction 0.661ms
[2025-12-28T17:00:22.806+0100][info][gc,phases,start] GC(31) Phase 3: Adjust pointers
[2025-12-28T17:00:22.808+0100][info][gc,phases      ] GC(31) Phase 3: Adjust pointers 2.103ms
[2025-12-28T17:00:22.808+0100][info][gc,phases,start] GC(31) Phase 4: Compact heap
[2025-12-28T17:00:22.809+0100][info][gc,phases      ] GC(31) Phase 4: Compact heap 0.593ms
[2025-12-28T17:00:22.809+0100][info][gc,phases,start] GC(31) Phase 5: Reset Metadata
[2025-12-28T17:00:22.809+0100][info][gc,phases      ] GC(31) Phase 5: Reset Metadata 0.523ms
[2025-12-28T17:00:22.813+0100][info][gc,heap        ] GC(31) Eden regions: 1->0(921)
[2025-12-28T17:00:22.813+0100][info][gc,heap        ] GC(31) Survivor regions: 0->0(116)
[2025-12-28T17:00:22.813+0100][info][gc,heap        ] GC(31) Old regions: 8->8
[2025-12-28T17:00:22.813+0100][info][gc,heap        ] GC(31) Humongous regions: 0->0
[2025-12-28T17:00:22.813+0100][info][gc,metaspace   ] GC(31) Metaspace: 8229K(8448K)->8229K(8448K) NonClass: 7563K(7680K)->7563K(7680K) Class: 665K(768K)->665K(768K)
[2025-12-28T17:00:22.813+0100][info][gc             ] GC(31) Pause Full (System.gc()) 12M->10M(6144M) 12.148ms
[2025-12-28T17:00:22.813+0100][info][gc,cpu         ] GC(31) User=0.05s Sys=0.01s Real=0.01s
[2025-12-28T17:00:23.453+0100][info][gc,start       ] GC(32) Pause Full (System.gc())
[2025-12-28T17:00:23.453+0100][info][gc,task        ] GC(32) Using 8 workers of 8 for full compaction
[2025-12-28T17:00:23.454+0100][info][gc,phases,start] GC(32) Phase 1: Mark live objects
[2025-12-28T17:00:23.457+0100][info][gc,phases      ] GC(32) Phase 1: Mark live objects 3.683ms
[2025-12-28T17:00:23.457+0100][info][gc,phases,start] GC(32) Phase 2: Prepare compaction
[2025-12-28T17:00:23.458+0100][info][gc,phases      ] GC(32) Phase 2: Prepare compaction 0.837ms
[2025-12-28T17:00:23.458+0100][info][gc,phases,start] GC(32) Phase 3: Adjust pointers
[2025-12-28T17:00:23.461+0100][info][gc,phases      ] GC(32) Phase 3: Adjust pointers 2.504ms
[2025-12-28T17:00:23.461+0100][info][gc,phases,start] GC(32) Phase 4: Compact heap
[2025-12-28T17:00:23.461+0100][info][gc,phases      ] GC(32) Phase 4: Compact heap 0.516ms
[2025-12-28T17:00:23.461+0100][info][gc,phases,start] GC(32) Phase 5: Reset Metadata
[2025-12-28T17:00:23.462+0100][info][gc,phases      ] GC(32) Phase 5: Reset Metadata 0.343ms
[2025-12-28T17:00:23.465+0100][info][gc,heap        ] GC(32) Eden regions: 32->0(921)
[2025-12-28T17:00:23.465+0100][info][gc,heap        ] GC(32) Survivor regions: 0->0(116)
[2025-12-28T17:00:23.465+0100][info][gc,heap        ] GC(32) Old regions: 8->8
[2025-12-28T17:00:23.465+0100][info][gc,heap        ] GC(32) Humongous regions: 0->0
[2025-12-28T17:00:23.465+0100][info][gc,metaspace   ] GC(32) Metaspace: 8229K(8448K)->8229K(8448K) NonClass: 7564K(7680K)->7564K(7680K) Class: 665K(768K)->665K(768K)
[2025-12-28T17:00:23.465+0100][info][gc             ] GC(32) Pause Full (System.gc()) 138M->10M(6144M) 11.963ms
[2025-12-28T17:00:23.465+0100][info][gc,cpu         ] GC(32) User=0.04s Sys=0.01s Real=0.01s
[2025-12-28T17:00:23.465+0100][info][gc,start       ] GC(33) Pause Full (System.gc())
[2025-12-28T17:00:23.465+0100][info][gc,task        ] GC(33) Using 8 workers of 8 for full compaction
[2025-12-28T17:00:23.465+0100][info][gc,phases,start] GC(33) Phase 1: Mark live objects
[2025-12-28T17:00:23.468+0100][info][gc,phases      ] GC(33) Phase 1: Mark live objects 3.202ms
[2025-12-28T17:00:23.468+0100][info][gc,phases,start] GC(33) Phase 2: Prepare compaction
[2025-12-28T17:00:23.469+0100][info][gc,phases      ] GC(33) Phase 2: Prepare compaction 0.562ms
[2025-12-28T17:00:23.469+0100][info][gc,phases,start] GC(33) Phase 3: Adjust pointers
[2025-12-28T17:00:23.471+0100][info][gc,phases      ] GC(33) Phase 3: Adjust pointers 2.151ms
[2025-12-28T17:00:23.471+0100][info][gc,phases,start] GC(33) Phase 4: Compact heap
[2025-12-28T17:00:23.472+0100][info][gc,phases      ] GC(33) Phase 4: Compact heap 0.419ms
[2025-12-28T17:00:23.472+0100][info][gc,phases,start] GC(33) Phase 5: Reset Metadata
[2025-12-28T17:00:23.472+0100][info][gc,phases      ] GC(33) Phase 5: Reset Metadata 0.326ms
[2025-12-28T17:00:23.476+0100][info][gc,heap        ] GC(33) Eden regions: 1->0(921)
[2025-12-28T17:00:23.476+0100][info][gc,heap        ] GC(33) Survivor regions: 0->0(116)
[2025-12-28T17:00:23.476+0100][info][gc,heap        ] GC(33) Old regions: 8->8
[2025-12-28T17:00:23.476+0100][info][gc,heap        ] GC(33) Humongous regions: 0->0
[2025-12-28T17:00:23.476+0100][info][gc,metaspace   ] GC(33) Metaspace: 8229K(8448K)->8229K(8448K) NonClass: 7564K(7680K)->7564K(7680K) Class: 665K(768K)->665K(768K)
[2025-12-28T17:00:23.476+0100][info][gc             ] GC(33) Pause Full (System.gc()) 12M->10M(6144M) 10.469ms
[2025-12-28T17:00:23.476+0100][info][gc,cpu         ] GC(33) User=0.05s Sys=0.00s Real=0.01s
[2025-12-28T17:00:24.239+0100][info][gc,exit        ] Heap
[2025-12-28T17:00:24.239+0100][info][gc,exit        ]  garbage-first heap   total reserved 6291456K, committed 6291456K, used 116938K [0x0000000680000000, 0x0000000800000000)
[2025-12-28T17:00:24.239+0100][info][gc,exit        ]   region size 4096K, 26 young (106496K), 0 survivors (0K)
[2025-12-28T17:00:24.239+0100][info][gc,exit        ]  Metaspace       used 8592K, committed 8768K, reserved 1114112K
[2025-12-28T17:00:24.239+0100][info][gc,exit        ]   class space    used 702K, committed 768K, reserved 1048576K
