[2025-12-28T15:41:09.704+0100][info][gc,init] CardTable entry size: 512
[2025-12-28T15:41:09.704+0100][info][gc     ] Using G1
[2025-12-28T15:41:09.706+0100][info][gc,init] Version: 25.0.1+8-jvmci-b01 (release)
[2025-12-28T15:41:09.706+0100][info][gc,init] CPUs: 8 total, 8 available
[2025-12-28T15:41:09.706+0100][info][gc,init] Memory: 16384M
[2025-12-28T15:41:09.706+0100][info][gc,init] Large Page Support: Disabled
[2025-12-28T15:41:09.706+0100][info][gc,init] NUMA Support: Disabled
[2025-12-28T15:41:09.706+0100][info][gc,init] Compressed Oops: Enabled (Zero based)
[2025-12-28T15:41:09.706+0100][info][gc,init] Heap Region Size: 4M
[2025-12-28T15:41:09.706+0100][info][gc,init] Heap Min Capacity: 6G
[2025-12-28T15:41:09.706+0100][info][gc,init] Heap Initial Capacity: 6G
[2025-12-28T15:41:09.706+0100][info][gc,init] Heap Max Capacity: 6G
[2025-12-28T15:41:09.706+0100][info][gc,init] Pre-touch: Disabled
[2025-12-28T15:41:09.706+0100][info][gc,init] Parallel Workers: 8
[2025-12-28T15:41:09.706+0100][info][gc,init] Concurrent Workers: 2
[2025-12-28T15:41:09.706+0100][info][gc,init] Concurrent Refinement Workers: 8
[2025-12-28T15:41:09.706+0100][info][gc,init] Periodic GC: Disabled
[2025-12-28T15:41:09.708+0100][info][gc,metaspace] CDS archive(s) mapped at: [0x00007ff000000000-0x00007ff000da0000-0x00007ff000da0000), size 14286848, SharedBaseAddress: 0x00007ff000000000, ArchiveRelocationMode: 1.
[2025-12-28T15:41:09.708+0100][info][gc,metaspace] Compressed class space mapped at: 0x00007ff001000000-0x00007ff041000000, reserved size: 1073741824
[2025-12-28T15:41:09.708+0100][info][gc,metaspace] UseCompressedClassPointers 1, UseCompactObjectHeaders 0
[2025-12-28T15:41:09.708+0100][info][gc,metaspace] Narrow klass pointer bits 32, Max shift 3
[2025-12-28T15:41:09.708+0100][info][gc,metaspace] Narrow klass base: 0x00007ff000000000, Narrow klass shift: 0
[2025-12-28T15:41:09.708+0100][info][gc,metaspace] Encoding Range: [0x00007ff000000000 - 0x00007ff100000000), (4294967296 bytes)
[2025-12-28T15:41:09.708+0100][info][gc,metaspace] Klass Range:    [0x00007ff000004000 - 0x00007ff041000000), (1090502656 bytes)
[2025-12-28T15:41:09.708+0100][info][gc,metaspace] Klass ID Range:  [16384 - 1090519033) (1090502649)
[2025-12-28T15:41:09.708+0100][info][gc,metaspace] Protection zone: [0x00007ff000000000 - 0x00007ff000004000), (16384 bytes)
[2025-12-28T15:41:09.883+0100][info][gc,start    ] GC(0) Pause Full (System.gc())
[2025-12-28T15:41:09.884+0100][info][gc,task     ] GC(0) Using 7 workers of 8 for full compaction
[2025-12-28T15:41:09.884+0100][info][gc,phases,start] GC(0) Phase 1: Mark live objects
[2025-12-28T15:41:09.885+0100][info][gc,phases      ] GC(0) Phase 1: Mark live objects 1.105ms
[2025-12-28T15:41:09.885+0100][info][gc,phases,start] GC(0) Phase 2: Prepare compaction
[2025-12-28T15:41:09.885+0100][info][gc,phases      ] GC(0) Phase 2: Prepare compaction 0.375ms
[2025-12-28T15:41:09.885+0100][info][gc,phases,start] GC(0) Phase 3: Adjust pointers
[2025-12-28T15:41:09.886+0100][info][gc,phases      ] GC(0) Phase 3: Adjust pointers 0.725ms
[2025-12-28T15:41:09.886+0100][info][gc,phases,start] GC(0) Phase 4: Compact heap
[2025-12-28T15:41:09.887+0100][info][gc,phases      ] GC(0) Phase 4: Compact heap 0.959ms
[2025-12-28T15:41:09.887+0100][info][gc,phases,start] GC(0) Phase 5: Reset Metadata
[2025-12-28T15:41:09.887+0100][info][gc,phases      ] GC(0) Phase 5: Reset Metadata 0.449ms
[2025-12-28T15:41:09.897+0100][info][gc,heap        ] GC(0) Eden regions: 6->0(76)
[2025-12-28T15:41:09.897+0100][info][gc,heap        ] GC(0) Survivor regions: 0->0(0)
[2025-12-28T15:41:09.897+0100][info][gc,heap        ] GC(0) Old regions: 1->7
[2025-12-28T15:41:09.897+0100][info][gc,heap        ] GC(0) Humongous regions: 0->0
[2025-12-28T15:41:09.897+0100][info][gc,metaspace   ] GC(0) Metaspace: 3407K(3520K)->3407K(3520K) NonClass: 3138K(3200K)->3138K(3200K) Class: 269K(320K)->269K(320K)
[2025-12-28T15:41:09.897+0100][info][gc             ] GC(0) Pause Full (System.gc()) 25M->7M(6144M) 13.618ms
[2025-12-28T15:41:09.897+0100][info][gc,cpu         ] GC(0) User=0.02s Sys=0.04s Real=0.01s
[2025-12-28T15:41:09.897+0100][info][gc,start       ] GC(1) Pause Full (System.gc())
[2025-12-28T15:41:09.897+0100][info][gc,task        ] GC(1) Using 8 workers of 8 for full compaction
[2025-12-28T15:41:09.897+0100][info][gc,phases,start] GC(1) Phase 1: Mark live objects
[2025-12-28T15:41:09.898+0100][info][gc,phases      ] GC(1) Phase 1: Mark live objects 1.003ms
[2025-12-28T15:41:09.898+0100][info][gc,phases,start] GC(1) Phase 2: Prepare compaction
[2025-12-28T15:41:09.899+0100][info][gc,phases      ] GC(1) Phase 2: Prepare compaction 0.259ms
[2025-12-28T15:41:09.899+0100][info][gc,phases,start] GC(1) Phase 3: Adjust pointers
[2025-12-28T15:41:09.899+0100][info][gc,phases      ] GC(1) Phase 3: Adjust pointers 0.497ms
[2025-12-28T15:41:09.899+0100][info][gc,phases,start] GC(1) Phase 4: Compact heap
[2025-12-28T15:41:09.899+0100][info][gc,phases      ] GC(1) Phase 4: Compact heap 0.206ms
[2025-12-28T15:41:09.899+0100][info][gc,phases,start] GC(1) Phase 5: Reset Metadata
[2025-12-28T15:41:09.900+0100][info][gc,phases      ] GC(1) Phase 5: Reset Metadata 0.350ms
[2025-12-28T15:41:09.903+0100][info][gc,heap        ] GC(1) Eden regions: 1->0(76)
[2025-12-28T15:41:09.903+0100][info][gc,heap        ] GC(1) Survivor regions: 0->0(0)
[2025-12-28T15:41:09.903+0100][info][gc,heap        ] GC(1) Old regions: 7->8
[2025-12-28T15:41:09.903+0100][info][gc,heap        ] GC(1) Humongous regions: 0->0
[2025-12-28T15:41:09.903+0100][info][gc,metaspace   ] GC(1) Metaspace: 3407K(3520K)->3407K(3520K) NonClass: 3138K(3200K)->3138K(3200K) Class: 269K(320K)->269K(320K)
[2025-12-28T15:41:09.903+0100][info][gc             ] GC(1) Pause Full (System.gc()) 9M->7M(6144M) 5.388ms
[2025-12-28T15:41:09.903+0100][info][gc,cpu         ] GC(1) User=0.02s Sys=0.00s Real=0.01s
[2025-12-28T15:41:15.572+0100][info][gc,start       ] GC(2) Pause Full (System.gc())
[2025-12-28T15:41:15.572+0100][info][gc,task        ] GC(2) Using 8 workers of 8 for full compaction
[2025-12-28T15:41:15.572+0100][info][gc,phases,start] GC(2) Phase 1: Mark live objects
[2025-12-28T15:41:15.574+0100][info][gc,phases      ] GC(2) Phase 1: Mark live objects 1.999ms
[2025-12-28T15:41:15.574+0100][info][gc,phases,start] GC(2) Phase 2: Prepare compaction
[2025-12-28T15:41:15.575+0100][info][gc,phases      ] GC(2) Phase 2: Prepare compaction 0.316ms
[2025-12-28T15:41:15.575+0100][info][gc,phases,start] GC(2) Phase 3: Adjust pointers
[2025-12-28T15:41:15.575+0100][info][gc,phases      ] GC(2) Phase 3: Adjust pointers 0.791ms
[2025-12-28T15:41:15.575+0100][info][gc,phases,start] GC(2) Phase 4: Compact heap
[2025-12-28T15:41:15.576+0100][info][gc,phases      ] GC(2) Phase 4: Compact heap 0.425ms
[2025-12-28T15:41:15.576+0100][info][gc,phases,start] GC(2) Phase 5: Reset Metadata
[2025-12-28T15:41:15.576+0100][info][gc,phases      ] GC(2) Phase 5: Reset Metadata 0.455ms
[2025-12-28T15:41:15.581+0100][info][gc,heap        ] GC(2) Eden regions: 5->0(76)
[2025-12-28T15:41:15.581+0100][info][gc,heap        ] GC(2) Survivor regions: 0->0(0)
[2025-12-28T15:41:15.581+0100][info][gc,heap        ] GC(2) Old regions: 8->8
[2025-12-28T15:41:15.581+0100][info][gc,heap        ] GC(2) Humongous regions: 0->0
[2025-12-28T15:41:15.581+0100][info][gc,metaspace   ] GC(2) Metaspace: 4063K(4288K)->4033K(4224K) NonClass: 3731K(3840K)->3709K(3840K) Class: 332K(448K)->323K(384K)
[2025-12-28T15:41:15.581+0100][info][gc             ] GC(2) Pause Full (System.gc()) 27M->7M(6144M) 8.700ms
[2025-12-28T15:41:15.581+0100][info][gc,cpu         ] GC(2) User=0.03s Sys=0.01s Real=0.01s
[2025-12-28T15:41:15.581+0100][info][gc,start       ] GC(3) Pause Full (System.gc())
[2025-12-28T15:41:15.581+0100][info][gc,task        ] GC(3) Using 8 workers of 8 for full compaction
[2025-12-28T15:41:15.581+0100][info][gc,phases,start] GC(3) Phase 1: Mark live objects
[2025-12-28T15:41:15.582+0100][info][gc,phases      ] GC(3) Phase 1: Mark live objects 1.226ms
[2025-12-28T15:41:15.582+0100][info][gc,phases,start] GC(3) Phase 2: Prepare compaction
[2025-12-28T15:41:15.582+0100][info][gc,phases      ] GC(3) Phase 2: Prepare compaction 0.310ms
[2025-12-28T15:41:15.582+0100][info][gc,phases,start] GC(3) Phase 3: Adjust pointers
[2025-12-28T15:41:15.583+0100][info][gc,phases      ] GC(3) Phase 3: Adjust pointers 0.710ms
[2025-12-28T15:41:15.583+0100][info][gc,phases,start] GC(3) Phase 4: Compact heap
[2025-12-28T15:41:15.583+0100][info][gc,phases      ] GC(3) Phase 4: Compact heap 0.210ms
[2025-12-28T15:41:15.583+0100][info][gc,phases,start] GC(3) Phase 5: Reset Metadata
[2025-12-28T15:41:15.584+0100][info][gc,phases      ] GC(3) Phase 5: Reset Metadata 0.336ms
[2025-12-28T15:41:15.587+0100][info][gc,heap        ] GC(3) Eden regions: 1->0(76)
[2025-12-28T15:41:15.587+0100][info][gc,heap        ] GC(3) Survivor regions: 0->0(0)
[2025-12-28T15:41:15.587+0100][info][gc,heap        ] GC(3) Old regions: 8->8
[2025-12-28T15:41:15.587+0100][info][gc,heap        ] GC(3) Humongous regions: 0->0
[2025-12-28T15:41:15.587+0100][info][gc,metaspace   ] GC(3) Metaspace: 4033K(4224K)->4033K(4224K) NonClass: 3709K(3840K)->3709K(3840K) Class: 323K(384K)->323K(384K)
[2025-12-28T15:41:15.587+0100][info][gc             ] GC(3) Pause Full (System.gc()) 9M->7M(6144M) 5.974ms
[2025-12-28T15:41:15.587+0100][info][gc,cpu         ] GC(3) User=0.03s Sys=0.01s Real=0.00s
[2025-12-28T15:41:16.549+0100][info][gc,start       ] GC(4) Pause Full (System.gc())
[2025-12-28T15:41:16.549+0100][info][gc,task        ] GC(4) Using 8 workers of 8 for full compaction
[2025-12-28T15:41:16.549+0100][info][gc,phases,start] GC(4) Phase 1: Mark live objects
[2025-12-28T15:41:16.552+0100][info][gc,phases      ] GC(4) Phase 1: Mark live objects 2.717ms
[2025-12-28T15:41:16.552+0100][info][gc,phases,start] GC(4) Phase 2: Prepare compaction
[2025-12-28T15:41:16.552+0100][info][gc,phases      ] GC(4) Phase 2: Prepare compaction 0.559ms
[2025-12-28T15:41:16.552+0100][info][gc,phases,start] GC(4) Phase 3: Adjust pointers
[2025-12-28T15:41:16.554+0100][info][gc,phases      ] GC(4) Phase 3: Adjust pointers 1.197ms
[2025-12-28T15:41:16.554+0100][info][gc,phases,start] GC(4) Phase 4: Compact heap
[2025-12-28T15:41:16.554+0100][info][gc,phases      ] GC(4) Phase 4: Compact heap 0.666ms
[2025-12-28T15:41:16.554+0100][info][gc,phases,start] GC(4) Phase 5: Reset Metadata
[2025-12-28T15:41:16.555+0100][info][gc,phases      ] GC(4) Phase 5: Reset Metadata 0.595ms
[2025-12-28T15:41:16.558+0100][info][gc,heap        ] GC(4) Eden regions: 10->0(76)
[2025-12-28T15:41:16.558+0100][info][gc,heap        ] GC(4) Survivor regions: 0->0(0)
[2025-12-28T15:41:16.558+0100][info][gc,heap        ] GC(4) Old regions: 8->8
[2025-12-28T15:41:16.558+0100][info][gc,heap        ] GC(4) Humongous regions: 0->0
[2025-12-28T15:41:16.558+0100][info][gc,metaspace   ] GC(4) Metaspace: 7409K(7616K)->7409K(7616K) NonClass: 6799K(6912K)->6799K(6912K) Class: 610K(704K)->610K(704K)
[2025-12-28T15:41:16.558+0100][info][gc             ] GC(4) Pause Full (System.gc()) 47M->10M(6144M) 9.415ms
[2025-12-28T15:41:16.558+0100][info][gc,cpu         ] GC(4) User=0.05s Sys=0.01s Real=0.01s
[2025-12-28T15:41:16.558+0100][info][gc,start       ] GC(5) Pause Full (System.gc())
[2025-12-28T15:41:16.558+0100][info][gc,task        ] GC(5) Using 8 workers of 8 for full compaction
[2025-12-28T15:41:16.559+0100][info][gc,phases,start] GC(5) Phase 1: Mark live objects
[2025-12-28T15:41:16.561+0100][info][gc,phases      ] GC(5) Phase 1: Mark live objects 2.487ms
[2025-12-28T15:41:16.561+0100][info][gc,phases,start] GC(5) Phase 2: Prepare compaction
[2025-12-28T15:41:16.561+0100][info][gc,phases      ] GC(5) Phase 2: Prepare compaction 0.381ms
[2025-12-28T15:41:16.561+0100][info][gc,phases,start] GC(5) Phase 3: Adjust pointers
[2025-12-28T15:41:16.563+0100][info][gc,phases      ] GC(5) Phase 3: Adjust pointers 1.644ms
[2025-12-28T15:41:16.563+0100][info][gc,phases,start] GC(5) Phase 4: Compact heap
[2025-12-28T15:41:16.564+0100][info][gc,phases      ] GC(5) Phase 4: Compact heap 0.394ms
[2025-12-28T15:41:16.564+0100][info][gc,phases,start] GC(5) Phase 5: Reset Metadata
[2025-12-28T15:41:16.564+0100][info][gc,phases      ] GC(5) Phase 5: Reset Metadata 0.328ms
[2025-12-28T15:41:16.567+0100][info][gc,heap        ] GC(5) Eden regions: 1->0(76)
[2025-12-28T15:41:16.567+0100][info][gc,heap        ] GC(5) Survivor regions: 0->0(0)
[2025-12-28T15:41:16.567+0100][info][gc,heap        ] GC(5) Old regions: 8->8
[2025-12-28T15:41:16.567+0100][info][gc,heap        ] GC(5) Humongous regions: 0->0
[2025-12-28T15:41:16.567+0100][info][gc,metaspace   ] GC(5) Metaspace: 7409K(7616K)->7409K(7616K) NonClass: 6799K(6912K)->6799K(6912K) Class: 610K(704K)->610K(704K)
[2025-12-28T15:41:16.567+0100][info][gc             ] GC(5) Pause Full (System.gc()) 12M->10M(6144M) 8.515ms
[2025-12-28T15:41:16.567+0100][info][gc,cpu         ] GC(5) User=0.03s Sys=0.00s Real=0.01s
[2025-12-28T15:41:17.195+0100][info][gc,start       ] GC(6) Pause Full (System.gc())
[2025-12-28T15:41:17.195+0100][info][gc,task        ] GC(6) Using 8 workers of 8 for full compaction
[2025-12-28T15:41:17.195+0100][info][gc,phases,start] GC(6) Phase 1: Mark live objects
[2025-12-28T15:41:17.200+0100][info][gc,phases      ] GC(6) Phase 1: Mark live objects 4.881ms
[2025-12-28T15:41:17.200+0100][info][gc,phases,start] GC(6) Phase 2: Prepare compaction
[2025-12-28T15:41:17.201+0100][info][gc,phases      ] GC(6) Phase 2: Prepare compaction 0.673ms
[2025-12-28T15:41:17.201+0100][info][gc,phases,start] GC(6) Phase 3: Adjust pointers
[2025-12-28T15:41:17.203+0100][info][gc,phases      ] GC(6) Phase 3: Adjust pointers 2.456ms
[2025-12-28T15:41:17.203+0100][info][gc,phases,start] GC(6) Phase 4: Compact heap
[2025-12-28T15:41:17.204+0100][info][gc,phases      ] GC(6) Phase 4: Compact heap 0.424ms
[2025-12-28T15:41:17.204+0100][info][gc,phases,start] GC(6) Phase 5: Reset Metadata
[2025-12-28T15:41:17.204+0100][info][gc,phases      ] GC(6) Phase 5: Reset Metadata 0.336ms
[2025-12-28T15:41:17.208+0100][info][gc,heap        ] GC(6) Eden regions: 5->0(76)
[2025-12-28T15:41:17.208+0100][info][gc,heap        ] GC(6) Survivor regions: 0->0(0)
[2025-12-28T15:41:17.208+0100][info][gc,heap        ] GC(6) Old regions: 8->8
[2025-12-28T15:41:17.208+0100][info][gc,heap        ] GC(6) Humongous regions: 0->0
[2025-12-28T15:41:17.208+0100][info][gc,metaspace   ] GC(6) Metaspace: 7439K(7616K)->7439K(7616K) NonClass: 6828K(6912K)->6828K(6912K) Class: 610K(704K)->610K(704K)
[2025-12-28T15:41:17.208+0100][info][gc             ] GC(6) Pause Full (System.gc()) 30M->10M(6144M) 13.115ms
[2025-12-28T15:41:17.208+0100][info][gc,cpu         ] GC(6) User=0.05s Sys=0.01s Real=0.01s
[2025-12-28T15:41:17.208+0100][info][gc,start       ] GC(7) Pause Full (System.gc())
[2025-12-28T15:41:17.208+0100][info][gc,task        ] GC(7) Using 8 workers of 8 for full compaction
[2025-12-28T15:41:17.208+0100][info][gc,phases,start] GC(7) Phase 1: Mark live objects
[2025-12-28T15:41:17.212+0100][info][gc,phases      ] GC(7) Phase 1: Mark live objects 3.703ms
[2025-12-28T15:41:17.212+0100][info][gc,phases,start] GC(7) Phase 2: Prepare compaction
[2025-12-28T15:41:17.213+0100][info][gc,phases      ] GC(7) Phase 2: Prepare compaction 0.635ms
[2025-12-28T15:41:17.213+0100][info][gc,phases,start] GC(7) Phase 3: Adjust pointers
[2025-12-28T15:41:17.215+0100][info][gc,phases      ] GC(7) Phase 3: Adjust pointers 2.097ms
[2025-12-28T15:41:17.215+0100][info][gc,phases,start] GC(7) Phase 4: Compact heap
[2025-12-28T15:41:17.215+0100][info][gc,phases      ] GC(7) Phase 4: Compact heap 0.426ms
[2025-12-28T15:41:17.215+0100][info][gc,phases,start] GC(7) Phase 5: Reset Metadata
[2025-12-28T15:41:17.216+0100][info][gc,phases      ] GC(7) Phase 5: Reset Metadata 0.370ms
[2025-12-28T15:41:17.219+0100][info][gc,heap        ] GC(7) Eden regions: 1->0(76)
[2025-12-28T15:41:17.219+0100][info][gc,heap        ] GC(7) Survivor regions: 0->0(0)
[2025-12-28T15:41:17.219+0100][info][gc,heap        ] GC(7) Old regions: 8->8
[2025-12-28T15:41:17.219+0100][info][gc,heap        ] GC(7) Humongous regions: 0->0
[2025-12-28T15:41:17.219+0100][info][gc,metaspace   ] GC(7) Metaspace: 7439K(7616K)->7439K(7616K) NonClass: 6828K(6912K)->6828K(6912K) Class: 610K(704K)->610K(704K)
[2025-12-28T15:41:17.219+0100][info][gc             ] GC(7) Pause Full (System.gc()) 12M->10M(6144M) 10.963ms
[2025-12-28T15:41:17.219+0100][info][gc,cpu         ] GC(7) User=0.04s Sys=0.00s Real=0.01s
[2025-12-28T15:41:17.853+0100][info][gc,start       ] GC(8) Pause Full (System.gc())
[2025-12-28T15:41:17.854+0100][info][gc,task        ] GC(8) Using 8 workers of 8 for full compaction
[2025-12-28T15:41:17.854+0100][info][gc,phases,start] GC(8) Phase 1: Mark live objects
[2025-12-28T15:41:17.858+0100][info][gc,phases      ] GC(8) Phase 1: Mark live objects 4.450ms
[2025-12-28T15:41:17.858+0100][info][gc,phases,start] GC(8) Phase 2: Prepare compaction
[2025-12-28T15:41:17.859+0100][info][gc,phases      ] GC(8) Phase 2: Prepare compaction 0.682ms
[2025-12-28T15:41:17.859+0100][info][gc,phases,start] GC(8) Phase 3: Adjust pointers
[2025-12-28T15:41:17.861+0100][info][gc,phases      ] GC(8) Phase 3: Adjust pointers 2.408ms
[2025-12-28T15:41:17.861+0100][info][gc,phases,start] GC(8) Phase 4: Compact heap
[2025-12-28T15:41:17.862+0100][info][gc,phases      ] GC(8) Phase 4: Compact heap 0.533ms
[2025-12-28T15:41:17.862+0100][info][gc,phases,start] GC(8) Phase 5: Reset Metadata
[2025-12-28T15:41:17.863+0100][info][gc,phases      ] GC(8) Phase 5: Reset Metadata 0.474ms
[2025-12-28T15:41:17.866+0100][info][gc,heap        ] GC(8) Eden regions: 5->0(76)
[2025-12-28T15:41:17.866+0100][info][gc,heap        ] GC(8) Survivor regions: 0->0(0)
[2025-12-28T15:41:17.866+0100][info][gc,heap        ] GC(8) Old regions: 8->8
[2025-12-28T15:41:17.866+0100][info][gc,heap        ] GC(8) Humongous regions: 0->0
[2025-12-28T15:41:17.866+0100][info][gc,metaspace   ] GC(8) Metaspace: 7479K(7680K)->7479K(7680K) NonClass: 6869K(6976K)->6869K(6976K) Class: 610K(704K)->610K(704K)
[2025-12-28T15:41:17.866+0100][info][gc             ] GC(8) Pause Full (System.gc()) 30M->10M(6144M) 12.853ms
[2025-12-28T15:41:17.866+0100][info][gc,cpu         ] GC(8) User=0.05s Sys=0.00s Real=0.01s
[2025-12-28T15:41:17.867+0100][info][gc,start       ] GC(9) Pause Full (System.gc())
[2025-12-28T15:41:17.867+0100][info][gc,task        ] GC(9) Using 8 workers of 8 for full compaction
[2025-12-28T15:41:17.867+0100][info][gc,phases,start] GC(9) Phase 1: Mark live objects
[2025-12-28T15:41:17.871+0100][info][gc,phases      ] GC(9) Phase 1: Mark live objects 3.869ms
[2025-12-28T15:41:17.871+0100][info][gc,phases,start] GC(9) Phase 2: Prepare compaction
[2025-12-28T15:41:17.871+0100][info][gc,phases      ] GC(9) Phase 2: Prepare compaction 0.562ms
[2025-12-28T15:41:17.871+0100][info][gc,phases,start] GC(9) Phase 3: Adjust pointers
[2025-12-28T15:41:17.873+0100][info][gc,phases      ] GC(9) Phase 3: Adjust pointers 1.871ms
[2025-12-28T15:41:17.873+0100][info][gc,phases,start] GC(9) Phase 4: Compact heap
[2025-12-28T15:41:17.874+0100][info][gc,phases      ] GC(9) Phase 4: Compact heap 0.413ms
[2025-12-28T15:41:17.874+0100][info][gc,phases,start] GC(9) Phase 5: Reset Metadata
[2025-12-28T15:41:17.874+0100][info][gc,phases      ] GC(9) Phase 5: Reset Metadata 0.352ms
[2025-12-28T15:41:17.877+0100][info][gc,heap        ] GC(9) Eden regions: 1->0(76)
[2025-12-28T15:41:17.877+0100][info][gc,heap        ] GC(9) Survivor regions: 0->0(0)
[2025-12-28T15:41:17.877+0100][info][gc,heap        ] GC(9) Old regions: 8->8
[2025-12-28T15:41:17.877+0100][info][gc,heap        ] GC(9) Humongous regions: 0->0
[2025-12-28T15:41:17.877+0100][info][gc,metaspace   ] GC(9) Metaspace: 7479K(7680K)->7479K(7680K) NonClass: 6869K(6976K)->6869K(6976K) Class: 610K(704K)->610K(704K)
[2025-12-28T15:41:17.877+0100][info][gc             ] GC(9) Pause Full (System.gc()) 12M->10M(6144M) 10.613ms
[2025-12-28T15:41:17.877+0100][info][gc,cpu         ] GC(9) User=0.04s Sys=0.01s Real=0.01s
[2025-12-28T15:41:18.503+0100][info][gc,start       ] GC(10) Pause Full (System.gc())
[2025-12-28T15:41:18.504+0100][info][gc,task        ] GC(10) Using 8 workers of 8 for full compaction
[2025-12-28T15:41:18.504+0100][info][gc,phases,start] GC(10) Phase 1: Mark live objects
[2025-12-28T15:41:18.509+0100][info][gc,phases      ] GC(10) Phase 1: Mark live objects 4.917ms
[2025-12-28T15:41:18.509+0100][info][gc,phases,start] GC(10) Phase 2: Prepare compaction
[2025-12-28T15:41:18.510+0100][info][gc,phases      ] GC(10) Phase 2: Prepare compaction 0.756ms
[2025-12-28T15:41:18.510+0100][info][gc,phases,start] GC(10) Phase 3: Adjust pointers
[2025-12-28T15:41:18.513+0100][info][gc,phases      ] GC(10) Phase 3: Adjust pointers 3.328ms
[2025-12-28T15:41:18.513+0100][info][gc,phases,start] GC(10) Phase 4: Compact heap
[2025-12-28T15:41:18.514+0100][info][gc,phases      ] GC(10) Phase 4: Compact heap 0.520ms
[2025-12-28T15:41:18.514+0100][info][gc,phases,start] GC(10) Phase 5: Reset Metadata
[2025-12-28T15:41:18.514+0100][info][gc,phases      ] GC(10) Phase 5: Reset Metadata 0.361ms
[2025-12-28T15:41:18.517+0100][info][gc,heap        ] GC(10) Eden regions: 5->0(76)
[2025-12-28T15:41:18.517+0100][info][gc,heap        ] GC(10) Survivor regions: 0->0(0)
[2025-12-28T15:41:18.517+0100][info][gc,heap        ] GC(10) Old regions: 8->8
[2025-12-28T15:41:18.517+0100][info][gc,heap        ] GC(10) Humongous regions: 0->0
[2025-12-28T15:41:18.517+0100][info][gc,metaspace   ] GC(10) Metaspace: 7485K(7680K)->7485K(7680K) NonClass: 6875K(6976K)->6875K(6976K) Class: 610K(704K)->610K(704K)
[2025-12-28T15:41:18.517+0100][info][gc             ] GC(10) Pause Full (System.gc()) 28M->10M(6144M) 14.021ms
[2025-12-28T15:41:18.517+0100][info][gc,cpu         ] GC(10) User=0.05s Sys=0.01s Real=0.01s
[2025-12-28T15:41:18.518+0100][info][gc,start       ] GC(11) Pause Full (System.gc())
[2025-12-28T15:41:18.518+0100][info][gc,task        ] GC(11) Using 8 workers of 8 for full compaction
[2025-12-28T15:41:18.518+0100][info][gc,phases,start] GC(11) Phase 1: Mark live objects
[2025-12-28T15:41:18.522+0100][info][gc,phases      ] GC(11) Phase 1: Mark live objects 3.549ms
[2025-12-28T15:41:18.522+0100][info][gc,phases,start] GC(11) Phase 2: Prepare compaction
[2025-12-28T15:41:18.522+0100][info][gc,phases      ] GC(11) Phase 2: Prepare compaction 0.539ms
[2025-12-28T15:41:18.522+0100][info][gc,phases,start] GC(11) Phase 3: Adjust pointers
[2025-12-28T15:41:18.525+0100][info][gc,phases      ] GC(11) Phase 3: Adjust pointers 2.557ms
[2025-12-28T15:41:18.525+0100][info][gc,phases,start] GC(11) Phase 4: Compact heap
[2025-12-28T15:41:18.525+0100][info][gc,phases      ] GC(11) Phase 4: Compact heap 0.391ms
[2025-12-28T15:41:18.525+0100][info][gc,phases,start] GC(11) Phase 5: Reset Metadata
[2025-12-28T15:41:18.525+0100][info][gc,phases      ] GC(11) Phase 5: Reset Metadata 0.323ms
[2025-12-28T15:41:18.529+0100][info][gc,heap        ] GC(11) Eden regions: 1->0(76)
[2025-12-28T15:41:18.529+0100][info][gc,heap        ] GC(11) Survivor regions: 0->0(0)
[2025-12-28T15:41:18.529+0100][info][gc,heap        ] GC(11) Old regions: 8->8
[2025-12-28T15:41:18.529+0100][info][gc,heap        ] GC(11) Humongous regions: 0->0
[2025-12-28T15:41:18.529+0100][info][gc,metaspace   ] GC(11) Metaspace: 7485K(7680K)->7485K(7680K) NonClass: 6875K(6976K)->6875K(6976K) Class: 610K(704K)->610K(704K)
[2025-12-28T15:41:18.529+0100][info][gc             ] GC(11) Pause Full (System.gc()) 13M->10M(6144M) 11.122ms
[2025-12-28T15:41:18.529+0100][info][gc,cpu         ] GC(11) User=0.04s Sys=0.01s Real=0.01s
[2025-12-28T15:41:19.146+0100][info][gc,start       ] GC(12) Pause Full (System.gc())
[2025-12-28T15:41:19.146+0100][info][gc,task        ] GC(12) Using 8 workers of 8 for full compaction
[2025-12-28T15:41:19.146+0100][info][gc,phases,start] GC(12) Phase 1: Mark live objects
[2025-12-28T15:41:19.150+0100][info][gc,phases      ] GC(12) Phase 1: Mark live objects 4.345ms
[2025-12-28T15:41:19.150+0100][info][gc,phases,start] GC(12) Phase 2: Prepare compaction
[2025-12-28T15:41:19.151+0100][info][gc,phases      ] GC(12) Phase 2: Prepare compaction 0.611ms
[2025-12-28T15:41:19.151+0100][info][gc,phases,start] GC(12) Phase 3: Adjust pointers
[2025-12-28T15:41:19.153+0100][info][gc,phases      ] GC(12) Phase 3: Adjust pointers 2.161ms
[2025-12-28T15:41:19.153+0100][info][gc,phases,start] GC(12) Phase 4: Compact heap
[2025-12-28T15:41:19.154+0100][info][gc,phases      ] GC(12) Phase 4: Compact heap 0.504ms
[2025-12-28T15:41:19.154+0100][info][gc,phases,start] GC(12) Phase 5: Reset Metadata
[2025-12-28T15:41:19.154+0100][info][gc,phases      ] GC(12) Phase 5: Reset Metadata 0.325ms
[2025-12-28T15:41:19.158+0100][info][gc,heap        ] GC(12) Eden regions: 5->0(76)
[2025-12-28T15:41:19.158+0100][info][gc,heap        ] GC(12) Survivor regions: 0->0(0)
[2025-12-28T15:41:19.158+0100][info][gc,heap        ] GC(12) Old regions: 8->8
[2025-12-28T15:41:19.158+0100][info][gc,heap        ] GC(12) Humongous regions: 0->0
[2025-12-28T15:41:19.158+0100][info][gc,metaspace   ] GC(12) Metaspace: 7502K(7680K)->7502K(7680K) NonClass: 6891K(6976K)->6891K(6976K) Class: 610K(704K)->610K(704K)
[2025-12-28T15:41:19.158+0100][info][gc             ] GC(12) Pause Full (System.gc()) 28M->10M(6144M) 12.382ms
[2025-12-28T15:41:19.158+0100][info][gc,cpu         ] GC(12) User=0.05s Sys=0.01s Real=0.01s
[2025-12-28T15:41:19.158+0100][info][gc,start       ] GC(13) Pause Full (System.gc())
[2025-12-28T15:41:19.158+0100][info][gc,task        ] GC(13) Using 8 workers of 8 for full compaction
[2025-12-28T15:41:19.158+0100][info][gc,phases,start] GC(13) Phase 1: Mark live objects
[2025-12-28T15:41:19.162+0100][info][gc,phases      ] GC(13) Phase 1: Mark live objects 3.621ms
[2025-12-28T15:41:19.162+0100][info][gc,phases,start] GC(13) Phase 2: Prepare compaction
[2025-12-28T15:41:19.163+0100][info][gc,phases      ] GC(13) Phase 2: Prepare compaction 0.810ms
[2025-12-28T15:41:19.163+0100][info][gc,phases,start] GC(13) Phase 3: Adjust pointers
[2025-12-28T15:41:19.165+0100][info][gc,phases      ] GC(13) Phase 3: Adjust pointers 2.050ms
[2025-12-28T15:41:19.165+0100][info][gc,phases,start] GC(13) Phase 4: Compact heap
[2025-12-28T15:41:19.165+0100][info][gc,phases      ] GC(13) Phase 4: Compact heap 0.531ms
[2025-12-28T15:41:19.165+0100][info][gc,phases,start] GC(13) Phase 5: Reset Metadata
[2025-12-28T15:41:19.166+0100][info][gc,phases      ] GC(13) Phase 5: Reset Metadata 0.330ms
[2025-12-28T15:41:19.169+0100][info][gc,heap        ] GC(13) Eden regions: 1->0(76)
[2025-12-28T15:41:19.169+0100][info][gc,heap        ] GC(13) Survivor regions: 0->0(0)
[2025-12-28T15:41:19.169+0100][info][gc,heap        ] GC(13) Old regions: 8->8
[2025-12-28T15:41:19.169+0100][info][gc,heap        ] GC(13) Humongous regions: 0->0
[2025-12-28T15:41:19.169+0100][info][gc,metaspace   ] GC(13) Metaspace: 7502K(7680K)->7502K(7680K) NonClass: 6891K(6976K)->6891K(6976K) Class: 610K(704K)->610K(704K)
[2025-12-28T15:41:19.169+0100][info][gc             ] GC(13) Pause Full (System.gc()) 12M->10M(6144M) 10.814ms
[2025-12-28T15:41:19.169+0100][info][gc,cpu         ] GC(13) User=0.04s Sys=0.01s Real=0.01s
[2025-12-28T15:41:19.800+0100][info][gc,start       ] GC(14) Pause Full (System.gc())
[2025-12-28T15:41:19.800+0100][info][gc,task        ] GC(14) Using 8 workers of 8 for full compaction
[2025-12-28T15:41:19.800+0100][info][gc,phases,start] GC(14) Phase 1: Mark live objects
[2025-12-28T15:41:19.805+0100][info][gc,phases      ] GC(14) Phase 1: Mark live objects 4.728ms
[2025-12-28T15:41:19.805+0100][info][gc,phases,start] GC(14) Phase 2: Prepare compaction
[2025-12-28T15:41:19.806+0100][info][gc,phases      ] GC(14) Phase 2: Prepare compaction 0.601ms
[2025-12-28T15:41:19.806+0100][info][gc,phases,start] GC(14) Phase 3: Adjust pointers
[2025-12-28T15:41:19.808+0100][info][gc,phases      ] GC(14) Phase 3: Adjust pointers 2.500ms
[2025-12-28T15:41:19.808+0100][info][gc,phases,start] GC(14) Phase 4: Compact heap
[2025-12-28T15:41:19.809+0100][info][gc,phases      ] GC(14) Phase 4: Compact heap 0.467ms
[2025-12-28T15:41:19.809+0100][info][gc,phases,start] GC(14) Phase 5: Reset Metadata
[2025-12-28T15:41:19.809+0100][info][gc,phases      ] GC(14) Phase 5: Reset Metadata 0.390ms
[2025-12-28T15:41:19.813+0100][info][gc,heap        ] GC(14) Eden regions: 5->0(76)
[2025-12-28T15:41:19.813+0100][info][gc,heap        ] GC(14) Survivor regions: 0->0(0)
[2025-12-28T15:41:19.813+0100][info][gc,heap        ] GC(14) Old regions: 8->8
[2025-12-28T15:41:19.813+0100][info][gc,heap        ] GC(14) Humongous regions: 0->0
[2025-12-28T15:41:19.813+0100][info][gc,metaspace   ] GC(14) Metaspace: 7515K(7744K)->7515K(7744K) NonClass: 6904K(7040K)->6904K(7040K) Class: 610K(704K)->610K(704K)
[2025-12-28T15:41:19.813+0100][info][gc             ] GC(14) Pause Full (System.gc()) 28M->10M(6144M) 13.671ms
[2025-12-28T15:41:19.813+0100][info][gc,cpu         ] GC(14) User=0.06s Sys=0.01s Real=0.01s
[2025-12-28T15:41:19.814+0100][info][gc,start       ] GC(15) Pause Full (System.gc())
[2025-12-28T15:41:19.814+0100][info][gc,task        ] GC(15) Using 8 workers of 8 for full compaction
[2025-12-28T15:41:19.814+0100][info][gc,phases,start] GC(15) Phase 1: Mark live objects
[2025-12-28T15:41:19.818+0100][info][gc,phases      ] GC(15) Phase 1: Mark live objects 3.769ms
[2025-12-28T15:41:19.818+0100][info][gc,phases,start] GC(15) Phase 2: Prepare compaction
[2025-12-28T15:41:19.818+0100][info][gc,phases      ] GC(15) Phase 2: Prepare compaction 0.518ms
[2025-12-28T15:41:19.818+0100][info][gc,phases,start] GC(15) Phase 3: Adjust pointers
[2025-12-28T15:41:19.820+0100][info][gc,phases      ] GC(15) Phase 3: Adjust pointers 1.576ms
[2025-12-28T15:41:19.820+0100][info][gc,phases,start] GC(15) Phase 4: Compact heap
[2025-12-28T15:41:19.820+0100][info][gc,phases      ] GC(15) Phase 4: Compact heap 0.378ms
[2025-12-28T15:41:19.820+0100][info][gc,phases,start] GC(15) Phase 5: Reset Metadata
[2025-12-28T15:41:19.821+0100][info][gc,phases      ] GC(15) Phase 5: Reset Metadata 0.409ms
[2025-12-28T15:41:19.825+0100][info][gc,heap        ] GC(15) Eden regions: 1->0(76)
[2025-12-28T15:41:19.825+0100][info][gc,heap        ] GC(15) Survivor regions: 0->0(0)
[2025-12-28T15:41:19.825+0100][info][gc,heap        ] GC(15) Old regions: 8->8
[2025-12-28T15:41:19.825+0100][info][gc,heap        ] GC(15) Humongous regions: 0->0
[2025-12-28T15:41:19.825+0100][info][gc,metaspace   ] GC(15) Metaspace: 7515K(7744K)->7515K(7744K) NonClass: 6904K(7040K)->6904K(7040K) Class: 610K(704K)->610K(704K)
[2025-12-28T15:41:19.825+0100][info][gc             ] GC(15) Pause Full (System.gc()) 12M->10M(6144M) 10.980ms
[2025-12-28T15:41:19.825+0100][info][gc,cpu         ] GC(15) User=0.04s Sys=0.00s Real=0.01s
[2025-12-28T15:41:20.452+0100][info][gc,start       ] GC(16) Pause Full (System.gc())
[2025-12-28T15:41:20.452+0100][info][gc,task        ] GC(16) Using 8 workers of 8 for full compaction
[2025-12-28T15:41:20.452+0100][info][gc,phases,start] GC(16) Phase 1: Mark live objects
[2025-12-28T15:41:20.456+0100][info][gc,phases      ] GC(16) Phase 1: Mark live objects 4.453ms
[2025-12-28T15:41:20.456+0100][info][gc,phases,start] GC(16) Phase 2: Prepare compaction
[2025-12-28T15:41:20.457+0100][info][gc,phases      ] GC(16) Phase 2: Prepare compaction 0.596ms
[2025-12-28T15:41:20.457+0100][info][gc,phases,start] GC(16) Phase 3: Adjust pointers
[2025-12-28T15:41:20.459+0100][info][gc,phases      ] GC(16) Phase 3: Adjust pointers 2.245ms
[2025-12-28T15:41:20.459+0100][info][gc,phases,start] GC(16) Phase 4: Compact heap
[2025-12-28T15:41:20.460+0100][info][gc,phases      ] GC(16) Phase 4: Compact heap 0.448ms
[2025-12-28T15:41:20.460+0100][info][gc,phases,start] GC(16) Phase 5: Reset Metadata
[2025-12-28T15:41:20.460+0100][info][gc,phases      ] GC(16) Phase 5: Reset Metadata 0.400ms
[2025-12-28T15:41:20.464+0100][info][gc,heap        ] GC(16) Eden regions: 5->0(76)
[2025-12-28T15:41:20.464+0100][info][gc,heap        ] GC(16) Survivor regions: 0->0(0)
[2025-12-28T15:41:20.464+0100][info][gc,heap        ] GC(16) Old regions: 8->8
[2025-12-28T15:41:20.464+0100][info][gc,heap        ] GC(16) Humongous regions: 0->0
[2025-12-28T15:41:20.464+0100][info][gc,metaspace   ] GC(16) Metaspace: 7522K(7744K)->7522K(7744K) NonClass: 6911K(7040K)->6911K(7040K) Class: 610K(704K)->610K(704K)
[2025-12-28T15:41:20.464+0100][info][gc             ] GC(16) Pause Full (System.gc()) 28M->10M(6144M) 12.723ms
[2025-12-28T15:41:20.464+0100][info][gc,cpu         ] GC(16) User=0.05s Sys=0.00s Real=0.01s
[2025-12-28T15:41:20.465+0100][info][gc,start       ] GC(17) Pause Full (System.gc())
[2025-12-28T15:41:20.465+0100][info][gc,task        ] GC(17) Using 8 workers of 8 for full compaction
[2025-12-28T15:41:20.465+0100][info][gc,phases,start] GC(17) Phase 1: Mark live objects
[2025-12-28T15:41:20.468+0100][info][gc,phases      ] GC(17) Phase 1: Mark live objects 3.717ms
[2025-12-28T15:41:20.468+0100][info][gc,phases,start] GC(17) Phase 2: Prepare compaction
[2025-12-28T15:41:20.469+0100][info][gc,phases      ] GC(17) Phase 2: Prepare compaction 0.581ms
[2025-12-28T15:41:20.469+0100][info][gc,phases,start] GC(17) Phase 3: Adjust pointers
[2025-12-28T15:41:20.471+0100][info][gc,phases      ] GC(17) Phase 3: Adjust pointers 1.955ms
[2025-12-28T15:41:20.471+0100][info][gc,phases,start] GC(17) Phase 4: Compact heap
[2025-12-28T15:41:20.472+0100][info][gc,phases      ] GC(17) Phase 4: Compact heap 0.535ms
[2025-12-28T15:41:20.472+0100][info][gc,phases,start] GC(17) Phase 5: Reset Metadata
[2025-12-28T15:41:20.472+0100][info][gc,phases      ] GC(17) Phase 5: Reset Metadata 0.360ms
[2025-12-28T15:41:20.475+0100][info][gc,heap        ] GC(17) Eden regions: 1->0(76)
[2025-12-28T15:41:20.475+0100][info][gc,heap        ] GC(17) Survivor regions: 0->0(0)
[2025-12-28T15:41:20.475+0100][info][gc,heap        ] GC(17) Old regions: 8->8
[2025-12-28T15:41:20.475+0100][info][gc,heap        ] GC(17) Humongous regions: 0->0
[2025-12-28T15:41:20.475+0100][info][gc,metaspace   ] GC(17) Metaspace: 7522K(7744K)->7522K(7744K) NonClass: 6911K(7040K)->6911K(7040K) Class: 610K(704K)->610K(704K)
[2025-12-28T15:41:20.475+0100][info][gc             ] GC(17) Pause Full (System.gc()) 12M->10M(6144M) 10.842ms
[2025-12-28T15:41:20.475+0100][info][gc,cpu         ] GC(17) User=0.04s Sys=0.01s Real=0.01s
[2025-12-28T15:41:21.113+0100][info][gc,start       ] GC(18) Pause Full (System.gc())
[2025-12-28T15:41:21.113+0100][info][gc,task        ] GC(18) Using 8 workers of 8 for full compaction
[2025-12-28T15:41:21.114+0100][info][gc,phases,start] GC(18) Phase 1: Mark live objects
[2025-12-28T15:41:21.116+0100][info][gc,phases      ] GC(18) Phase 1: Mark live objects 2.483ms
[2025-12-28T15:41:21.116+0100][info][gc,phases,start] GC(18) Phase 2: Prepare compaction
[2025-12-28T15:41:21.117+0100][info][gc,phases      ] GC(18) Phase 2: Prepare compaction 0.450ms
[2025-12-28T15:41:21.117+0100][info][gc,phases,start] GC(18) Phase 3: Adjust pointers
[2025-12-28T15:41:21.118+0100][info][gc,phases      ] GC(18) Phase 3: Adjust pointers 1.259ms
[2025-12-28T15:41:21.118+0100][info][gc,phases,start] GC(18) Phase 4: Compact heap
[2025-12-28T15:41:21.118+0100][info][gc,phases      ] GC(18) Phase 4: Compact heap 0.297ms
[2025-12-28T15:41:21.118+0100][info][gc,phases,start] GC(18) Phase 5: Reset Metadata
[2025-12-28T15:41:21.118+0100][info][gc,phases      ] GC(18) Phase 5: Reset Metadata 0.291ms
[2025-12-28T15:41:21.122+0100][info][gc,heap        ] GC(18) Eden regions: 5->0(76)
[2025-12-28T15:41:21.122+0100][info][gc,heap        ] GC(18) Survivor regions: 0->0(0)
[2025-12-28T15:41:21.122+0100][info][gc,heap        ] GC(18) Old regions: 8->8
[2025-12-28T15:41:21.122+0100][info][gc,heap        ] GC(18) Humongous regions: 0->0
[2025-12-28T15:41:21.122+0100][info][gc,metaspace   ] GC(18) Metaspace: 7534K(7744K)->7534K(7744K) NonClass: 6923K(7040K)->6923K(7040K) Class: 610K(704K)->610K(704K)
[2025-12-28T15:41:21.122+0100][info][gc             ] GC(18) Pause Full (System.gc()) 28M->10M(6144M) 8.358ms
[2025-12-28T15:41:21.122+0100][info][gc,cpu         ] GC(18) User=0.03s Sys=0.01s Real=0.01s
[2025-12-28T15:41:21.122+0100][info][gc,start       ] GC(19) Pause Full (System.gc())
[2025-12-28T15:41:21.122+0100][info][gc,task        ] GC(19) Using 8 workers of 8 for full compaction
[2025-12-28T15:41:21.122+0100][info][gc,phases,start] GC(19) Phase 1: Mark live objects
[2025-12-28T15:41:21.125+0100][info][gc,phases      ] GC(19) Phase 1: Mark live objects 2.711ms
[2025-12-28T15:41:21.125+0100][info][gc,phases,start] GC(19) Phase 2: Prepare compaction
[2025-12-28T15:41:21.125+0100][info][gc,phases      ] GC(19) Phase 2: Prepare compaction 0.465ms
[2025-12-28T15:41:21.125+0100][info][gc,phases,start] GC(19) Phase 3: Adjust pointers
[2025-12-28T15:41:21.127+0100][info][gc,phases      ] GC(19) Phase 3: Adjust pointers 1.233ms
[2025-12-28T15:41:21.127+0100][info][gc,phases,start] GC(19) Phase 4: Compact heap
[2025-12-28T15:41:21.127+0100][info][gc,phases      ] GC(19) Phase 4: Compact heap 0.292ms
[2025-12-28T15:41:21.127+0100][info][gc,phases,start] GC(19) Phase 5: Reset Metadata
[2025-12-28T15:41:21.127+0100][info][gc,phases      ] GC(19) Phase 5: Reset Metadata 0.293ms
[2025-12-28T15:41:21.131+0100][info][gc,heap        ] GC(19) Eden regions: 1->0(76)
[2025-12-28T15:41:21.131+0100][info][gc,heap        ] GC(19) Survivor regions: 0->0(0)
[2025-12-28T15:41:21.131+0100][info][gc,heap        ] GC(19) Old regions: 8->8
[2025-12-28T15:41:21.131+0100][info][gc,heap        ] GC(19) Humongous regions: 0->0
[2025-12-28T15:41:21.131+0100][info][gc,metaspace   ] GC(19) Metaspace: 7534K(7744K)->7534K(7744K) NonClass: 6923K(7040K)->6923K(7040K) Class: 610K(704K)->610K(704K)
[2025-12-28T15:41:21.131+0100][info][gc             ] GC(19) Pause Full (System.gc()) 12M->10M(6144M) 9.389ms
[2025-12-28T15:41:21.131+0100][info][gc,cpu         ] GC(19) User=0.04s Sys=0.00s Real=0.01s
[2025-12-28T15:41:21.758+0100][info][gc,start       ] GC(20) Pause Full (System.gc())
[2025-12-28T15:41:21.758+0100][info][gc,task        ] GC(20) Using 8 workers of 8 for full compaction
[2025-12-28T15:41:21.759+0100][info][gc,phases,start] GC(20) Phase 1: Mark live objects
[2025-12-28T15:41:21.763+0100][info][gc,phases      ] GC(20) Phase 1: Mark live objects 4.806ms
[2025-12-28T15:41:21.763+0100][info][gc,phases,start] GC(20) Phase 2: Prepare compaction
[2025-12-28T15:41:21.764+0100][info][gc,phases      ] GC(20) Phase 2: Prepare compaction 0.700ms
[2025-12-28T15:41:21.764+0100][info][gc,phases,start] GC(20) Phase 3: Adjust pointers
[2025-12-28T15:41:21.767+0100][info][gc,phases      ] GC(20) Phase 3: Adjust pointers 2.629ms
[2025-12-28T15:41:21.767+0100][info][gc,phases,start] GC(20) Phase 4: Compact heap
[2025-12-28T15:41:21.767+0100][info][gc,phases      ] GC(20) Phase 4: Compact heap 0.454ms
[2025-12-28T15:41:21.767+0100][info][gc,phases,start] GC(20) Phase 5: Reset Metadata
[2025-12-28T15:41:21.768+0100][info][gc,phases      ] GC(20) Phase 5: Reset Metadata 0.398ms
[2025-12-28T15:41:21.771+0100][info][gc,heap        ] GC(20) Eden regions: 5->0(76)
[2025-12-28T15:41:21.771+0100][info][gc,heap        ] GC(20) Survivor regions: 0->0(0)
[2025-12-28T15:41:21.771+0100][info][gc,heap        ] GC(20) Old regions: 8->8
[2025-12-28T15:41:21.771+0100][info][gc,heap        ] GC(20) Humongous regions: 0->0
[2025-12-28T15:41:21.771+0100][info][gc,metaspace   ] GC(20) Metaspace: 7534K(7744K)->7534K(7744K) NonClass: 6924K(7040K)->6924K(7040K) Class: 610K(704K)->610K(704K)
[2025-12-28T15:41:21.771+0100][info][gc             ] GC(20) Pause Full (System.gc()) 28M->10M(6144M) 13.295ms
[2025-12-28T15:41:21.771+0100][info][gc,cpu         ] GC(20) User=0.05s Sys=0.01s Real=0.02s
[2025-12-28T15:41:21.772+0100][info][gc,start       ] GC(21) Pause Full (System.gc())
[2025-12-28T15:41:21.772+0100][info][gc,task        ] GC(21) Using 8 workers of 8 for full compaction
[2025-12-28T15:41:21.772+0100][info][gc,phases,start] GC(21) Phase 1: Mark live objects
[2025-12-28T15:41:21.775+0100][info][gc,phases      ] GC(21) Phase 1: Mark live objects 3.564ms
[2025-12-28T15:41:21.775+0100][info][gc,phases,start] GC(21) Phase 2: Prepare compaction
[2025-12-28T15:41:21.776+0100][info][gc,phases      ] GC(21) Phase 2: Prepare compaction 0.520ms
[2025-12-28T15:41:21.776+0100][info][gc,phases,start] GC(21) Phase 3: Adjust pointers
[2025-12-28T15:41:21.778+0100][info][gc,phases      ] GC(21) Phase 3: Adjust pointers 2.229ms
[2025-12-28T15:41:21.778+0100][info][gc,phases,start] GC(21) Phase 4: Compact heap
[2025-12-28T15:41:21.779+0100][info][gc,phases      ] GC(21) Phase 4: Compact heap 0.551ms
[2025-12-28T15:41:21.779+0100][info][gc,phases,start] GC(21) Phase 5: Reset Metadata
[2025-12-28T15:41:21.779+0100][info][gc,phases      ] GC(21) Phase 5: Reset Metadata 0.428ms
[2025-12-28T15:41:21.783+0100][info][gc,heap        ] GC(21) Eden regions: 1->0(76)
[2025-12-28T15:41:21.783+0100][info][gc,heap        ] GC(21) Survivor regions: 0->0(0)
[2025-12-28T15:41:21.783+0100][info][gc,heap        ] GC(21) Old regions: 8->8
[2025-12-28T15:41:21.783+0100][info][gc,heap        ] GC(21) Humongous regions: 0->0
[2025-12-28T15:41:21.783+0100][info][gc,metaspace   ] GC(21) Metaspace: 7534K(7744K)->7534K(7744K) NonClass: 6924K(7040K)->6924K(7040K) Class: 610K(704K)->610K(704K)
[2025-12-28T15:41:21.783+0100][info][gc             ] GC(21) Pause Full (System.gc()) 12M->10M(6144M) 11.095ms
[2025-12-28T15:41:21.783+0100][info][gc,cpu         ] GC(21) User=0.04s Sys=0.00s Real=0.01s
[2025-12-28T15:41:22.532+0100][info][gc,exit        ] Heap
[2025-12-28T15:41:22.532+0100][info][gc,exit        ]  garbage-first heap   total reserved 6291456K, committed 6291456K, used 37383K [0x0000000680000000, 0x0000000800000000)
[2025-12-28T15:41:22.532+0100][info][gc,exit        ]   region size 4096K, 7 young (28672K), 0 survivors (0K)
[2025-12-28T15:41:22.532+0100][info][gc,exit        ]  Metaspace       used 7932K, committed 8064K, reserved 1114112K
[2025-12-28T15:41:22.532+0100][info][gc,exit        ]   class space    used 648K, committed 704K, reserved 1048576K
